

================================================================
== Vivado HLS Report for 'Tanh'
================================================================
* Date:           Fri Oct 25 16:26:15 2024

* Version:        2018.3 (Build 2405991 on Thu Dec 06 23:56:15 MST 2018)
* Project:        Tanh
* Solution:       solution1
* Product family: zynq
* Target device:  xc7z020clg400-2


================================================================
== Performance Estimates
================================================================
+ Timing (ns): 
    * Summary: 
    +--------+-------+----------+------------+
    |  Clock | Target| Estimated| Uncertainty|
    +--------+-------+----------+------------+
    |ap_clk  |  10.00|     9.164|        1.25|
    +--------+-------+----------+------------+

+ Latency (clock cycles): 
    * Summary: 
    +-----+---------------+-----+---------------+---------+
    |       Latency       |       Interval      | Pipeline|
    | min |      max      | min |      max      |   Type  |
    +-----+---------------+-----+---------------+---------+
    |    1|  3708302196691|    1|  3708302196691|   none  |
    +-----+---------------+-----+---------------+---------+

    + Detail: 
        * Instance: 
        +---------------------------------+----------------------+-----+-----+-----+-----+---------+
        |                                 |                      |  Latency  |  Interval | Pipeline|
        |             Instance            |        Module        | min | max | min | max |   Type  |
        +---------------------------------+----------------------+-----+-----+-----+-----+---------+
        |grp_generic_tanh_float_s_fu_196  |generic_tanh_float_s  |    1|   45|    1|   45|   none  |
        +---------------------------------+----------------------+-----+-----+-----+-----+---------+

        * Loop: 
        +-----------------+-----+---------------+---------------+-----------+-----------+----------+----------+
        |                 |       Latency       |   Iteration   |  Initiation Interval  |   Trip   |          |
        |    Loop Name    | min |      max      |    Latency    |  achieved |   target  |   Count  | Pipelined|
        +-----------------+-----+---------------+---------------+-----------+-----------+----------+----------+
        |- Loop 1         |    0|  3708302196690| 2 ~ 905568302 |          -|          -| 0 ~ 4095 |    no    |
        | + Loop 1.1      |    0|      905568300|  10 ~ 221140  |          -|          -| 0 ~ 4095 |    no    |
        |  ++ Loop 1.1.1  |    0|         221130|    10 ~ 54    |          -|          -| 0 ~ 4095 |    no    |
        +-----------------+-----+---------------+---------------+-----------+-----------+----------+----------+



================================================================
== Utilization Estimates
================================================================
* Summary: 
+-----------------+---------+-------+--------+-------+
|       Name      | BRAM_18K| DSP48E|   FF   |  LUT  |
+-----------------+---------+-------+--------+-------+
|DSP              |        -|      1|       -|      -|
|Expression       |        -|      -|       0|    198|
|FIFO             |        -|      -|       -|      -|
|Instance         |        9|     37|    5044|   7350|
|Memory           |        -|      -|       -|      -|
|Multiplexer      |        -|      -|       -|     45|
|Register         |        -|      -|     448|      -|
+-----------------+---------+-------+--------+-------+
|Total            |        9|     38|    5492|   7593|
+-----------------+---------+-------+--------+-------+
|Available        |      280|    220|  106400|  53200|
+-----------------+---------+-------+--------+-------+
|Utilization (%)  |        3|     17|       5|     14|
+-----------------+---------+-------+--------+-------+

+ Detail: 
    * Instance: 
    +---------------------------------+----------------------+---------+-------+------+------+
    |             Instance            |        Module        | BRAM_18K| DSP48E|  FF  |  LUT |
    +---------------------------------+----------------------+---------+-------+------+------+
    |Tanh_AXILiteS_s_axi_U            |Tanh_AXILiteS_s_axi   |        0|      0|   166|   240|
    |Tanh_gmem_m_axi_U                |Tanh_gmem_m_axi       |        2|      0|   512|   580|
    |grp_generic_tanh_float_s_fu_196  |generic_tanh_float_s  |        7|     37|  4366|  6530|
    +---------------------------------+----------------------+---------+-------+------+------+
    |Total                            |                      |        9|     37|  5044|  7350|
    +---------------------------------+----------------------+---------+-------+------+------+

    * DSP48: 
    +--------------------------+----------------------+-----------+
    |         Instance         |        Module        | Expression|
    +--------------------------+----------------------+-----------+
    |Tanh_mul_mul_12nsncg_U24  |Tanh_mul_mul_12nsncg  |  i0 * i1  |
    +--------------------------+----------------------+-----------+

    * Memory: 
    N/A

    * FIFO: 
    N/A

    * Expression: 
    +--------------------------+----------+-------+---+----+------------+------------+
    |       Variable Name      | Operation| DSP48E| FF| LUT| Bitwidth P0| Bitwidth P1|
    +--------------------------+----------+-------+---+----+------------+------------+
    |c_fu_253_p2               |     +    |      0|  0|  12|          12|           1|
    |h_fu_268_p2               |     +    |      0|  0|  12|          12|           1|
    |in_data2_sum_fu_286_p2    |     +    |      0|  0|  33|          33|          33|
    |index_fu_316_p2           |     +    |      0|  0|  32|          32|          32|
    |next_mul_fu_243_p2        |     +    |      0|  0|  24|          24|          24|
    |out_data4_sum6_fu_325_p2  |     +    |      0|  0|  33|          33|          33|
    |tmp_fu_274_p2             |     +    |      0|  0|  24|          24|          24|
    |w_fu_310_p2               |     +    |      0|  0|  12|          12|           1|
    |ap_block_state12          |    and   |      0|  0|   1|           1|           1|
    |exitcond1_fu_263_p2       |   icmp   |      0|  0|   5|          12|          12|
    |exitcond2_fu_248_p2       |   icmp   |      0|  0|   5|          12|          12|
    |exitcond_fu_305_p2        |   icmp   |      0|  0|   5|          12|          12|
    +--------------------------+----------+-------+---+----+------------+------------+
    |Total                     |          |      0|  0| 198|         219|         186|
    +--------------------------+----------+-------+---+----+------------+------------+

    * Multiplexer: 
    +-----------------------------+----+-----------+-----+-----------+
    |             Name            | LUT| Input Size| Bits| Total Bits|
    +-----------------------------+----+-----------+-----+-----------+
    |ap_NS_fsm                    |   9|         21|    1|         21|
    |ap_sig_ioackin_gmem_ARREADY  |   3|          2|    1|          2|
    |ap_sig_ioackin_gmem_AWREADY  |   3|          2|    1|          2|
    |ap_sig_ioackin_gmem_WREADY   |   3|          2|    1|          2|
    |gmem_blk_n_AR                |   3|          2|    1|          2|
    |gmem_blk_n_AW                |   3|          2|    1|          2|
    |gmem_blk_n_B                 |   3|          2|    1|          2|
    |gmem_blk_n_R                 |   3|          2|    1|          2|
    |gmem_blk_n_W                 |   3|          2|    1|          2|
    |i_op_assign_1_reg_174        |   3|          2|   12|         24|
    |i_op_assign_2_reg_185        |   3|          2|   12|         24|
    |i_op_assign_reg_151          |   3|          2|   12|         24|
    |phi_mul_reg_162              |   3|          2|   24|         48|
    +-----------------------------+----+-----------+-----+-----------+
    |Total                        |  45|         45|   69|        157|
    +-----------------------------+----+-----------+-----+-----------+

    * Register: 
    +----------------------------------------------+----+----+-----+-----------+
    |                     Name                     | FF | LUT| Bits| Const Bits|
    +----------------------------------------------+----+----+-----+-----------+
    |ap_CS_fsm                                     |  20|   0|   20|          0|
    |ap_reg_ioackin_gmem_ARREADY                   |   1|   0|    1|          0|
    |ap_reg_ioackin_gmem_AWREADY                   |   1|   0|    1|          0|
    |ap_reg_ioackin_gmem_WREADY                    |   1|   0|    1|          0|
    |c_reg_390                                     |  12|   0|   12|          0|
    |channel_V_read_reg_356                        |  12|   0|   12|          0|
    |gmem_addr_1_reg_432                           |  32|   0|   32|          0|
    |gmem_addr_read_reg_427                        |  32|   0|   32|          0|
    |gmem_addr_reg_413                             |  32|   0|   32|          0|
    |grp_generic_tanh_float_s_fu_196_ap_start_reg  |   1|   0|    1|          0|
    |h_reg_398                                     |  12|   0|   12|          0|
    |height_V_read_reg_351                         |  12|   0|   12|          0|
    |i_op_assign_1_reg_174                         |  12|   0|   12|          0|
    |i_op_assign_2_reg_185                         |  12|   0|   12|          0|
    |i_op_assign_reg_151                           |  12|   0|   12|          0|
    |next_mul_reg_382                              |  24|   0|   24|          0|
    |phi_mul_reg_162                               |  24|   0|   24|          0|
    |tmp1_reg_408                                  |  32|   0|   32|          0|
    |tmp_14_cast_reg_361                           |  30|   0|   33|          3|
    |tmp_15_cast_reg_366                           |  30|   0|   33|          3|
    |tmp_3_reg_371                                 |  12|   0|   32|         20|
    |tmp_4_cast4_reg_377                           |  12|   0|   24|         12|
    |tmp_i_i_reg_438                               |  32|   0|   32|          0|
    |tmp_reg_403                                   |  24|   0|   24|          0|
    |w_reg_422                                     |  12|   0|   12|          0|
    |width_V_read_reg_346                          |  12|   0|   12|          0|
    +----------------------------------------------+----+----+-----+-----------+
    |Total                                         | 448|   0|  486|         38|
    +----------------------------------------------+----+----+-----+-----------+



================================================================
== Interface
================================================================
* Summary: 
+------------------------+-----+-----+------------+--------------+--------------+
|        RTL Ports       | Dir | Bits|  Protocol  | Source Object|    C Type    |
+------------------------+-----+-----+------------+--------------+--------------+
|s_axi_AXILiteS_AWVALID  |  in |    1|    s_axi   |   AXILiteS   |    scalar    |
|s_axi_AXILiteS_AWREADY  | out |    1|    s_axi   |   AXILiteS   |    scalar    |
|s_axi_AXILiteS_AWADDR   |  in |    6|    s_axi   |   AXILiteS   |    scalar    |
|s_axi_AXILiteS_WVALID   |  in |    1|    s_axi   |   AXILiteS   |    scalar    |
|s_axi_AXILiteS_WREADY   | out |    1|    s_axi   |   AXILiteS   |    scalar    |
|s_axi_AXILiteS_WDATA    |  in |   32|    s_axi   |   AXILiteS   |    scalar    |
|s_axi_AXILiteS_WSTRB    |  in |    4|    s_axi   |   AXILiteS   |    scalar    |
|s_axi_AXILiteS_ARVALID  |  in |    1|    s_axi   |   AXILiteS   |    scalar    |
|s_axi_AXILiteS_ARREADY  | out |    1|    s_axi   |   AXILiteS   |    scalar    |
|s_axi_AXILiteS_ARADDR   |  in |    6|    s_axi   |   AXILiteS   |    scalar    |
|s_axi_AXILiteS_RVALID   | out |    1|    s_axi   |   AXILiteS   |    scalar    |
|s_axi_AXILiteS_RREADY   |  in |    1|    s_axi   |   AXILiteS   |    scalar    |
|s_axi_AXILiteS_RDATA    | out |   32|    s_axi   |   AXILiteS   |    scalar    |
|s_axi_AXILiteS_RRESP    | out |    2|    s_axi   |   AXILiteS   |    scalar    |
|s_axi_AXILiteS_BVALID   | out |    1|    s_axi   |   AXILiteS   |    scalar    |
|s_axi_AXILiteS_BREADY   |  in |    1|    s_axi   |   AXILiteS   |    scalar    |
|s_axi_AXILiteS_BRESP    | out |    2|    s_axi   |   AXILiteS   |    scalar    |
|ap_clk                  |  in |    1| ap_ctrl_hs |     Tanh     | return value |
|ap_rst_n                |  in |    1| ap_ctrl_hs |     Tanh     | return value |
|interrupt               | out |    1| ap_ctrl_hs |     Tanh     | return value |
|m_axi_gmem_AWVALID      | out |    1|    m_axi   |     gmem     |    pointer   |
|m_axi_gmem_AWREADY      |  in |    1|    m_axi   |     gmem     |    pointer   |
|m_axi_gmem_AWADDR       | out |   32|    m_axi   |     gmem     |    pointer   |
|m_axi_gmem_AWID         | out |    1|    m_axi   |     gmem     |    pointer   |
|m_axi_gmem_AWLEN        | out |    8|    m_axi   |     gmem     |    pointer   |
|m_axi_gmem_AWSIZE       | out |    3|    m_axi   |     gmem     |    pointer   |
|m_axi_gmem_AWBURST      | out |    2|    m_axi   |     gmem     |    pointer   |
|m_axi_gmem_AWLOCK       | out |    2|    m_axi   |     gmem     |    pointer   |
|m_axi_gmem_AWCACHE      | out |    4|    m_axi   |     gmem     |    pointer   |
|m_axi_gmem_AWPROT       | out |    3|    m_axi   |     gmem     |    pointer   |
|m_axi_gmem_AWQOS        | out |    4|    m_axi   |     gmem     |    pointer   |
|m_axi_gmem_AWREGION     | out |    4|    m_axi   |     gmem     |    pointer   |
|m_axi_gmem_AWUSER       | out |    1|    m_axi   |     gmem     |    pointer   |
|m_axi_gmem_WVALID       | out |    1|    m_axi   |     gmem     |    pointer   |
|m_axi_gmem_WREADY       |  in |    1|    m_axi   |     gmem     |    pointer   |
|m_axi_gmem_WDATA        | out |   32|    m_axi   |     gmem     |    pointer   |
|m_axi_gmem_WSTRB        | out |    4|    m_axi   |     gmem     |    pointer   |
|m_axi_gmem_WLAST        | out |    1|    m_axi   |     gmem     |    pointer   |
|m_axi_gmem_WID          | out |    1|    m_axi   |     gmem     |    pointer   |
|m_axi_gmem_WUSER        | out |    1|    m_axi   |     gmem     |    pointer   |
|m_axi_gmem_ARVALID      | out |    1|    m_axi   |     gmem     |    pointer   |
|m_axi_gmem_ARREADY      |  in |    1|    m_axi   |     gmem     |    pointer   |
|m_axi_gmem_ARADDR       | out |   32|    m_axi   |     gmem     |    pointer   |
|m_axi_gmem_ARID         | out |    1|    m_axi   |     gmem     |    pointer   |
|m_axi_gmem_ARLEN        | out |    8|    m_axi   |     gmem     |    pointer   |
|m_axi_gmem_ARSIZE       | out |    3|    m_axi   |     gmem     |    pointer   |
|m_axi_gmem_ARBURST      | out |    2|    m_axi   |     gmem     |    pointer   |
|m_axi_gmem_ARLOCK       | out |    2|    m_axi   |     gmem     |    pointer   |
|m_axi_gmem_ARCACHE      | out |    4|    m_axi   |     gmem     |    pointer   |
|m_axi_gmem_ARPROT       | out |    3|    m_axi   |     gmem     |    pointer   |
|m_axi_gmem_ARQOS        | out |    4|    m_axi   |     gmem     |    pointer   |
|m_axi_gmem_ARREGION     | out |    4|    m_axi   |     gmem     |    pointer   |
|m_axi_gmem_ARUSER       | out |    1|    m_axi   |     gmem     |    pointer   |
|m_axi_gmem_RVALID       |  in |    1|    m_axi   |     gmem     |    pointer   |
|m_axi_gmem_RREADY       | out |    1|    m_axi   |     gmem     |    pointer   |
|m_axi_gmem_RDATA        |  in |   32|    m_axi   |     gmem     |    pointer   |
|m_axi_gmem_RLAST        |  in |    1|    m_axi   |     gmem     |    pointer   |
|m_axi_gmem_RID          |  in |    1|    m_axi   |     gmem     |    pointer   |
|m_axi_gmem_RUSER        |  in |    1|    m_axi   |     gmem     |    pointer   |
|m_axi_gmem_RRESP        |  in |    2|    m_axi   |     gmem     |    pointer   |
|m_axi_gmem_BVALID       |  in |    1|    m_axi   |     gmem     |    pointer   |
|m_axi_gmem_BREADY       | out |    1|    m_axi   |     gmem     |    pointer   |
|m_axi_gmem_BRESP        |  in |    2|    m_axi   |     gmem     |    pointer   |
|m_axi_gmem_BID          |  in |    1|    m_axi   |     gmem     |    pointer   |
|m_axi_gmem_BUSER        |  in |    1|    m_axi   |     gmem     |    pointer   |
+------------------------+-----+-----+------------+--------------+--------------+

