INFO: [SIM 2] *************** CSIM start ***************
INFO: [SIM 4] CSIM will launch GCC as the compiler.
   Compiling ../../../../../src/softmax/main.cpp in debug mode
   Compiling ../../../../../src/softmax/softmax.cpp in debug mode
   Generating csim.exe
Output Data:
Channel 0:
0.000000 0.000000 0.000000 0.000000 0.000000 0.000000 0.000000 0.000000 0.000000 0.000000 
0.000000 0.000000 0.000000 0.000000 0.000000 0.000000 0.000000 0.000000 0.000000 0.000000 
0.000000 0.000000 0.000000 0.000000 0.000000 0.000000 0.000000 0.000000 0.000000 0.000000 
0.000000 0.000000 0.000000 0.000000 0.000000 0.000000 0.000000 0.000000 0.000000 0.000000 
0.000000 0.000000 0.000000 0.000000 0.000000 0.000000 0.000000 0.000000 0.000000 0.000000 
0.000000 0.000000 0.000000 0.000000 0.000000 0.000000 0.000000 0.000000 0.000000 0.000000 
0.000000 0.000000 0.000000 0.000000 0.000000 0.000000 0.000000 0.000000 0.000000 0.000000 
0.000000 0.000000 0.000000 0.000000 0.000000 0.000000 0.000000 0.000000 0.000000 0.000000 
0.000000 0.000000 0.000000 0.000000 0.000000 0.000000 0.000000 0.000000 0.000000 0.000000 
0.000000 0.000000 0.000000 0.000000 0.000000 0.000000 0.000000 0.000000 0.000000 0.000000 
Channel 1:
0.000001 0.000001 0.000001 0.000001 0.000001 0.000001 0.000001 0.000001 0.000001 0.000001 
0.000001 0.000001 0.000001 0.000001 0.000001 0.000001 0.000001 0.000001 0.000001 0.000001 
0.000001 0.000001 0.000001 0.000001 0.000001 0.000001 0.000001 0.000001 0.000001 0.000001 
0.000001 0.000001 0.000001 0.000001 0.000001 0.000001 0.000001 0.000001 0.000001 0.000001 
0.000001 0.000001 0.000001 0.000001 0.000001 0.000001 0.000001 0.000001 0.000001 0.000001 
0.000001 0.000001 0.000001 0.000001 0.000001 0.000001 0.000001 0.000001 0.000001 0.000001 
0.000001 0.000001 0.000001 0.000001 0.000001 0.000001 0.000001 0.000001 0.000001 0.000001 
0.000001 0.000001 0.000001 0.000001 0.000001 0.000001 0.000001 0.000001 0.000001 0.000001 
0.000001 0.000001 0.000001 0.000001 0.000001 0.000001 0.000001 0.000001 0.000001 0.000001 
0.000001 0.000001 0.000001 0.000001 0.000001 0.000001 0.000001 0.000001 0.000001 0.000001 
Channel 2:
0.000001 0.000001 0.000001 0.000001 0.000001 0.000001 0.000001 0.000001 0.000001 0.000001 
0.000001 0.000001 0.000001 0.000001 0.000001 0.000001 0.000001 0.000001 0.000001 0.000001 
0.000001 0.000001 0.000001 0.000001 0.000001 0.000001 0.000001 0.000001 0.000001 0.000001 
0.000001 0.000001 0.000001 0.000001 0.000001 0.000001 0.000001 0.000001 0.000001 0.000001 
0.000001 0.000001 0.000001 0.000001 0.000001 0.000001 0.000001 0.000001 0.000001 0.000001 
0.000001 0.000001 0.000001 0.000001 0.000001 0.000001 0.000001 0.000001 0.000001 0.000001 
0.000001 0.000001 0.000001 0.000001 0.000001 0.000001 0.000001 0.000001 0.000001 0.000001 
0.000001 0.000001 0.000001 0.000001 0.000001 0.000001 0.000001 0.000001 0.000001 0.000001 
0.000001 0.000001 0.000001 0.000001 0.000001 0.000001 0.000001 0.000001 0.000001 0.000001 
0.000001 0.000001 0.000001 0.000001 0.000001 0.000001 0.000001 0.000001 0.000001 0.000001 
Channel 3:
0.000004 0.000004 0.000004 0.000004 0.000004 0.000004 0.000004 0.000004 0.000004 0.000004 
0.000004 0.000004 0.000004 0.000004 0.000004 0.000004 0.000004 0.000004 0.000004 0.000004 
0.000004 0.000004 0.000004 0.000004 0.000004 0.000004 0.000004 0.000004 0.000004 0.000004 
0.000004 0.000004 0.000004 0.000004 0.000004 0.000004 0.000004 0.000004 0.000004 0.000004 
0.000004 0.000004 0.000004 0.000004 0.000004 0.000004 0.000004 0.000004 0.000004 0.000004 
0.000004 0.000004 0.000004 0.000004 0.000004 0.000004 0.000004 0.000004 0.000004 0.000004 
0.000004 0.000004 0.000004 0.000004 0.000004 0.000004 0.000004 0.000004 0.000004 0.000004 
0.000004 0.000004 0.000004 0.000004 0.000004 0.000004 0.000004 0.000004 0.000004 0.000004 
0.000004 0.000004 0.000004 0.000004 0.000004 0.000004 0.000004 0.000004 0.000004 0.000004 
0.000004 0.000004 0.000004 0.000004 0.000004 0.000004 0.000004 0.000004 0.000004 0.000004 
Channel 4:
0.000011 0.000011 0.000011 0.000011 0.000011 0.000011 0.000011 0.000011 0.000011 0.000011 
0.000011 0.000011 0.000011 0.000011 0.000011 0.000011 0.000011 0.000011 0.000011 0.000011 
0.000011 0.000011 0.000011 0.000011 0.000011 0.000011 0.000011 0.000011 0.000011 0.000011 
0.000011 0.000011 0.000011 0.000011 0.000011 0.000011 0.000011 0.000011 0.000011 0.000011 
0.000011 0.000011 0.000011 0.000011 0.000011 0.000011 0.000011 0.000011 0.000011 0.000011 
0.000011 0.000011 0.000011 0.000011 0.000011 0.000011 0.000011 0.000011 0.000011 0.000011 
0.000011 0.000011 0.000011 0.000011 0.000011 0.000011 0.000011 0.000011 0.000011 0.000011 
0.000011 0.000011 0.000011 0.000011 0.000011 0.000011 0.000011 0.000011 0.000011 0.000011 
0.000011 0.000011 0.000011 0.000011 0.000011 0.000011 0.000011 0.000011 0.000011 0.000011 
0.000011 0.000011 0.000011 0.000011 0.000011 0.000011 0.000011 0.000011 0.000011 0.000011 
Channel 5:
0.000029 0.000029 0.000029 0.000029 0.000029 0.000029 0.000029 0.000029 0.000029 0.000029 
0.000029 0.000029 0.000029 0.000029 0.000029 0.000029 0.000029 0.000029 0.000029 0.000029 
0.000029 0.000029 0.000029 0.000029 0.000029 0.000029 0.000029 0.000029 0.000029 0.000029 
0.000029 0.000029 0.000029 0.000029 0.000029 0.000029 0.000029 0.000029 0.000029 0.000029 
0.000029 0.000029 0.000029 0.000029 0.000029 0.000029 0.000029 0.000029 0.000029 0.000029 
0.000029 0.000029 0.000029 0.000029 0.000029 0.000029 0.000029 0.000029 0.000029 0.000029 
0.000029 0.000029 0.000029 0.000029 0.000029 0.000029 0.000029 0.000029 0.000029 0.000029 
0.000029 0.000029 0.000029 0.000029 0.000029 0.000029 0.000029 0.000029 0.000029 0.000029 
0.000029 0.000029 0.000029 0.000029 0.000029 0.000029 0.000029 0.000029 0.000029 0.000029 
0.000029 0.000029 0.000029 0.000029 0.000029 0.000029 0.000029 0.000029 0.000029 0.000029 
Channel 6:
0.000078 0.000078 0.000078 0.000078 0.000078 0.000078 0.000078 0.000078 0.000078 0.000078 
0.000078 0.000078 0.000078 0.000078 0.000078 0.000078 0.000078 0.000078 0.000078 0.000078 
0.000078 0.000078 0.000078 0.000078 0.000078 0.000078 0.000078 0.000078 0.000078 0.000078 
0.000078 0.000078 0.000078 0.000078 0.000078 0.000078 0.000078 0.000078 0.000078 0.000078 
0.000078 0.000078 0.000078 0.000078 0.000078 0.000078 0.000078 0.000078 0.000078 0.000078 
0.000078 0.000078 0.000078 0.000078 0.000078 0.000078 0.000078 0.000078 0.000078 0.000078 
0.000078 0.000078 0.000078 0.000078 0.000078 0.000078 0.000078 0.000078 0.000078 0.000078 
0.000078 0.000078 0.000078 0.000078 0.000078 0.000078 0.000078 0.000078 0.000078 0.000078 
0.000078 0.000078 0.000078 0.000078 0.000078 0.000078 0.000078 0.000078 0.000078 0.000078 
0.000078 0.000078 0.000078 0.000078 0.000078 0.000078 0.000078 0.000078 0.000078 0.000078 
Channel 7:
0.000212 0.000212 0.000212 0.000212 0.000212 0.000212 0.000212 0.000212 0.000212 0.000212 
0.000212 0.000212 0.000212 0.000212 0.000212 0.000212 0.000212 0.000212 0.000212 0.000212 
0.000212 0.000212 0.000212 0.000212 0.000212 0.000212 0.000212 0.000212 0.000212 0.000212 
0.000212 0.000212 0.000212 0.000212 0.000212 0.000212 0.000212 0.000212 0.000212 0.000212 
0.000212 0.000212 0.000212 0.000212 0.000212 0.000212 0.000212 0.000212 0.000212 0.000212 
0.000212 0.000212 0.000212 0.000212 0.000212 0.000212 0.000212 0.000212 0.000212 0.000212 
0.000212 0.000212 0.000212 0.000212 0.000212 0.000212 0.000212 0.000212 0.000212 0.000212 
0.000212 0.000212 0.000212 0.000212 0.000212 0.000212 0.000212 0.000212 0.000212 0.000212 
0.000212 0.000212 0.000212 0.000212 0.000212 0.000212 0.000212 0.000212 0.000212 0.000212 
0.000212 0.000212 0.000212 0.000212 0.000212 0.000212 0.000212 0.000212 0.000212 0.000212 
Channel 8:
0.000576 0.000576 0.000576 0.000576 0.000576 0.000576 0.000576 0.000576 0.000576 0.000576 
0.000576 0.000576 0.000576 0.000576 0.000576 0.000576 0.000576 0.000576 0.000576 0.000576 
0.000576 0.000576 0.000576 0.000576 0.000576 0.000576 0.000576 0.000576 0.000576 0.000576 
0.000576 0.000576 0.000576 0.000576 0.000576 0.000576 0.000576 0.000576 0.000576 0.000576 
0.000576 0.000576 0.000576 0.000576 0.000576 0.000576 0.000576 0.000576 0.000576 0.000576 
0.000576 0.000576 0.000576 0.000576 0.000576 0.000576 0.000576 0.000576 0.000576 0.000576 
0.000576 0.000576 0.000576 0.000576 0.000576 0.000576 0.000576 0.000576 0.000576 0.000576 
0.000576 0.000576 0.000576 0.000576 0.000576 0.000576 0.000576 0.000576 0.000576 0.000576 
0.000576 0.000576 0.000576 0.000576 0.000576 0.000576 0.000576 0.000576 0.000576 0.000576 
0.000576 0.000576 0.000576 0.000576 0.000576 0.000576 0.000576 0.000576 0.000576 0.000576 
Channel 9:
0.001567 0.001567 0.001567 0.001567 0.001567 0.001567 0.001567 0.001567 0.001567 0.001567 
0.001567 0.001567 0.001567 0.001567 0.001567 0.001567 0.001567 0.001567 0.001567 0.001567 
0.001567 0.001567 0.001567 0.001567 0.001567 0.001567 0.001567 0.001567 0.001567 0.001567 
0.001567 0.001567 0.001567 0.001567 0.001567 0.001567 0.001567 0.001567 0.001567 0.001567 
0.001567 0.001567 0.001567 0.001567 0.001567 0.001567 0.001567 0.001567 0.001567 0.001567 
0.001567 0.001567 0.001567 0.001567 0.001567 0.001567 0.001567 0.001567 0.001567 0.001567 
0.001567 0.001567 0.001567 0.001567 0.001567 0.001567 0.001567 0.001567 0.001567 0.001567 
0.001567 0.001567 0.001567 0.001567 0.001567 0.001567 0.001567 0.001567 0.001567 0.001567 
0.001567 0.001567 0.001567 0.001567 0.001567 0.001567 0.001567 0.001567 0.001567 0.001567 
0.001567 0.001567 0.001567 0.001567 0.001567 0.001567 0.001567 0.001567 0.001567 0.001567 
Channel 10:
0.004259 0.004259 0.004259 0.004259 0.004259 0.004259 0.004259 0.004259 0.004259 0.004259 
0.004259 0.004259 0.004259 0.004259 0.004259 0.004259 0.004259 0.004259 0.004259 0.004259 
0.004259 0.004259 0.004259 0.004259 0.004259 0.004259 0.004259 0.004259 0.004259 0.004259 
0.004259 0.004259 0.004259 0.004259 0.004259 0.004259 0.004259 0.004259 0.004259 0.004259 
0.004259 0.004259 0.004259 0.004259 0.004259 0.004259 0.004259 0.004259 0.004259 0.004259 
0.004259 0.004259 0.004259 0.004259 0.004259 0.004259 0.004259 0.004259 0.004259 0.004259 
0.004259 0.004259 0.004259 0.004259 0.004259 0.004259 0.004259 0.004259 0.004259 0.004259 
0.004259 0.004259 0.004259 0.004259 0.004259 0.004259 0.004259 0.004259 0.004259 0.004259 
0.004259 0.004259 0.004259 0.004259 0.004259 0.004259 0.004259 0.004259 0.004259 0.004259 
0.004259 0.004259 0.004259 0.004259 0.004259 0.004259 0.004259 0.004259 0.004259 0.004259 
Channel 11:
0.011578 0.011578 0.011578 0.011578 0.011578 0.011578 0.011578 0.011578 0.011578 0.011578 
0.011578 0.011578 0.011578 0.011578 0.011578 0.011578 0.011578 0.011578 0.011578 0.011578 
0.011578 0.011578 0.011578 0.011578 0.011578 0.011578 0.011578 0.011578 0.011578 0.011578 
0.011578 0.011578 0.011578 0.011578 0.011578 0.011578 0.011578 0.011578 0.011578 0.011578 
0.011578 0.011578 0.011578 0.011578 0.011578 0.011578 0.011578 0.011578 0.011578 0.011578 
0.011578 0.011578 0.011578 0.011578 0.011578 0.011578 0.011578 0.011578 0.011578 0.011578 
0.011578 0.011578 0.011578 0.011578 0.011578 0.011578 0.011578 0.011578 0.011578 0.011578 
0.011578 0.011578 0.011578 0.011578 0.011578 0.011578 0.011578 0.011578 0.011578 0.011578 
0.011578 0.011578 0.011578 0.011578 0.011578 0.011578 0.011578 0.011578 0.011578 0.011578 
0.011578 0.011578 0.011578 0.011578 0.011578 0.011578 0.011578 0.011578 0.011578 0.011578 
Channel 12:
0.031471 0.031471 0.031471 0.031471 0.031471 0.031471 0.031471 0.031471 0.031471 0.031471 
0.031471 0.031471 0.031471 0.031471 0.031471 0.031471 0.031471 0.031471 0.031471 0.031471 
0.031471 0.031471 0.031471 0.031471 0.031471 0.031471 0.031471 0.031471 0.031471 0.031471 
0.031471 0.031471 0.031471 0.031471 0.031471 0.031471 0.031471 0.031471 0.031471 0.031471 
0.031471 0.031471 0.031471 0.031471 0.031471 0.031471 0.031471 0.031471 0.031471 0.031471 
0.031471 0.031471 0.031471 0.031471 0.031471 0.031471 0.031471 0.031471 0.031471 0.031471 
0.031471 0.031471 0.031471 0.031471 0.031471 0.031471 0.031471 0.031471 0.031471 0.031471 
0.031471 0.031471 0.031471 0.031471 0.031471 0.031471 0.031471 0.031471 0.031471 0.031471 
0.031471 0.031471 0.031471 0.031471 0.031471 0.031471 0.031471 0.031471 0.031471 0.031471 
0.031471 0.031471 0.031471 0.031471 0.031471 0.031471 0.031471 0.031471 0.031471 0.031471 
Channel 13:
0.085548 0.085548 0.085548 0.085548 0.085548 0.085548 0.085548 0.085548 0.085548 0.085548 
0.085548 0.085548 0.085548 0.085548 0.085548 0.085548 0.085548 0.085548 0.085548 0.085548 
0.085548 0.085548 0.085548 0.085548 0.085548 0.085548 0.085548 0.085548 0.085548 0.085548 
0.085548 0.085548 0.085548 0.085548 0.085548 0.085548 0.085548 0.085548 0.085548 0.085548 
0.085548 0.085548 0.085548 0.085548 0.085548 0.085548 0.085548 0.085548 0.085548 0.085548 
0.085548 0.085548 0.085548 0.085548 0.085548 0.085548 0.085548 0.085548 0.085548 0.085548 
0.085548 0.085548 0.085548 0.085548 0.085548 0.085548 0.085548 0.085548 0.085548 0.085548 
0.085548 0.085548 0.085548 0.085548 0.085548 0.085548 0.085548 0.085548 0.085548 0.085548 
0.085548 0.085548 0.085548 0.085548 0.085548 0.085548 0.085548 0.085548 0.085548 0.085548 
0.085548 0.085548 0.085548 0.085548 0.085548 0.085548 0.085548 0.085548 0.085548 0.085548 
Channel 14:
0.232544 0.232544 0.232544 0.232544 0.232544 0.232544 0.232544 0.232544 0.232544 0.232544 
0.232544 0.232544 0.232544 0.232544 0.232544 0.232544 0.232544 0.232544 0.232544 0.232544 
0.232544 0.232544 0.232544 0.232544 0.232544 0.232544 0.232544 0.232544 0.232544 0.232544 
0.232544 0.232544 0.232544 0.232544 0.232544 0.232544 0.232544 0.232544 0.232544 0.232544 
0.232544 0.232544 0.232544 0.232544 0.232544 0.232544 0.232544 0.232544 0.232544 0.232544 
0.232544 0.232544 0.232544 0.232544 0.232544 0.232544 0.232544 0.232544 0.232544 0.232544 
0.232544 0.232544 0.232544 0.232544 0.232544 0.232544 0.232544 0.232544 0.232544 0.232544 
0.232544 0.232544 0.232544 0.232544 0.232544 0.232544 0.232544 0.232544 0.232544 0.232544 
0.232544 0.232544 0.232544 0.232544 0.232544 0.232544 0.232544 0.232544 0.232544 0.232544 
0.232544 0.232544 0.232544 0.232544 0.232544 0.232544 0.232544 0.232544 0.232544 0.232544 
Channel 15:
0.632121 0.632121 0.632121 0.632121 0.632121 0.632121 0.632121 0.632121 0.632121 0.632121 
0.632121 0.632121 0.632121 0.632121 0.632121 0.632121 0.632121 0.632121 0.632121 0.632121 
0.632121 0.632121 0.632121 0.632121 0.632121 0.632121 0.632121 0.632121 0.632121 0.632121 
0.632121 0.632121 0.632121 0.632121 0.632121 0.632121 0.632121 0.632121 0.632121 0.632121 
0.632121 0.632121 0.632121 0.632121 0.632121 0.632121 0.632121 0.632121 0.632121 0.632121 
0.632121 0.632121 0.632121 0.632121 0.632121 0.632121 0.632121 0.632121 0.632121 0.632121 
0.632121 0.632121 0.632121 0.632121 0.632121 0.632121 0.632121 0.632121 0.632121 0.632121 
0.632121 0.632121 0.632121 0.632121 0.632121 0.632121 0.632121 0.632121 0.632121 0.632121 
0.632121 0.632121 0.632121 0.632121 0.632121 0.632121 0.632121 0.632121 0.632121 0.632121 
0.632121 0.632121 0.632121 0.632121 0.632121 0.632121 0.632121 0.632121 0.632121 0.632121 
INFO: [SIM 1] CSim done with 0 errors.
INFO: [SIM 3] *************** CSIM finish ***************
