INFO: [SIM 2] *************** CSIM start ***************
INFO: [SIM 4] CSIM will launch GCC as the compiler.
   Compiling ../../../../../src/LayerNorm/LayerNorm.cpp in debug mode
   Generating csim.exe
-1.626978-1.410048-1.193117-0.976187-0.759257-0.542326-0.325396-0.1084650.1084650.3253960.5423260.7592570.9761871.1931171.4100481.626978-1.626978-1.410048-1.193117-0.976187-0.759257-0.542326-0.325396-0.1084650.1084650.3253960.5423260.7592570.9761871.1931171.4100481.626978-1.626978-1.410048-1.193117-0.976187-0.759257-0.542326-0.325396-0.1084650.1084650.3253960.5423260.7592570.9761871.1931171.4100481.626978-1.626978-1.410048-1.193117-0.976187-0.759257-0.542326-0.325396-0.1084650.1084650.3253960.5423260.7592570.9761871.1931171.4100481.626978-1.626978-1.410048-1.193117-0.976187-0.759257-0.542326-0.325396-0.1084650.1084650.3253960.5423260.7592570.9761871.1931171.4100481.626978-1.626978-1.410048-1.193117-0.976187-0.759257-0.542326-0.325396-0.1084650.1084650.3253960.5423260.7592570.9761871.1931171.4100481.626978-1.626978-1.410048-1.193117-0.976187-0.759257-0.542326-0.325396-0.1084650.1084650.3253960.5423260.7592570.9761871.1931171.4100481.626978-1.626978-1.410048-1.193117-0.976187-0.759257-0.542326-0.325396-0.1084650.1084650.3253960.5423260.7592570.9761871.1931171.4100481.626978-1.626978-1.410048-1.193117-0.976187-0.759257-0.542326-0.325396-0.1084650.1084650.3253960.5423260.7592570.9761871.1931171.4100481.626978-1.626978-1.410048-1.193117-0.976187-0.759257-0.542326-0.325396-0.1084650.1084650.3253960.5423260.7592570.9761871.1931171.4100481.626978-1.626978-1.410048-1.193117-0.976187-0.759257-0.542326-0.325396-0.1084650.1084650.3253960.5423260.7592570.9761871.1931171.4100481.626978-1.626978-1.410048-1.193117-0.976187-0.759257-0.542326-0.325396-0.1084650.1084650.3253960.5423260.7592570.9761871.1931171.4100481.626978-1.626978-1.410048-1.193117-0.976187-0.759257-0.542326-0.325396-0.1084650.1084650.3253960.5423260.7592570.9761871.1931171.4100481.626978-1.626978-1.410048-1.193117-0.976187-0.759257-0.542326-0.325396-0.1084650.1084650.3253960.5423260.7592570.9761871.1931171.4100481.626978-1.626978-1.410048-1.193117-0.976187-0.759257-0.542326-0.325396-0.1084650.1084650.3253960.5423260.7592570.9761871.1931171.4100481.626978-1.626978-1.410048-1.193117-0.976187-0.759257-0.542326-0.325396-0.1084650.1084650.3253960.5423260.7592570.9761871.1931171.4100481.626978-1.626978-1.410048-1.193117-0.976187-0.759257-0.542326-0.325396-0.1084650.1084650.3253960.5423260.7592570.9761871.1931171.4100481.626978-1.626978-1.410048-1.193117-0.976187-0.759257-0.542326-0.325396-0.1084650.1084650.3253960.5423260.7592570.9761871.1931171.4100481.626978-1.626978-1.410048-1.193117-0.976187-0.759257-0.542326-0.325396-0.1084650.1084650.3253960.5423260.7592570.9761871.1931171.4100481.626978-1.626978-1.410048-1.193117-0.976187-0.759257-0.542326-0.325396-0.1084650.1084650.3253960.5423260.7592570.9761871.1931171.4100481.626978-1.626978-1.410048-1.193117-0.976187-0.759257-0.542326-0.325396-0.1084650.1084650.3253960.5423260.7592570.9761871.1931171.4100481.626978-1.626978-1.410048-1.193117-0.976187-0.759257-0.542326-0.325396-0.1084650.1084650.3253960.5423260.7592570.9761871.1931171.4100481.626978-1.626978-1.410048-1.193117-0.976187-0.759257-0.542326-0.325396-0.1084650.1084650.3253960.5423260.7592570.9761871.1931171.4100481.626978-1.626978-1.410048-1.193117-0.976187-0.759257-0.542326-0.325396-0.1084650.1084650.3253960.5423260.7592570.9761871.1931171.4100481.626978-1.626978-1.410048-1.193117-0.976187-0.759257-0.542326-0.325396-0.1084650.1084650.3253960.5423260.7592570.9761871.1931171.4100481.626978-1.626978-1.410048-1.193117-0.976187-0.759257-0.542326-0.325396-0.1084650.1084650.3253960.5423260.7592570.9761871.1931171.4100481.626978-1.626978-1.410048-1.193117-0.976187-0.759257-0.542326-0.325396-0.1084650.1084650.3253960.5423260.7592570.9761871.1931171.4100481.626978-1.626978-1.410048-1.193117-0.976187-0.759257-0.542326-0.325396-0.1084650.1084650.3253960.5423260.7592570.9761871.1931171.4100481.626978-1.626978-1.410048-1.193117-0.976187-0.759257-0.542326-0.325396-0.1084650.1084650.3253960.5423260.7592570.9761871.1931171.4100481.626978-1.626978-1.410048-1.193117-0.976187-0.759257-0.542326-0.325396-0.1084650.1084650.3253960.5423260.7592570.9761871.1931171.4100481.626978-1.626978-1.410048-1.193117-0.976187-0.759257-0.542326-0.325396-0.1084650.1084650.3253960.5423260.7592570.9761871.1931171.4100481.626978-1.626978-1.410048-1.193117-0.976187-0.759257-0.542326-0.325396-0.1084650.1084650.3253960.5423260.7592570.9761871.1931171.4100481.626978-1.626978-1.410048-1.193117-0.976187-0.759257-0.542326-0.325396-0.1084650.1084650.3253960.5423260.7592570.9761871.1931171.4100481.626978-1.626978-1.410048-1.193117-0.976187-0.759257-0.542326-0.325396-0.1084650.1084650.3253960.5423260.7592570.9761871.1931171.4100481.626978-1.626978-1.410048-1.193117-0.976187-0.759257-0.542326-0.325396-0.1084650.1084650.3253960.5423260.7592570.9761871.1931171.4100481.626978-1.626978-1.410048-1.193117-0.976187-0.759257-0.542326-0.325396-0.1084650.1084650.3253960.5423260.7592570.9761871.1931171.4100481.626978-1.626978-1.410048-1.193117-0.976187-0.759257-0.542326-0.325396-0.1084650.1084650.3253960.5423260.7592570.9761871.1931171.4100481.626978-1.626978-1.410048-1.193117-0.976187-0.759257-0.542326-0.325396-0.1084650.1084650.3253960.5423260.7592570.9761871.1931171.4100481.626978-1.626978-1.410048-1.193117-0.976187-0.759257-0.542326-0.325396-0.1084650.1084650.3253960.5423260.7592570.9761871.1931171.4100481.626978-1.626978-1.410048-1.193117-0.976187-0.759257-0.542326-0.325396-0.1084650.1084650.3253960.5423260.7592570.9761871.1931171.4100481.626978-1.626978-1.410048-1.193117-0.976187-0.759257-0.542326-0.325396-0.1084650.1084650.3253960.5423260.7592570.9761871.1931171.4100481.626978-1.626978-1.410048-1.193117-0.976187-0.759257-0.542326-0.325396-0.1084650.1084650.3253960.5423260.7592570.9761871.1931171.4100481.626978-1.626978-1.410048-1.193117-0.976187-0.759257-0.542326-0.325396-0.1084650.1084650.3253960.5423260.7592570.9761871.1931171.4100481.626978-1.626978-1.410048-1.193117-0.976187-0.759257-0.542326-0.325396-0.1084650.1084650.3253960.5423260.7592570.9761871.1931171.4100481.626978-1.626978-1.410048-1.193117-0.976187-0.759257-0.542326-0.325396-0.1084650.1084650.3253960.5423260.7592570.9761871.1931171.4100481.626978-1.626978-1.410048-1.193117-0.976187-0.759257-0.542326-0.325396-0.1084650.1084650.3253960.5423260.7592570.9761871.1931171.4100481.626978-1.626978-1.410048-1.193117-0.976187-0.759257-0.542326-0.325396-0.1084650.1084650.3253960.5423260.7592570.9761871.1931171.4100481.626978-1.626978-1.410048-1.193117-0.976187-0.759257-0.542326-0.325396-0.1084650.1084650.3253960.5423260.7592570.9761871.1931171.4100481.626978-1.626978-1.410048-1.193117-0.976187-0.759257-0.542326-0.325396-0.1084650.1084650.3253960.5423260.7592570.9761871.1931171.4100481.626978-1.626978-1.410048-1.193117-0.976187-0.759257-0.542326-0.325396-0.1084650.1084650.3253960.5423260.7592570.9761871.1931171.4100481.626978-1.626978-1.410048-1.193117-0.976187-0.759257-0.542326-0.325396-0.1084650.1084650.3253960.5423260.7592570.9761871.1931171.4100481.626978-1.626978-1.410048-1.193117-0.976187-0.759257-0.542326-0.325396-0.1084650.1084650.3253960.5423260.7592570.9761871.1931171.4100481.626978-1.626978-1.410048-1.193117-0.976187-0.759257-0.542326-0.325396-0.1084650.1084650.3253960.5423260.7592570.9761871.1931171.4100481.626978-1.626978-1.410048-1.193117-0.976187-0.759257-0.542326-0.325396-0.1084650.1084650.3253960.5423260.7592570.9761871.1931171.4100481.626978-1.626978-1.410048-1.193117-0.976187-0.759257-0.542326-0.325396-0.1084650.1084650.3253960.5423260.7592570.9761871.1931171.4100481.626978-1.626978-1.410048-1.193117-0.976187-0.759257-0.542326-0.325396-0.1084650.1084650.3253960.5423260.7592570.9761871.1931171.4100481.626978-1.626978-1.410048-1.193117-0.976187-0.759257-0.542326-0.325396-0.1084650.1084650.3253960.5423260.7592570.9761871.1931171.4100481.626978-1.626978-1.410048-1.193117-0.976187-0.759257-0.542326-0.325396-0.1084650.1084650.3253960.5423260.7592570.9761871.1931171.4100481.626978-1.626978-1.410048-1.193117-0.976187-0.759257-0.542326-0.325396-0.1084650.1084650.3253960.5423260.7592570.9761871.1931171.4100481.626978-1.626978-1.410048-1.193117-0.976187-0.759257-0.542326-0.325396-0.1084650.1084650.3253960.5423260.7592570.9761871.1931171.4100481.626978-1.626978-1.410048-1.193117-0.976187-0.759257-0.542326-0.325396-0.1084650.1084650.3253960.5423260.7592570.9761871.1931171.4100481.626978-1.626978-1.410048-1.193117-0.976187-0.759257-0.542326-0.325396-0.1084650.1084650.3253960.5423260.7592570.9761871.1931171.4100481.626978-1.626978-1.410048-1.193117-0.976187-0.759257-0.542326-0.325396-0.1084650.1084650.3253960.5423260.7592570.9761871.1931171.4100481.626978-1.626978-1.410048-1.193117-0.976187-0.759257-0.542326-0.325396-0.1084650.1084650.3253960.5423260.7592570.9761871.1931171.4100481.626978-1.626978-1.410048-1.193117-0.976187-0.759257-0.542326-0.325396-0.1084650.1084650.3253960.5423260.7592570.9761871.1931171.4100481.626978-1.626978-1.410048-1.193117-0.976187-0.759257-0.542326-0.325396-0.1084650.1084650.3253960.5423260.7592570.9761871.1931171.4100481.626978-1.626978-1.410048-1.193117-0.976187-0.759257-0.542326-0.325396-0.1084650.1084650.3253960.5423260.7592570.9761871.1931171.4100481.626978-1.626978-1.410048-1.193117-0.976187-0.759257-0.542326-0.325396-0.1084650.1084650.3253960.5423260.7592570.9761871.1931171.4100481.626978-1.626978-1.410048-1.193117-0.976187-0.759257-0.542326-0.325396-0.1084650.1084650.3253960.5423260.7592570.9761871.1931171.4100481.626978-1.626978-1.410048-1.193117-0.976187-0.759257-0.542326-0.325396-0.1084650.1084650.3253960.5423260.7592570.9761871.1931171.4100481.626978-1.626978-1.410048-1.193117-0.976187-0.759257-0.542326-0.325396-0.1084650.1084650.3253960.5423260.7592570.9761871.1931171.4100481.626978-1.626978-1.410048-1.193117-0.976187-0.759257-0.542326-0.325396-0.1084650.1084650.3253960.5423260.7592570.9761871.1931171.4100481.626978-1.626978-1.410048-1.193117-0.976187-0.759257-0.542326-0.325396-0.1084650.1084650.3253960.5423260.7592570.9761871.1931171.4100481.626978-1.626978-1.410048-1.193117-0.976187-0.759257-0.542326-0.325396-0.1084650.1084650.3253960.5423260.7592570.9761871.1931171.4100481.626978-1.626978-1.410048-1.193117-0.976187-0.759257-0.542326-0.325396-0.1084650.1084650.3253960.5423260.7592570.9761871.1931171.4100481.626978-1.626978-1.410048-1.193117-0.976187-0.759257-0.542326-0.325396-0.1084650.1084650.3253960.5423260.7592570.9761871.1931171.4100481.626978-1.626978-1.410048-1.193117-0.976187-0.759257-0.542326-0.325396-0.1084650.1084650.3253960.5423260.7592570.9761871.1931171.4100481.626978-1.626978-1.410048-1.193117-0.976187-0.759257-0.542326-0.325396-0.1084650.1084650.3253960.5423260.7592570.9761871.1931171.4100481.626978-1.626978-1.410048-1.193117-0.976187-0.759257-0.542326-0.325396-0.1084650.1084650.3253960.5423260.7592570.9761871.1931171.4100481.626978-1.626978-1.410048-1.193117-0.976187-0.759257-0.542326-0.325396-0.1084650.1084650.3253960.5423260.7592570.9761871.1931171.4100481.626978-1.626978-1.410048-1.193117-0.976187-0.759257-0.542326-0.325396-0.1084650.1084650.3253960.5423260.7592570.9761871.1931171.4100481.626978-1.626978-1.410048-1.193117-0.976187-0.759257-0.542326-0.325396-0.1084650.1084650.3253960.5423260.7592570.9761871.1931171.4100481.626978-1.626978-1.410048-1.193117-0.976187-0.759257-0.542326-0.325396-0.1084650.1084650.3253960.5423260.7592570.9761871.1931171.4100481.626978-1.626978-1.410048-1.193117-0.976187-0.759257-0.542326-0.325396-0.1084650.1084650.3253960.5423260.7592570.9761871.1931171.4100481.626978-1.626978-1.410048-1.193117-0.976187-0.759257-0.542326-0.325396-0.1084650.1084650.3253960.5423260.7592570.9761871.1931171.4100481.626978-1.626978-1.410048-1.193117-0.976187-0.759257-0.542326-0.325396-0.1084650.1084650.3253960.5423260.7592570.9761871.1931171.4100481.626978-1.626978-1.410048-1.193117-0.976187-0.759257-0.542326-0.325396-0.1084650.1084650.3253960.5423260.7592570.9761871.1931171.4100481.626978-1.626978-1.410048-1.193117-0.976187-0.759257-0.542326-0.325396-0.1084650.1084650.3253960.5423260.7592570.9761871.1931171.4100481.626978-1.626978-1.410048-1.193117-0.976187-0.759257-0.542326-0.325396-0.1084650.1084650.3253960.5423260.7592570.9761871.1931171.4100481.626978-1.626978-1.410048-1.193117-0.976187-0.759257-0.542326-0.325396-0.1084650.1084650.3253960.5423260.7592570.9761871.1931171.4100481.626978-1.626978-1.410048-1.193117-0.976187-0.759257-0.542326-0.325396-0.1084650.1084650.3253960.5423260.7592570.9761871.1931171.4100481.626978-1.626978-1.410048-1.193117-0.976187-0.759257-0.542326-0.325396-0.1084650.1084650.3253960.5423260.7592570.9761871.1931171.4100481.626978-1.626978-1.410048-1.193117-0.976187-0.759257-0.542326-0.325396-0.1084650.1084650.3253960.5423260.7592570.9761871.1931171.4100481.626978-1.626978-1.410048-1.193117-0.976187-0.759257-0.542326-0.325396-0.1084650.1084650.3253960.5423260.7592570.9761871.1931171.4100481.626978-1.626978-1.410048-1.193117-0.976187-0.759257-0.542326-0.325396-0.1084650.1084650.3253960.5423260.7592570.9761871.1931171.4100481.626978-1.626978-1.410048-1.193117-0.976187-0.759257-0.542326-0.325396-0.1084650.1084650.3253960.5423260.7592570.9761871.1931171.4100481.626978-1.626978-1.410048-1.193117-0.976187-0.759257-0.542326-0.325396-0.1084650.1084650.3253960.5423260.7592570.9761871.1931171.4100481.626978-1.626978-1.410048-1.193117-0.976187-0.759257-0.542326-0.325396-0.1084650.1084650.3253960.5423260.7592570.9761871.1931171.4100481.626978-1.626978-1.410048-1.193117-0.976187-0.759257-0.542326-0.325396-0.1084650.1084650.3253960.5423260.7592570.9761871.1931171.4100481.626978-1.626978-1.410048-1.193117-0.976187-0.759257-0.542326-0.325396-0.1084650.1084650.3253960.5423260.7592570.9761871.1931171.4100481.626978Output Data:
Channel 0:
0.000000 0.000000 0.000000 0.000000 0.000000 0.000000 0.000000 0.000000 0.000000 0.000000 
0.000000 0.000000 0.000000 0.000000 0.000000 0.000000 0.000000 0.000000 0.000000 0.000000 
0.000000 0.000000 0.000000 0.000000 0.000000 0.000000 0.000000 0.000000 0.000000 0.000000 
0.000000 0.000000 0.000000 0.000000 0.000000 0.000000 0.000000 0.000000 0.000000 0.000000 
0.000000 0.000000 0.000000 0.000000 0.000000 0.000000 0.000000 0.000000 0.000000 0.000000 
0.000000 0.000000 0.000000 0.000000 0.000000 0.000000 0.000000 0.000000 0.000000 0.000000 
0.000000 0.000000 0.000000 0.000000 0.000000 0.000000 0.000000 0.000000 0.000000 0.000000 
0.000000 0.000000 0.000000 0.000000 0.000000 0.000000 0.000000 0.000000 0.000000 0.000000 
0.000000 0.000000 0.000000 0.000000 0.000000 0.000000 0.000000 0.000000 0.000000 0.000000 
0.000000 0.000000 0.000000 0.000000 0.000000 0.000000 0.000000 0.000000 0.000000 0.000000 
Channel 1:
-0.410048 -0.410048 -0.410048 -0.410048 -0.410048 -0.410048 -0.410048 -0.410048 -0.410048 -0.410048 
-0.410048 -0.410048 -0.410048 -0.410048 -0.410048 -0.410048 -0.410048 -0.410048 -0.410048 -0.410048 
-0.410048 -0.410048 -0.410048 -0.410048 -0.410048 -0.410048 -0.410048 -0.410048 -0.410048 -0.410048 
-0.410048 -0.410048 -0.410048 -0.410048 -0.410048 -0.410048 -0.410048 -0.410048 -0.410048 -0.410048 
-0.410048 -0.410048 -0.410048 -0.410048 -0.410048 -0.410048 -0.410048 -0.410048 -0.410048 -0.410048 
-0.410048 -0.410048 -0.410048 -0.410048 -0.410048 -0.410048 -0.410048 -0.410048 -0.410048 -0.410048 
-0.410048 -0.410048 -0.410048 -0.410048 -0.410048 -0.410048 -0.410048 -0.410048 -0.410048 -0.410048 
-0.410048 -0.410048 -0.410048 -0.410048 -0.410048 -0.410048 -0.410048 -0.410048 -0.410048 -0.410048 
-0.410048 -0.410048 -0.410048 -0.410048 -0.410048 -0.410048 -0.410048 -0.410048 -0.410048 -0.410048 
-0.410048 -0.410048 -0.410048 -0.410048 -0.410048 -0.410048 -0.410048 -0.410048 -0.410048 -0.410048 
Channel 2:
-0.386235 -0.386235 -0.386235 -0.386235 -0.386235 -0.386235 -0.386235 -0.386235 -0.386235 -0.386235 
-0.386235 -0.386235 -0.386235 -0.386235 -0.386235 -0.386235 -0.386235 -0.386235 -0.386235 -0.386235 
-0.386235 -0.386235 -0.386235 -0.386235 -0.386235 -0.386235 -0.386235 -0.386235 -0.386235 -0.386235 
-0.386235 -0.386235 -0.386235 -0.386235 -0.386235 -0.386235 -0.386235 -0.386235 -0.386235 -0.386235 
-0.386235 -0.386235 -0.386235 -0.386235 -0.386235 -0.386235 -0.386235 -0.386235 -0.386235 -0.386235 
-0.386235 -0.386235 -0.386235 -0.386235 -0.386235 -0.386235 -0.386235 -0.386235 -0.386235 -0.386235 
-0.386235 -0.386235 -0.386235 -0.386235 -0.386235 -0.386235 -0.386235 -0.386235 -0.386235 -0.386235 
-0.386235 -0.386235 -0.386235 -0.386235 -0.386235 -0.386235 -0.386235 -0.386235 -0.386235 -0.386235 
-0.386235 -0.386235 -0.386235 -0.386235 -0.386235 -0.386235 -0.386235 -0.386235 -0.386235 -0.386235 
-0.386235 -0.386235 -0.386235 -0.386235 -0.386235 -0.386235 -0.386235 -0.386235 -0.386235 -0.386235 
Channel 3:
0.071439 0.071439 0.071439 0.071439 0.071439 0.071439 0.071439 0.071439 0.071439 0.071439 
0.071439 0.071439 0.071439 0.071439 0.071439 0.071439 0.071439 0.071439 0.071439 0.071439 
0.071439 0.071439 0.071439 0.071439 0.071439 0.071439 0.071439 0.071439 0.071439 0.071439 
0.071439 0.071439 0.071439 0.071439 0.071439 0.071439 0.071439 0.071439 0.071439 0.071439 
0.071439 0.071439 0.071439 0.071439 0.071439 0.071439 0.071439 0.071439 0.071439 0.071439 
0.071439 0.071439 0.071439 0.071439 0.071439 0.071439 0.071439 0.071439 0.071439 0.071439 
0.071439 0.071439 0.071439 0.071439 0.071439 0.071439 0.071439 0.071439 0.071439 0.071439 
0.071439 0.071439 0.071439 0.071439 0.071439 0.071439 0.071439 0.071439 0.071439 0.071439 
0.071439 0.071439 0.071439 0.071439 0.071439 0.071439 0.071439 0.071439 0.071439 0.071439 
0.071439 0.071439 0.071439 0.071439 0.071439 0.071439 0.071439 0.071439 0.071439 0.071439 
Channel 4:
0.962974 0.962974 0.962974 0.962974 0.962974 0.962974 0.962974 0.962974 0.962974 0.962974 
0.962974 0.962974 0.962974 0.962974 0.962974 0.962974 0.962974 0.962974 0.962974 0.962974 
0.962974 0.962974 0.962974 0.962974 0.962974 0.962974 0.962974 0.962974 0.962974 0.962974 
0.962974 0.962974 0.962974 0.962974 0.962974 0.962974 0.962974 0.962974 0.962974 0.962974 
0.962974 0.962974 0.962974 0.962974 0.962974 0.962974 0.962974 0.962974 0.962974 0.962974 
0.962974 0.962974 0.962974 0.962974 0.962974 0.962974 0.962974 0.962974 0.962974 0.962974 
0.962974 0.962974 0.962974 0.962974 0.962974 0.962974 0.962974 0.962974 0.962974 0.962974 
0.962974 0.962974 0.962974 0.962974 0.962974 0.962974 0.962974 0.962974 0.962974 0.962974 
0.962974 0.962974 0.962974 0.962974 0.962974 0.962974 0.962974 0.962974 0.962974 0.962974 
0.962974 0.962974 0.962974 0.962974 0.962974 0.962974 0.962974 0.962974 0.962974 0.962974 
Channel 5:
2.288369 2.288369 2.288369 2.288369 2.288369 2.288369 2.288369 2.288369 2.288369 2.288369 
2.288369 2.288369 2.288369 2.288369 2.288369 2.288369 2.288369 2.288369 2.288369 2.288369 
2.288369 2.288369 2.288369 2.288369 2.288369 2.288369 2.288369 2.288369 2.288369 2.288369 
2.288369 2.288369 2.288369 2.288369 2.288369 2.288369 2.288369 2.288369 2.288369 2.288369 
2.288369 2.288369 2.288369 2.288369 2.288369 2.288369 2.288369 2.288369 2.288369 2.288369 
2.288369 2.288369 2.288369 2.288369 2.288369 2.288369 2.288369 2.288369 2.288369 2.288369 
2.288369 2.288369 2.288369 2.288369 2.288369 2.288369 2.288369 2.288369 2.288369 2.288369 
2.288369 2.288369 2.288369 2.288369 2.288369 2.288369 2.288369 2.288369 2.288369 2.288369 
2.288369 2.288369 2.288369 2.288369 2.288369 2.288369 2.288369 2.288369 2.288369 2.288369 
2.288369 2.288369 2.288369 2.288369 2.288369 2.288369 2.288369 2.288369 2.288369 2.288369 
Channel 6:
4.047626 4.047626 4.047626 4.047626 4.047626 4.047626 4.047626 4.047626 4.047626 4.047626 
4.047626 4.047626 4.047626 4.047626 4.047626 4.047626 4.047626 4.047626 4.047626 4.047626 
4.047626 4.047626 4.047626 4.047626 4.047626 4.047626 4.047626 4.047626 4.047626 4.047626 
4.047626 4.047626 4.047626 4.047626 4.047626 4.047626 4.047626 4.047626 4.047626 4.047626 
4.047626 4.047626 4.047626 4.047626 4.047626 4.047626 4.047626 4.047626 4.047626 4.047626 
4.047626 4.047626 4.047626 4.047626 4.047626 4.047626 4.047626 4.047626 4.047626 4.047626 
4.047626 4.047626 4.047626 4.047626 4.047626 4.047626 4.047626 4.047626 4.047626 4.047626 
4.047626 4.047626 4.047626 4.047626 4.047626 4.047626 4.047626 4.047626 4.047626 4.047626 
4.047626 4.047626 4.047626 4.047626 4.047626 4.047626 4.047626 4.047626 4.047626 4.047626 
4.047626 4.047626 4.047626 4.047626 4.047626 4.047626 4.047626 4.047626 4.047626 4.047626 
Channel 7:
6.240744 6.240744 6.240744 6.240744 6.240744 6.240744 6.240744 6.240744 6.240744 6.240744 
6.240744 6.240744 6.240744 6.240744 6.240744 6.240744 6.240744 6.240744 6.240744 6.240744 
6.240744 6.240744 6.240744 6.240744 6.240744 6.240744 6.240744 6.240744 6.240744 6.240744 
6.240744 6.240744 6.240744 6.240744 6.240744 6.240744 6.240744 6.240744 6.240744 6.240744 
6.240744 6.240744 6.240744 6.240744 6.240744 6.240744 6.240744 6.240744 6.240744 6.240744 
6.240744 6.240744 6.240744 6.240744 6.240744 6.240744 6.240744 6.240744 6.240744 6.240744 
6.240744 6.240744 6.240744 6.240744 6.240744 6.240744 6.240744 6.240744 6.240744 6.240744 
6.240744 6.240744 6.240744 6.240744 6.240744 6.240744 6.240744 6.240744 6.240744 6.240744 
6.240744 6.240744 6.240744 6.240744 6.240744 6.240744 6.240744 6.240744 6.240744 6.240744 
6.240744 6.240744 6.240744 6.240744 6.240744 6.240744 6.240744 6.240744 6.240744 6.240744 
Channel 8:
8.867722 8.867722 8.867722 8.867722 8.867722 8.867722 8.867722 8.867722 8.867722 8.867722 
8.867722 8.867722 8.867722 8.867722 8.867722 8.867722 8.867722 8.867722 8.867722 8.867722 
8.867722 8.867722 8.867722 8.867722 8.867722 8.867722 8.867722 8.867722 8.867722 8.867722 
8.867722 8.867722 8.867722 8.867722 8.867722 8.867722 8.867722 8.867722 8.867722 8.867722 
8.867722 8.867722 8.867722 8.867722 8.867722 8.867722 8.867722 8.867722 8.867722 8.867722 
8.867722 8.867722 8.867722 8.867722 8.867722 8.867722 8.867722 8.867722 8.867722 8.867722 
8.867722 8.867722 8.867722 8.867722 8.867722 8.867722 8.867722 8.867722 8.867722 8.867722 
8.867722 8.867722 8.867722 8.867722 8.867722 8.867722 8.867722 8.867722 8.867722 8.867722 
8.867722 8.867722 8.867722 8.867722 8.867722 8.867722 8.867722 8.867722 8.867722 8.867722 
8.867722 8.867722 8.867722 8.867722 8.867722 8.867722 8.867722 8.867722 8.867722 8.867722 
Channel 9:
11.928561 11.928561 11.928561 11.928561 11.928561 11.928561 11.928561 11.928561 11.928561 11.928561 
11.928561 11.928561 11.928561 11.928561 11.928561 11.928561 11.928561 11.928561 11.928561 11.928561 
11.928561 11.928561 11.928561 11.928561 11.928561 11.928561 11.928561 11.928561 11.928561 11.928561 
11.928561 11.928561 11.928561 11.928561 11.928561 11.928561 11.928561 11.928561 11.928561 11.928561 
11.928561 11.928561 11.928561 11.928561 11.928561 11.928561 11.928561 11.928561 11.928561 11.928561 
11.928561 11.928561 11.928561 11.928561 11.928561 11.928561 11.928561 11.928561 11.928561 11.928561 
11.928561 11.928561 11.928561 11.928561 11.928561 11.928561 11.928561 11.928561 11.928561 11.928561 
11.928561 11.928561 11.928561 11.928561 11.928561 11.928561 11.928561 11.928561 11.928561 11.928561 
11.928561 11.928561 11.928561 11.928561 11.928561 11.928561 11.928561 11.928561 11.928561 11.928561 
11.928561 11.928561 11.928561 11.928561 11.928561 11.928561 11.928561 11.928561 11.928561 11.928561 
Channel 10:
15.423262 15.423262 15.423262 15.423262 15.423262 15.423262 15.423262 15.423262 15.423262 15.423262 
15.423262 15.423262 15.423262 15.423262 15.423262 15.423262 15.423262 15.423262 15.423262 15.423262 
15.423262 15.423262 15.423262 15.423262 15.423262 15.423262 15.423262 15.423262 15.423262 15.423262 
15.423262 15.423262 15.423262 15.423262 15.423262 15.423262 15.423262 15.423262 15.423262 15.423262 
15.423262 15.423262 15.423262 15.423262 15.423262 15.423262 15.423262 15.423262 15.423262 15.423262 
15.423262 15.423262 15.423262 15.423262 15.423262 15.423262 15.423262 15.423262 15.423262 15.423262 
15.423262 15.423262 15.423262 15.423262 15.423262 15.423262 15.423262 15.423262 15.423262 15.423262 
15.423262 15.423262 15.423262 15.423262 15.423262 15.423262 15.423262 15.423262 15.423262 15.423262 
15.423262 15.423262 15.423262 15.423262 15.423262 15.423262 15.423262 15.423262 15.423262 15.423262 
15.423262 15.423262 15.423262 15.423262 15.423262 15.423262 15.423262 15.423262 15.423262 15.423262 
Channel 11:
19.351822 19.351822 19.351822 19.351822 19.351822 19.351822 19.351822 19.351822 19.351822 19.351822 
19.351822 19.351822 19.351822 19.351822 19.351822 19.351822 19.351822 19.351822 19.351822 19.351822 
19.351822 19.351822 19.351822 19.351822 19.351822 19.351822 19.351822 19.351822 19.351822 19.351822 
19.351822 19.351822 19.351822 19.351822 19.351822 19.351822 19.351822 19.351822 19.351822 19.351822 
19.351822 19.351822 19.351822 19.351822 19.351822 19.351822 19.351822 19.351822 19.351822 19.351822 
19.351822 19.351822 19.351822 19.351822 19.351822 19.351822 19.351822 19.351822 19.351822 19.351822 
19.351822 19.351822 19.351822 19.351822 19.351822 19.351822 19.351822 19.351822 19.351822 19.351822 
19.351822 19.351822 19.351822 19.351822 19.351822 19.351822 19.351822 19.351822 19.351822 19.351822 
19.351822 19.351822 19.351822 19.351822 19.351822 19.351822 19.351822 19.351822 19.351822 19.351822 
19.351822 19.351822 19.351822 19.351822 19.351822 19.351822 19.351822 19.351822 19.351822 19.351822 
Channel 12:
23.714245 23.714245 23.714245 23.714245 23.714245 23.714245 23.714245 23.714245 23.714245 23.714245 
23.714245 23.714245 23.714245 23.714245 23.714245 23.714245 23.714245 23.714245 23.714245 23.714245 
23.714245 23.714245 23.714245 23.714245 23.714245 23.714245 23.714245 23.714245 23.714245 23.714245 
23.714245 23.714245 23.714245 23.714245 23.714245 23.714245 23.714245 23.714245 23.714245 23.714245 
23.714245 23.714245 23.714245 23.714245 23.714245 23.714245 23.714245 23.714245 23.714245 23.714245 
23.714245 23.714245 23.714245 23.714245 23.714245 23.714245 23.714245 23.714245 23.714245 23.714245 
23.714245 23.714245 23.714245 23.714245 23.714245 23.714245 23.714245 23.714245 23.714245 23.714245 
23.714245 23.714245 23.714245 23.714245 23.714245 23.714245 23.714245 23.714245 23.714245 23.714245 
23.714245 23.714245 23.714245 23.714245 23.714245 23.714245 23.714245 23.714245 23.714245 23.714245 
23.714245 23.714245 23.714245 23.714245 23.714245 23.714245 23.714245 23.714245 23.714245 23.714245 
Channel 13:
28.510529 28.510529 28.510529 28.510529 28.510529 28.510529 28.510529 28.510529 28.510529 28.510529 
28.510529 28.510529 28.510529 28.510529 28.510529 28.510529 28.510529 28.510529 28.510529 28.510529 
28.510529 28.510529 28.510529 28.510529 28.510529 28.510529 28.510529 28.510529 28.510529 28.510529 
28.510529 28.510529 28.510529 28.510529 28.510529 28.510529 28.510529 28.510529 28.510529 28.510529 
28.510529 28.510529 28.510529 28.510529 28.510529 28.510529 28.510529 28.510529 28.510529 28.510529 
28.510529 28.510529 28.510529 28.510529 28.510529 28.510529 28.510529 28.510529 28.510529 28.510529 
28.510529 28.510529 28.510529 28.510529 28.510529 28.510529 28.510529 28.510529 28.510529 28.510529 
28.510529 28.510529 28.510529 28.510529 28.510529 28.510529 28.510529 28.510529 28.510529 28.510529 
28.510529 28.510529 28.510529 28.510529 28.510529 28.510529 28.510529 28.510529 28.510529 28.510529 
28.510529 28.510529 28.510529 28.510529 28.510529 28.510529 28.510529 28.510529 28.510529 28.510529 
Channel 14:
33.740673 33.740673 33.740673 33.740673 33.740673 33.740673 33.740673 33.740673 33.740673 33.740673 
33.740673 33.740673 33.740673 33.740673 33.740673 33.740673 33.740673 33.740673 33.740673 33.740673 
33.740673 33.740673 33.740673 33.740673 33.740673 33.740673 33.740673 33.740673 33.740673 33.740673 
33.740673 33.740673 33.740673 33.740673 33.740673 33.740673 33.740673 33.740673 33.740673 33.740673 
33.740673 33.740673 33.740673 33.740673 33.740673 33.740673 33.740673 33.740673 33.740673 33.740673 
33.740673 33.740673 33.740673 33.740673 33.740673 33.740673 33.740673 33.740673 33.740673 33.740673 
33.740673 33.740673 33.740673 33.740673 33.740673 33.740673 33.740673 33.740673 33.740673 33.740673 
33.740673 33.740673 33.740673 33.740673 33.740673 33.740673 33.740673 33.740673 33.740673 33.740673 
33.740673 33.740673 33.740673 33.740673 33.740673 33.740673 33.740673 33.740673 33.740673 33.740673 
33.740673 33.740673 33.740673 33.740673 33.740673 33.740673 33.740673 33.740673 33.740673 33.740673 
Channel 15:
39.404678 39.404678 39.404678 39.404678 39.404678 39.404678 39.404678 39.404678 39.404678 39.404678 
39.404678 39.404678 39.404678 39.404678 39.404678 39.404678 39.404678 39.404678 39.404678 39.404678 
39.404678 39.404678 39.404678 39.404678 39.404678 39.404678 39.404678 39.404678 39.404678 39.404678 
39.404678 39.404678 39.404678 39.404678 39.404678 39.404678 39.404678 39.404678 39.404678 39.404678 
39.404678 39.404678 39.404678 39.404678 39.404678 39.404678 39.404678 39.404678 39.404678 39.404678 
39.404678 39.404678 39.404678 39.404678 39.404678 39.404678 39.404678 39.404678 39.404678 39.404678 
39.404678 39.404678 39.404678 39.404678 39.404678 39.404678 39.404678 39.404678 39.404678 39.404678 
39.404678 39.404678 39.404678 39.404678 39.404678 39.404678 39.404678 39.404678 39.404678 39.404678 
39.404678 39.404678 39.404678 39.404678 39.404678 39.404678 39.404678 39.404678 39.404678 39.404678 
39.404678 39.404678 39.404678 39.404678 39.404678 39.404678 39.404678 39.404678 39.404678 39.404678 
INFO: [SIM 1] CSim done with 0 errors.
INFO: [SIM 3] *************** CSIM finish ***************
