

================================================================
== Vivado HLS Report for 'Softmax3D'
================================================================
* Date:           Fri Oct 25 15:45:25 2024

* Version:        2018.3 (Build 2405991 on Thu Dec 06 23:56:15 MST 2018)
* Project:        Softmax
* Solution:       solution1
* Product family: zynq
* Target device:  xc7z020clg400-2


================================================================
== Performance Estimates
================================================================
+ Timing (ns): 
    * Summary: 
    +--------+-------+----------+------------+
    |  Clock | Target| Estimated| Uncertainty|
    +--------+-------+----------+------------+
    |ap_clk  |  10.00|     8.750|        1.25|
    +--------+-------+----------+------------+

+ Latency (clock cycles): 
    * Summary: 
    +-----+------------------+-----+------------------+---------+
    |         Latency        |        Interval        | Pipeline|
    | min |        max       | min |        max       |   Type  |
    +-----+------------------+-----+------------------+---------+
    |    1|  7313540087988226|    1|  7313540087988226|   none  |
    +-----+------------------+-----+------------------+---------+

    + Detail: 
        * Instance: 
        N/A

        * Loop: 
        +-----------------+-----+------------------+---------------+-----------+-----------+--------------+----------+
        |                 |         Latency        |   Iteration   |  Initiation Interval  |     Trip     |          |
        |    Loop Name    | min |        max       |    Latency    |  achieved |   target  |     Count    | Pipelined|
        +-----------------+-----+------------------+---------------+-----------+-----------+--------------+----------+
        |- Loop 1         |    0|  7313540087988225| 9 ~ 436133889 |          -|          -| 0 ~ 16769025 |    no    |
        | + Loop 1.1      |    0|         436133880|  34 ~ 106504  |          -|          -|   0 ~ 4095   |    no    |
        |  ++ Loop 1.1.1  |    0|            106470|             26|          -|          -|   0 ~ 4095   |    no    |
        +-----------------+-----+------------------+---------------+-----------+-----------+--------------+----------+



================================================================
== Utilization Estimates
================================================================
* Summary: 
+-----------------+---------+-------+--------+-------+
|       Name      | BRAM_18K| DSP48E|   FF   |  LUT  |
+-----------------+---------+-------+--------+-------+
|DSP              |        -|      5|       -|      -|
|Expression       |        -|      -|       0|    311|
|FIFO             |        -|      -|       -|      -|
|Instance         |        2|      9|    1792|   3121|
|Memory           |        -|      -|       -|      -|
|Multiplexer      |        -|      -|       -|     68|
|Register         |        -|      -|     913|      -|
+-----------------+---------+-------+--------+-------+
|Total            |        2|     14|    2705|   3500|
+-----------------+---------+-------+--------+-------+
|Available        |      280|    220|  106400|  53200|
+-----------------+---------+-------+--------+-------+
|Utilization (%)  |    ~0   |      6|       2|      6|
+-----------------+---------+-------+--------+-------+

+ Detail: 
    * Instance: 
    +----------------------------+--------------------------+---------+-------+-----+-----+
    |          Instance          |          Module          | BRAM_18K| DSP48E|  FF | LUT |
    +----------------------------+--------------------------+---------+-------+-----+-----+
    |Softmax3D_AXILiteS_s_axi_U  |Softmax3D_AXILiteS_s_axi  |        0|      0|  166|  240|
    |Softmax3D_faddfsubkb_U1     |Softmax3D_faddfsubkb      |        0|      2|  227|  404|
    |Softmax3D_fdiv_32cud_U2     |Softmax3D_fdiv_32cud      |        0|      0|  563|  991|
    |Softmax3D_fexp_32dEe_U3     |Softmax3D_fexp_32dEe      |        0|      7|  324|  906|
    |Softmax3D_gmem_m_axi_U      |Softmax3D_gmem_m_axi      |        2|      0|  512|  580|
    +----------------------------+--------------------------+---------+-------+-----+-----+
    |Total                       |                          |        2|      9| 1792| 3121|
    +----------------------------+--------------------------+---------+-------+-----+-----+

    * DSP48: 
    +-------------------------+----------------------+--------------+
    |         Instance        |        Module        |  Expression  |
    +-------------------------+----------------------+--------------+
    |Softmax3D_mac_mulg8j_U7  |Softmax3D_mac_mulg8j  | i0 * i1 + i2 |
    |Softmax3D_mac_mulhbi_U8  |Softmax3D_mac_mulhbi  | i0 + i1 * i2 |
    |Softmax3D_mul_muleOg_U4  |Softmax3D_mul_muleOg  |    i0 * i1   |
    |Softmax3D_mul_muleOg_U5  |Softmax3D_mul_muleOg  |    i0 * i1   |
    |Softmax3D_mul_mulfYi_U6  |Softmax3D_mul_mulfYi  |    i0 * i1   |
    +-------------------------+----------------------+--------------+

    * Memory: 
    N/A

    * FIFO: 
    N/A

    * Expression: 
    +--------------------------------+----------+-------+---+----+------------+------------+
    |          Variable Name         | Operation| DSP48E| FF| LUT| Bitwidth P0| Bitwidth P1|
    +--------------------------------+----------+-------+---+----+------------+------------+
    |c7_fu_339_p2                    |     +    |      0|  0|  12|          12|           1|
    |h_fu_424_p2                     |     +    |      0|  0|  12|          12|           1|
    |in_data2_sum5_fu_457_p2         |     +    |      0|  0|  33|          33|          33|
    |in_data2_sum_fu_409_p2          |     +    |      0|  0|  37|          37|          37|
    |indvar_flatten_next_fu_320_p2   |     +    |      0|  0|  24|          24|           1|
    |k_fu_434_p2                     |     +    |      0|  0|  12|          12|           1|
    |next_mul_fu_440_p2              |     +    |      0|  0|  24|          24|          24|
    |out_data4_sum_fu_366_p2         |     +    |      0|  0|  37|          37|          37|
    |ret_V_2_fu_400_p2               |     +    |      0|  0|  36|          36|          36|
    |tmp_fu_445_p2                   |     +    |      0|  0|  24|          24|          24|
    |w_fu_390_p2                     |     +    |      0|  0|  12|          12|           1|
    |exitcond1_fu_385_p2             |   icmp   |      0|  0|   5|          12|          12|
    |exitcond2_fu_326_p2             |   icmp   |      0|  0|   5|          12|          12|
    |exitcond_flatten_fu_315_p2      |   icmp   |      0|  0|   9|          24|          24|
    |exitcond_fu_429_p2              |   icmp   |      0|  0|   5|          12|          12|
    |i_op_assign_1_mid2_fu_331_p3    |  select  |      0|  0|  12|           1|           1|
    |ret_V_1_mid2_v_v_v_v_fu_345_p3  |  select  |      0|  0|  12|           1|          12|
    +--------------------------------+----------+-------+---+----+------------+------------+
    |Total                           |          |      0|  0| 311|         325|         269|
    +--------------------------------+----------+-------+---+----+------------+------------+

    * Multiplexer: 
    +-----------------------------+----+-----------+-----+-----------+
    |             Name            | LUT| Input Size| Bits| Total Bits|
    +-----------------------------+----+-----------+-----+-----------+
    |ap_NS_fsm                    |  11|         69|    1|         69|
    |ap_sig_ioackin_gmem_ARREADY  |   3|          2|    1|          2|
    |ap_sig_ioackin_gmem_AWREADY  |   3|          2|    1|          2|
    |ap_sig_ioackin_gmem_WREADY   |   3|          2|    1|          2|
    |gmem_ARADDR                  |   3|          3|   32|         96|
    |gmem_blk_n_AR                |   3|          2|    1|          2|
    |gmem_blk_n_AW                |   3|          2|    1|          2|
    |gmem_blk_n_B                 |   3|          2|    1|          2|
    |gmem_blk_n_R                 |   3|          2|    1|          2|
    |gmem_blk_n_W                 |   3|          2|    1|          2|
    |grp_fu_237_opcode            |   3|          3|    2|          6|
    |grp_fu_237_p0                |   3|          4|   32|        128|
    |grp_fu_237_p1                |   3|          3|   32|         96|
    |i_op_assign_1_reg_181        |   3|          2|   12|         24|
    |i_op_assign_2_reg_192        |   3|          2|   12|         24|
    |i_op_assign_3_reg_215        |   3|          2|   12|         24|
    |i_op_assign_reg_170          |   3|          2|   12|         24|
    |indvar_flatten_reg_159       |   3|          2|   24|         48|
    |phi_mul_reg_226              |   3|          2|   24|         48|
    |sum_exp_reg_203              |   3|          2|   32|         64|
    +-----------------------------+----+-----------+-----+-----------+
    |Total                        |  68|        112|  235|        667|
    +-----------------------------+----+-----------+-----+-----------+

    * Register: 
    +-------------------------------+----+----+-----+-----------+
    |              Name             | FF | LUT| Bits| Const Bits|
    +-------------------------------+----+----+-----+-----------+
    |ap_CS_fsm                      |  68|   0|   68|          0|
    |ap_reg_ioackin_gmem_ARREADY    |   1|   0|    1|          0|
    |ap_reg_ioackin_gmem_AWREADY    |   1|   0|    1|          0|
    |ap_reg_ioackin_gmem_WREADY     |   1|   0|    1|          0|
    |bound_reg_553                  |  24|   0|   24|          0|
    |channel_V_read_reg_511         |  12|   0|   12|          0|
    |gmem_addr_1_reg_616            |  32|   0|   32|          0|
    |gmem_addr_2_read_reg_657       |  32|   0|   32|          0|
    |gmem_addr_2_reg_651            |  32|   0|   32|          0|
    |gmem_addr_reg_597              |  32|   0|   32|          0|
    |h_reg_622                      |  12|   0|   12|          0|
    |height_V_read_reg_506          |  12|   0|   12|          0|
    |i_op_assign_1_cast4_s_reg_587  |  12|   0|   24|         12|
    |i_op_assign_1_mid2_reg_566     |  12|   0|   12|          0|
    |i_op_assign_1_reg_181          |  12|   0|   12|          0|
    |i_op_assign_2_cast2_reg_603    |  12|   0|   32|         20|
    |i_op_assign_2_reg_192          |  12|   0|   12|          0|
    |i_op_assign_3_reg_215          |  12|   0|   12|          0|
    |i_op_assign_reg_170            |  12|   0|   12|          0|
    |idx_reg_646                    |  32|   0|   32|          0|
    |indvar_flatten_next_reg_561    |  24|   0|   24|          0|
    |indvar_flatten_reg_159         |  24|   0|   24|          0|
    |k_reg_636                      |  12|   0|   12|          0|
    |max_val_reg_627                |  32|   0|   32|          0|
    |next_mul_reg_641               |  24|   0|   24|          0|
    |phi_mul_reg_226                |  24|   0|   24|          0|
    |reg_252                        |  32|   0|   32|          0|
    |reg_257                        |  32|   0|   32|          0|
    |ret_V_1_mid2_reg_582           |  36|   0|   36|          0|
    |ret_V_1_mid2_v_v_reg_577       |  24|   0|   24|          0|
    |ret_V_1_mid2_v_v_v_v_reg_572   |  12|   0|   12|          0|
    |ret_V_1_reg_592                |  36|   0|   36|          0|
    |rhs_V_1_cast_reg_543           |  12|   0|   36|         24|
    |rhs_V_2_cast_reg_548           |  12|   0|   24|         12|
    |sum_exp_reg_203                |  32|   0|   32|          0|
    |tmp_1_cast_reg_516             |  30|   0|   37|          7|
    |tmp_2_reg_531                  |  12|   0|   32|         20|
    |tmp_3_cast1_reg_521            |  30|   0|   33|          3|
    |tmp_3_cast6_reg_537            |  12|   0|   24|         12|
    |tmp_3_cast_reg_526             |  30|   0|   37|          7|
    |tmp_7_reg_667                  |  32|   0|   32|          0|
    |w_reg_611                      |  12|   0|   12|          0|
    |width_V_read_reg_501           |  12|   0|   12|          0|
    +-------------------------------+----+----+-----+-----------+
    |Total                          | 913|   0| 1030|        117|
    +-------------------------------+----+----+-----+-----------+



================================================================
== Interface
================================================================
* Summary: 
+------------------------+-----+-----+------------+--------------+--------------+
|        RTL Ports       | Dir | Bits|  Protocol  | Source Object|    C Type    |
+------------------------+-----+-----+------------+--------------+--------------+
|s_axi_AXILiteS_AWVALID  |  in |    1|    s_axi   |   AXILiteS   |    scalar    |
|s_axi_AXILiteS_AWREADY  | out |    1|    s_axi   |   AXILiteS   |    scalar    |
|s_axi_AXILiteS_AWADDR   |  in |    6|    s_axi   |   AXILiteS   |    scalar    |
|s_axi_AXILiteS_WVALID   |  in |    1|    s_axi   |   AXILiteS   |    scalar    |
|s_axi_AXILiteS_WREADY   | out |    1|    s_axi   |   AXILiteS   |    scalar    |
|s_axi_AXILiteS_WDATA    |  in |   32|    s_axi   |   AXILiteS   |    scalar    |
|s_axi_AXILiteS_WSTRB    |  in |    4|    s_axi   |   AXILiteS   |    scalar    |
|s_axi_AXILiteS_ARVALID  |  in |    1|    s_axi   |   AXILiteS   |    scalar    |
|s_axi_AXILiteS_ARREADY  | out |    1|    s_axi   |   AXILiteS   |    scalar    |
|s_axi_AXILiteS_ARADDR   |  in |    6|    s_axi   |   AXILiteS   |    scalar    |
|s_axi_AXILiteS_RVALID   | out |    1|    s_axi   |   AXILiteS   |    scalar    |
|s_axi_AXILiteS_RREADY   |  in |    1|    s_axi   |   AXILiteS   |    scalar    |
|s_axi_AXILiteS_RDATA    | out |   32|    s_axi   |   AXILiteS   |    scalar    |
|s_axi_AXILiteS_RRESP    | out |    2|    s_axi   |   AXILiteS   |    scalar    |
|s_axi_AXILiteS_BVALID   | out |    1|    s_axi   |   AXILiteS   |    scalar    |
|s_axi_AXILiteS_BREADY   |  in |    1|    s_axi   |   AXILiteS   |    scalar    |
|s_axi_AXILiteS_BRESP    | out |    2|    s_axi   |   AXILiteS   |    scalar    |
|ap_clk                  |  in |    1| ap_ctrl_hs |   Softmax3D  | return value |
|ap_rst_n                |  in |    1| ap_ctrl_hs |   Softmax3D  | return value |
|interrupt               | out |    1| ap_ctrl_hs |   Softmax3D  | return value |
|m_axi_gmem_AWVALID      | out |    1|    m_axi   |     gmem     |    pointer   |
|m_axi_gmem_AWREADY      |  in |    1|    m_axi   |     gmem     |    pointer   |
|m_axi_gmem_AWADDR       | out |   32|    m_axi   |     gmem     |    pointer   |
|m_axi_gmem_AWID         | out |    1|    m_axi   |     gmem     |    pointer   |
|m_axi_gmem_AWLEN        | out |    8|    m_axi   |     gmem     |    pointer   |
|m_axi_gmem_AWSIZE       | out |    3|    m_axi   |     gmem     |    pointer   |
|m_axi_gmem_AWBURST      | out |    2|    m_axi   |     gmem     |    pointer   |
|m_axi_gmem_AWLOCK       | out |    2|    m_axi   |     gmem     |    pointer   |
|m_axi_gmem_AWCACHE      | out |    4|    m_axi   |     gmem     |    pointer   |
|m_axi_gmem_AWPROT       | out |    3|    m_axi   |     gmem     |    pointer   |
|m_axi_gmem_AWQOS        | out |    4|    m_axi   |     gmem     |    pointer   |
|m_axi_gmem_AWREGION     | out |    4|    m_axi   |     gmem     |    pointer   |
|m_axi_gmem_AWUSER       | out |    1|    m_axi   |     gmem     |    pointer   |
|m_axi_gmem_WVALID       | out |    1|    m_axi   |     gmem     |    pointer   |
|m_axi_gmem_WREADY       |  in |    1|    m_axi   |     gmem     |    pointer   |
|m_axi_gmem_WDATA        | out |   32|    m_axi   |     gmem     |    pointer   |
|m_axi_gmem_WSTRB        | out |    4|    m_axi   |     gmem     |    pointer   |
|m_axi_gmem_WLAST        | out |    1|    m_axi   |     gmem     |    pointer   |
|m_axi_gmem_WID          | out |    1|    m_axi   |     gmem     |    pointer   |
|m_axi_gmem_WUSER        | out |    1|    m_axi   |     gmem     |    pointer   |
|m_axi_gmem_ARVALID      | out |    1|    m_axi   |     gmem     |    pointer   |
|m_axi_gmem_ARREADY      |  in |    1|    m_axi   |     gmem     |    pointer   |
|m_axi_gmem_ARADDR       | out |   32|    m_axi   |     gmem     |    pointer   |
|m_axi_gmem_ARID         | out |    1|    m_axi   |     gmem     |    pointer   |
|m_axi_gmem_ARLEN        | out |    8|    m_axi   |     gmem     |    pointer   |
|m_axi_gmem_ARSIZE       | out |    3|    m_axi   |     gmem     |    pointer   |
|m_axi_gmem_ARBURST      | out |    2|    m_axi   |     gmem     |    pointer   |
|m_axi_gmem_ARLOCK       | out |    2|    m_axi   |     gmem     |    pointer   |
|m_axi_gmem_ARCACHE      | out |    4|    m_axi   |     gmem     |    pointer   |
|m_axi_gmem_ARPROT       | out |    3|    m_axi   |     gmem     |    pointer   |
|m_axi_gmem_ARQOS        | out |    4|    m_axi   |     gmem     |    pointer   |
|m_axi_gmem_ARREGION     | out |    4|    m_axi   |     gmem     |    pointer   |
|m_axi_gmem_ARUSER       | out |    1|    m_axi   |     gmem     |    pointer   |
|m_axi_gmem_RVALID       |  in |    1|    m_axi   |     gmem     |    pointer   |
|m_axi_gmem_RREADY       | out |    1|    m_axi   |     gmem     |    pointer   |
|m_axi_gmem_RDATA        |  in |   32|    m_axi   |     gmem     |    pointer   |
|m_axi_gmem_RLAST        |  in |    1|    m_axi   |     gmem     |    pointer   |
|m_axi_gmem_RID          |  in |    1|    m_axi   |     gmem     |    pointer   |
|m_axi_gmem_RUSER        |  in |    1|    m_axi   |     gmem     |    pointer   |
|m_axi_gmem_RRESP        |  in |    2|    m_axi   |     gmem     |    pointer   |
|m_axi_gmem_BVALID       |  in |    1|    m_axi   |     gmem     |    pointer   |
|m_axi_gmem_BREADY       | out |    1|    m_axi   |     gmem     |    pointer   |
|m_axi_gmem_BRESP        |  in |    2|    m_axi   |     gmem     |    pointer   |
|m_axi_gmem_BID          |  in |    1|    m_axi   |     gmem     |    pointer   |
|m_axi_gmem_BUSER        |  in |    1|    m_axi   |     gmem     |    pointer   |
+------------------------+-----+-----+------------+--------------+--------------+

