

================================================================
== Vivado HLS Report for 'sqrt_fixed_17_9_s'
================================================================
* Date:           Thu Oct 17 14:25:55 2024

* Version:        2018.3 (Build 2405991 on Thu Dec 06 23:56:15 MST 2018)
* Project:        LayerNorm
* Solution:       solution1
* Product family: zynq
* Target device:  xc7z020clg400-2


================================================================
== Performance Estimates
================================================================
+ Timing (ns): 
    * Summary: 
    +--------+-------+----------+------------+
    |  Clock | Target| Estimated| Uncertainty|
    +--------+-------+----------+------------+
    |ap_clk  |  10.00|     8.508|        1.25|
    +--------+-------+----------+------------+

+ Latency (clock cycles): 
    * Summary: 
    +-----+-----+-----+-----+----------+
    |  Latency  |  Interval | Pipeline |
    | min | max | min | max |   Type   |
    +-----+-----+-----+-----+----------+
    |    6|    6|    1|    1| function |
    +-----+-----+-----+-----+----------+

    + Detail: 
        * Instance: 
        N/A

        * Loop: 
        N/A



================================================================
== Utilization Estimates
================================================================
* Summary: 
+-----------------+---------+-------+--------+-------+
|       Name      | BRAM_18K| DSP48E|   FF   |  LUT  |
+-----------------+---------+-------+--------+-------+
|DSP              |        -|      -|       -|      -|
|Expression       |        -|      -|       0|   1125|
|FIFO             |        -|      -|       -|      -|
|Instance         |        -|      -|       -|      -|
|Memory           |        -|      -|       -|      -|
|Multiplexer      |        -|      -|       -|      -|
|Register         |        0|      -|     366|     64|
+-----------------+---------+-------+--------+-------+
|Total            |        0|      0|     366|   1189|
+-----------------+---------+-------+--------+-------+
|Available        |      280|    220|  106400|  53200|
+-----------------+---------+-------+--------+-------+
|Utilization (%)  |        0|      0|   ~0   |      2|
+-----------------+---------+-------+--------+-------+

+ Detail: 
    * Instance: 
    N/A

    * DSP48: 
    N/A

    * Memory: 
    N/A

    * FIFO: 
    N/A

    * Expression: 
    +-------------------------+----------+-------+---+----+------------+------------+
    |      Variable Name      | Operation| DSP48E| FF| LUT| Bitwidth P0| Bitwidth P1|
    +-------------------------+----------+-------+---+----+------------+------------+
    |res_FH_V_fu_1988_p2      |     +    |      0|  0|   9|           9|           1|
    |res_FH_l_V_fu_1982_p2    |     +    |      0|  0|  10|          10|           1|
    |res_I_V_fu_2002_p2       |     +    |      0|  0|   7|           5|           1|
    |x_l_FH_V_2_4_fu_1209_p2  |     +    |      0|  0|   9|           9|           9|
    |x_l_FH_V_2_5_fu_1424_p2  |     +    |      0|  0|   9|           9|           9|
    |x_l_FH_V_2_6_fu_1595_p2  |     +    |      0|  0|   9|           9|           9|
    |x_l_FH_V_2_7_fu_1792_p2  |     +    |      0|  0|   9|           9|           9|
    |x_l_FH_V_2_fu_614_p2     |     +    |      0|  0|   9|           9|           9|
    |x_l_I_V_2_1_fu_752_p2    |     +    |      0|  0|  12|          12|           2|
    |x_l_I_V_2_2_fu_925_p2    |     +    |      0|  0|  12|          12|           2|
    |x_l_I_V_2_3_fu_1060_p2   |     +    |      0|  0|  12|          12|           2|
    |x_l_I_V_2_4_fu_1214_p2   |     +    |      0|  0|  12|          12|           2|
    |x_l_I_V_2_5_fu_1429_p2   |     +    |      0|  0|  12|          12|           2|
    |x_l_I_V_2_6_fu_1601_p2   |     +    |      0|  0|  12|          12|           2|
    |x_l_I_V_2_7_fu_1797_p2   |     +    |      0|  0|  12|          12|           2|
    |x_l_I_V_2_fu_620_p2      |     +    |      0|  0|  12|          12|           2|
    |loc_V_1_fu_276_p2        |     -    |      0|  0|   6|           4|           4|
    |loc_V_2_fu_358_p2        |     -    |      0|  0|   7|           5|           5|
    |loc_V_3_fu_440_p2        |     -    |      0|  0|   6|           6|           6|
    |loc_V_4_fu_506_p2        |     -    |      0|  0|   7|           7|           7|
    |tmp_26_5_fu_1419_p2      |     -    |      0|  0|   9|           9|           9|
    |tmp_26_6_fu_1589_p2      |     -    |      0|  0|   9|           9|           9|
    |tmp_26_7_fu_1786_p2      |     -    |      0|  0|   9|           9|           9|
    |x_l_FH_V_2_1_fu_746_p2   |     -    |      0|  0|   9|           9|           9|
    |x_l_FH_V_2_2_fu_920_p2   |     -    |      0|  0|   9|           9|           9|
    |x_l_FH_V_2_3_fu_1054_p2  |     -    |      0|  0|   9|           9|           9|
    |x_l_FL_V_5_fu_1361_p2    |     -    |      0|  0|   9|           9|           9|
    |x_l_FL_V_6_fu_1552_p2    |     -    |      0|  0|   9|           9|           9|
    |x_l_FL_V_7_fu_1751_p2    |     -    |      0|  0|   9|           9|           9|
    |x_l_I_V_6_1_fu_766_p2    |     -    |      0|  0|  12|          12|          12|
    |x_l_I_V_6_2_fu_937_p2    |     -    |      0|  0|  12|          12|          12|
    |x_l_I_V_6_3_fu_1074_p2   |     -    |      0|  0|  12|          12|          12|
    |x_l_I_V_6_4_fu_1226_p2   |     -    |      0|  0|  12|          12|          12|
    |x_l_I_V_6_fu_633_p2      |     -    |      0|  0|  12|          12|          12|
    |or_cond2_5_fu_1401_p2    |    and   |      0|  0|   1|           1|           1|
    |or_cond2_6_fu_1569_p2    |    and   |      0|  0|   1|           1|           1|
    |or_cond2_7_fu_1766_p2    |    and   |      0|  0|   1|           1|           1|
    |or_cond_4_fu_1186_p2     |    and   |      0|  0|   1|           1|           1|
    |or_cond_5_fu_1331_p2     |    and   |      0|  0|   1|           1|           1|
    |or_cond_6_fu_1523_p2     |    and   |      0|  0|   1|           1|           1|
    |or_cond_7_fu_1723_p2     |    and   |      0|  0|   1|           1|           1|
    |or_cond_8_fu_1932_p2     |    and   |      0|  0|   1|           1|           1|
    |tmp13_fu_639_p2          |    and   |      0|  0|   1|           1|           1|
    |tmp14_fu_784_p2          |    and   |      0|  0|   1|           1|           1|
    |tmp15_fu_964_p2          |    and   |      0|  0|   1|           1|           1|
    |tmp16_fu_1092_p2         |    and   |      0|  0|   1|           1|           1|
    |icmp1_fu_538_p2          |   icmp   |      0|  0|   1|           2|           1|
    |icmp_fu_522_p2           |   icmp   |      0|  0|   1|           2|           1|
    |notrhs_5_fu_1337_p2      |   icmp   |      0|  0|   5|           9|           9|
    |notrhs_6_fu_1529_p2      |   icmp   |      0|  0|   5|           9|           9|
    |notrhs_7_fu_1729_p2      |   icmp   |      0|  0|   5|           9|           9|
    |notrhs_8_fu_1913_p2      |   icmp   |      0|  0|   5|           9|           9|
    |tmp_10_fu_608_p2         |   icmp   |      0|  0|   6|          13|          13|
    |tmp_14_1_fu_728_p2       |   icmp   |      0|  0|   5|          12|          12|
    |tmp_14_2_fu_904_p2       |   icmp   |      0|  0|   5|          12|          12|
    |tmp_14_3_fu_1036_p2      |   icmp   |      0|  0|   5|          12|          12|
    |tmp_14_4_fu_1170_p2      |   icmp   |      0|  0|   5|          12|          12|
    |tmp_14_5_fu_1313_p2      |   icmp   |      0|  0|   5|          12|           1|
    |tmp_14_6_fu_1505_p2      |   icmp   |      0|  0|   5|          12|           1|
    |tmp_14_7_fu_1708_p2      |   icmp   |      0|  0|   5|          12|           1|
    |tmp_14_8_fu_1895_p2      |   icmp   |      0|  0|   5|          12|           1|
    |tmp_17_1_fu_734_p2       |   icmp   |      0|  0|   6|          13|          13|
    |tmp_17_2_fu_909_p2       |   icmp   |      0|  0|   6|          13|          13|
    |tmp_17_3_fu_1042_p2      |   icmp   |      0|  0|   6|          13|          13|
    |tmp_17_4_fu_1175_p2      |   icmp   |      0|  0|   6|          13|          13|
    |tmp_17_5_fu_1319_p2      |   icmp   |      0|  0|   5|          12|           1|
    |tmp_17_6_fu_1511_p2      |   icmp   |      0|  0|   5|          12|           1|
    |tmp_17_7_fu_1713_p2      |   icmp   |      0|  0|   5|          12|           1|
    |tmp_17_8_fu_1901_p2      |   icmp   |      0|  0|   5|          12|           1|
    |tmp_18_4_fu_1181_p2      |   icmp   |      0|  0|   5|           9|           9|
    |tmp_18_5_fu_1325_p2      |   icmp   |      0|  0|   5|           9|           9|
    |tmp_18_6_fu_1517_p2      |   icmp   |      0|  0|   5|           9|           9|
    |tmp_18_7_fu_1718_p2      |   icmp   |      0|  0|   5|           9|           9|
    |tmp_18_8_fu_1907_p2      |   icmp   |      0|  0|   5|           9|           9|
    |tmp_19_5_fu_1343_p2      |   icmp   |      0|  0|   5|           9|           9|
    |tmp_19_6_fu_1535_p2      |   icmp   |      0|  0|   5|           9|           9|
    |tmp_19_7_fu_1734_p2      |   icmp   |      0|  0|   5|           9|           9|
    |tmp_19_8_fu_1919_p2      |   icmp   |      0|  0|   5|           9|           9|
    |tmp_22_1_fu_740_p2       |   icmp   |      0|  0|   5|           9|           9|
    |tmp_22_2_fu_915_p2       |   icmp   |      0|  0|   5|           9|           9|
    |tmp_22_3_fu_1048_p2      |   icmp   |      0|  0|   5|           9|           9|
    |tmp_22_5_fu_1393_p2      |   icmp   |      0|  0|   5|           9|           9|
    |tmp_22_6_fu_1557_p2      |   icmp   |      0|  0|   5|           9|           9|
    |tmp_22_7_fu_1756_p2      |   icmp   |      0|  0|   5|           9|           9|
    |tmp_23_5_fu_1397_p2      |   icmp   |      0|  0|   5|           9|           9|
    |tmp_23_6_fu_1563_p2      |   icmp   |      0|  0|   5|           9|           9|
    |tmp_23_7_fu_1761_p2      |   icmp   |      0|  0|   5|           9|           9|
    |tmp_3_fu_602_p2          |   icmp   |      0|  0|   5|          12|          12|
    |tmp_9_1_fu_270_p2        |   icmp   |      0|  0|   2|           4|           4|
    |tmp_9_2_fu_352_p2        |   icmp   |      0|  0|   2|           5|           5|
    |tmp_9_3_fu_434_p2        |   icmp   |      0|  0|   3|           6|           6|
    |tmp_9_4_fu_500_p2        |   icmp   |      0|  0|   3|           7|           7|
    |ult1_fu_953_p2           |   icmp   |      0|  0|   5|           9|           9|
    |ult2_fu_1080_p2          |   icmp   |      0|  0|   5|           9|           9|
    |ult3_fu_1192_p2          |   icmp   |      0|  0|   5|           9|           9|
    |ult_fu_772_p2            |   icmp   |      0|  0|   5|           9|           9|
    |or_cond1_5_fu_1355_p2    |    or    |      0|  0|   1|           1|           1|
    |or_cond1_6_fu_1546_p2    |    or    |      0|  0|   1|           1|           1|
    |or_cond1_7_fu_1745_p2    |    or    |      0|  0|   1|           1|           1|
    |or_cond1_8_fu_1940_p2    |    or    |      0|  0|   1|           1|           1|
    |or_cond3_5_fu_1406_p2    |    or    |      0|  0|   1|           1|           1|
    |or_cond3_6_fu_1575_p2    |    or    |      0|  0|   1|           1|           1|
    |or_cond3_7_fu_1772_p2    |    or    |      0|  0|   1|           1|           1|
    |sel_tmp10_fu_1831_p2     |    or    |      0|  0|   1|           1|           1|
    |sel_tmp12_fu_1966_p2     |    or    |      0|  0|   1|           1|           1|
    |sel_tmp2_fu_644_p2       |    or    |      0|  0|   1|           1|           1|
    |sel_tmp3_fu_790_p2       |    or    |      0|  0|   1|           1|           1|
    |sel_tmp4_fu_1627_p2      |    or    |      0|  0|   1|           1|           1|
    |sel_tmp5_fu_970_p2       |    or    |      0|  0|   1|           1|           1|
    |sel_tmp7_fu_1098_p2      |    or    |      0|  0|   1|           1|           1|
    |sel_tmp8_fu_1242_p2      |    or    |      0|  0|   1|           1|           1|
    |sel_tmp_fu_1379_p2       |    or    |      0|  0|   1|           1|           1|
    |tmp17_fu_1349_p2         |    or    |      0|  0|   1|           1|           1|
    |tmp23_fu_1373_p2         |    or    |      0|  0|   1|           1|           1|
    |tmp24_fu_1540_p2         |    or    |      0|  0|   1|           1|           1|
    |tmp25_fu_1621_p2         |    or    |      0|  0|   1|           1|           1|
    |tmp26_fu_1739_p2         |    or    |      0|  0|   1|           1|           1|
    |tmp27_fu_1825_p2         |    or    |      0|  0|   1|           1|           1|
    |tmp28_fu_1936_p2         |    or    |      0|  0|   1|           1|           1|
    |tmp29_fu_1960_p2         |    or    |      0|  0|   1|           1|           1|
    |ap_return                |  select  |      0|  0|  13|           1|           1|
    |p_01150_2_4_fu_1256_p3   |  select  |      0|  0|  10|           1|          10|
    |p_01150_2_5_fu_1385_p3   |  select  |      0|  0|   9|           1|           9|
    |p_01150_2_6_fu_1633_p3   |  select  |      0|  0|   9|           1|           9|
    |p_01150_2_7_fu_1845_p3   |  select  |      0|  0|   9|           1|           9|
    |p_01163_2_1_fu_796_p3    |  select  |      0|  0|   9|           1|           9|
    |p_01163_2_2_fu_984_p3    |  select  |      0|  0|   9|           1|           9|
    |p_01163_2_3_fu_1104_p3   |  select  |      0|  0|   9|           1|           9|
    |p_01163_2_4_fu_1264_p3   |  select  |      0|  0|   9|           1|           9|
    |p_01163_2_5_fu_1456_p3   |  select  |      0|  0|   9|           1|           9|
    |p_01163_2_6_fu_1640_p3   |  select  |      0|  0|   9|           1|           9|
    |p_01163_2_7_fu_1852_p3   |  select  |      0|  0|   9|           1|           9|
    |p_01163_2_fu_658_p3      |  select  |      0|  0|   9|           1|           9|
    |p_01340_2_1_fu_861_p3    |  select  |      0|  0|   9|           1|           9|
    |p_01340_2_2_fu_976_p3    |  select  |      0|  0|   9|           1|           9|
    |p_01340_2_3_fu_1129_p3   |  select  |      0|  0|   9|           1|           9|
    |p_01340_2_4_fu_1248_p3   |  select  |      0|  0|   9|           1|           9|
    |p_01340_2_5_fu_1450_p3   |  select  |      0|  0|   9|           1|           9|
    |p_01340_2_6_fu_1665_p3   |  select  |      0|  0|   9|           1|           9|
    |p_01340_2_7_fu_1837_p3   |  select  |      0|  0|   9|           1|           9|
    |p_01340_2_8_fu_1971_p3   |  select  |      0|  0|   9|           1|           9|
    |p_01340_2_fu_650_p3      |  select  |      0|  0|  10|           1|          10|
    |p_0469_2_1_fu_312_p3     |  select  |      0|  0|  12|           1|          12|
    |p_0469_2_2_fu_394_p3     |  select  |      0|  0|  12|           1|          12|
    |p_0469_2_3_fu_476_p3     |  select  |      0|  0|  12|           1|          12|
    |p_0469_2_4_fu_576_p3     |  select  |      0|  0|  12|           1|          12|
    |p_0469_2_fu_230_p3       |  select  |      0|  0|  12|           1|          12|
    |p_0469_5_1_fu_804_p3     |  select  |      0|  0|  12|           1|          12|
    |p_0469_5_2_fu_991_p3     |  select  |      0|  0|  12|           1|          12|
    |p_0469_5_3_fu_1112_p3    |  select  |      0|  0|  12|           1|          12|
    |p_0469_5_4_fu_1271_p3    |  select  |      0|  0|  12|           1|          12|
    |p_0469_5_5_fu_1462_p3    |  select  |      0|  0|  12|           1|          12|
    |p_0469_5_6_fu_1648_p3    |  select  |      0|  0|  12|           1|          12|
    |p_0469_5_7_fu_1859_p3    |  select  |      0|  0|  12|           1|          12|
    |p_0469_5_fu_666_p3       |  select  |      0|  0|  12|           1|          12|
    |p_0523_1_1_fu_304_p3     |  select  |      0|  0|   5|           1|           5|
    |p_0523_1_2_fu_386_p3     |  select  |      0|  0|   5|           1|           5|
    |p_0523_1_3_fu_468_p3     |  select  |      0|  0|   5|           1|           5|
    |p_0523_1_4_fu_570_p3     |  select  |      0|  0|   5|           1|           5|
    |p_0523_1_fu_222_p3       |  select  |      0|  0|   6|           1|           6|
    |p_Val2_s_fu_2007_p3      |  select  |      0|  0|   5|           1|           5|
    |p_neg_5_fu_1412_p3       |  select  |      0|  0|   2|           1|           2|
    |p_neg_6_fu_1581_p3       |  select  |      0|  0|   2|           1|           2|
    |p_neg_7_fu_1778_p3       |  select  |      0|  0|   2|           1|           2|
    |x_l_I_V_5_1_fu_758_p3    |  select  |      0|  0|  12|           1|          12|
    |x_l_I_V_5_2_fu_930_p3    |  select  |      0|  0|  12|           1|          12|
    |x_l_I_V_5_3_fu_1066_p3   |  select  |      0|  0|  12|           1|          12|
    |x_l_I_V_5_4_fu_1219_p3   |  select  |      0|  0|  12|           1|          12|
    |x_l_I_V_5_5_fu_1434_p3   |  select  |      0|  0|  12|           1|          12|
    |x_l_I_V_5_6_fu_1607_p3   |  select  |      0|  0|  12|           1|          12|
    |x_l_I_V_5_7_fu_1802_p3   |  select  |      0|  0|  12|           1|          12|
    |x_l_I_V_5_fu_626_p3      |  select  |      0|  0|  12|           1|          12|
    |rev1_fu_958_p2           |    xor   |      0|  0|   2|           1|           2|
    |rev2_fu_1086_p2          |    xor   |      0|  0|   2|           1|           2|
    |rev3_fu_1197_p2          |    xor   |      0|  0|   2|           1|           2|
    |rev_fu_778_p2            |    xor   |      0|  0|   2|           1|           2|
    |sel_tmp11_fu_1954_p2     |    xor   |      0|  0|   2|           1|           2|
    |sel_tmp1_fu_1615_p2      |    xor   |      0|  0|   2|           1|           2|
    |sel_tmp6_fu_1819_p2      |    xor   |      0|  0|   2|           1|           2|
    |sel_tmp9_fu_1367_p2      |    xor   |      0|  0|   2|           1|           2|
    |tmp_26_4_fu_1203_p2      |    xor   |      0|  0|   9|           9|           2|
    +-------------------------+----------+-------+---+----+------------+------------+
    |Total                    |          |      0|  0|1125|         914|        1153|
    +-------------------------+----------+-------+---+----+------------+------------+

    * Multiplexer: 
    N/A

    * Register: 
    +-------------------------------+----+----+-----+-----------+
    |              Name             | FF | LUT| Bits| Const Bits|
    +-------------------------------+----+----+-----+-----------+
    |icmp1_reg_2078                 |   1|   0|    1|          0|
    |icmp_reg_2073                  |   1|   0|    1|          0|
    |loc_V_4_reg_2068               |   7|   0|    7|          0|
    |mul_FH_V_5_reg_2200            |   9|   0|    9|          0|
    |notrhs_8_reg_2286              |   1|   0|    1|          0|
    |p_01150_2_5_reg_2220           |   3|   0|    9|          6|
    |p_01150_2_6_reg_2238           |   5|   0|    9|          4|
    |p_01163_2_1_reg_2104           |   8|   0|    9|          1|
    |p_01163_2_3_reg_2162           |   8|   0|    9|          1|
    |p_01163_2_4_reg_2185           |   9|   0|    9|          0|
    |p_01163_2_6_reg_2245           |   9|   0|    9|          0|
    |p_01340_2_2_reg_2151           |   9|   0|    9|          0|
    |p_01340_2_4_reg_2179           |   9|   0|    9|          0|
    |p_01340_2_5_reg_2227           |   9|   0|    9|          0|
    |p_01340_2_7_reg_2264           |   9|   0|    9|          0|
    |p_01340_2_reg_2093             |   1|   0|    9|          8|
    |p_0469_2_3_reg_2056            |  12|   0|   12|          0|
    |p_0469_5_1_reg_2112            |  12|   0|   12|          0|
    |p_0469_5_3_reg_2170            |  12|   0|   12|          0|
    |p_0469_5_4_reg_2193            |  12|   0|   12|          0|
    |p_0469_5_6_reg_2255            |  12|   0|   12|          0|
    |p_0523_1_3_reg_2050            |   5|   0|    5|          0|
    |p_0523_1_4_reg_2083            |   5|   0|    5|          0|
    |sel_tmp3_reg_2099              |   1|   0|    1|          0|
    |sel_tmp4_reg_2233              |   1|   0|    1|          0|
    |sel_tmp7_reg_2157              |   1|   0|    1|          0|
    |sel_tmp_reg_2213               |   1|   0|    1|          0|
    |tmp_14_8_reg_2270              |   1|   0|    1|          0|
    |tmp_17_8_reg_2276              |   1|   0|    1|          0|
    |tmp_17_reg_2121                |   3|   0|    3|          0|
    |tmp_18_8_reg_2281              |   1|   0|    1|          0|
    |tmp_19_5_reg_2207              |   1|   0|    1|          0|
    |tmp_19_8_reg_2291              |   1|   0|    1|          0|
    |tmp_24_reg_2131                |   2|   0|    2|          0|
    |tmp_25_reg_2126                |   2|   0|    2|          0|
    |tmp_27_reg_2136                |   3|   0|    3|          0|
    |tmp_32_reg_2141                |   1|   0|    1|          0|
    |tmp_32_reg_2141_pp0_iter2_reg  |   1|   0|    1|          0|
    |tmp_34_reg_2146                |   4|   0|    4|          0|
    |tmp_34_reg_2146_pp0_iter2_reg  |   4|   0|    4|          0|
    |tmp_9_4_reg_2062               |   1|   0|    1|          0|
    |tmp_reg_2045                   |   8|   0|    8|          0|
    |x_V_int_reg                    |  16|   0|   16|          0|
    |x_V_read_reg_2040              |  16|   0|   16|          0|
    |p_0523_1_4_reg_2083            |  64|  32|    5|          0|
    |x_V_read_reg_2040              |  64|  32|   16|          0|
    +-------------------------------+----+----+-----+-----------+
    |Total                          | 366|  64|  279|         20|
    +-------------------------------+----+----+-----+-----------+



================================================================
== Interface
================================================================
* Summary: 
+-----------+-----+-----+------------+-------------------+--------------+
| RTL Ports | Dir | Bits|  Protocol  |   Source Object   |    C Type    |
+-----------+-----+-----+------------+-------------------+--------------+
|ap_clk     |  in |    1| ap_ctrl_hs | sqrt_fixed<17, 9> | return value |
|ap_rst     |  in |    1| ap_ctrl_hs | sqrt_fixed<17, 9> | return value |
|ap_return  | out |   13| ap_ctrl_hs | sqrt_fixed<17, 9> | return value |
|x_V        |  in |   16|   ap_none  |        x_V        |    scalar    |
+-----------+-----+-----+------------+-------------------+--------------+

