==============================================================
File generated on Fri Oct 25 16:34:04 +0800 2024
Vivado(TM) HLS - High-Level Synthesis from C, C++ and SystemC v2018.3 (64-bit)
SW Build 2405991 on Thu Dec  6 23:38:27 MST 2018
IP Build 2404404 on Fri Dec  7 01:43:56 MST 2018
Copyright 1986-2018 Xilinx, Inc. All Rights Reserved.
==============================================================
INFO: [SYN 201-201] Setting up clock 'default' with a period of 10ns.
INFO: [HLS 200-10] Setting target device to 'xc7z020clg400-2'
INFO: [SYN 201-201] Setting up clock 'default' with a period of 10ns.
INFO: [SCHED 204-61] Option 'relax_ii_for_timing' is enabled, will increase II to preserve clock frequency constraints.
INFO: [HLS 200-10] Analyzing design file '../src/ReLU/ReLU.cpp' ... 
INFO: [HLS 200-111] Finished Linking Time (s): cpu = 00:00:00 ; elapsed = 00:00:10 . Memory (MB): peak = 103.195 ; gain = 17.750
INFO: [HLS 200-111] Finished Checking Pragmas Time (s): cpu = 00:00:00 ; elapsed = 00:00:10 . Memory (MB): peak = 103.195 ; gain = 17.750
INFO: [HLS 200-10] Starting code transformations ...
INFO: [XFORM 203-603] Inlining function 'std::max<float>' into 'ReLU' (../src/ReLU/ReLU.cpp:23).
INFO: [HLS 200-111] Finished Standard Transforms Time (s): cpu = 00:00:00 ; elapsed = 00:00:10 . Memory (MB): peak = 148.895 ; gain = 63.449
INFO: [HLS 200-10] Checking synthesizability ...
INFO: [HLS 200-111] Finished Checking Synthesizability Time (s): cpu = 00:00:01 ; elapsed = 00:00:11 . Memory (MB): peak = 183.172 ; gain = 97.727
INFO: [XFORM 203-502] Unrolling all sub-loops inside loop 'Loop-1' (../src/ReLU/ReLU.cpp:18) in function 'ReLU' for pipelining.
WARNING: [XFORM 203-503] Cannot unroll loop 'Loop-1.1' (../src/ReLU/ReLU.cpp:20) in function 'ReLU': cannot completely unroll a loop with a variable trip count.
WARNING: [XFORM 203-503] Cannot unroll loop 'Loop-1.1.1' (../src/ReLU/ReLU.cpp:21) in function 'ReLU': cannot completely unroll a loop with a variable trip count.
INFO: [HLS 200-111] Finished Pre-synthesis Time (s): cpu = 00:00:01 ; elapsed = 00:00:11 . Memory (MB): peak = 240.043 ; gain = 154.598
INFO: [XFORM 203-541] Flattening a loop nest 'Loop-1' (../src/ReLU/ReLU.cpp:18:18) in function 'ReLU'.
INFO: [HLS 200-444] Inferring multiple bus burst read of variable length on port 'gmem' (D:/software/Xilinx/Vivado/2018.3/win64/tools/clang/bin\..\lib\clang\3.1/../../../include/c++/4.5.2\bits/stl_algobase.h:214:7). These data requests might be further partitioned to multiple requests during RTL generation, based on max_read_burst_length or max_write_burst_length settings.
INFO: [HLS 200-444] Inferring multiple bus burst write of variable length on port 'gmem' (../src/ReLU/ReLU.cpp:23:35). These data requests might be further partitioned to multiple requests during RTL generation, based on max_read_burst_length or max_write_burst_length settings.
INFO: [HLS 200-111] Finished Architecture Synthesis Time (s): cpu = 00:00:01 ; elapsed = 00:00:11 . Memory (MB): peak = 251.543 ; gain = 166.098
INFO: [HLS 200-10] Starting hardware synthesis ...
INFO: [HLS 200-10] Synthesizing 'ReLU' ...
INFO: [HLS 200-10] ----------------------------------------------------------------
INFO: [HLS 200-42] -- Implementing module 'ReLU' 
INFO: [HLS 200-10] ----------------------------------------------------------------
INFO: [SCHED 204-11] Starting scheduling ...
WARNING: [SCHED 204-65] Unable to satisfy pipeline directive: Loop contains subloop(s) not being unrolled or flattened.
INFO: [SCHED 204-11] Finished scheduling.
INFO: [HLS 200-111]  Elapsed time: 11.346 seconds; current allocated memory: 194.732 MB.
INFO: [HLS 200-434] Only 0 loops out of a total 2 loops have been pipelined in this design.
INFO: [BIND 205-100] Starting micro-architecture generation ...
INFO: [BIND 205-101] Performing variable lifetime analysis.
INFO: [BIND 205-101] Exploring resource sharing.
INFO: [BIND 205-101] Binding ...
INFO: [BIND 205-100] Finished micro-architecture generation.
INFO: [HLS 200-111]  Elapsed time: 0.136 seconds; current allocated memory: 195.106 MB.
INFO: [HLS 200-10] ----------------------------------------------------------------
INFO: [HLS 200-10] -- Generating RTL for module 'ReLU' 
INFO: [HLS 200-10] ----------------------------------------------------------------
INFO: [RTGEN 206-500] Setting interface mode on port 'ReLU/gmem' to 'm_axi'.
INFO: [RTGEN 206-500] Setting interface mode on port 'ReLU/channel_V' to 's_axilite & ap_none'.
INFO: [RTGEN 206-500] Setting interface mode on port 'ReLU/height_V' to 's_axilite & ap_none'.
INFO: [RTGEN 206-500] Setting interface mode on port 'ReLU/width_V' to 's_axilite & ap_none'.
INFO: [RTGEN 206-500] Setting interface mode on port 'ReLU/in_data' to 's_axilite & ap_none'.
INFO: [RTGEN 206-500] Setting interface mode on port 'ReLU/out_data' to 's_axilite & ap_none'.
INFO: [RTGEN 206-500] Setting interface mode on function 'ReLU' to 's_axilite & ap_ctrl_hs'.
INFO: [RTGEN 206-100] Bundling port 'return', 'channel_V', 'height_V', 'width_V', 'in_data' and 'out_data' to AXI-Lite port AXILiteS.
INFO: [SYN 201-210] Renamed object name 'ReLU_fcmp_32ns_32ns_1_1_1' to 'ReLU_fcmp_32ns_32bkb' due to the length limit 20
INFO: [SYN 201-210] Renamed object name 'ReLU_mul_mul_12ns_12ns_24_1_1' to 'ReLU_mul_mul_12nscud' due to the length limit 20
INFO: [SYN 201-210] Renamed object name 'ReLU_mac_muladd_12ns_12ns_12ns_24_1_1' to 'ReLU_mac_muladd_1dEe' due to the length limit 20
INFO: [SYN 201-210] Renamed object name 'ReLU_mul_mul_12ns_24ns_32_1_1' to 'ReLU_mul_mul_12nseOg' due to the length limit 20
INFO: [RTGEN 206-100] Generating core module 'ReLU_fcmp_32ns_32bkb': 1 instance(s).
INFO: [RTGEN 206-100] Generating core module 'ReLU_mac_muladd_1dEe': 1 instance(s).
INFO: [RTGEN 206-100] Generating core module 'ReLU_mul_mul_12nscud': 1 instance(s).
INFO: [RTGEN 206-100] Generating core module 'ReLU_mul_mul_12nseOg': 1 instance(s).
INFO: [RTGEN 206-100] Finished creating RTL model for 'ReLU'.
INFO: [HLS 200-111]  Elapsed time: 0.372 seconds; current allocated memory: 196.028 MB.
INFO: [HLS 200-111] Finished generating all RTL models Time (s): cpu = 00:00:01 ; elapsed = 00:00:13 . Memory (MB): peak = 252.785 ; gain = 167.340
INFO: [SYSC 207-301] Generating SystemC RTL for ReLU.
INFO: [VHDL 208-304] Generating VHDL RTL for ReLU.
INFO: [VLOG 209-307] Generating Verilog RTL for ReLU.
INFO: [HLS 200-112] Total elapsed time: 13.184 seconds; peak allocated memory: 196.028 MB.
==============================================================
File generated on Fri Oct 25 16:34:51 +0800 2024
Vivado(TM) HLS - High-Level Synthesis from C, C++ and SystemC v2018.3 (64-bit)
SW Build 2405991 on Thu Dec  6 23:38:27 MST 2018
IP Build 2404404 on Fri Dec  7 01:43:56 MST 2018
Copyright 1986-2018 Xilinx, Inc. All Rights Reserved.
==============================================================
INFO: [SYN 201-201] Setting up clock 'default' with a period of 10ns.
INFO: [HLS 200-10] Setting target device to 'xc7z020clg400-2'
INFO: [SCHED 204-61] Option 'relax_ii_for_timing' is enabled, will increase II to preserve clock frequency constraints.
INFO: [HLS 200-10] Analyzing design file '../src/ReLU/ReLU.cpp' ... 
INFO: [HLS 200-111] Finished Linking Time (s): cpu = 00:00:00 ; elapsed = 00:00:09 . Memory (MB): peak = 103.141 ; gain = 17.613
INFO: [HLS 200-111] Finished Checking Pragmas Time (s): cpu = 00:00:00 ; elapsed = 00:00:09 . Memory (MB): peak = 103.141 ; gain = 17.613
INFO: [HLS 200-10] Starting code transformations ...
INFO: [XFORM 203-603] Inlining function 'std::max<float>' into 'ReLU' (../src/ReLU/ReLU.cpp:23).
INFO: [HLS 200-111] Finished Standard Transforms Time (s): cpu = 00:00:00 ; elapsed = 00:00:10 . Memory (MB): peak = 148.641 ; gain = 63.113
INFO: [HLS 200-10] Checking synthesizability ...
INFO: [HLS 200-111] Finished Checking Synthesizability Time (s): cpu = 00:00:00 ; elapsed = 00:00:10 . Memory (MB): peak = 181.820 ; gain = 96.293
WARNING: [XFORM 203-503] Cannot unroll loop 'Loop-1' (../src/ReLU/ReLU.cpp:18) in function 'ReLU': cannot completely unroll a loop with a variable trip count.
INFO: [HLS 200-111] Finished Pre-synthesis Time (s): cpu = 00:00:00 ; elapsed = 00:00:11 . Memory (MB): peak = 239.863 ; gain = 154.336
INFO: [HLS 200-444] Inferring multiple bus burst read of variable length on port 'gmem' (D:/software/Xilinx/Vivado/2018.3/win64/tools/clang/bin\..\lib\clang\3.1/../../../include/c++/4.5.2\bits/stl_algobase.h:214:7). These data requests might be further partitioned to multiple requests during RTL generation, based on max_read_burst_length or max_write_burst_length settings.
INFO: [HLS 200-444] Inferring multiple bus burst write of variable length on port 'gmem' (../src/ReLU/ReLU.cpp:23:35). These data requests might be further partitioned to multiple requests during RTL generation, based on max_read_burst_length or max_write_burst_length settings.
INFO: [HLS 200-111] Finished Architecture Synthesis Time (s): cpu = 00:00:00 ; elapsed = 00:00:11 . Memory (MB): peak = 250.863 ; gain = 165.336
INFO: [HLS 200-10] Starting hardware synthesis ...
INFO: [HLS 200-10] Synthesizing 'ReLU' ...
INFO: [HLS 200-10] ----------------------------------------------------------------
INFO: [HLS 200-42] -- Implementing module 'ReLU' 
INFO: [HLS 200-10] ----------------------------------------------------------------
INFO: [SCHED 204-11] Starting scheduling ...
INFO: [SCHED 204-11] Finished scheduling.
INFO: [HLS 200-111]  Elapsed time: 10.965 seconds; current allocated memory: 194.678 MB.
INFO: [HLS 200-434] Only 0 loops out of a total 3 loops have been pipelined in this design.
INFO: [BIND 205-100] Starting micro-architecture generation ...
INFO: [BIND 205-101] Performing variable lifetime analysis.
INFO: [BIND 205-101] Exploring resource sharing.
INFO: [BIND 205-101] Binding ...
INFO: [BIND 205-100] Finished micro-architecture generation.
INFO: [HLS 200-111]  Elapsed time: 0.118 seconds; current allocated memory: 194.995 MB.
INFO: [HLS 200-10] ----------------------------------------------------------------
INFO: [HLS 200-10] -- Generating RTL for module 'ReLU' 
INFO: [HLS 200-10] ----------------------------------------------------------------
INFO: [RTGEN 206-500] Setting interface mode on port 'ReLU/gmem' to 'm_axi'.
INFO: [RTGEN 206-500] Setting interface mode on port 'ReLU/channel_V' to 's_axilite & ap_none'.
INFO: [RTGEN 206-500] Setting interface mode on port 'ReLU/height_V' to 's_axilite & ap_none'.
INFO: [RTGEN 206-500] Setting interface mode on port 'ReLU/width_V' to 's_axilite & ap_none'.
INFO: [RTGEN 206-500] Setting interface mode on port 'ReLU/in_data' to 's_axilite & ap_none'.
INFO: [RTGEN 206-500] Setting interface mode on port 'ReLU/out_data' to 's_axilite & ap_none'.
INFO: [RTGEN 206-500] Setting interface mode on function 'ReLU' to 's_axilite & ap_ctrl_hs'.
INFO: [RTGEN 206-100] Bundling port 'return', 'channel_V', 'height_V', 'width_V', 'in_data' and 'out_data' to AXI-Lite port AXILiteS.
INFO: [SYN 201-210] Renamed object name 'ReLU_fcmp_32ns_32ns_1_1_1' to 'ReLU_fcmp_32ns_32bkb' due to the length limit 20
INFO: [SYN 201-210] Renamed object name 'ReLU_mul_mul_12ns_24ns_32_1_1' to 'ReLU_mul_mul_12nscud' due to the length limit 20
INFO: [RTGEN 206-100] Generating core module 'ReLU_fcmp_32ns_32bkb': 1 instance(s).
INFO: [RTGEN 206-100] Generating core module 'ReLU_mul_mul_12nscud': 1 instance(s).
INFO: [RTGEN 206-100] Finished creating RTL model for 'ReLU'.
INFO: [HLS 200-111]  Elapsed time: 0.278 seconds; current allocated memory: 195.871 MB.
INFO: [HLS 200-111] Finished generating all RTL models Time (s): cpu = 00:00:00 ; elapsed = 00:00:13 . Memory (MB): peak = 252.250 ; gain = 166.723
INFO: [SYSC 207-301] Generating SystemC RTL for ReLU.
INFO: [VHDL 208-304] Generating VHDL RTL for ReLU.
INFO: [VLOG 209-307] Generating Verilog RTL for ReLU.
INFO: [HLS 200-112] Total elapsed time: 12.692 seconds; peak allocated memory: 195.871 MB.
