INFO: [HLS 200-10] Running 'D:/Xilinx/Vivado/2018.3/bin/unwrapped/win64.o/vivado_hls.exe'
INFO: [HLS 200-10] For user 'cat' on host 'laptop-oq4u560s' (Windows NT_amd64 version 6.2) on Fri Oct 25 19:45:04 +0800 2024
INFO: [HLS 200-10] In directory 'D:/Common_Workbase/Darkness_PYNQ/HLS'
INFO: [HLS 200-10] Opening project 'D:/Common_Workbase/Darkness_PYNQ/HLS/Tanh'.
INFO: [HLS 200-10] Opening solution 'D:/Common_Workbase/Darkness_PYNQ/HLS/Tanh/solution1'.
INFO: [SYN 201-201] Setting up clock 'default' with a period of 10ns.
INFO: [HLS 200-10] Setting target device to 'xc7z020clg400-2'
INFO: [SIM 211-2] *************** CSIM start ***************
INFO: [SIM 211-4] CSIM will launch GCC as the compiler.
   Compiling ../../../../../src/Tanh/main.cpp in debug mode
   Generating csim.exe
In file included from D:/Xilinx/Vivado/2018.3/include/floating_point_v7_0_bitacc_cmodel.h:143:0,
                 from D:/Xilinx/Vivado/2018.3/include/hls_fpo.h:186,
                 from D:/Xilinx/Vivado/2018.3/include/hls_half.h:44,
                 from D:/Xilinx/Vivado/2018.3/include/etc/ap_private.h:90,
                 from D:/Xilinx/Vivado/2018.3/include/ap_common.h:641,
                 from D:/Xilinx/Vivado/2018.3/include/ap_int.h:54,
                 from ../../../../../src/Tanh/Tanh.h:4,
                 from ../../../../../src/Tanh/main.cpp:2:
D:/Xilinx/Vivado/2018.3/include/gmp.h:62:0: warning: "__GMP_LIBGMP_DLL" redefined
 #define __GMP_LIBGMP_DLL  0
 
In file included from D:/Xilinx/Vivado/2018.3/include/hls_fpo.h:186:0,
                 from D:/Xilinx/Vivado/2018.3/include/hls_half.h:44,
                 from D:/Xilinx/Vivado/2018.3/include/etc/ap_private.h:90,
                 from D:/Xilinx/Vivado/2018.3/include/ap_common.h:641,
                 from D:/Xilinx/Vivado/2018.3/include/ap_int.h:54,
                 from ../../../../../src/Tanh/Tanh.h:4,
                 from ../../../../../src/Tanh/main.cpp:2:
D:/Xilinx/Vivado/2018.3/include/floating_point_v7_0_bitacc_cmodel.h:135:0: note: this is the location of the previous definition
 #define __GMP_LIBGMP_DLL 1
 
Output Data:
Channel 0:
0.318521 0.318521 0.318521 0.318521 0.318521 0.318521 0.318521 0.318521 0.318521 0.318521 
0.318521 0.318521 0.318521 0.318521 0.318521 0.318521 0.318521 0.318521 0.318521 0.318521 
0.318521 0.318521 0.318521 0.318521 0.318521 0.318521 0.318521 0.318521 0.318521 0.318521 
0.318521 0.318521 0.318521 0.318521 0.318521 0.318521 0.318521 0.318521 0.318521 0.318521 
0.318521 0.318521 0.318521 0.318521 0.318521 0.318521 0.318521 0.318521 0.318521 0.318521 
0.318521 0.318521 0.318521 0.318521 0.318521 0.318521 0.318521 0.318521 0.318521 0.318521 
0.318521 0.318521 0.318521 0.318521 0.318521 0.318521 0.318521 0.318521 0.318521 0.318521 
0.318521 0.318521 0.318521 0.318521 0.318521 0.318521 0.318521 0.318521 0.318521 0.318521 
0.318521 0.318521 0.318521 0.318521 0.318521 0.318521 0.318521 0.318521 0.318521 0.318521 
0.318521 0.318521 0.318521 0.318521 0.318521 0.318521 0.318521 0.318521 0.318521 0.318521 
Channel 1:
0.405321 0.405321 0.405321 0.405321 0.405321 0.405321 0.405321 0.405321 0.405321 0.405321 
0.405321 0.405321 0.405321 0.405321 0.405321 0.405321 0.405321 0.405321 0.405321 0.405321 
0.405321 0.405321 0.405321 0.405321 0.405321 0.405321 0.405321 0.405321 0.405321 0.405321 
0.405321 0.405321 0.405321 0.405321 0.405321 0.405321 0.405321 0.405321 0.405321 0.405321 
0.405321 0.405321 0.405321 0.405321 0.405321 0.405321 0.405321 0.405321 0.405321 0.405321 
0.405321 0.405321 0.405321 0.405321 0.405321 0.405321 0.405321 0.405321 0.405321 0.405321 
0.405321 0.405321 0.405321 0.405321 0.405321 0.405321 0.405321 0.405321 0.405321 0.405321 
0.405321 0.405321 0.405321 0.405321 0.405321 0.405321 0.405321 0.405321 0.405321 0.405321 
0.405321 0.405321 0.405321 0.405321 0.405321 0.405321 0.405321 0.405321 0.405321 0.405321 
0.405321 0.405321 0.405321 0.405321 0.405321 0.405321 0.405321 0.405321 0.405321 0.405321 
Channel 2:
0.485381 0.485381 0.485381 0.485381 0.485381 0.485381 0.485381 0.485381 0.485381 0.485381 
0.485381 0.485381 0.485381 0.485381 0.485381 0.485381 0.485381 0.485381 0.485381 0.485381 
0.485381 0.485381 0.485381 0.485381 0.485381 0.485381 0.485381 0.485381 0.485381 0.485381 
0.485381 0.485381 0.485381 0.485381 0.485381 0.485381 0.485381 0.485381 0.485381 0.485381 
0.485381 0.485381 0.485381 0.485381 0.485381 0.485381 0.485381 0.485381 0.485381 0.485381 
0.485381 0.485381 0.485381 0.485381 0.485381 0.485381 0.485381 0.485381 0.485381 0.485381 
0.485381 0.485381 0.485381 0.485381 0.485381 0.485381 0.485381 0.485381 0.485381 0.485381 
0.485381 0.485381 0.485381 0.485381 0.485381 0.485381 0.485381 0.485381 0.485381 0.485381 
0.485381 0.485381 0.485381 0.485381 0.485381 0.485381 0.485381 0.485381 0.485381 0.485381 
0.485381 0.485381 0.485381 0.485381 0.485381 0.485381 0.485381 0.485381 0.485381 0.485381 
Channel 3:
0.558052 0.558052 0.558052 0.558052 0.558052 0.558052 0.558052 0.558052 0.558052 0.558052 
0.558052 0.558052 0.558052 0.558052 0.558052 0.558052 0.558052 0.558052 0.558052 0.558052 
0.558052 0.558052 0.558052 0.558052 0.558052 0.558052 0.558052 0.558052 0.558052 0.558052 
0.558052 0.558052 0.558052 0.558052 0.558052 0.558052 0.558052 0.558052 0.558052 0.558052 
0.558052 0.558052 0.558052 0.558052 0.558052 0.558052 0.558052 0.558052 0.558052 0.558052 
0.558052 0.558052 0.558052 0.558052 0.558052 0.558052 0.558052 0.558052 0.558052 0.558052 
0.558052 0.558052 0.558052 0.558052 0.558052 0.558052 0.558052 0.558052 0.558052 0.558052 
0.558052 0.558052 0.558052 0.558052 0.558052 0.558052 0.558052 0.558052 0.558052 0.558052 
0.558052 0.558052 0.558052 0.558052 0.558052 0.558052 0.558052 0.558052 0.558052 0.558052 
0.558052 0.558052 0.558052 0.558052 0.558052 0.558052 0.558052 0.558052 0.558052 0.558052 
Channel 4:
0.623065 0.623065 0.623065 0.623065 0.623065 0.623065 0.623065 0.623065 0.623065 0.623065 
0.623065 0.623065 0.623065 0.623065 0.623065 0.623065 0.623065 0.623065 0.623065 0.623065 
0.623065 0.623065 0.623065 0.623065 0.623065 0.623065 0.623065 0.623065 0.623065 0.623065 
0.623065 0.623065 0.623065 0.623065 0.623065 0.623065 0.623065 0.623065 0.623065 0.623065 
0.623065 0.623065 0.623065 0.623065 0.623065 0.623065 0.623065 0.623065 0.623065 0.623065 
0.623065 0.623065 0.623065 0.623065 0.623065 0.623065 0.623065 0.623065 0.623065 0.623065 
0.623065 0.623065 0.623065 0.623065 0.623065 0.623065 0.623065 0.623065 0.623065 0.623065 
0.623065 0.623065 0.623065 0.623065 0.623065 0.623065 0.623065 0.623065 0.623065 0.623065 
0.623065 0.623065 0.623065 0.623065 0.623065 0.623065 0.623065 0.623065 0.623065 0.623065 
0.623065 0.623065 0.623065 0.623065 0.623065 0.623065 0.623065 0.623065 0.623065 0.623065 
Channel 5:
0.680476 0.680476 0.680476 0.680476 0.680476 0.680476 0.680476 0.680476 0.680476 0.680476 
0.680476 0.680476 0.680476 0.680476 0.680476 0.680476 0.680476 0.680476 0.680476 0.680476 
0.680476 0.680476 0.680476 0.680476 0.680476 0.680476 0.680476 0.680476 0.680476 0.680476 
0.680476 0.680476 0.680476 0.680476 0.680476 0.680476 0.680476 0.680476 0.680476 0.680476 
0.680476 0.680476 0.680476 0.680476 0.680476 0.680476 0.680476 0.680476 0.680476 0.680476 
0.680476 0.680476 0.680476 0.680476 0.680476 0.680476 0.680476 0.680476 0.680476 0.680476 
0.680476 0.680476 0.680476 0.680476 0.680476 0.680476 0.680476 0.680476 0.680476 0.680476 
0.680476 0.680476 0.680476 0.680476 0.680476 0.680476 0.680476 0.680476 0.680476 0.680476 
0.680476 0.680476 0.680476 0.680476 0.680476 0.680476 0.680476 0.680476 0.680476 0.680476 
0.680476 0.680476 0.680476 0.680476 0.680476 0.680476 0.680476 0.680476 0.680476 0.680476 
Channel 6:
0.730594 0.730594 0.730594 0.730594 0.730594 0.730594 0.730594 0.730594 0.730594 0.730594 
0.730594 0.730594 0.730594 0.730594 0.730594 0.730594 0.730594 0.730594 0.730594 0.730594 
0.730594 0.730594 0.730594 0.730594 0.730594 0.730594 0.730594 0.730594 0.730594 0.730594 
0.730594 0.730594 0.730594 0.730594 0.730594 0.730594 0.730594 0.730594 0.730594 0.730594 
0.730594 0.730594 0.730594 0.730594 0.730594 0.730594 0.730594 0.730594 0.730594 0.730594 
0.730594 0.730594 0.730594 0.730594 0.730594 0.730594 0.730594 0.730594 0.730594 0.730594 
0.730594 0.730594 0.730594 0.730594 0.730594 0.730594 0.730594 0.730594 0.730594 0.730594 
0.730594 0.730594 0.730594 0.730594 0.730594 0.730594 0.730594 0.730594 0.730594 0.730594 
0.730594 0.730594 0.730594 0.730594 0.730594 0.730594 0.730594 0.730594 0.730594 0.730594 
0.730594 0.730594 0.730594 0.730594 0.730594 0.730594 0.730594 0.730594 0.730594 0.730594 
Channel 7:
0.773908 0.773908 0.773908 0.773908 0.773908 0.773908 0.773908 0.773908 0.773908 0.773908 
0.773908 0.773908 0.773908 0.773908 0.773908 0.773908 0.773908 0.773908 0.773908 0.773908 
0.773908 0.773908 0.773908 0.773908 0.773908 0.773908 0.773908 0.773908 0.773908 0.773908 
0.773908 0.773908 0.773908 0.773908 0.773908 0.773908 0.773908 0.773908 0.773908 0.773908 
0.773908 0.773908 0.773908 0.773908 0.773908 0.773908 0.773908 0.773908 0.773908 0.773908 
0.773908 0.773908 0.773908 0.773908 0.773908 0.773908 0.773908 0.773908 0.773908 0.773908 
0.773908 0.773908 0.773908 0.773908 0.773908 0.773908 0.773908 0.773908 0.773908 0.773908 
0.773908 0.773908 0.773908 0.773908 0.773908 0.773908 0.773908 0.773908 0.773908 0.773908 
0.773908 0.773908 0.773908 0.773908 0.773908 0.773908 0.773908 0.773908 0.773908 0.773908 
0.773908 0.773908 0.773908 0.773908 0.773908 0.773908 0.773908 0.773908 0.773908 0.773908 
Channel 8:
0.811019 0.811019 0.811019 0.811019 0.811019 0.811019 0.811019 0.811019 0.811019 0.811019 
0.811019 0.811019 0.811019 0.811019 0.811019 0.811019 0.811019 0.811019 0.811019 0.811019 
0.811019 0.811019 0.811019 0.811019 0.811019 0.811019 0.811019 0.811019 0.811019 0.811019 
0.811019 0.811019 0.811019 0.811019 0.811019 0.811019 0.811019 0.811019 0.811019 0.811019 
0.811019 0.811019 0.811019 0.811019 0.811019 0.811019 0.811019 0.811019 0.811019 0.811019 
0.811019 0.811019 0.811019 0.811019 0.811019 0.811019 0.811019 0.811019 0.811019 0.811019 
0.811019 0.811019 0.811019 0.811019 0.811019 0.811019 0.811019 0.811019 0.811019 0.811019 
0.811019 0.811019 0.811019 0.811019 0.811019 0.811019 0.811019 0.811019 0.811019 0.811019 
0.811019 0.811019 0.811019 0.811019 0.811019 0.811019 0.811019 0.811019 0.811019 0.811019 
0.811019 0.811019 0.811019 0.811019 0.811019 0.811019 0.811019 0.811019 0.811019 0.811019 
Channel 9:
0.842579 0.842579 0.842579 0.842579 0.842579 0.842579 0.842579 0.842579 0.842579 0.842579 
0.842579 0.842579 0.842579 0.842579 0.842579 0.842579 0.842579 0.842579 0.842579 0.842579 
0.842579 0.842579 0.842579 0.842579 0.842579 0.842579 0.842579 0.842579 0.842579 0.842579 
0.842579 0.842579 0.842579 0.842579 0.842579 0.842579 0.842579 0.842579 0.842579 0.842579 
0.842579 0.842579 0.842579 0.842579 0.842579 0.842579 0.842579 0.842579 0.842579 0.842579 
0.842579 0.842579 0.842579 0.842579 0.842579 0.842579 0.842579 0.842579 0.842579 0.842579 
0.842579 0.842579 0.842579 0.842579 0.842579 0.842579 0.842579 0.842579 0.842579 0.842579 
0.842579 0.842579 0.842579 0.842579 0.842579 0.842579 0.842579 0.842579 0.842579 0.842579 
0.842579 0.842579 0.842579 0.842579 0.842579 0.842579 0.842579 0.842579 0.842579 0.842579 
0.842579 0.842579 0.842579 0.842579 0.842579 0.842579 0.842579 0.842579 0.842579 0.842579 
Channel 10:
0.869249 0.869249 0.869249 0.869249 0.869249 0.869249 0.869249 0.869249 0.869249 0.869249 
0.869249 0.869249 0.869249 0.869249 0.869249 0.869249 0.869249 0.869249 0.869249 0.869249 
0.869249 0.869249 0.869249 0.869249 0.869249 0.869249 0.869249 0.869249 0.869249 0.869249 
0.869249 0.869249 0.869249 0.869249 0.869249 0.869249 0.869249 0.869249 0.869249 0.869249 
0.869249 0.869249 0.869249 0.869249 0.869249 0.869249 0.869249 0.869249 0.869249 0.869249 
0.869249 0.869249 0.869249 0.869249 0.869249 0.869249 0.869249 0.869249 0.869249 0.869249 
0.869249 0.869249 0.869249 0.869249 0.869249 0.869249 0.869249 0.869249 0.869249 0.869249 
0.869249 0.869249 0.869249 0.869249 0.869249 0.869249 0.869249 0.869249 0.869249 0.869249 
0.869249 0.869249 0.869249 0.869249 0.869249 0.869249 0.869249 0.869249 0.869249 0.869249 
0.869249 0.869249 0.869249 0.869249 0.869249 0.869249 0.869249 0.869249 0.869249 0.869249 
Channel 11:
0.891667 0.891667 0.891667 0.891667 0.891667 0.891667 0.891667 0.891667 0.891667 0.891667 
0.891667 0.891667 0.891667 0.891667 0.891667 0.891667 0.891667 0.891667 0.891667 0.891667 
0.891667 0.891667 0.891667 0.891667 0.891667 0.891667 0.891667 0.891667 0.891667 0.891667 
0.891667 0.891667 0.891667 0.891667 0.891667 0.891667 0.891667 0.891667 0.891667 0.891667 
0.891667 0.891667 0.891667 0.891667 0.891667 0.891667 0.891667 0.891667 0.891667 0.891667 
0.891667 0.891667 0.891667 0.891667 0.891667 0.891667 0.891667 0.891667 0.891667 0.891667 
0.891667 0.891667 0.891667 0.891667 0.891667 0.891667 0.891667 0.891667 0.891667 0.891667 
0.891667 0.891667 0.891667 0.891667 0.891667 0.891667 0.891667 0.891667 0.891667 0.891667 
0.891667 0.891667 0.891667 0.891667 0.891667 0.891667 0.891667 0.891667 0.891667 0.891667 
0.891667 0.891667 0.891667 0.891667 0.891667 0.891667 0.891667 0.891667 0.891667 0.891667 
Channel 12:
0.910425 0.910425 0.910425 0.910425 0.910425 0.910425 0.910425 0.910425 0.910425 0.910425 
0.910425 0.910425 0.910425 0.910425 0.910425 0.910425 0.910425 0.910425 0.910425 0.910425 
0.910425 0.910425 0.910425 0.910425 0.910425 0.910425 0.910425 0.910425 0.910425 0.910425 
0.910425 0.910425 0.910425 0.910425 0.910425 0.910425 0.910425 0.910425 0.910425 0.910425 
0.910425 0.910425 0.910425 0.910425 0.910425 0.910425 0.910425 0.910425 0.910425 0.910425 
0.910425 0.910425 0.910425 0.910425 0.910425 0.910425 0.910425 0.910425 0.910425 0.910425 
0.910425 0.910425 0.910425 0.910425 0.910425 0.910425 0.910425 0.910425 0.910425 0.910425 
0.910425 0.910425 0.910425 0.910425 0.910425 0.910425 0.910425 0.910425 0.910425 0.910425 
0.910425 0.910425 0.910425 0.910425 0.910425 0.910425 0.910425 0.910425 0.910425 0.910425 
0.910425 0.910425 0.910425 0.910425 0.910425 0.910425 0.910425 0.910425 0.910425 0.910425 
Channel 13:
0.926062 0.926062 0.926062 0.926062 0.926062 0.926062 0.926062 0.926062 0.926062 0.926062 
0.926062 0.926062 0.926062 0.926062 0.926062 0.926062 0.926062 0.926062 0.926062 0.926062 
0.926062 0.926062 0.926062 0.926062 0.926062 0.926062 0.926062 0.926062 0.926062 0.926062 
0.926062 0.926062 0.926062 0.926062 0.926062 0.926062 0.926062 0.926062 0.926062 0.926062 
0.926062 0.926062 0.926062 0.926062 0.926062 0.926062 0.926062 0.926062 0.926062 0.926062 
0.926062 0.926062 0.926062 0.926062 0.926062 0.926062 0.926062 0.926062 0.926062 0.926062 
0.926062 0.926062 0.926062 0.926062 0.926062 0.926062 0.926062 0.926062 0.926062 0.926062 
0.926062 0.926062 0.926062 0.926062 0.926062 0.926062 0.926062 0.926062 0.926062 0.926062 
0.926062 0.926062 0.926062 0.926062 0.926062 0.926062 0.926062 0.926062 0.926062 0.926062 
0.926062 0.926062 0.926062 0.926062 0.926062 0.926062 0.926062 0.926062 0.926062 0.926062 
Channel 14:
0.939056 0.939056 0.939056 0.939056 0.939056 0.939056 0.939056 0.939056 0.939056 0.939056 
0.939056 0.939056 0.939056 0.939056 0.939056 0.939056 0.939056 0.939056 0.939056 0.939056 
0.939056 0.939056 0.939056 0.939056 0.939056 0.939056 0.939056 0.939056 0.939056 0.939056 
0.939056 0.939056 0.939056 0.939056 0.939056 0.939056 0.939056 0.939056 0.939056 0.939056 
0.939056 0.939056 0.939056 0.939056 0.939056 0.939056 0.939056 0.939056 0.939056 0.939056 
0.939056 0.939056 0.939056 0.939056 0.939056 0.939056 0.939056 0.939056 0.939056 0.939056 
0.939056 0.939056 0.939056 0.939056 0.939056 0.939056 0.939056 0.939056 0.939056 0.939056 
0.939056 0.939056 0.939056 0.939056 0.939056 0.939056 0.939056 0.939056 0.939056 0.939056 
0.939056 0.939056 0.939056 0.939056 0.939056 0.939056 0.939056 0.939056 0.939056 0.939056 
0.939056 0.939056 0.939056 0.939056 0.939056 0.939056 0.939056 0.939056 0.939056 0.939056 
Channel 15:
0.949826 0.949826 0.949826 0.949826 0.949826 0.949826 0.949826 0.949826 0.949826 0.949826 
0.949826 0.949826 0.949826 0.949826 0.949826 0.949826 0.949826 0.949826 0.949826 0.949826 
0.949826 0.949826 0.949826 0.949826 0.949826 0.949826 0.949826 0.949826 0.949826 0.949826 
0.949826 0.949826 0.949826 0.949826 0.949826 0.949826 0.949826 0.949826 0.949826 0.949826 
0.949826 0.949826 0.949826 0.949826 0.949826 0.949826 0.949826 0.949826 0.949826 0.949826 
0.949826 0.949826 0.949826 0.949826 0.949826 0.949826 0.949826 0.949826 0.949826 0.949826 
0.949826 0.949826 0.949826 0.949826 0.949826 0.949826 0.949826 0.949826 0.949826 0.949826 
0.949826 0.949826 0.949826 0.949826 0.949826 0.949826 0.949826 0.949826 0.949826 0.949826 
0.949826 0.949826 0.949826 0.949826 0.949826 0.949826 0.949826 0.949826 0.949826 0.949826 
0.949826 0.949826 0.949826 0.949826 0.949826 0.949826 0.949826 0.949826 0.949826 0.949826 
INFO: [SIM 211-1] CSim done with 0 errors.
INFO: [SIM 211-3] *************** CSIM finish ***************
