INFO: [SIM 2] *************** CSIM start ***************
INFO: [SIM 4] CSIM will launch GCC as the compiler.
   Compiling ../../../../../src/Tanh/main.cpp in debug mode
   Generating csim.exe
Output Data:
Channel 0:
0.318521 0.318521 0.318521 0.318521 0.318521 0.318521 0.318521 0.318521 0.318521 0.318521 
0.318521 0.318521 0.318521 0.318521 0.318521 0.318521 0.318521 0.318521 0.318521 0.318521 
0.318521 0.318521 0.318521 0.318521 0.318521 0.318521 0.318521 0.318521 0.318521 0.318521 
0.318521 0.318521 0.318521 0.318521 0.318521 0.318521 0.318521 0.318521 0.318521 0.318521 
0.318521 0.318521 0.318521 0.318521 0.318521 0.318521 0.318521 0.318521 0.318521 0.318521 
0.318521 0.318521 0.318521 0.318521 0.318521 0.318521 0.318521 0.318521 0.318521 0.318521 
0.318521 0.318521 0.318521 0.318521 0.318521 0.318521 0.318521 0.318521 0.318521 0.318521 
0.318521 0.318521 0.318521 0.318521 0.318521 0.318521 0.318521 0.318521 0.318521 0.318521 
0.318521 0.318521 0.318521 0.318521 0.318521 0.318521 0.318521 0.318521 0.318521 0.318521 
0.318521 0.318521 0.318521 0.318521 0.318521 0.318521 0.318521 0.318521 0.318521 0.318521 
Channel 1:
0.405321 0.405321 0.405321 0.405321 0.405321 0.405321 0.405321 0.405321 0.405321 0.405321 
0.405321 0.405321 0.405321 0.405321 0.405321 0.405321 0.405321 0.405321 0.405321 0.405321 
0.405321 0.405321 0.405321 0.405321 0.405321 0.405321 0.405321 0.405321 0.405321 0.405321 
0.405321 0.405321 0.405321 0.405321 0.405321 0.405321 0.405321 0.405321 0.405321 0.405321 
0.405321 0.405321 0.405321 0.405321 0.405321 0.405321 0.405321 0.405321 0.405321 0.405321 
0.405321 0.405321 0.405321 0.405321 0.405321 0.405321 0.405321 0.405321 0.405321 0.405321 
0.405321 0.405321 0.405321 0.405321 0.405321 0.405321 0.405321 0.405321 0.405321 0.405321 
0.405321 0.405321 0.405321 0.405321 0.405321 0.405321 0.405321 0.405321 0.405321 0.405321 
0.405321 0.405321 0.405321 0.405321 0.405321 0.405321 0.405321 0.405321 0.405321 0.405321 
0.405321 0.405321 0.405321 0.405321 0.405321 0.405321 0.405321 0.405321 0.405321 0.405321 
Channel 2:
0.485381 0.485381 0.485381 0.485381 0.485381 0.485381 0.485381 0.485381 0.485381 0.485381 
0.485381 0.485381 0.485381 0.485381 0.485381 0.485381 0.485381 0.485381 0.485381 0.485381 
0.485381 0.485381 0.485381 0.485381 0.485381 0.485381 0.485381 0.485381 0.485381 0.485381 
0.485381 0.485381 0.485381 0.485381 0.485381 0.485381 0.485381 0.485381 0.485381 0.485381 
0.485381 0.485381 0.485381 0.485381 0.485381 0.485381 0.485381 0.485381 0.485381 0.485381 
0.485381 0.485381 0.485381 0.485381 0.485381 0.485381 0.485381 0.485381 0.485381 0.485381 
0.485381 0.485381 0.485381 0.485381 0.485381 0.485381 0.485381 0.485381 0.485381 0.485381 
0.485381 0.485381 0.485381 0.485381 0.485381 0.485381 0.485381 0.485381 0.485381 0.485381 
0.485381 0.485381 0.485381 0.485381 0.485381 0.485381 0.485381 0.485381 0.485381 0.485381 
0.485381 0.485381 0.485381 0.485381 0.485381 0.485381 0.485381 0.485381 0.485381 0.485381 
Channel 3:
0.558052 0.558052 0.558052 0.558052 0.558052 0.558052 0.558052 0.558052 0.558052 0.558052 
0.558052 0.558052 0.558052 0.558052 0.558052 0.558052 0.558052 0.558052 0.558052 0.558052 
0.558052 0.558052 0.558052 0.558052 0.558052 0.558052 0.558052 0.558052 0.558052 0.558052 
0.558052 0.558052 0.558052 0.558052 0.558052 0.558052 0.558052 0.558052 0.558052 0.558052 
0.558052 0.558052 0.558052 0.558052 0.558052 0.558052 0.558052 0.558052 0.558052 0.558052 
0.558052 0.558052 0.558052 0.558052 0.558052 0.558052 0.558052 0.558052 0.558052 0.558052 
0.558052 0.558052 0.558052 0.558052 0.558052 0.558052 0.558052 0.558052 0.558052 0.558052 
0.558052 0.558052 0.558052 0.558052 0.558052 0.558052 0.558052 0.558052 0.558052 0.558052 
0.558052 0.558052 0.558052 0.558052 0.558052 0.558052 0.558052 0.558052 0.558052 0.558052 
0.558052 0.558052 0.558052 0.558052 0.558052 0.558052 0.558052 0.558052 0.558052 0.558052 
Channel 4:
0.623065 0.623065 0.623065 0.623065 0.623065 0.623065 0.623065 0.623065 0.623065 0.623065 
0.623065 0.623065 0.623065 0.623065 0.623065 0.623065 0.623065 0.623065 0.623065 0.623065 
0.623065 0.623065 0.623065 0.623065 0.623065 0.623065 0.623065 0.623065 0.623065 0.623065 
0.623065 0.623065 0.623065 0.623065 0.623065 0.623065 0.623065 0.623065 0.623065 0.623065 
0.623065 0.623065 0.623065 0.623065 0.623065 0.623065 0.623065 0.623065 0.623065 0.623065 
0.623065 0.623065 0.623065 0.623065 0.623065 0.623065 0.623065 0.623065 0.623065 0.623065 
0.623065 0.623065 0.623065 0.623065 0.623065 0.623065 0.623065 0.623065 0.623065 0.623065 
0.623065 0.623065 0.623065 0.623065 0.623065 0.623065 0.623065 0.623065 0.623065 0.623065 
0.623065 0.623065 0.623065 0.623065 0.623065 0.623065 0.623065 0.623065 0.623065 0.623065 
0.623065 0.623065 0.623065 0.623065 0.623065 0.623065 0.623065 0.623065 0.623065 0.623065 
Channel 5:
0.680476 0.680476 0.680476 0.680476 0.680476 0.680476 0.680476 0.680476 0.680476 0.680476 
0.680476 0.680476 0.680476 0.680476 0.680476 0.680476 0.680476 0.680476 0.680476 0.680476 
0.680476 0.680476 0.680476 0.680476 0.680476 0.680476 0.680476 0.680476 0.680476 0.680476 
0.680476 0.680476 0.680476 0.680476 0.680476 0.680476 0.680476 0.680476 0.680476 0.680476 
0.680476 0.680476 0.680476 0.680476 0.680476 0.680476 0.680476 0.680476 0.680476 0.680476 
0.680476 0.680476 0.680476 0.680476 0.680476 0.680476 0.680476 0.680476 0.680476 0.680476 
0.680476 0.680476 0.680476 0.680476 0.680476 0.680476 0.680476 0.680476 0.680476 0.680476 
0.680476 0.680476 0.680476 0.680476 0.680476 0.680476 0.680476 0.680476 0.680476 0.680476 
0.680476 0.680476 0.680476 0.680476 0.680476 0.680476 0.680476 0.680476 0.680476 0.680476 
0.680476 0.680476 0.680476 0.680476 0.680476 0.680476 0.680476 0.680476 0.680476 0.680476 
Channel 6:
0.730594 0.730594 0.730594 0.730594 0.730594 0.730594 0.730594 0.730594 0.730594 0.730594 
0.730594 0.730594 0.730594 0.730594 0.730594 0.730594 0.730594 0.730594 0.730594 0.730594 
0.730594 0.730594 0.730594 0.730594 0.730594 0.730594 0.730594 0.730594 0.730594 0.730594 
0.730594 0.730594 0.730594 0.730594 0.730594 0.730594 0.730594 0.730594 0.730594 0.730594 
0.730594 0.730594 0.730594 0.730594 0.730594 0.730594 0.730594 0.730594 0.730594 0.730594 
0.730594 0.730594 0.730594 0.730594 0.730594 0.730594 0.730594 0.730594 0.730594 0.730594 
0.730594 0.730594 0.730594 0.730594 0.730594 0.730594 0.730594 0.730594 0.730594 0.730594 
0.730594 0.730594 0.730594 0.730594 0.730594 0.730594 0.730594 0.730594 0.730594 0.730594 
0.730594 0.730594 0.730594 0.730594 0.730594 0.730594 0.730594 0.730594 0.730594 0.730594 
0.730594 0.730594 0.730594 0.730594 0.730594 0.730594 0.730594 0.730594 0.730594 0.730594 
Channel 7:
0.773908 0.773908 0.773908 0.773908 0.773908 0.773908 0.773908 0.773908 0.773908 0.773908 
0.773908 0.773908 0.773908 0.773908 0.773908 0.773908 0.773908 0.773908 0.773908 0.773908 
0.773908 0.773908 0.773908 0.773908 0.773908 0.773908 0.773908 0.773908 0.773908 0.773908 
0.773908 0.773908 0.773908 0.773908 0.773908 0.773908 0.773908 0.773908 0.773908 0.773908 
0.773908 0.773908 0.773908 0.773908 0.773908 0.773908 0.773908 0.773908 0.773908 0.773908 
0.773908 0.773908 0.773908 0.773908 0.773908 0.773908 0.773908 0.773908 0.773908 0.773908 
0.773908 0.773908 0.773908 0.773908 0.773908 0.773908 0.773908 0.773908 0.773908 0.773908 
0.773908 0.773908 0.773908 0.773908 0.773908 0.773908 0.773908 0.773908 0.773908 0.773908 
0.773908 0.773908 0.773908 0.773908 0.773908 0.773908 0.773908 0.773908 0.773908 0.773908 
0.773908 0.773908 0.773908 0.773908 0.773908 0.773908 0.773908 0.773908 0.773908 0.773908 
Channel 8:
0.811019 0.811019 0.811019 0.811019 0.811019 0.811019 0.811019 0.811019 0.811019 0.811019 
0.811019 0.811019 0.811019 0.811019 0.811019 0.811019 0.811019 0.811019 0.811019 0.811019 
0.811019 0.811019 0.811019 0.811019 0.811019 0.811019 0.811019 0.811019 0.811019 0.811019 
0.811019 0.811019 0.811019 0.811019 0.811019 0.811019 0.811019 0.811019 0.811019 0.811019 
0.811019 0.811019 0.811019 0.811019 0.811019 0.811019 0.811019 0.811019 0.811019 0.811019 
0.811019 0.811019 0.811019 0.811019 0.811019 0.811019 0.811019 0.811019 0.811019 0.811019 
0.811019 0.811019 0.811019 0.811019 0.811019 0.811019 0.811019 0.811019 0.811019 0.811019 
0.811019 0.811019 0.811019 0.811019 0.811019 0.811019 0.811019 0.811019 0.811019 0.811019 
0.811019 0.811019 0.811019 0.811019 0.811019 0.811019 0.811019 0.811019 0.811019 0.811019 
0.811019 0.811019 0.811019 0.811019 0.811019 0.811019 0.811019 0.811019 0.811019 0.811019 
Channel 9:
0.842579 0.842579 0.842579 0.842579 0.842579 0.842579 0.842579 0.842579 0.842579 0.842579 
0.842579 0.842579 0.842579 0.842579 0.842579 0.842579 0.842579 0.842579 0.842579 0.842579 
0.842579 0.842579 0.842579 0.842579 0.842579 0.842579 0.842579 0.842579 0.842579 0.842579 
0.842579 0.842579 0.842579 0.842579 0.842579 0.842579 0.842579 0.842579 0.842579 0.842579 
0.842579 0.842579 0.842579 0.842579 0.842579 0.842579 0.842579 0.842579 0.842579 0.842579 
0.842579 0.842579 0.842579 0.842579 0.842579 0.842579 0.842579 0.842579 0.842579 0.842579 
0.842579 0.842579 0.842579 0.842579 0.842579 0.842579 0.842579 0.842579 0.842579 0.842579 
0.842579 0.842579 0.842579 0.842579 0.842579 0.842579 0.842579 0.842579 0.842579 0.842579 
0.842579 0.842579 0.842579 0.842579 0.842579 0.842579 0.842579 0.842579 0.842579 0.842579 
0.842579 0.842579 0.842579 0.842579 0.842579 0.842579 0.842579 0.842579 0.842579 0.842579 
Channel 10:
0.869249 0.869249 0.869249 0.869249 0.869249 0.869249 0.869249 0.869249 0.869249 0.869249 
0.869249 0.869249 0.869249 0.869249 0.869249 0.869249 0.869249 0.869249 0.869249 0.869249 
0.869249 0.869249 0.869249 0.869249 0.869249 0.869249 0.869249 0.869249 0.869249 0.869249 
0.869249 0.869249 0.869249 0.869249 0.869249 0.869249 0.869249 0.869249 0.869249 0.869249 
0.869249 0.869249 0.869249 0.869249 0.869249 0.869249 0.869249 0.869249 0.869249 0.869249 
0.869249 0.869249 0.869249 0.869249 0.869249 0.869249 0.869249 0.869249 0.869249 0.869249 
0.869249 0.869249 0.869249 0.869249 0.869249 0.869249 0.869249 0.869249 0.869249 0.869249 
0.869249 0.869249 0.869249 0.869249 0.869249 0.869249 0.869249 0.869249 0.869249 0.869249 
0.869249 0.869249 0.869249 0.869249 0.869249 0.869249 0.869249 0.869249 0.869249 0.869249 
0.869249 0.869249 0.869249 0.869249 0.869249 0.869249 0.869249 0.869249 0.869249 0.869249 
Channel 11:
0.891667 0.891667 0.891667 0.891667 0.891667 0.891667 0.891667 0.891667 0.891667 0.891667 
0.891667 0.891667 0.891667 0.891667 0.891667 0.891667 0.891667 0.891667 0.891667 0.891667 
0.891667 0.891667 0.891667 0.891667 0.891667 0.891667 0.891667 0.891667 0.891667 0.891667 
0.891667 0.891667 0.891667 0.891667 0.891667 0.891667 0.891667 0.891667 0.891667 0.891667 
0.891667 0.891667 0.891667 0.891667 0.891667 0.891667 0.891667 0.891667 0.891667 0.891667 
0.891667 0.891667 0.891667 0.891667 0.891667 0.891667 0.891667 0.891667 0.891667 0.891667 
0.891667 0.891667 0.891667 0.891667 0.891667 0.891667 0.891667 0.891667 0.891667 0.891667 
0.891667 0.891667 0.891667 0.891667 0.891667 0.891667 0.891667 0.891667 0.891667 0.891667 
0.891667 0.891667 0.891667 0.891667 0.891667 0.891667 0.891667 0.891667 0.891667 0.891667 
0.891667 0.891667 0.891667 0.891667 0.891667 0.891667 0.891667 0.891667 0.891667 0.891667 
Channel 12:
0.910425 0.910425 0.910425 0.910425 0.910425 0.910425 0.910425 0.910425 0.910425 0.910425 
0.910425 0.910425 0.910425 0.910425 0.910425 0.910425 0.910425 0.910425 0.910425 0.910425 
0.910425 0.910425 0.910425 0.910425 0.910425 0.910425 0.910425 0.910425 0.910425 0.910425 
0.910425 0.910425 0.910425 0.910425 0.910425 0.910425 0.910425 0.910425 0.910425 0.910425 
0.910425 0.910425 0.910425 0.910425 0.910425 0.910425 0.910425 0.910425 0.910425 0.910425 
0.910425 0.910425 0.910425 0.910425 0.910425 0.910425 0.910425 0.910425 0.910425 0.910425 
0.910425 0.910425 0.910425 0.910425 0.910425 0.910425 0.910425 0.910425 0.910425 0.910425 
0.910425 0.910425 0.910425 0.910425 0.910425 0.910425 0.910425 0.910425 0.910425 0.910425 
0.910425 0.910425 0.910425 0.910425 0.910425 0.910425 0.910425 0.910425 0.910425 0.910425 
0.910425 0.910425 0.910425 0.910425 0.910425 0.910425 0.910425 0.910425 0.910425 0.910425 
Channel 13:
0.926062 0.926062 0.926062 0.926062 0.926062 0.926062 0.926062 0.926062 0.926062 0.926062 
0.926062 0.926062 0.926062 0.926062 0.926062 0.926062 0.926062 0.926062 0.926062 0.926062 
0.926062 0.926062 0.926062 0.926062 0.926062 0.926062 0.926062 0.926062 0.926062 0.926062 
0.926062 0.926062 0.926062 0.926062 0.926062 0.926062 0.926062 0.926062 0.926062 0.926062 
0.926062 0.926062 0.926062 0.926062 0.926062 0.926062 0.926062 0.926062 0.926062 0.926062 
0.926062 0.926062 0.926062 0.926062 0.926062 0.926062 0.926062 0.926062 0.926062 0.926062 
0.926062 0.926062 0.926062 0.926062 0.926062 0.926062 0.926062 0.926062 0.926062 0.926062 
0.926062 0.926062 0.926062 0.926062 0.926062 0.926062 0.926062 0.926062 0.926062 0.926062 
0.926062 0.926062 0.926062 0.926062 0.926062 0.926062 0.926062 0.926062 0.926062 0.926062 
0.926062 0.926062 0.926062 0.926062 0.926062 0.926062 0.926062 0.926062 0.926062 0.926062 
Channel 14:
0.939056 0.939056 0.939056 0.939056 0.939056 0.939056 0.939056 0.939056 0.939056 0.939056 
0.939056 0.939056 0.939056 0.939056 0.939056 0.939056 0.939056 0.939056 0.939056 0.939056 
0.939056 0.939056 0.939056 0.939056 0.939056 0.939056 0.939056 0.939056 0.939056 0.939056 
0.939056 0.939056 0.939056 0.939056 0.939056 0.939056 0.939056 0.939056 0.939056 0.939056 
0.939056 0.939056 0.939056 0.939056 0.939056 0.939056 0.939056 0.939056 0.939056 0.939056 
0.939056 0.939056 0.939056 0.939056 0.939056 0.939056 0.939056 0.939056 0.939056 0.939056 
0.939056 0.939056 0.939056 0.939056 0.939056 0.939056 0.939056 0.939056 0.939056 0.939056 
0.939056 0.939056 0.939056 0.939056 0.939056 0.939056 0.939056 0.939056 0.939056 0.939056 
0.939056 0.939056 0.939056 0.939056 0.939056 0.939056 0.939056 0.939056 0.939056 0.939056 
0.939056 0.939056 0.939056 0.939056 0.939056 0.939056 0.939056 0.939056 0.939056 0.939056 
Channel 15:
0.949826 0.949826 0.949826 0.949826 0.949826 0.949826 0.949826 0.949826 0.949826 0.949826 
0.949826 0.949826 0.949826 0.949826 0.949826 0.949826 0.949826 0.949826 0.949826 0.949826 
0.949826 0.949826 0.949826 0.949826 0.949826 0.949826 0.949826 0.949826 0.949826 0.949826 
0.949826 0.949826 0.949826 0.949826 0.949826 0.949826 0.949826 0.949826 0.949826 0.949826 
0.949826 0.949826 0.949826 0.949826 0.949826 0.949826 0.949826 0.949826 0.949826 0.949826 
0.949826 0.949826 0.949826 0.949826 0.949826 0.949826 0.949826 0.949826 0.949826 0.949826 
0.949826 0.949826 0.949826 0.949826 0.949826 0.949826 0.949826 0.949826 0.949826 0.949826 
0.949826 0.949826 0.949826 0.949826 0.949826 0.949826 0.949826 0.949826 0.949826 0.949826 
0.949826 0.949826 0.949826 0.949826 0.949826 0.949826 0.949826 0.949826 0.949826 0.949826 
0.949826 0.949826 0.949826 0.949826 0.949826 0.949826 0.949826 0.949826 0.949826 0.949826 
INFO: [SIM 1] CSim done with 0 errors.
INFO: [SIM 3] *************** CSIM finish ***************
