

================================================================
== Vivado HLS Report for 'LeakyReLU'
================================================================
* Date:           Fri Oct 25 16:05:11 2024

* Version:        2018.3 (Build 2405991 on Thu Dec 06 23:56:15 MST 2018)
* Project:        LeakyReLU
* Solution:       solution1
* Product family: zynq
* Target device:  xc7z020clg400-2


================================================================
== Performance Estimates
================================================================
+ Timing (ns): 
    * Summary: 
    +--------+-------+----------+------------+
    |  Clock | Target| Estimated| Uncertainty|
    +--------+-------+----------+------------+
    |ap_clk  |  10.00|     8.750|        1.25|
    +--------+-------+----------+------------+

+ Latency (clock cycles): 
    * Summary: 
    +-----+--------------+-----+--------------+---------+
    |       Latency      |      Interval      | Pipeline|
    | min |      max     | min |      max     |   Type  |
    +-----+--------------+-----+--------------+---------+
    |    1|  686876033026|    1|  686876033026|   none  |
    +-----+--------------+-----+--------------+---------+

    + Detail: 
        * Instance: 
        N/A

        * Loop: 
        +-------------+-----+--------------+------------+-----------+-----------+--------------+----------+
        |             |       Latency      |  Iteration |  Initiation Interval  |     Trip     |          |
        |  Loop Name  | min |      max     |   Latency  |  achieved |   target  |     Count    | Pipelined|
        +-------------+-----+--------------+------------+-----------+-----------+--------------+----------+
        |- Loop 1     |    0|  686876033025| 11 ~ 40961 |          -|          -| 0 ~ 16769025 |    no    |
        | + Loop 1.1  |    0|         40950|          10|          -|          -|   0 ~ 4095   |    no    |
        +-------------+-----+--------------+------------+-----------+-----------+--------------+----------+



================================================================
== Utilization Estimates
================================================================
* Summary: 
+-----------------+---------+-------+--------+-------+
|       Name      | BRAM_18K| DSP48E|   FF   |  LUT  |
+-----------------+---------+-------+--------+-------+
|DSP              |        -|      4|       -|      -|
|Expression       |        -|      -|       0|    230|
|FIFO             |        -|      -|       -|      -|
|Instance         |        2|      3|     910|   1443|
|Memory           |        -|      -|       -|      -|
|Multiplexer      |        -|      -|       -|     53|
|Register         |        -|      -|     632|      -|
+-----------------+---------+-------+--------+-------+
|Total            |        2|      7|    1542|   1726|
+-----------------+---------+-------+--------+-------+
|Available        |      280|    220|  106400|  53200|
+-----------------+---------+-------+--------+-------+
|Utilization (%)  |    ~0   |      3|       1|      3|
+-----------------+---------+-------+--------+-------+

+ Detail: 
    * Instance: 
    +----------------------------+--------------------------+---------+-------+-----+-----+
    |          Instance          |          Module          | BRAM_18K| DSP48E|  FF | LUT |
    +----------------------------+--------------------------+---------+-------+-----+-----+
    |LeakyReLU_AXILiteS_s_axi_U  |LeakyReLU_AXILiteS_s_axi  |        0|      0|  204|  304|
    |LeakyReLU_fcmp_32cud_U2     |LeakyReLU_fcmp_32cud      |        0|      0|   66|  239|
    |LeakyReLU_fmul_32bkb_U1     |LeakyReLU_fmul_32bkb      |        0|      3|  128|  320|
    |LeakyReLU_gmem_m_axi_U      |LeakyReLU_gmem_m_axi      |        2|      0|  512|  580|
    +----------------------------+--------------------------+---------+-------+-----+-----+
    |Total                       |                          |        2|      3|  910| 1443|
    +----------------------------+--------------------------+---------+-------+-----+-----+

    * DSP48: 
    +-------------------------+----------------------+--------------+
    |         Instance        |        Module        |  Expression  |
    +-------------------------+----------------------+--------------+
    |LeakyReLU_mac_mulfYi_U6  |LeakyReLU_mac_mulfYi  | i0 * i1 + i2 |
    |LeakyReLU_mul_muldEe_U3  |LeakyReLU_mul_muldEe  |    i0 * i1   |
    |LeakyReLU_mul_muldEe_U4  |LeakyReLU_mul_muldEe  |    i0 * i1   |
    |LeakyReLU_mul_muleOg_U5  |LeakyReLU_mul_muleOg  |    i0 * i1   |
    +-------------------------+----------------------+--------------+

    * Memory: 
    N/A

    * FIFO: 
    N/A

    * Expression: 
    +--------------------------------+----------+-------+---+----+------------+------------+
    |          Variable Name         | Operation| DSP48E| FF| LUT| Bitwidth P0| Bitwidth P1|
    +--------------------------------+----------+-------+---+----+------------+------------+
    |c7_fu_310_p2                    |     +    |      0|  0|  12|          12|           1|
    |grp_fu_234_p2                   |     +    |      0|  0|  37|          37|          37|
    |h_fu_372_p2                     |     +    |      0|  0|  12|          12|           1|
    |in_data2_sum_fu_337_p2          |     +    |      0|  0|  37|          37|          37|
    |indvar_flatten_next_fu_291_p2   |     +    |      0|  0|  24|          24|           1|
    |ret_V_2_fu_367_p2               |     +    |      0|  0|  36|          36|          36|
    |w_fu_357_p2                     |     +    |      0|  0|  12|          12|           1|
    |ap_block_state12                |    and   |      0|  0|   1|           1|           1|
    |ap_block_state21                |    and   |      0|  0|   1|           1|           1|
    |tmp_2_fu_416_p2                 |    and   |      0|  0|   1|           1|           1|
    |exitcond1_fu_297_p2             |   icmp   |      0|  0|   5|          12|          12|
    |exitcond_flatten_fu_286_p2      |   icmp   |      0|  0|   9|          24|          24|
    |exitcond_fu_352_p2              |   icmp   |      0|  0|   5|          12|          12|
    |notlhs_fu_398_p2                |   icmp   |      0|  0|   4|           8|           2|
    |notrhs_fu_404_p2                |   icmp   |      0|  0|   9|          23|           1|
    |tmp_9_fu_410_p2                 |    or    |      0|  0|   1|           1|           1|
    |i_op_assign_1_mid2_fu_302_p3    |  select  |      0|  0|  12|           1|           1|
    |ret_V_1_mid2_v_v_v_v_fu_316_p3  |  select  |      0|  0|  12|           1|          12|
    +--------------------------------+----------+-------+---+----+------------+------------+
    |Total                           |          |      0|  0| 230|         255|         182|
    +--------------------------------+----------+-------+---+----+------------+------------+

    * Multiplexer: 
    +-----------------------------+----+-----------+-----+-----------+
    |             Name            | LUT| Input Size| Bits| Total Bits|
    +-----------------------------+----+-----------+-----+-----------+
    |ap_NS_fsm                    |  11|         29|    1|         29|
    |ap_sig_ioackin_gmem_ARREADY  |   3|          2|    1|          2|
    |ap_sig_ioackin_gmem_AWREADY  |   3|          2|    1|          2|
    |ap_sig_ioackin_gmem_WREADY   |   3|          2|    1|          2|
    |gmem_AWADDR                  |   3|          3|   32|         96|
    |gmem_WDATA                   |   3|          3|   32|         96|
    |gmem_blk_n_AR                |   3|          2|    1|          2|
    |gmem_blk_n_AW                |   3|          2|    1|          2|
    |gmem_blk_n_B                 |   3|          2|    1|          2|
    |gmem_blk_n_R                 |   3|          2|    1|          2|
    |gmem_blk_n_W                 |   3|          2|    1|          2|
    |i_op_assign_1_reg_203        |   3|          2|   12|         24|
    |i_op_assign_2_reg_214        |   3|          2|   12|         24|
    |i_op_assign_reg_192          |   3|          2|   12|         24|
    |indvar_flatten_reg_181       |   3|          2|   24|         48|
    +-----------------------------+----+-----------+-----+-----------+
    |Total                        |  53|         59|  133|        357|
    +-----------------------------+----+-----------+-----+-----------+

    * Register: 
    +------------------------------+----+----+-----+-----------+
    |             Name             | FF | LUT| Bits| Const Bits|
    +------------------------------+----+----+-----+-----------+
    |alpha_read_reg_465            |  32|   0|   32|          0|
    |ap_CS_fsm                     |  28|   0|   28|          0|
    |ap_reg_ioackin_gmem_ARREADY   |   1|   0|    1|          0|
    |ap_reg_ioackin_gmem_AWREADY   |   1|   0|    1|          0|
    |ap_reg_ioackin_gmem_WREADY    |   1|   0|    1|          0|
    |bound_reg_510                 |  24|   0|   24|          0|
    |gmem_addr_1_reg_591           |  32|   0|   32|          0|
    |gmem_addr_2_reg_585           |  32|   0|   32|          0|
    |gmem_addr_read_reg_568        |  32|   0|   32|          0|
    |gmem_addr_reg_549             |  32|   0|   32|          0|
    |height_V_read_reg_475         |  12|   0|   12|          0|
    |i_op_assign_1_mid2_reg_523    |  12|   0|   12|          0|
    |i_op_assign_1_reg_203         |  12|   0|   12|          0|
    |i_op_assign_2_reg_214         |  12|   0|   12|          0|
    |i_op_assign_reg_192           |  12|   0|   12|          0|
    |indvar_flatten_next_reg_518   |  24|   0|   24|          0|
    |indvar_flatten_reg_181        |  24|   0|   24|          0|
    |ret_V_1_mid2_reg_539          |  36|   0|   36|          0|
    |ret_V_1_mid2_v_v_reg_534      |  24|   0|   24|          0|
    |ret_V_1_mid2_v_v_v_v_reg_529  |  12|   0|   12|          0|
    |ret_V_1_reg_544               |  36|   0|   36|          0|
    |ret_V_2_reg_563               |  36|   0|   36|          0|
    |rhs_V_1_cast_reg_495          |  12|   0|   36|         24|
    |rhs_V_2_cast_reg_500          |  12|   0|   24|         12|
    |rhs_V_cast_reg_490            |  12|   0|   24|         12|
    |tmp_1_cast_reg_485            |  30|   0|   37|          7|
    |tmp_2_reg_581                 |   1|   0|    1|          0|
    |tmp_5_reg_505                 |  12|   0|   32|         20|
    |tmp_6_reg_597                 |  32|   0|   32|          0|
    |tmp_cast_reg_480              |  30|   0|   37|          7|
    |w_reg_558                     |  12|   0|   12|          0|
    |width_V_read_reg_470          |  12|   0|   12|          0|
    +------------------------------+----+----+-----+-----------+
    |Total                         | 632|   0|  714|         82|
    +------------------------------+----+----+-----+-----------+



================================================================
== Interface
================================================================
* Summary: 
+------------------------+-----+-----+------------+--------------+--------------+
|        RTL Ports       | Dir | Bits|  Protocol  | Source Object|    C Type    |
+------------------------+-----+-----+------------+--------------+--------------+
|s_axi_AXILiteS_AWVALID  |  in |    1|    s_axi   |   AXILiteS   |    scalar    |
|s_axi_AXILiteS_AWREADY  | out |    1|    s_axi   |   AXILiteS   |    scalar    |
|s_axi_AXILiteS_AWADDR   |  in |    6|    s_axi   |   AXILiteS   |    scalar    |
|s_axi_AXILiteS_WVALID   |  in |    1|    s_axi   |   AXILiteS   |    scalar    |
|s_axi_AXILiteS_WREADY   | out |    1|    s_axi   |   AXILiteS   |    scalar    |
|s_axi_AXILiteS_WDATA    |  in |   32|    s_axi   |   AXILiteS   |    scalar    |
|s_axi_AXILiteS_WSTRB    |  in |    4|    s_axi   |   AXILiteS   |    scalar    |
|s_axi_AXILiteS_ARVALID  |  in |    1|    s_axi   |   AXILiteS   |    scalar    |
|s_axi_AXILiteS_ARREADY  | out |    1|    s_axi   |   AXILiteS   |    scalar    |
|s_axi_AXILiteS_ARADDR   |  in |    6|    s_axi   |   AXILiteS   |    scalar    |
|s_axi_AXILiteS_RVALID   | out |    1|    s_axi   |   AXILiteS   |    scalar    |
|s_axi_AXILiteS_RREADY   |  in |    1|    s_axi   |   AXILiteS   |    scalar    |
|s_axi_AXILiteS_RDATA    | out |   32|    s_axi   |   AXILiteS   |    scalar    |
|s_axi_AXILiteS_RRESP    | out |    2|    s_axi   |   AXILiteS   |    scalar    |
|s_axi_AXILiteS_BVALID   | out |    1|    s_axi   |   AXILiteS   |    scalar    |
|s_axi_AXILiteS_BREADY   |  in |    1|    s_axi   |   AXILiteS   |    scalar    |
|s_axi_AXILiteS_BRESP    | out |    2|    s_axi   |   AXILiteS   |    scalar    |
|ap_clk                  |  in |    1| ap_ctrl_hs |   LeakyReLU  | return value |
|ap_rst_n                |  in |    1| ap_ctrl_hs |   LeakyReLU  | return value |
|interrupt               | out |    1| ap_ctrl_hs |   LeakyReLU  | return value |
|m_axi_gmem_AWVALID      | out |    1|    m_axi   |     gmem     |    pointer   |
|m_axi_gmem_AWREADY      |  in |    1|    m_axi   |     gmem     |    pointer   |
|m_axi_gmem_AWADDR       | out |   32|    m_axi   |     gmem     |    pointer   |
|m_axi_gmem_AWID         | out |    1|    m_axi   |     gmem     |    pointer   |
|m_axi_gmem_AWLEN        | out |    8|    m_axi   |     gmem     |    pointer   |
|m_axi_gmem_AWSIZE       | out |    3|    m_axi   |     gmem     |    pointer   |
|m_axi_gmem_AWBURST      | out |    2|    m_axi   |     gmem     |    pointer   |
|m_axi_gmem_AWLOCK       | out |    2|    m_axi   |     gmem     |    pointer   |
|m_axi_gmem_AWCACHE      | out |    4|    m_axi   |     gmem     |    pointer   |
|m_axi_gmem_AWPROT       | out |    3|    m_axi   |     gmem     |    pointer   |
|m_axi_gmem_AWQOS        | out |    4|    m_axi   |     gmem     |    pointer   |
|m_axi_gmem_AWREGION     | out |    4|    m_axi   |     gmem     |    pointer   |
|m_axi_gmem_AWUSER       | out |    1|    m_axi   |     gmem     |    pointer   |
|m_axi_gmem_WVALID       | out |    1|    m_axi   |     gmem     |    pointer   |
|m_axi_gmem_WREADY       |  in |    1|    m_axi   |     gmem     |    pointer   |
|m_axi_gmem_WDATA        | out |   32|    m_axi   |     gmem     |    pointer   |
|m_axi_gmem_WSTRB        | out |    4|    m_axi   |     gmem     |    pointer   |
|m_axi_gmem_WLAST        | out |    1|    m_axi   |     gmem     |    pointer   |
|m_axi_gmem_WID          | out |    1|    m_axi   |     gmem     |    pointer   |
|m_axi_gmem_WUSER        | out |    1|    m_axi   |     gmem     |    pointer   |
|m_axi_gmem_ARVALID      | out |    1|    m_axi   |     gmem     |    pointer   |
|m_axi_gmem_ARREADY      |  in |    1|    m_axi   |     gmem     |    pointer   |
|m_axi_gmem_ARADDR       | out |   32|    m_axi   |     gmem     |    pointer   |
|m_axi_gmem_ARID         | out |    1|    m_axi   |     gmem     |    pointer   |
|m_axi_gmem_ARLEN        | out |    8|    m_axi   |     gmem     |    pointer   |
|m_axi_gmem_ARSIZE       | out |    3|    m_axi   |     gmem     |    pointer   |
|m_axi_gmem_ARBURST      | out |    2|    m_axi   |     gmem     |    pointer   |
|m_axi_gmem_ARLOCK       | out |    2|    m_axi   |     gmem     |    pointer   |
|m_axi_gmem_ARCACHE      | out |    4|    m_axi   |     gmem     |    pointer   |
|m_axi_gmem_ARPROT       | out |    3|    m_axi   |     gmem     |    pointer   |
|m_axi_gmem_ARQOS        | out |    4|    m_axi   |     gmem     |    pointer   |
|m_axi_gmem_ARREGION     | out |    4|    m_axi   |     gmem     |    pointer   |
|m_axi_gmem_ARUSER       | out |    1|    m_axi   |     gmem     |    pointer   |
|m_axi_gmem_RVALID       |  in |    1|    m_axi   |     gmem     |    pointer   |
|m_axi_gmem_RREADY       | out |    1|    m_axi   |     gmem     |    pointer   |
|m_axi_gmem_RDATA        |  in |   32|    m_axi   |     gmem     |    pointer   |
|m_axi_gmem_RLAST        |  in |    1|    m_axi   |     gmem     |    pointer   |
|m_axi_gmem_RID          |  in |    1|    m_axi   |     gmem     |    pointer   |
|m_axi_gmem_RUSER        |  in |    1|    m_axi   |     gmem     |    pointer   |
|m_axi_gmem_RRESP        |  in |    2|    m_axi   |     gmem     |    pointer   |
|m_axi_gmem_BVALID       |  in |    1|    m_axi   |     gmem     |    pointer   |
|m_axi_gmem_BREADY       | out |    1|    m_axi   |     gmem     |    pointer   |
|m_axi_gmem_BRESP        |  in |    2|    m_axi   |     gmem     |    pointer   |
|m_axi_gmem_BID          |  in |    1|    m_axi   |     gmem     |    pointer   |
|m_axi_gmem_BUSER        |  in |    1|    m_axi   |     gmem     |    pointer   |
+------------------------+-----+-----+------------+--------------+--------------+

