

================================================================
== Vivado HLS Report for 'ReLU'
================================================================
* Date:           Fri Oct 25 16:35:02 2024

* Version:        2018.3 (Build 2405991 on Thu Dec 06 23:56:15 MST 2018)
* Project:        ReLU
* Solution:       solution1
* Product family: zynq
* Target device:  xc7z020clg400-2


================================================================
== Performance Estimates
================================================================
+ Timing (ns): 
    * Summary: 
    +--------+-------+----------+------------+
    |  Clock | Target| Estimated| Uncertainty|
    +--------+-------+----------+------------+
    |ap_clk  |  10.00|     8.750|        1.25|
    +--------+-------+----------+------------+

+ Latency (clock cycles): 
    * Summary: 
    +-----+--------------+-----+--------------+---------+
    |       Latency      |      Interval      | Pipeline|
    | min |      max     | min |      max     |   Type  |
    +-----+--------------+-----+--------------+---------+
    |    1|  206242246666|    1|  206242246666|   none  |
    +-----+--------------+-----+--------------+---------+

    + Detail: 
        * Instance: 
        N/A

        * Loop: 
        +-----------------+-----+--------------+--------------+-----------+-----------+----------+----------+
        |                 |       Latency      |   Iteration  |  Initiation Interval  |   Trip   |          |
        |    Loop Name    | min |      max     |    Latency   |  achieved |   target  |   Count  | Pipelined|
        +-----------------+-----+--------------+--------------+-----------+-----------+----------+----------+
        |- Loop 1         |    0|  206242246665| 2 ~ 50364407 |          -|          -| 0 ~ 4095 |    no    |
        | + Loop 1.1      |    0|      50364405|  14 ~ 12299  |          -|          -| 0 ~ 4095 |    no    |
        |  ++ Loop 1.1.1  |    0|         12285|             3|          -|          -| 0 ~ 4095 |    no    |
        +-----------------+-----+--------------+--------------+-----------+-----------+----------+----------+



================================================================
== Utilization Estimates
================================================================
* Summary: 
+-----------------+---------+-------+--------+-------+
|       Name      | BRAM_18K| DSP48E|   FF   |  LUT  |
+-----------------+---------+-------+--------+-------+
|DSP              |        -|      1|       -|      -|
|Expression       |        -|      -|       0|    214|
|FIFO             |        -|      -|       -|      -|
|Instance         |        2|      0|     744|   1059|
|Memory           |        -|      -|       -|      -|
|Multiplexer      |        -|      -|       -|     44|
|Register         |        -|      -|     413|      -|
+-----------------+---------+-------+--------+-------+
|Total            |        2|      1|    1157|   1317|
+-----------------+---------+-------+--------+-------+
|Available        |      280|    220|  106400|  53200|
+-----------------+---------+-------+--------+-------+
|Utilization (%)  |    ~0   |   ~0  |       1|      2|
+-----------------+---------+-------+--------+-------+

+ Detail: 
    * Instance: 
    +-------------------------+----------------------+---------+-------+-----+-----+
    |         Instance        |        Module        | BRAM_18K| DSP48E|  FF | LUT |
    +-------------------------+----------------------+---------+-------+-----+-----+
    |ReLU_AXILiteS_s_axi_U    |ReLU_AXILiteS_s_axi   |        0|      0|  166|  240|
    |ReLU_fcmp_32ns_32bkb_U1  |ReLU_fcmp_32ns_32bkb  |        0|      0|   66|  239|
    |ReLU_gmem_m_axi_U        |ReLU_gmem_m_axi       |        2|      0|  512|  580|
    +-------------------------+----------------------+---------+-------+-----+-----+
    |Total                    |                      |        2|      0|  744| 1059|
    +-------------------------+----------------------+---------+-------+-----+-----+

    * DSP48: 
    +-------------------------+----------------------+-----------+
    |         Instance        |        Module        | Expression|
    +-------------------------+----------------------+-----------+
    |ReLU_mul_mul_12nscud_U2  |ReLU_mul_mul_12nscud  |  i0 * i1  |
    +-------------------------+----------------------+-----------+

    * Memory: 
    N/A

    * FIFO: 
    N/A

    * Expression: 
    +-------------------------+----------+-------+---+----+------------+------------+
    |      Variable Name      | Operation| DSP48E| FF| LUT| Bitwidth P0| Bitwidth P1|
    +-------------------------+----------+-------+---+----+------------+------------+
    |c_fu_248_p2              |     +    |      0|  0|  12|          12|           1|
    |h_fu_263_p2              |     +    |      0|  0|  12|          12|           1|
    |in_data2_sum_fu_281_p2   |     +    |      0|  0|  33|          33|          33|
    |next_mul_fu_238_p2       |     +    |      0|  0|  24|          24|          24|
    |out_data4_sum_fu_296_p2  |     +    |      0|  0|  33|          33|          33|
    |tmp_fu_269_p2            |     +    |      0|  0|  24|          24|          24|
    |w_fu_316_p2              |     +    |      0|  0|  12|          12|           1|
    |ap_block_state12         |    and   |      0|  0|   1|           1|           1|
    |tmp_9_fu_357_p2          |    and   |      0|  0|   1|           1|           1|
    |exitcond1_fu_258_p2      |   icmp   |      0|  0|   5|          12|          12|
    |exitcond2_fu_243_p2      |   icmp   |      0|  0|   5|          12|          12|
    |exitcond_fu_311_p2       |   icmp   |      0|  0|   5|          12|          12|
    |notlhs_fu_339_p2         |   icmp   |      0|  0|   4|           8|           2|
    |notrhs_fu_345_p2         |   icmp   |      0|  0|   9|          23|           1|
    |ap_block_state5_io       |    or    |      0|  0|   1|           1|           1|
    |tmp_s_fu_351_p2          |    or    |      0|  0|   1|           1|           1|
    |tmp_6_fu_363_p3          |  select  |      0|  0|  32|           1|          32|
    +-------------------------+----------+-------+---+----+------------+------------+
    |Total                    |          |      0|  0| 214|         222|         192|
    +-------------------------+----------+-------+---+----+------------+------------+

    * Multiplexer: 
    +-----------------------------+----+-----------+-----+-----------+
    |             Name            | LUT| Input Size| Bits| Total Bits|
    +-----------------------------+----+-----------+-----+-----------+
    |ap_NS_fsm                    |   8|         19|    1|         19|
    |ap_sig_ioackin_gmem_ARREADY  |   3|          2|    1|          2|
    |ap_sig_ioackin_gmem_AWREADY  |   3|          2|    1|          2|
    |ap_sig_ioackin_gmem_WREADY   |   3|          2|    1|          2|
    |gmem_blk_n_AR                |   3|          2|    1|          2|
    |gmem_blk_n_AW                |   3|          2|    1|          2|
    |gmem_blk_n_B                 |   3|          2|    1|          2|
    |gmem_blk_n_R                 |   3|          2|    1|          2|
    |gmem_blk_n_W                 |   3|          2|    1|          2|
    |i_op_assign_1_reg_175        |   3|          2|   12|         24|
    |i_op_assign_2_reg_186        |   3|          2|   12|         24|
    |i_op_assign_reg_152          |   3|          2|   12|         24|
    |phi_mul_reg_163              |   3|          2|   24|         48|
    +-----------------------------+----+-----------+-----+-----------+
    |Total                        |  44|         43|   69|        155|
    +-----------------------------+----+-----------+-----+-----------+

    * Register: 
    +-----------------------------+----+----+-----+-----------+
    |             Name            | FF | LUT| Bits| Const Bits|
    +-----------------------------+----+----+-----+-----------+
    |ap_CS_fsm                    |  18|   0|   18|          0|
    |ap_reg_ioackin_gmem_ARREADY  |   1|   0|    1|          0|
    |ap_reg_ioackin_gmem_AWREADY  |   1|   0|    1|          0|
    |ap_reg_ioackin_gmem_WREADY   |   1|   0|    1|          0|
    |c_reg_421                    |  12|   0|   12|          0|
    |channel_V_read_reg_386       |  12|   0|   12|          0|
    |gmem_addr_1_reg_445          |  32|   0|   32|          0|
    |gmem_addr_read_reg_459       |  32|   0|   32|          0|
    |gmem_addr_reg_439            |  32|   0|   32|          0|
    |h_reg_429                    |  12|   0|   12|          0|
    |height_V_read_reg_381        |  12|   0|   12|          0|
    |i_op_assign_1_reg_175        |  12|   0|   12|          0|
    |i_op_assign_2_reg_186        |  12|   0|   12|          0|
    |i_op_assign_reg_152          |  12|   0|   12|          0|
    |next_mul_reg_413             |  24|   0|   24|          0|
    |phi_mul_reg_163              |  24|   0|   24|          0|
    |tmp_1_reg_401                |  12|   0|   32|         20|
    |tmp_2_cast4_reg_408          |  12|   0|   24|         12|
    |tmp_2_cast_reg_391           |  30|   0|   33|          3|
    |tmp_3_cast_reg_396           |  30|   0|   33|          3|
    |tmp_6_reg_466                |  32|   0|   32|          0|
    |tmp_reg_434                  |  24|   0|   24|          0|
    |w_reg_454                    |  12|   0|   12|          0|
    |width_V_read_reg_376         |  12|   0|   12|          0|
    +-----------------------------+----+----+-----+-----------+
    |Total                        | 413|   0|  451|         38|
    +-----------------------------+----+----+-----+-----------+



================================================================
== Interface
================================================================
* Summary: 
+------------------------+-----+-----+------------+--------------+--------------+
|        RTL Ports       | Dir | Bits|  Protocol  | Source Object|    C Type    |
+------------------------+-----+-----+------------+--------------+--------------+
|s_axi_AXILiteS_AWVALID  |  in |    1|    s_axi   |   AXILiteS   |    scalar    |
|s_axi_AXILiteS_AWREADY  | out |    1|    s_axi   |   AXILiteS   |    scalar    |
|s_axi_AXILiteS_AWADDR   |  in |    6|    s_axi   |   AXILiteS   |    scalar    |
|s_axi_AXILiteS_WVALID   |  in |    1|    s_axi   |   AXILiteS   |    scalar    |
|s_axi_AXILiteS_WREADY   | out |    1|    s_axi   |   AXILiteS   |    scalar    |
|s_axi_AXILiteS_WDATA    |  in |   32|    s_axi   |   AXILiteS   |    scalar    |
|s_axi_AXILiteS_WSTRB    |  in |    4|    s_axi   |   AXILiteS   |    scalar    |
|s_axi_AXILiteS_ARVALID  |  in |    1|    s_axi   |   AXILiteS   |    scalar    |
|s_axi_AXILiteS_ARREADY  | out |    1|    s_axi   |   AXILiteS   |    scalar    |
|s_axi_AXILiteS_ARADDR   |  in |    6|    s_axi   |   AXILiteS   |    scalar    |
|s_axi_AXILiteS_RVALID   | out |    1|    s_axi   |   AXILiteS   |    scalar    |
|s_axi_AXILiteS_RREADY   |  in |    1|    s_axi   |   AXILiteS   |    scalar    |
|s_axi_AXILiteS_RDATA    | out |   32|    s_axi   |   AXILiteS   |    scalar    |
|s_axi_AXILiteS_RRESP    | out |    2|    s_axi   |   AXILiteS   |    scalar    |
|s_axi_AXILiteS_BVALID   | out |    1|    s_axi   |   AXILiteS   |    scalar    |
|s_axi_AXILiteS_BREADY   |  in |    1|    s_axi   |   AXILiteS   |    scalar    |
|s_axi_AXILiteS_BRESP    | out |    2|    s_axi   |   AXILiteS   |    scalar    |
|ap_clk                  |  in |    1| ap_ctrl_hs |     ReLU     | return value |
|ap_rst_n                |  in |    1| ap_ctrl_hs |     ReLU     | return value |
|interrupt               | out |    1| ap_ctrl_hs |     ReLU     | return value |
|m_axi_gmem_AWVALID      | out |    1|    m_axi   |     gmem     |    pointer   |
|m_axi_gmem_AWREADY      |  in |    1|    m_axi   |     gmem     |    pointer   |
|m_axi_gmem_AWADDR       | out |   32|    m_axi   |     gmem     |    pointer   |
|m_axi_gmem_AWID         | out |    1|    m_axi   |     gmem     |    pointer   |
|m_axi_gmem_AWLEN        | out |    8|    m_axi   |     gmem     |    pointer   |
|m_axi_gmem_AWSIZE       | out |    3|    m_axi   |     gmem     |    pointer   |
|m_axi_gmem_AWBURST      | out |    2|    m_axi   |     gmem     |    pointer   |
|m_axi_gmem_AWLOCK       | out |    2|    m_axi   |     gmem     |    pointer   |
|m_axi_gmem_AWCACHE      | out |    4|    m_axi   |     gmem     |    pointer   |
|m_axi_gmem_AWPROT       | out |    3|    m_axi   |     gmem     |    pointer   |
|m_axi_gmem_AWQOS        | out |    4|    m_axi   |     gmem     |    pointer   |
|m_axi_gmem_AWREGION     | out |    4|    m_axi   |     gmem     |    pointer   |
|m_axi_gmem_AWUSER       | out |    1|    m_axi   |     gmem     |    pointer   |
|m_axi_gmem_WVALID       | out |    1|    m_axi   |     gmem     |    pointer   |
|m_axi_gmem_WREADY       |  in |    1|    m_axi   |     gmem     |    pointer   |
|m_axi_gmem_WDATA        | out |   32|    m_axi   |     gmem     |    pointer   |
|m_axi_gmem_WSTRB        | out |    4|    m_axi   |     gmem     |    pointer   |
|m_axi_gmem_WLAST        | out |    1|    m_axi   |     gmem     |    pointer   |
|m_axi_gmem_WID          | out |    1|    m_axi   |     gmem     |    pointer   |
|m_axi_gmem_WUSER        | out |    1|    m_axi   |     gmem     |    pointer   |
|m_axi_gmem_ARVALID      | out |    1|    m_axi   |     gmem     |    pointer   |
|m_axi_gmem_ARREADY      |  in |    1|    m_axi   |     gmem     |    pointer   |
|m_axi_gmem_ARADDR       | out |   32|    m_axi   |     gmem     |    pointer   |
|m_axi_gmem_ARID         | out |    1|    m_axi   |     gmem     |    pointer   |
|m_axi_gmem_ARLEN        | out |    8|    m_axi   |     gmem     |    pointer   |
|m_axi_gmem_ARSIZE       | out |    3|    m_axi   |     gmem     |    pointer   |
|m_axi_gmem_ARBURST      | out |    2|    m_axi   |     gmem     |    pointer   |
|m_axi_gmem_ARLOCK       | out |    2|    m_axi   |     gmem     |    pointer   |
|m_axi_gmem_ARCACHE      | out |    4|    m_axi   |     gmem     |    pointer   |
|m_axi_gmem_ARPROT       | out |    3|    m_axi   |     gmem     |    pointer   |
|m_axi_gmem_ARQOS        | out |    4|    m_axi   |     gmem     |    pointer   |
|m_axi_gmem_ARREGION     | out |    4|    m_axi   |     gmem     |    pointer   |
|m_axi_gmem_ARUSER       | out |    1|    m_axi   |     gmem     |    pointer   |
|m_axi_gmem_RVALID       |  in |    1|    m_axi   |     gmem     |    pointer   |
|m_axi_gmem_RREADY       | out |    1|    m_axi   |     gmem     |    pointer   |
|m_axi_gmem_RDATA        |  in |   32|    m_axi   |     gmem     |    pointer   |
|m_axi_gmem_RLAST        |  in |    1|    m_axi   |     gmem     |    pointer   |
|m_axi_gmem_RID          |  in |    1|    m_axi   |     gmem     |    pointer   |
|m_axi_gmem_RUSER        |  in |    1|    m_axi   |     gmem     |    pointer   |
|m_axi_gmem_RRESP        |  in |    2|    m_axi   |     gmem     |    pointer   |
|m_axi_gmem_BVALID       |  in |    1|    m_axi   |     gmem     |    pointer   |
|m_axi_gmem_BREADY       | out |    1|    m_axi   |     gmem     |    pointer   |
|m_axi_gmem_BRESP        |  in |    2|    m_axi   |     gmem     |    pointer   |
|m_axi_gmem_BID          |  in |    1|    m_axi   |     gmem     |    pointer   |
|m_axi_gmem_BUSER        |  in |    1|    m_axi   |     gmem     |    pointer   |
+------------------------+-----+-----+------------+--------------+--------------+

============================================================
+ Verbose Summary: Synthesis Manager
============================================================
InlineROM: 1
ExposeGlobal: 0
============================================================
+ Verbose Summary: CDFG Model
============================================================
IsTopModel: 1
ResetActiveHigh: 1
IsCombinational: 2
IsDatapathOnly: 2
HasWiredReturn: 1
HasMFsm: 0
HasVarLatency: 1
IsPipeline: 0
IsRtlPipelined: 0
IsInstanceOverlapped: 0
IsDontTouch: 0
HasImplIP: 0
IsGatedGlobalClock: 0


============================================================
+ Verbose Summary: Schedule
============================================================
* Number of FSM states : 18
* Pipeline : 0
* Dataflow Pipeline: 0

* FSM state transitions: 
1 --> 
	2  / true
2 --> 
	3  / (!exitcond2)
3 --> 
	4  / (!exitcond1)
	2  / (exitcond1)
4 --> 
	5  / true
5 --> 
	6  / true
6 --> 
	7  / true
7 --> 
	8  / true
8 --> 
	9  / true
9 --> 
	10  / true
10 --> 
	11  / true
11 --> 
	12  / true
12 --> 
	13  / (!exitcond)
	15  / (exitcond)
13 --> 
	14  / true
14 --> 
	12  / true
15 --> 
	16  / true
16 --> 
	17  / true
17 --> 
	18  / true
18 --> 
	3  / true

* FSM state operations: 

State 1 <SV = 0> <Delay = 1.00>
ST_1 : Operation 19 [1/1] (1.00ns)   --->   "%out_data_read = call i32 @_ssdm_op_Read.s_axilite.i32(i32 %out_data)"   --->   Operation 19 'read' 'out_data_read' <Predicate = true> <Delay = 1.00> <Core = "s_axilite">   --->   Core 10 's_axilite' <Latency = 0> <II = 1> <Delay = 1.00> <Adapter> <Opcode : 'read' 'write'>
ST_1 : Operation 20 [1/1] (1.00ns)   --->   "%in_data_read = call i32 @_ssdm_op_Read.s_axilite.i32(i32 %in_data)"   --->   Operation 20 'read' 'in_data_read' <Predicate = true> <Delay = 1.00> <Core = "s_axilite">   --->   Core 10 's_axilite' <Latency = 0> <II = 1> <Delay = 1.00> <Adapter> <Opcode : 'read' 'write'>
ST_1 : Operation 21 [1/1] (1.00ns)   --->   "%width_V_read = call i12 @_ssdm_op_Read.s_axilite.i12(i12 %width_V)"   --->   Operation 21 'read' 'width_V_read' <Predicate = true> <Delay = 1.00> <Core = "s_axilite">   --->   Core 10 's_axilite' <Latency = 0> <II = 1> <Delay = 1.00> <Adapter> <Opcode : 'read' 'write'>
ST_1 : Operation 22 [1/1] (1.00ns)   --->   "%height_V_read = call i12 @_ssdm_op_Read.s_axilite.i12(i12 %height_V)"   --->   Operation 22 'read' 'height_V_read' <Predicate = true> <Delay = 1.00> <Core = "s_axilite">   --->   Core 10 's_axilite' <Latency = 0> <II = 1> <Delay = 1.00> <Adapter> <Opcode : 'read' 'write'>
ST_1 : Operation 23 [1/1] (1.00ns)   --->   "%channel_V_read = call i12 @_ssdm_op_Read.s_axilite.i12(i12 %channel_V)"   --->   Operation 23 'read' 'channel_V_read' <Predicate = true> <Delay = 1.00> <Core = "s_axilite">   --->   Core 10 's_axilite' <Latency = 0> <II = 1> <Delay = 1.00> <Adapter> <Opcode : 'read' 'write'>
ST_1 : Operation 24 [1/1] (0.00ns)   --->   "%tmp_2 = call i30 @_ssdm_op_PartSelect.i30.i32.i32.i32(i32 %out_data_read, i32 2, i32 31)"   --->   Operation 24 'partselect' 'tmp_2' <Predicate = true> <Delay = 0.00>
ST_1 : Operation 25 [1/1] (0.00ns)   --->   "%tmp_2_cast = zext i30 %tmp_2 to i33"   --->   Operation 25 'zext' 'tmp_2_cast' <Predicate = true> <Delay = 0.00>
ST_1 : Operation 26 [1/1] (0.00ns)   --->   "%tmp_3 = call i30 @_ssdm_op_PartSelect.i30.i32.i32.i32(i32 %in_data_read, i32 2, i32 31)"   --->   Operation 26 'partselect' 'tmp_3' <Predicate = true> <Delay = 0.00>
ST_1 : Operation 27 [1/1] (0.00ns)   --->   "%tmp_3_cast = zext i30 %tmp_3 to i33"   --->   Operation 27 'zext' 'tmp_3_cast' <Predicate = true> <Delay = 0.00>
ST_1 : Operation 28 [1/1] (0.00ns)   --->   "call void (...)* @_ssdm_op_SpecBitsMap(float* %gmem), !map !65"   --->   Operation 28 'specbitsmap' <Predicate = true> <Delay = 0.00>
ST_1 : Operation 29 [1/1] (0.00ns)   --->   "call void (...)* @_ssdm_op_SpecBitsMap(i12 %channel_V), !map !70"   --->   Operation 29 'specbitsmap' <Predicate = true> <Delay = 0.00>
ST_1 : Operation 30 [1/1] (0.00ns)   --->   "call void (...)* @_ssdm_op_SpecBitsMap(i12 %height_V), !map !76"   --->   Operation 30 'specbitsmap' <Predicate = true> <Delay = 0.00>
ST_1 : Operation 31 [1/1] (0.00ns)   --->   "call void (...)* @_ssdm_op_SpecBitsMap(i12 %width_V), !map !80"   --->   Operation 31 'specbitsmap' <Predicate = true> <Delay = 0.00>
ST_1 : Operation 32 [1/1] (0.00ns)   --->   "call void (...)* @_ssdm_op_SpecTopModule([5 x i8]* @ReLU_str) nounwind"   --->   Operation 32 'spectopmodule' <Predicate = true> <Delay = 0.00>
ST_1 : Operation 33 [1/1] (0.00ns)   --->   "call void (...)* @_ssdm_op_SpecInterface(float* %gmem, [6 x i8]* @p_str, i32 0, i32 0, [1 x i8]* @p_str1, i32 0, i64 4294967295, [5 x i8]* @p_str2, [6 x i8]* @p_str3, [1 x i8]* @p_str1, i32 16, i32 16, i32 16, i32 16, [1 x i8]* @p_str1, [1 x i8]* @p_str1) nounwind" [../src/ReLU/ReLU.cpp:11]   --->   Operation 33 'specinterface' <Predicate = true> <Delay = 0.00>
ST_1 : Operation 34 [1/1] (0.00ns)   --->   "call void (...)* @_ssdm_op_SpecInterface(i32 %in_data, [10 x i8]* @mode, i32 0, i32 0, [1 x i8]* @p_str1, i32 0, i64 4294967295, [1 x i8]* @bundle, [6 x i8]* @p_str3, [1 x i8]* @p_str1, i32 16, i32 16, i32 16, i32 16, [1 x i8]* @p_str1, [1 x i8]* @p_str1) nounwind" [../src/ReLU/ReLU.cpp:11]   --->   Operation 34 'specinterface' <Predicate = true> <Delay = 0.00>
ST_1 : Operation 35 [1/1] (0.00ns)   --->   "call void (...)* @_ssdm_op_SpecInterface(i32 %out_data, [10 x i8]* @mode1, i32 0, i32 0, [1 x i8]* @p_str1, i32 0, i64 4294967295, [1 x i8]* @bundle2, [6 x i8]* @p_str3, [1 x i8]* @p_str1, i32 16, i32 16, i32 16, i32 16, [1 x i8]* @p_str1, [1 x i8]* @p_str1) nounwind" [../src/ReLU/ReLU.cpp:12]   --->   Operation 35 'specinterface' <Predicate = true> <Delay = 0.00>
ST_1 : Operation 36 [1/1] (0.00ns)   --->   "call void (...)* @_ssdm_op_SpecInterface(i12 %width_V, [10 x i8]* @p_str4, i32 0, i32 0, [1 x i8]* @p_str1, i32 0, i32 0, [1 x i8]* @p_str1, [1 x i8]* @p_str1, [1 x i8]* @p_str1, i32 0, i32 0, i32 0, i32 0, [1 x i8]* @p_str1, [1 x i8]* @p_str1) nounwind" [../src/ReLU/ReLU.cpp:13]   --->   Operation 36 'specinterface' <Predicate = true> <Delay = 0.00>
ST_1 : Operation 37 [1/1] (0.00ns)   --->   "call void (...)* @_ssdm_op_SpecInterface(i12 %height_V, [10 x i8]* @p_str4, i32 0, i32 0, [1 x i8]* @p_str1, i32 0, i32 0, [1 x i8]* @p_str1, [1 x i8]* @p_str1, [1 x i8]* @p_str1, i32 0, i32 0, i32 0, i32 0, [1 x i8]* @p_str1, [1 x i8]* @p_str1) nounwind" [../src/ReLU/ReLU.cpp:14]   --->   Operation 37 'specinterface' <Predicate = true> <Delay = 0.00>
ST_1 : Operation 38 [1/1] (0.00ns)   --->   "call void (...)* @_ssdm_op_SpecInterface(i12 %channel_V, [10 x i8]* @p_str4, i32 0, i32 0, [1 x i8]* @p_str1, i32 0, i32 0, [1 x i8]* @p_str1, [1 x i8]* @p_str1, [1 x i8]* @p_str1, i32 0, i32 0, i32 0, i32 0, [1 x i8]* @p_str1, [1 x i8]* @p_str1) nounwind" [../src/ReLU/ReLU.cpp:15]   --->   Operation 38 'specinterface' <Predicate = true> <Delay = 0.00>
ST_1 : Operation 39 [1/1] (0.00ns)   --->   "call void (...)* @_ssdm_op_SpecInterface(i32 0, [10 x i8]* @p_str4, i32 0, i32 0, [1 x i8]* @p_str1, i32 0, i32 0, [1 x i8]* @p_str1, [1 x i8]* @p_str1, [1 x i8]* @p_str1, i32 0, i32 0, i32 0, i32 0, [1 x i8]* @p_str1, [1 x i8]* @p_str1) nounwind" [../src/ReLU/ReLU.cpp:16]   --->   Operation 39 'specinterface' <Predicate = true> <Delay = 0.00>
ST_1 : Operation 40 [1/1] (0.00ns)   --->   "%tmp_1 = zext i12 %width_V_read to i32"   --->   Operation 40 'zext' 'tmp_1' <Predicate = true> <Delay = 0.00>
ST_1 : Operation 41 [1/1] (0.00ns)   --->   "%tmp_2_cast4 = zext i12 %height_V_read to i24"   --->   Operation 41 'zext' 'tmp_2_cast4' <Predicate = true> <Delay = 0.00>
ST_1 : Operation 42 [1/1] (0.46ns)   --->   "br label %1" [../src/ReLU/ReLU.cpp:18]   --->   Operation 42 'br' <Predicate = true> <Delay = 0.46>

State 2 <SV = 1> <Delay = 1.82>
ST_2 : Operation 43 [1/1] (0.00ns)   --->   "%i_op_assign = phi i12 [ 0, %0 ], [ %c, %6 ]"   --->   Operation 43 'phi' 'i_op_assign' <Predicate = true> <Delay = 0.00>
ST_2 : Operation 44 [1/1] (0.00ns)   --->   "%phi_mul = phi i24 [ 0, %0 ], [ %next_mul, %6 ]"   --->   Operation 44 'phi' 'phi_mul' <Predicate = true> <Delay = 0.00>
ST_2 : Operation 45 [1/1] (1.68ns)   --->   "%next_mul = add i24 %phi_mul, %tmp_2_cast4"   --->   Operation 45 'add' 'next_mul' <Predicate = true> <Delay = 1.68> <Core = "AddSub">   --->   Core 14 'AddSub' <Latency = 0> <II = 1> <Delay = 1.54> <FuncUnit> <Opcode : 'add' 'sub'> <InPorts = 2> <OutPorts = 1>
ST_2 : Operation 46 [1/1] (1.82ns)   --->   "%exitcond2 = icmp eq i12 %i_op_assign, %channel_V_read" [../src/ReLU/ReLU.cpp:18]   --->   Operation 46 'icmp' 'exitcond2' <Predicate = true> <Delay = 1.82> <Core = "Cmp">   --->   Core 25 'Cmp' <Latency = 0> <II = 1> <Delay = 2.02> <FuncUnit> <Opcode : 'icmp'> <InPorts = 2> <OutPorts = 1>
ST_2 : Operation 47 [1/1] (0.00ns)   --->   "%empty = call i32 (...)* @_ssdm_op_SpecLoopTripCount(i64 0, i64 4095, i64 0)"   --->   Operation 47 'speclooptripcount' 'empty' <Predicate = true> <Delay = 0.00>
ST_2 : Operation 48 [1/1] (1.54ns)   --->   "%c = add i12 %i_op_assign, 1" [../src/ReLU/ReLU.cpp:18]   --->   Operation 48 'add' 'c' <Predicate = true> <Delay = 1.54> <Core = "AddSub">   --->   Core 14 'AddSub' <Latency = 0> <II = 1> <Delay = 1.54> <FuncUnit> <Opcode : 'add' 'sub'> <InPorts = 2> <OutPorts = 1>
ST_2 : Operation 49 [1/1] (0.00ns)   --->   "br i1 %exitcond2, label %7, label %2" [../src/ReLU/ReLU.cpp:18]   --->   Operation 49 'br' <Predicate = true> <Delay = 0.00>
ST_2 : Operation 50 [1/1] (0.00ns)   --->   "%tmp_4 = call i32 (...)* @_ssdm_op_SpecRegionBegin([12 x i8]* @p_str5)" [../src/ReLU/ReLU.cpp:18]   --->   Operation 50 'specregionbegin' 'tmp_4' <Predicate = (!exitcond2)> <Delay = 0.00>
ST_2 : Operation 51 [1/1] (0.46ns)   --->   "br label %3" [../src/ReLU/ReLU.cpp:20]   --->   Operation 51 'br' <Predicate = (!exitcond2)> <Delay = 0.46>
ST_2 : Operation 52 [1/1] (0.00ns)   --->   "ret void" [../src/ReLU/ReLU.cpp:27]   --->   Operation 52 'ret' <Predicate = (exitcond2)> <Delay = 0.00>

State 3 <SV = 2> <Delay = 1.82>
ST_3 : Operation 53 [1/1] (0.00ns)   --->   "%i_op_assign_1 = phi i12 [ 0, %2 ], [ %h, %5 ]"   --->   Operation 53 'phi' 'i_op_assign_1' <Predicate = true> <Delay = 0.00>
ST_3 : Operation 54 [1/1] (0.00ns)   --->   "%i_op_assign_1_cast2 = zext i12 %i_op_assign_1 to i24" [../src/ReLU/ReLU.cpp:20]   --->   Operation 54 'zext' 'i_op_assign_1_cast2' <Predicate = true> <Delay = 0.00>
ST_3 : Operation 55 [1/1] (1.82ns)   --->   "%exitcond1 = icmp eq i12 %i_op_assign_1, %height_V_read" [../src/ReLU/ReLU.cpp:20]   --->   Operation 55 'icmp' 'exitcond1' <Predicate = true> <Delay = 1.82> <Core = "Cmp">   --->   Core 25 'Cmp' <Latency = 0> <II = 1> <Delay = 2.02> <FuncUnit> <Opcode : 'icmp'> <InPorts = 2> <OutPorts = 1>
ST_3 : Operation 56 [1/1] (0.00ns)   --->   "%empty_6 = call i32 (...)* @_ssdm_op_SpecLoopTripCount(i64 0, i64 4095, i64 0)"   --->   Operation 56 'speclooptripcount' 'empty_6' <Predicate = true> <Delay = 0.00>
ST_3 : Operation 57 [1/1] (1.54ns)   --->   "%h = add i12 %i_op_assign_1, 1" [../src/ReLU/ReLU.cpp:20]   --->   Operation 57 'add' 'h' <Predicate = true> <Delay = 1.54> <Core = "AddSub">   --->   Core 14 'AddSub' <Latency = 0> <II = 1> <Delay = 1.54> <FuncUnit> <Opcode : 'add' 'sub'> <InPorts = 2> <OutPorts = 1>
ST_3 : Operation 58 [1/1] (0.00ns)   --->   "br i1 %exitcond1, label %6, label %.preheader.preheader" [../src/ReLU/ReLU.cpp:20]   --->   Operation 58 'br' <Predicate = true> <Delay = 0.00>
ST_3 : Operation 59 [1/1] (1.68ns)   --->   "%tmp = add i24 %i_op_assign_1_cast2, %phi_mul" [../src/ReLU/ReLU.cpp:20]   --->   Operation 59 'add' 'tmp' <Predicate = (!exitcond1)> <Delay = 1.68> <Core = "AddSub">   --->   Core 14 'AddSub' <Latency = 0> <II = 1> <Delay = 1.54> <FuncUnit> <Opcode : 'add' 'sub'> <InPorts = 2> <OutPorts = 1>
ST_3 : Operation 60 [1/1] (0.00ns)   --->   "%empty_8 = call i32 (...)* @_ssdm_op_SpecRegionEnd([12 x i8]* @p_str5, i32 %tmp_4)" [../src/ReLU/ReLU.cpp:26]   --->   Operation 60 'specregionend' 'empty_8' <Predicate = (exitcond1)> <Delay = 0.00>
ST_3 : Operation 61 [1/1] (0.00ns)   --->   "br label %1" [../src/ReLU/ReLU.cpp:18]   --->   Operation 61 'br' <Predicate = (exitcond1)> <Delay = 0.00>

State 4 <SV = 3> <Delay = 7.44>
ST_4 : Operation 62 [1/1] (0.00ns)   --->   "%tmp_cast = zext i24 %tmp to i32" [../src/ReLU/ReLU.cpp:20]   --->   Operation 62 'zext' 'tmp_cast' <Predicate = true> <Delay = 0.00>
ST_4 : Operation 63 [1/1] (5.55ns) (root node of the DSP)   --->   "%tmp1 = mul i32 %tmp_1, %tmp_cast" [../src/ReLU/ReLU.cpp:20]   --->   Operation 63 'mul' 'tmp1' <Predicate = true> <Delay = 5.55> <Core = "DSP48">   --->   Core 65 'DSP48' <Latency = 0> <II = 1> <Delay = 5.55> <IPBlock> <Opcode : 'mul' 'add' 'sub' 'select'> <InPorts = 0> <OutPorts = 1> <Sync> <CReg>
ST_4 : Operation 64 [1/1] (0.00ns)   --->   "%tmp_5_cast = sext i32 %tmp1 to i33" [../src/ReLU/ReLU.cpp:23]   --->   Operation 64 'sext' 'tmp_5_cast' <Predicate = true> <Delay = 0.00>
ST_4 : Operation 65 [1/1] (1.89ns)   --->   "%in_data2_sum = add i33 %tmp_5_cast, %tmp_3_cast" [../src/ReLU/ReLU.cpp:23]   --->   Operation 65 'add' 'in_data2_sum' <Predicate = true> <Delay = 1.89> <Core = "AddSub">   --->   Core 14 'AddSub' <Latency = 0> <II = 1> <Delay = 1.54> <FuncUnit> <Opcode : 'add' 'sub'> <InPorts = 2> <OutPorts = 1>
ST_4 : Operation 66 [1/1] (0.00ns)   --->   "%in_data2_sum_cast = sext i33 %in_data2_sum to i64" [../src/ReLU/ReLU.cpp:23]   --->   Operation 66 'sext' 'in_data2_sum_cast' <Predicate = true> <Delay = 0.00>
ST_4 : Operation 67 [1/1] (0.00ns)   --->   "%gmem_addr = getelementptr inbounds float* %gmem, i64 %in_data2_sum_cast" [../src/ReLU/ReLU.cpp:23]   --->   Operation 67 'getelementptr' 'gmem_addr' <Predicate = true> <Delay = 0.00>
ST_4 : Operation 68 [1/1] (1.89ns)   --->   "%out_data4_sum = add i33 %tmp_5_cast, %tmp_2_cast" [../src/ReLU/ReLU.cpp:23]   --->   Operation 68 'add' 'out_data4_sum' <Predicate = true> <Delay = 1.89> <Core = "AddSub">   --->   Core 14 'AddSub' <Latency = 0> <II = 1> <Delay = 1.54> <FuncUnit> <Opcode : 'add' 'sub'> <InPorts = 2> <OutPorts = 1>
ST_4 : Operation 69 [1/1] (0.00ns)   --->   "%out_data4_sum_cast = sext i33 %out_data4_sum to i64" [../src/ReLU/ReLU.cpp:23]   --->   Operation 69 'sext' 'out_data4_sum_cast' <Predicate = true> <Delay = 0.00>
ST_4 : Operation 70 [1/1] (0.00ns)   --->   "%gmem_addr_1 = getelementptr inbounds float* %gmem, i64 %out_data4_sum_cast" [../src/ReLU/ReLU.cpp:23]   --->   Operation 70 'getelementptr' 'gmem_addr_1' <Predicate = true> <Delay = 0.00>

State 5 <SV = 4> <Delay = 8.75>
ST_5 : Operation 71 [7/7] (8.75ns)   --->   "%gmem_addr_rd_req = call i1 @_ssdm_op_ReadReq.m_axi.floatP(float* %gmem_addr, i32 %tmp_1)" [D:/software/Xilinx/Vivado/2018.3/win64/tools/clang/bin\..\lib\clang\3.1/../../../include/c++/4.5.2\bits/stl_algobase.h:214->../src/ReLU/ReLU.cpp:23]   --->   Operation 71 'readreq' 'gmem_addr_rd_req' <Predicate = true> <Delay = 8.75> <Core = "m_axi">   --->   Core 9 'm_axi' <Latency = 6> <II = 1> <Delay = 1.00> <Adapter> <Opcode : 'read' 'write' 'readreq' 'writereq' 'writeresp'>
ST_5 : Operation 72 [1/1] (8.75ns)   --->   "%gmem_addr_1_wr_req = call i1 @_ssdm_op_WriteReq.m_axi.floatP(float* %gmem_addr_1, i32 %tmp_1)" [../src/ReLU/ReLU.cpp:23]   --->   Operation 72 'writereq' 'gmem_addr_1_wr_req' <Predicate = true> <Delay = 8.75> <Core = "m_axi">   --->   Core 9 'm_axi' <Latency = 6> <II = 1> <Delay = 1.00> <Adapter> <Opcode : 'read' 'write' 'readreq' 'writereq' 'writeresp'>

State 6 <SV = 5> <Delay = 8.75>
ST_6 : Operation 73 [6/7] (8.75ns)   --->   "%gmem_addr_rd_req = call i1 @_ssdm_op_ReadReq.m_axi.floatP(float* %gmem_addr, i32 %tmp_1)" [D:/software/Xilinx/Vivado/2018.3/win64/tools/clang/bin\..\lib\clang\3.1/../../../include/c++/4.5.2\bits/stl_algobase.h:214->../src/ReLU/ReLU.cpp:23]   --->   Operation 73 'readreq' 'gmem_addr_rd_req' <Predicate = true> <Delay = 8.75> <Core = "m_axi">   --->   Core 9 'm_axi' <Latency = 6> <II = 1> <Delay = 1.00> <Adapter> <Opcode : 'read' 'write' 'readreq' 'writereq' 'writeresp'>

State 7 <SV = 6> <Delay = 8.75>
ST_7 : Operation 74 [5/7] (8.75ns)   --->   "%gmem_addr_rd_req = call i1 @_ssdm_op_ReadReq.m_axi.floatP(float* %gmem_addr, i32 %tmp_1)" [D:/software/Xilinx/Vivado/2018.3/win64/tools/clang/bin\..\lib\clang\3.1/../../../include/c++/4.5.2\bits/stl_algobase.h:214->../src/ReLU/ReLU.cpp:23]   --->   Operation 74 'readreq' 'gmem_addr_rd_req' <Predicate = true> <Delay = 8.75> <Core = "m_axi">   --->   Core 9 'm_axi' <Latency = 6> <II = 1> <Delay = 1.00> <Adapter> <Opcode : 'read' 'write' 'readreq' 'writereq' 'writeresp'>

State 8 <SV = 7> <Delay = 8.75>
ST_8 : Operation 75 [4/7] (8.75ns)   --->   "%gmem_addr_rd_req = call i1 @_ssdm_op_ReadReq.m_axi.floatP(float* %gmem_addr, i32 %tmp_1)" [D:/software/Xilinx/Vivado/2018.3/win64/tools/clang/bin\..\lib\clang\3.1/../../../include/c++/4.5.2\bits/stl_algobase.h:214->../src/ReLU/ReLU.cpp:23]   --->   Operation 75 'readreq' 'gmem_addr_rd_req' <Predicate = true> <Delay = 8.75> <Core = "m_axi">   --->   Core 9 'm_axi' <Latency = 6> <II = 1> <Delay = 1.00> <Adapter> <Opcode : 'read' 'write' 'readreq' 'writereq' 'writeresp'>

State 9 <SV = 8> <Delay = 8.75>
ST_9 : Operation 76 [3/7] (8.75ns)   --->   "%gmem_addr_rd_req = call i1 @_ssdm_op_ReadReq.m_axi.floatP(float* %gmem_addr, i32 %tmp_1)" [D:/software/Xilinx/Vivado/2018.3/win64/tools/clang/bin\..\lib\clang\3.1/../../../include/c++/4.5.2\bits/stl_algobase.h:214->../src/ReLU/ReLU.cpp:23]   --->   Operation 76 'readreq' 'gmem_addr_rd_req' <Predicate = true> <Delay = 8.75> <Core = "m_axi">   --->   Core 9 'm_axi' <Latency = 6> <II = 1> <Delay = 1.00> <Adapter> <Opcode : 'read' 'write' 'readreq' 'writereq' 'writeresp'>

State 10 <SV = 9> <Delay = 8.75>
ST_10 : Operation 77 [2/7] (8.75ns)   --->   "%gmem_addr_rd_req = call i1 @_ssdm_op_ReadReq.m_axi.floatP(float* %gmem_addr, i32 %tmp_1)" [D:/software/Xilinx/Vivado/2018.3/win64/tools/clang/bin\..\lib\clang\3.1/../../../include/c++/4.5.2\bits/stl_algobase.h:214->../src/ReLU/ReLU.cpp:23]   --->   Operation 77 'readreq' 'gmem_addr_rd_req' <Predicate = true> <Delay = 8.75> <Core = "m_axi">   --->   Core 9 'm_axi' <Latency = 6> <II = 1> <Delay = 1.00> <Adapter> <Opcode : 'read' 'write' 'readreq' 'writereq' 'writeresp'>

State 11 <SV = 10> <Delay = 8.75>
ST_11 : Operation 78 [1/7] (8.75ns)   --->   "%gmem_addr_rd_req = call i1 @_ssdm_op_ReadReq.m_axi.floatP(float* %gmem_addr, i32 %tmp_1)" [D:/software/Xilinx/Vivado/2018.3/win64/tools/clang/bin\..\lib\clang\3.1/../../../include/c++/4.5.2\bits/stl_algobase.h:214->../src/ReLU/ReLU.cpp:23]   --->   Operation 78 'readreq' 'gmem_addr_rd_req' <Predicate = true> <Delay = 8.75> <Core = "m_axi">   --->   Core 9 'm_axi' <Latency = 6> <II = 1> <Delay = 1.00> <Adapter> <Opcode : 'read' 'write' 'readreq' 'writereq' 'writeresp'>
ST_11 : Operation 79 [1/1] (0.46ns)   --->   "br label %.preheader" [../src/ReLU/ReLU.cpp:21]   --->   Operation 79 'br' <Predicate = true> <Delay = 0.46>

State 12 <SV = 11> <Delay = 8.75>
ST_12 : Operation 80 [1/1] (0.00ns)   --->   "%i_op_assign_2 = phi i12 [ %w, %4 ], [ 0, %.preheader.preheader ]"   --->   Operation 80 'phi' 'i_op_assign_2' <Predicate = true> <Delay = 0.00>
ST_12 : Operation 81 [1/1] (1.82ns)   --->   "%exitcond = icmp eq i12 %i_op_assign_2, %width_V_read" [../src/ReLU/ReLU.cpp:21]   --->   Operation 81 'icmp' 'exitcond' <Predicate = true> <Delay = 1.82> <Core = "Cmp">   --->   Core 25 'Cmp' <Latency = 0> <II = 1> <Delay = 2.02> <FuncUnit> <Opcode : 'icmp'> <InPorts = 2> <OutPorts = 1>
ST_12 : Operation 82 [1/1] (0.00ns)   --->   "%empty_7 = call i32 (...)* @_ssdm_op_SpecLoopTripCount(i64 0, i64 4095, i64 0)"   --->   Operation 82 'speclooptripcount' 'empty_7' <Predicate = true> <Delay = 0.00>
ST_12 : Operation 83 [1/1] (1.54ns)   --->   "%w = add i12 %i_op_assign_2, 1" [../src/ReLU/ReLU.cpp:21]   --->   Operation 83 'add' 'w' <Predicate = true> <Delay = 1.54> <Core = "AddSub">   --->   Core 14 'AddSub' <Latency = 0> <II = 1> <Delay = 1.54> <FuncUnit> <Opcode : 'add' 'sub'> <InPorts = 2> <OutPorts = 1>
ST_12 : Operation 84 [1/1] (0.00ns)   --->   "br i1 %exitcond, label %5, label %4" [../src/ReLU/ReLU.cpp:21]   --->   Operation 84 'br' <Predicate = true> <Delay = 0.00>
ST_12 : Operation 85 [1/1] (8.75ns)   --->   "%gmem_addr_read = call float @_ssdm_op_Read.m_axi.floatP(float* %gmem_addr)" [D:/software/Xilinx/Vivado/2018.3/win64/tools/clang/bin\..\lib\clang\3.1/../../../include/c++/4.5.2\bits/stl_algobase.h:214->../src/ReLU/ReLU.cpp:23]   --->   Operation 85 'read' 'gmem_addr_read' <Predicate = (!exitcond)> <Delay = 8.75> <Core = "m_axi">   --->   Core 9 'm_axi' <Latency = 6> <II = 1> <Delay = 1.00> <Adapter> <Opcode : 'read' 'write' 'readreq' 'writereq' 'writeresp'>
ST_12 : Operation 86 [5/5] (8.75ns)   --->   "%gmem_addr_1_wr_resp = call i1 @_ssdm_op_WriteResp.m_axi.floatP(float* %gmem_addr_1)" [../src/ReLU/ReLU.cpp:23]   --->   Operation 86 'writeresp' 'gmem_addr_1_wr_resp' <Predicate = (exitcond)> <Delay = 8.75> <Core = "m_axi">   --->   Core 9 'm_axi' <Latency = 6> <II = 1> <Delay = 1.00> <Adapter> <Opcode : 'read' 'write' 'readreq' 'writereq' 'writeresp'>

State 13 <SV = 12> <Delay = 6.04>
ST_13 : Operation 87 [1/1] (0.00ns)   --->   "%p_b_assign_load_to_i = bitcast float %gmem_addr_read to i32" [D:/software/Xilinx/Vivado/2018.3/win64/tools/clang/bin\..\lib\clang\3.1/../../../include/c++/4.5.2\bits/stl_algobase.h:214->../src/ReLU/ReLU.cpp:23]   --->   Operation 87 'bitcast' 'p_b_assign_load_to_i' <Predicate = true> <Delay = 0.00>
ST_13 : Operation 88 [1/1] (0.00ns)   --->   "%tmp_7 = call i8 @_ssdm_op_PartSelect.i8.i32.i32.i32(i32 %p_b_assign_load_to_i, i32 23, i32 30)" [D:/software/Xilinx/Vivado/2018.3/win64/tools/clang/bin\..\lib\clang\3.1/../../../include/c++/4.5.2\bits/stl_algobase.h:214->../src/ReLU/ReLU.cpp:23]   --->   Operation 88 'partselect' 'tmp_7' <Predicate = true> <Delay = 0.00>
ST_13 : Operation 89 [1/1] (0.00ns)   --->   "%tmp_5 = trunc i32 %p_b_assign_load_to_i to i23" [D:/software/Xilinx/Vivado/2018.3/win64/tools/clang/bin\..\lib\clang\3.1/../../../include/c++/4.5.2\bits/stl_algobase.h:214->../src/ReLU/ReLU.cpp:23]   --->   Operation 89 'trunc' 'tmp_5' <Predicate = true> <Delay = 0.00>
ST_13 : Operation 90 [1/1] (1.31ns)   --->   "%notlhs = icmp ne i8 %tmp_7, -1" [D:/software/Xilinx/Vivado/2018.3/win64/tools/clang/bin\..\lib\clang\3.1/../../../include/c++/4.5.2\bits/stl_algobase.h:214->../src/ReLU/ReLU.cpp:23]   --->   Operation 90 'icmp' 'notlhs' <Predicate = true> <Delay = 1.31> <Core = "Cmp">   --->   Core 25 'Cmp' <Latency = 0> <II = 1> <Delay = 2.02> <FuncUnit> <Opcode : 'icmp'> <InPorts = 2> <OutPorts = 1>
ST_13 : Operation 91 [1/1] (2.02ns)   --->   "%notrhs = icmp eq i23 %tmp_5, 0" [D:/software/Xilinx/Vivado/2018.3/win64/tools/clang/bin\..\lib\clang\3.1/../../../include/c++/4.5.2\bits/stl_algobase.h:214->../src/ReLU/ReLU.cpp:23]   --->   Operation 91 'icmp' 'notrhs' <Predicate = true> <Delay = 2.02> <Core = "Cmp">   --->   Core 25 'Cmp' <Latency = 0> <II = 1> <Delay = 2.02> <FuncUnit> <Opcode : 'icmp'> <InPorts = 2> <OutPorts = 1>
ST_13 : Operation 92 [1/1] (0.00ns) (grouped into LUT with out node tmp_6)   --->   "%tmp_s = or i1 %notrhs, %notlhs" [D:/software/Xilinx/Vivado/2018.3/win64/tools/clang/bin\..\lib\clang\3.1/../../../include/c++/4.5.2\bits/stl_algobase.h:214->../src/ReLU/ReLU.cpp:23]   --->   Operation 92 'or' 'tmp_s' <Predicate = true> <Delay = 0.00> <Core = "LogicGate">   --->   Core 27 'LogicGate' <Latency = 0> <II = 1> <Delay = 0.80> <FuncUnit> <Opcode : 'and' 'or' 'xor'> <InPorts = 2> <OutPorts = 1>
ST_13 : Operation 93 [1/1] (5.24ns)   --->   "%tmp_8 = fcmp ogt float %gmem_addr_read, 0.000000e+00" [D:/software/Xilinx/Vivado/2018.3/win64/tools/clang/bin\..\lib\clang\3.1/../../../include/c++/4.5.2\bits/stl_algobase.h:214->../src/ReLU/ReLU.cpp:23]   --->   Operation 93 'fcmp' 'tmp_8' <Predicate = true> <Delay = 5.24> <Core = "FCmp">   --->   Core 110 'FCmp' <Latency = 0> <II = 1> <Delay = 5.24> <FuncUnit> <Opcode : 'fcmp'> <InPorts = 2> <OutPorts = 1>
ST_13 : Operation 94 [1/1] (0.00ns) (grouped into LUT with out node tmp_6)   --->   "%tmp_9 = and i1 %tmp_s, %tmp_8" [D:/software/Xilinx/Vivado/2018.3/win64/tools/clang/bin\..\lib\clang\3.1/../../../include/c++/4.5.2\bits/stl_algobase.h:214->../src/ReLU/ReLU.cpp:23]   --->   Operation 94 'and' 'tmp_9' <Predicate = true> <Delay = 0.00> <Core = "LogicGate">   --->   Core 27 'LogicGate' <Latency = 0> <II = 1> <Delay = 0.80> <FuncUnit> <Opcode : 'and' 'or' 'xor'> <InPorts = 2> <OutPorts = 1>
ST_13 : Operation 95 [1/1] (0.80ns) (out node of the LUT)   --->   "%tmp_6 = select i1 %tmp_9, float %gmem_addr_read, float 0.000000e+00" [../src/ReLU/ReLU.cpp:23]   --->   Operation 95 'select' 'tmp_6' <Predicate = true> <Delay = 0.80> <Core = "Sel">   --->   Core 26 'Sel' <Latency = 0> <II = 1> <Delay = 0.70> <FuncUnit> <Opcode : 'select'> <InPorts = 3> <OutPorts = 1>

State 14 <SV = 13> <Delay = 8.75>
ST_14 : Operation 96 [1/1] (8.75ns)   --->   "call void @_ssdm_op_Write.m_axi.floatP(float* %gmem_addr_1, float %tmp_6, i4 -1)" [../src/ReLU/ReLU.cpp:23]   --->   Operation 96 'write' <Predicate = true> <Delay = 8.75> <Core = "m_axi">   --->   Core 9 'm_axi' <Latency = 6> <II = 1> <Delay = 1.00> <Adapter> <Opcode : 'read' 'write' 'readreq' 'writereq' 'writeresp'>
ST_14 : Operation 97 [1/1] (0.00ns)   --->   "br label %.preheader" [../src/ReLU/ReLU.cpp:21]   --->   Operation 97 'br' <Predicate = true> <Delay = 0.00>

State 15 <SV = 12> <Delay = 8.75>
ST_15 : Operation 98 [4/5] (8.75ns)   --->   "%gmem_addr_1_wr_resp = call i1 @_ssdm_op_WriteResp.m_axi.floatP(float* %gmem_addr_1)" [../src/ReLU/ReLU.cpp:23]   --->   Operation 98 'writeresp' 'gmem_addr_1_wr_resp' <Predicate = true> <Delay = 8.75> <Core = "m_axi">   --->   Core 9 'm_axi' <Latency = 6> <II = 1> <Delay = 1.00> <Adapter> <Opcode : 'read' 'write' 'readreq' 'writereq' 'writeresp'>

State 16 <SV = 13> <Delay = 8.75>
ST_16 : Operation 99 [3/5] (8.75ns)   --->   "%gmem_addr_1_wr_resp = call i1 @_ssdm_op_WriteResp.m_axi.floatP(float* %gmem_addr_1)" [../src/ReLU/ReLU.cpp:23]   --->   Operation 99 'writeresp' 'gmem_addr_1_wr_resp' <Predicate = true> <Delay = 8.75> <Core = "m_axi">   --->   Core 9 'm_axi' <Latency = 6> <II = 1> <Delay = 1.00> <Adapter> <Opcode : 'read' 'write' 'readreq' 'writereq' 'writeresp'>

State 17 <SV = 14> <Delay = 8.75>
ST_17 : Operation 100 [2/5] (8.75ns)   --->   "%gmem_addr_1_wr_resp = call i1 @_ssdm_op_WriteResp.m_axi.floatP(float* %gmem_addr_1)" [../src/ReLU/ReLU.cpp:23]   --->   Operation 100 'writeresp' 'gmem_addr_1_wr_resp' <Predicate = true> <Delay = 8.75> <Core = "m_axi">   --->   Core 9 'm_axi' <Latency = 6> <II = 1> <Delay = 1.00> <Adapter> <Opcode : 'read' 'write' 'readreq' 'writereq' 'writeresp'>

State 18 <SV = 15> <Delay = 8.75>
ST_18 : Operation 101 [1/5] (8.75ns)   --->   "%gmem_addr_1_wr_resp = call i1 @_ssdm_op_WriteResp.m_axi.floatP(float* %gmem_addr_1)" [../src/ReLU/ReLU.cpp:23]   --->   Operation 101 'writeresp' 'gmem_addr_1_wr_resp' <Predicate = true> <Delay = 8.75> <Core = "m_axi">   --->   Core 9 'm_axi' <Latency = 6> <II = 1> <Delay = 1.00> <Adapter> <Opcode : 'read' 'write' 'readreq' 'writereq' 'writeresp'>
ST_18 : Operation 102 [1/1] (0.00ns)   --->   "br label %3" [../src/ReLU/ReLU.cpp:20]   --->   Operation 102 'br' <Predicate = true> <Delay = 0.00>


============================================================
+ Verbose Summary: Binding
============================================================
STG Binding: 
---------------- STG Properties BEGIN ----------------
- Is combinational: 0
- Is one-state seq: 0
- Is datapath-only: 0
- Is pipelined: 0
- Is top level: 1
Port [ Return ] is wired: 1; IO mode=ap_ctrl_hs:ce=0
Port [ gmem]:  wired=1; compound=1; hidden=0; nouse=0; global=0; static=0; extern=0; dir=2; type=4; pingpong=0; private_global=0; IO mode=m_axi:ce=0
Port [ channel_V]:  wired=1; compound=0; hidden=0; nouse=0; global=0; static=0; extern=0; dir=0; type=0; pingpong=0; private_global=0; IO mode=ap_none:ce=0
Port [ height_V]:  wired=1; compound=0; hidden=0; nouse=0; global=0; static=0; extern=0; dir=0; type=0; pingpong=0; private_global=0; IO mode=ap_none:ce=0
Port [ width_V]:  wired=1; compound=0; hidden=0; nouse=0; global=0; static=0; extern=0; dir=0; type=0; pingpong=0; private_global=0; IO mode=ap_none:ce=0
Port [ in_data]:  wired=1; compound=0; hidden=0; nouse=0; global=0; static=0; extern=0; dir=0; type=0; pingpong=0; private_global=0; IO mode=ap_none:ce=0
Port [ out_data]:  wired=1; compound=0; hidden=0; nouse=0; global=0; static=0; extern=0; dir=0; type=0; pingpong=0; private_global=0; IO mode=ap_none:ce=0
---------------- STG Properties END ------------------

---------------- Datapath Model BEGIN ----------------

<LifeTime>
<method=bitvector/>
out_data_read        (read             ) [ 0000000000000000000]
in_data_read         (read             ) [ 0000000000000000000]
width_V_read         (read             ) [ 0011111111111111111]
height_V_read        (read             ) [ 0011111111111111111]
channel_V_read       (read             ) [ 0011111111111111111]
tmp_2                (partselect       ) [ 0000000000000000000]
tmp_2_cast           (zext             ) [ 0011111111111111111]
tmp_3                (partselect       ) [ 0000000000000000000]
tmp_3_cast           (zext             ) [ 0011111111111111111]
StgValue_28          (specbitsmap      ) [ 0000000000000000000]
StgValue_29          (specbitsmap      ) [ 0000000000000000000]
StgValue_30          (specbitsmap      ) [ 0000000000000000000]
StgValue_31          (specbitsmap      ) [ 0000000000000000000]
StgValue_32          (spectopmodule    ) [ 0000000000000000000]
StgValue_33          (specinterface    ) [ 0000000000000000000]
StgValue_34          (specinterface    ) [ 0000000000000000000]
StgValue_35          (specinterface    ) [ 0000000000000000000]
StgValue_36          (specinterface    ) [ 0000000000000000000]
StgValue_37          (specinterface    ) [ 0000000000000000000]
StgValue_38          (specinterface    ) [ 0000000000000000000]
StgValue_39          (specinterface    ) [ 0000000000000000000]
tmp_1                (zext             ) [ 0011111111111111111]
tmp_2_cast4          (zext             ) [ 0011111111111111111]
StgValue_42          (br               ) [ 0111111111111111111]
i_op_assign          (phi              ) [ 0010000000000000000]
phi_mul              (phi              ) [ 0011111111111111111]
next_mul             (add              ) [ 0111111111111111111]
exitcond2            (icmp             ) [ 0011111111111111111]
empty                (speclooptripcount) [ 0000000000000000000]
c                    (add              ) [ 0111111111111111111]
StgValue_49          (br               ) [ 0000000000000000000]
tmp_4                (specregionbegin  ) [ 0001111111111111111]
StgValue_51          (br               ) [ 0011111111111111111]
StgValue_52          (ret              ) [ 0000000000000000000]
i_op_assign_1        (phi              ) [ 0001000000000000000]
i_op_assign_1_cast2  (zext             ) [ 0000000000000000000]
exitcond1            (icmp             ) [ 0011111111111111111]
empty_6              (speclooptripcount) [ 0000000000000000000]
h                    (add              ) [ 0011111111111111111]
StgValue_58          (br               ) [ 0000000000000000000]
tmp                  (add              ) [ 0000100000000000000]
empty_8              (specregionend    ) [ 0000000000000000000]
StgValue_61          (br               ) [ 0111111111111111111]
tmp_cast             (zext             ) [ 0000000000000000000]
tmp1                 (mul              ) [ 0000000000000000000]
tmp_5_cast           (sext             ) [ 0000000000000000000]
in_data2_sum         (add              ) [ 0000000000000000000]
in_data2_sum_cast    (sext             ) [ 0000000000000000000]
gmem_addr            (getelementptr    ) [ 0000011111111110000]
out_data4_sum        (add              ) [ 0000000000000000000]
out_data4_sum_cast   (sext             ) [ 0000000000000000000]
gmem_addr_1          (getelementptr    ) [ 0000011111111111111]
gmem_addr_1_wr_req   (writereq         ) [ 0000000000000000000]
gmem_addr_rd_req     (readreq          ) [ 0000000000000000000]
StgValue_79          (br               ) [ 0011111111111111111]
i_op_assign_2        (phi              ) [ 0000000000001000000]
exitcond             (icmp             ) [ 0011111111111111111]
empty_7              (speclooptripcount) [ 0000000000000000000]
w                    (add              ) [ 0011111111111111111]
StgValue_84          (br               ) [ 0000000000000000000]
gmem_addr_read       (read             ) [ 0000000000000100000]
p_b_assign_load_to_i (bitcast          ) [ 0000000000000000000]
tmp_7                (partselect       ) [ 0000000000000000000]
tmp_5                (trunc            ) [ 0000000000000000000]
notlhs               (icmp             ) [ 0000000000000000000]
notrhs               (icmp             ) [ 0000000000000000000]
tmp_s                (or               ) [ 0000000000000000000]
tmp_8                (fcmp             ) [ 0000000000000000000]
tmp_9                (and              ) [ 0000000000000000000]
tmp_6                (select           ) [ 0000000000000010000]
StgValue_96          (write            ) [ 0000000000000000000]
StgValue_97          (br               ) [ 0011111111111111111]
gmem_addr_1_wr_resp  (writeresp        ) [ 0000000000000000000]
StgValue_102         (br               ) [ 0011111111111111111]
</LifeTime>

<model>

<comp_list>
<comp id="0" class="1000" name="gmem">
<pin_list>
<pin id="1" dir="1" index="0" bw="1" slack="0"/>
</pin_list>
<bind>
<StgValue><ssdm name="gmem"/></StgValue>
</bind>
</comp>

<comp id="2" class="1000" name="channel_V">
<pin_list>
<pin id="3" dir="1" index="0" bw="1" slack="0"/>
</pin_list>
<bind>
<StgValue><ssdm name="channel_V"/></StgValue>
</bind>
</comp>

<comp id="4" class="1000" name="height_V">
<pin_list>
<pin id="5" dir="1" index="0" bw="1" slack="0"/>
</pin_list>
<bind>
<StgValue><ssdm name="height_V"/></StgValue>
</bind>
</comp>

<comp id="6" class="1000" name="width_V">
<pin_list>
<pin id="7" dir="1" index="0" bw="1" slack="0"/>
</pin_list>
<bind>
<StgValue><ssdm name="width_V"/></StgValue>
</bind>
</comp>

<comp id="8" class="1000" name="in_data">
<pin_list>
<pin id="9" dir="1" index="0" bw="1" slack="0"/>
</pin_list>
<bind>
<StgValue><ssdm name="in_data"/></StgValue>
</bind>
</comp>

<comp id="10" class="1000" name="out_data">
<pin_list>
<pin id="11" dir="1" index="0" bw="1" slack="0"/>
</pin_list>
<bind>
<StgValue><ssdm name="out_data"/></StgValue>
</bind>
</comp>

<comp id="12" class="1001" name="const_12">
<pin_list>
<pin id="13" dir="1" index="0" bw="1" slack="0"/>
</pin_list>
<bind>
<StgValue><ssdm name="_ssdm_op_Read.s_axilite.i32"/></StgValue>
</bind>
</comp>

<comp id="14" class="1001" name="const_14">
<pin_list>
<pin id="15" dir="1" index="0" bw="1" slack="0"/>
</pin_list>
<bind>
<StgValue><ssdm name="_ssdm_op_Read.s_axilite.i12"/></StgValue>
</bind>
</comp>

<comp id="16" class="1001" name="const_16">
<pin_list>
<pin id="17" dir="1" index="0" bw="1" slack="0"/>
</pin_list>
<bind>
<StgValue><ssdm name="_ssdm_op_PartSelect.i30.i32.i32.i32"/></StgValue>
</bind>
</comp>

<comp id="18" class="1001" name="const_18">
<pin_list>
<pin id="19" dir="1" index="0" bw="1" slack="0"/>
</pin_list>
<bind>
<StgValue><ssdm name=""/></StgValue>
</bind>
</comp>

<comp id="20" class="1001" name="const_20">
<pin_list>
<pin id="21" dir="1" index="0" bw="1" slack="0"/>
</pin_list>
<bind>
<StgValue><ssdm name=""/></StgValue>
</bind>
</comp>

<comp id="22" class="1001" name="const_22">
<pin_list>
<pin id="23" dir="1" index="0" bw="1" slack="2147483647"/>
</pin_list>
<bind>
<StgValue><ssdm name="_ssdm_op_SpecBitsMap"/></StgValue>
</bind>
</comp>

<comp id="24" class="1001" name="const_24">
<pin_list>
<pin id="25" dir="1" index="0" bw="1" slack="2147483647"/>
</pin_list>
<bind>
<StgValue><ssdm name="_ssdm_op_SpecTopModule"/></StgValue>
</bind>
</comp>

<comp id="26" class="1001" name="const_26">
<pin_list>
<pin id="27" dir="1" index="0" bw="1" slack="2147483647"/>
</pin_list>
<bind>
<StgValue><ssdm name="ReLU_str"/></StgValue>
</bind>
</comp>

<comp id="28" class="1001" name="const_28">
<pin_list>
<pin id="29" dir="1" index="0" bw="1" slack="2147483647"/>
</pin_list>
<bind>
<StgValue><ssdm name="_ssdm_op_SpecInterface"/></StgValue>
</bind>
</comp>

<comp id="30" class="1001" name="const_30">
<pin_list>
<pin id="31" dir="1" index="0" bw="1" slack="2147483647"/>
</pin_list>
<bind>
<StgValue><ssdm name="p_str"/></StgValue>
</bind>
</comp>

<comp id="32" class="1001" name="const_32">
<pin_list>
<pin id="33" dir="1" index="0" bw="1" slack="2147483647"/>
</pin_list>
<bind>
<StgValue><ssdm name=""/></StgValue>
</bind>
</comp>

<comp id="34" class="1001" name="const_34">
<pin_list>
<pin id="35" dir="1" index="0" bw="1" slack="2147483647"/>
</pin_list>
<bind>
<StgValue><ssdm name="p_str1"/></StgValue>
</bind>
</comp>

<comp id="36" class="1001" name="const_36">
<pin_list>
<pin id="37" dir="1" index="0" bw="1" slack="2147483647"/>
</pin_list>
<bind>
<StgValue><ssdm name=""/></StgValue>
</bind>
</comp>

<comp id="38" class="1001" name="const_38">
<pin_list>
<pin id="39" dir="1" index="0" bw="1" slack="2147483647"/>
</pin_list>
<bind>
<StgValue><ssdm name="p_str2"/></StgValue>
</bind>
</comp>

<comp id="40" class="1001" name="const_40">
<pin_list>
<pin id="41" dir="1" index="0" bw="1" slack="2147483647"/>
</pin_list>
<bind>
<StgValue><ssdm name="p_str3"/></StgValue>
</bind>
</comp>

<comp id="42" class="1001" name="const_42">
<pin_list>
<pin id="43" dir="1" index="0" bw="1" slack="2147483647"/>
</pin_list>
<bind>
<StgValue><ssdm name=""/></StgValue>
</bind>
</comp>

<comp id="44" class="1001" name="const_44">
<pin_list>
<pin id="45" dir="1" index="0" bw="1" slack="2147483647"/>
</pin_list>
<bind>
<StgValue><ssdm name="mode"/></StgValue>
</bind>
</comp>

<comp id="46" class="1001" name="const_46">
<pin_list>
<pin id="47" dir="1" index="0" bw="1" slack="2147483647"/>
</pin_list>
<bind>
<StgValue><ssdm name="bundle"/></StgValue>
</bind>
</comp>

<comp id="48" class="1001" name="const_48">
<pin_list>
<pin id="49" dir="1" index="0" bw="1" slack="2147483647"/>
</pin_list>
<bind>
<StgValue><ssdm name="mode1"/></StgValue>
</bind>
</comp>

<comp id="50" class="1001" name="const_50">
<pin_list>
<pin id="51" dir="1" index="0" bw="1" slack="2147483647"/>
</pin_list>
<bind>
<StgValue><ssdm name="bundle2"/></StgValue>
</bind>
</comp>

<comp id="52" class="1001" name="const_52">
<pin_list>
<pin id="53" dir="1" index="0" bw="1" slack="2147483647"/>
</pin_list>
<bind>
<StgValue><ssdm name="p_str4"/></StgValue>
</bind>
</comp>

<comp id="54" class="1001" name="const_54">
<pin_list>
<pin id="55" dir="1" index="0" bw="1" slack="1"/>
</pin_list>
<bind>
<StgValue><ssdm name=""/></StgValue>
</bind>
</comp>

<comp id="56" class="1001" name="const_56">
<pin_list>
<pin id="57" dir="1" index="0" bw="1" slack="1"/>
</pin_list>
<bind>
<StgValue><ssdm name=""/></StgValue>
</bind>
</comp>

<comp id="58" class="1001" name="const_58">
<pin_list>
<pin id="59" dir="1" index="0" bw="1" slack="2147483647"/>
</pin_list>
<bind>
<StgValue><ssdm name="_ssdm_op_SpecLoopTripCount"/></StgValue>
</bind>
</comp>

<comp id="60" class="1001" name="const_60">
<pin_list>
<pin id="61" dir="1" index="0" bw="1" slack="2147483647"/>
</pin_list>
<bind>
<StgValue><ssdm name=""/></StgValue>
</bind>
</comp>

<comp id="62" class="1001" name="const_62">
<pin_list>
<pin id="63" dir="1" index="0" bw="1" slack="2147483647"/>
</pin_list>
<bind>
<StgValue><ssdm name=""/></StgValue>
</bind>
</comp>

<comp id="64" class="1001" name="const_64">
<pin_list>
<pin id="65" dir="1" index="0" bw="1" slack="0"/>
</pin_list>
<bind>
<StgValue><ssdm name=""/></StgValue>
</bind>
</comp>

<comp id="66" class="1001" name="const_66">
<pin_list>
<pin id="67" dir="1" index="0" bw="1" slack="2147483647"/>
</pin_list>
<bind>
<StgValue><ssdm name="_ssdm_op_SpecRegionBegin"/></StgValue>
</bind>
</comp>

<comp id="68" class="1001" name="const_68">
<pin_list>
<pin id="69" dir="1" index="0" bw="1" slack="2147483647"/>
</pin_list>
<bind>
<StgValue><ssdm name="p_str5"/></StgValue>
</bind>
</comp>

<comp id="70" class="1001" name="const_70">
<pin_list>
<pin id="71" dir="1" index="0" bw="1" slack="2147483647"/>
</pin_list>
<bind>
<StgValue><ssdm name="_ssdm_op_SpecRegionEnd"/></StgValue>
</bind>
</comp>

<comp id="72" class="1001" name="const_72">
<pin_list>
<pin id="73" dir="1" index="0" bw="1" slack="0"/>
</pin_list>
<bind>
<StgValue><ssdm name="_ssdm_op_ReadReq.m_axi.floatP"/></StgValue>
</bind>
</comp>

<comp id="74" class="1001" name="const_74">
<pin_list>
<pin id="75" dir="1" index="0" bw="1" slack="0"/>
</pin_list>
<bind>
<StgValue><ssdm name="_ssdm_op_WriteReq.m_axi.floatP"/></StgValue>
</bind>
</comp>

<comp id="76" class="1001" name="const_76">
<pin_list>
<pin id="77" dir="1" index="0" bw="1" slack="0"/>
</pin_list>
<bind>
<StgValue><ssdm name="_ssdm_op_Read.m_axi.floatP"/></StgValue>
</bind>
</comp>

<comp id="78" class="1001" name="const_78">
<pin_list>
<pin id="79" dir="1" index="0" bw="1" slack="0"/>
</pin_list>
<bind>
<StgValue><ssdm name="_ssdm_op_WriteResp.m_axi.floatP"/></StgValue>
</bind>
</comp>

<comp id="80" class="1001" name="const_80">
<pin_list>
<pin id="81" dir="1" index="0" bw="1" slack="0"/>
</pin_list>
<bind>
<StgValue><ssdm name="_ssdm_op_PartSelect.i8.i32.i32.i32"/></StgValue>
</bind>
</comp>

<comp id="82" class="1001" name="const_82">
<pin_list>
<pin id="83" dir="1" index="0" bw="1" slack="0"/>
</pin_list>
<bind>
<StgValue><ssdm name=""/></StgValue>
</bind>
</comp>

<comp id="84" class="1001" name="const_84">
<pin_list>
<pin id="85" dir="1" index="0" bw="1" slack="0"/>
</pin_list>
<bind>
<StgValue><ssdm name=""/></StgValue>
</bind>
</comp>

<comp id="86" class="1001" name="const_86">
<pin_list>
<pin id="87" dir="1" index="0" bw="1" slack="0"/>
</pin_list>
<bind>
<StgValue><ssdm name=""/></StgValue>
</bind>
</comp>

<comp id="88" class="1001" name="const_88">
<pin_list>
<pin id="89" dir="1" index="0" bw="1" slack="0"/>
</pin_list>
<bind>
<StgValue><ssdm name=""/></StgValue>
</bind>
</comp>

<comp id="90" class="1001" name="const_90">
<pin_list>
<pin id="91" dir="1" index="0" bw="1" slack="0"/>
</pin_list>
<bind>
<StgValue><ssdm name=""/></StgValue>
</bind>
</comp>

<comp id="92" class="1001" name="const_92">
<pin_list>
<pin id="93" dir="1" index="0" bw="1" slack="0"/>
</pin_list>
<bind>
<StgValue><ssdm name="_ssdm_op_Write.m_axi.floatP"/></StgValue>
</bind>
</comp>

<comp id="94" class="1001" name="const_94">
<pin_list>
<pin id="95" dir="1" index="0" bw="1" slack="0"/>
</pin_list>
<bind>
<StgValue><ssdm name=""/></StgValue>
</bind>
</comp>

<comp id="96" class="1004" name="out_data_read_read_fu_96">
<pin_list>
<pin id="97" dir="0" index="0" bw="32" slack="0"/>
<pin id="98" dir="0" index="1" bw="32" slack="0"/>
<pin id="99" dir="1" index="2" bw="32" slack="0"/>
</pin_list>
<bind>
<opcode="read(1150) " fcode="read"/>
<opset="out_data_read/1 "/>
</bind>
</comp>

<comp id="102" class="1004" name="in_data_read_read_fu_102">
<pin_list>
<pin id="103" dir="0" index="0" bw="32" slack="0"/>
<pin id="104" dir="0" index="1" bw="32" slack="0"/>
<pin id="105" dir="1" index="2" bw="32" slack="0"/>
</pin_list>
<bind>
<opcode="read(1150) " fcode="read"/>
<opset="in_data_read/1 "/>
</bind>
</comp>

<comp id="108" class="1004" name="width_V_read_read_fu_108">
<pin_list>
<pin id="109" dir="0" index="0" bw="12" slack="0"/>
<pin id="110" dir="0" index="1" bw="12" slack="0"/>
<pin id="111" dir="1" index="2" bw="12" slack="0"/>
</pin_list>
<bind>
<opcode="read(1150) " fcode="read"/>
<opset="width_V_read/1 "/>
</bind>
</comp>

<comp id="114" class="1004" name="height_V_read_read_fu_114">
<pin_list>
<pin id="115" dir="0" index="0" bw="12" slack="0"/>
<pin id="116" dir="0" index="1" bw="12" slack="0"/>
<pin id="117" dir="1" index="2" bw="12" slack="0"/>
</pin_list>
<bind>
<opcode="read(1150) " fcode="read"/>
<opset="height_V_read/1 "/>
</bind>
</comp>

<comp id="120" class="1004" name="channel_V_read_read_fu_120">
<pin_list>
<pin id="121" dir="0" index="0" bw="12" slack="0"/>
<pin id="122" dir="0" index="1" bw="12" slack="0"/>
<pin id="123" dir="1" index="2" bw="12" slack="1"/>
</pin_list>
<bind>
<opcode="read(1150) " fcode="read"/>
<opset="channel_V_read/1 "/>
</bind>
</comp>

<comp id="126" class="1004" name="grp_readreq_fu_126">
<pin_list>
<pin id="127" dir="0" index="0" bw="1" slack="0"/>
<pin id="128" dir="0" index="1" bw="32" slack="1"/>
<pin id="129" dir="0" index="2" bw="12" slack="4"/>
<pin id="130" dir="1" index="3" bw="1" slack="2147483647"/>
</pin_list>
<bind>
<opcode="readreq(1154) " fcode="readreq"/>
<opset="gmem_addr_rd_req/5 "/>
</bind>
</comp>

<comp id="132" class="1004" name="grp_writeresp_fu_132">
<pin_list>
<pin id="133" dir="0" index="0" bw="1" slack="0"/>
<pin id="134" dir="0" index="1" bw="32" slack="1"/>
<pin id="135" dir="0" index="2" bw="12" slack="4"/>
<pin id="136" dir="1" index="3" bw="1" slack="2147483647"/>
</pin_list>
<bind>
<opcode="writereq(1155) writeresp(1158) " fcode="writeresp"/>
<opset="gmem_addr_1_wr_req/5 gmem_addr_1_wr_resp/12 "/>
</bind>
</comp>

<comp id="138" class="1004" name="gmem_addr_read_read_fu_138">
<pin_list>
<pin id="139" dir="0" index="0" bw="32" slack="0"/>
<pin id="140" dir="0" index="1" bw="32" slack="8"/>
<pin id="141" dir="1" index="2" bw="32" slack="1"/>
</pin_list>
<bind>
<opcode="read(1150) " fcode="read"/>
<opset="gmem_addr_read/12 "/>
</bind>
</comp>

<comp id="144" class="1004" name="StgValue_96_write_fu_144">
<pin_list>
<pin id="145" dir="0" index="0" bw="0" slack="0"/>
<pin id="146" dir="0" index="1" bw="32" slack="10"/>
<pin id="147" dir="0" index="2" bw="32" slack="1"/>
<pin id="148" dir="0" index="3" bw="1" slack="0"/>
<pin id="149" dir="1" index="4" bw="0" slack="2147483647"/>
</pin_list>
<bind>
<opcode="write(1151) " fcode="write"/>
<opset="StgValue_96/14 "/>
</bind>
</comp>

<comp id="152" class="1005" name="i_op_assign_reg_152">
<pin_list>
<pin id="153" dir="0" index="0" bw="12" slack="1"/>
<pin id="154" dir="1" index="1" bw="12" slack="1"/>
</pin_list>
<bind>
<opset="i_op_assign (phireg) "/>
</bind>
</comp>

<comp id="156" class="1004" name="i_op_assign_phi_fu_156">
<pin_list>
<pin id="157" dir="0" index="0" bw="1" slack="1"/>
<pin id="158" dir="0" index="1" bw="0" slack="2147483647"/>
<pin id="159" dir="0" index="2" bw="12" slack="0"/>
<pin id="160" dir="0" index="3" bw="0" slack="2147483647"/>
<pin id="161" dir="1" index="4" bw="12" slack="0"/>
</pin_list>
<bind>
<opcode="phi(47) " fcode="phi"/>
<opset="i_op_assign/2 "/>
</bind>
</comp>

<comp id="163" class="1005" name="phi_mul_reg_163">
<pin_list>
<pin id="164" dir="0" index="0" bw="24" slack="1"/>
<pin id="165" dir="1" index="1" bw="24" slack="1"/>
</pin_list>
<bind>
<opset="phi_mul (phireg) "/>
</bind>
</comp>

<comp id="167" class="1004" name="phi_mul_phi_fu_167">
<pin_list>
<pin id="168" dir="0" index="0" bw="1" slack="1"/>
<pin id="169" dir="0" index="1" bw="0" slack="2147483647"/>
<pin id="170" dir="0" index="2" bw="24" slack="0"/>
<pin id="171" dir="0" index="3" bw="0" slack="2147483647"/>
<pin id="172" dir="1" index="4" bw="24" slack="0"/>
</pin_list>
<bind>
<opcode="phi(47) " fcode="phi"/>
<opset="phi_mul/2 "/>
</bind>
</comp>

<comp id="175" class="1005" name="i_op_assign_1_reg_175">
<pin_list>
<pin id="176" dir="0" index="0" bw="12" slack="1"/>
<pin id="177" dir="1" index="1" bw="12" slack="1"/>
</pin_list>
<bind>
<opset="i_op_assign_1 (phireg) "/>
</bind>
</comp>

<comp id="179" class="1004" name="i_op_assign_1_phi_fu_179">
<pin_list>
<pin id="180" dir="0" index="0" bw="1" slack="1"/>
<pin id="181" dir="0" index="1" bw="0" slack="2147483647"/>
<pin id="182" dir="0" index="2" bw="12" slack="0"/>
<pin id="183" dir="0" index="3" bw="0" slack="2147483647"/>
<pin id="184" dir="1" index="4" bw="12" slack="0"/>
</pin_list>
<bind>
<opcode="phi(47) " fcode="phi"/>
<opset="i_op_assign_1/3 "/>
</bind>
</comp>

<comp id="186" class="1005" name="i_op_assign_2_reg_186">
<pin_list>
<pin id="187" dir="0" index="0" bw="12" slack="1"/>
<pin id="188" dir="1" index="1" bw="12" slack="1"/>
</pin_list>
<bind>
<opset="i_op_assign_2 (phireg) "/>
</bind>
</comp>

<comp id="190" class="1004" name="i_op_assign_2_phi_fu_190">
<pin_list>
<pin id="191" dir="0" index="0" bw="12" slack="0"/>
<pin id="192" dir="0" index="1" bw="0" slack="2147483647"/>
<pin id="193" dir="0" index="2" bw="1" slack="1"/>
<pin id="194" dir="0" index="3" bw="0" slack="2147483647"/>
<pin id="195" dir="1" index="4" bw="12" slack="0"/>
</pin_list>
<bind>
<opcode="phi(47) " fcode="phi"/>
<opset="i_op_assign_2/12 "/>
</bind>
</comp>

<comp id="197" class="1004" name="tmp_8_fu_197">
<pin_list>
<pin id="198" dir="0" index="0" bw="32" slack="1"/>
<pin id="199" dir="0" index="1" bw="32" slack="0"/>
<pin id="200" dir="1" index="2" bw="1" slack="0"/>
</pin_list>
<bind>
<opcode="fcmp(46) " fcode="fcmp"/>
<opset="tmp_8/13 "/>
</bind>
</comp>

<comp id="202" class="1004" name="tmp_2_fu_202">
<pin_list>
<pin id="203" dir="0" index="0" bw="30" slack="0"/>
<pin id="204" dir="0" index="1" bw="32" slack="0"/>
<pin id="205" dir="0" index="2" bw="3" slack="0"/>
<pin id="206" dir="0" index="3" bw="6" slack="0"/>
<pin id="207" dir="1" index="4" bw="30" slack="0"/>
</pin_list>
<bind>
<opcode="partselect(1002) " fcode="partselect"/>
<opset="tmp_2/1 "/>
</bind>
</comp>

<comp id="212" class="1004" name="tmp_2_cast_fu_212">
<pin_list>
<pin id="213" dir="0" index="0" bw="30" slack="0"/>
<pin id="214" dir="1" index="1" bw="33" slack="3"/>
</pin_list>
<bind>
<opcode="zext(34) " fcode="zext"/>
<opset="tmp_2_cast/1 "/>
</bind>
</comp>

<comp id="216" class="1004" name="tmp_3_fu_216">
<pin_list>
<pin id="217" dir="0" index="0" bw="30" slack="0"/>
<pin id="218" dir="0" index="1" bw="32" slack="0"/>
<pin id="219" dir="0" index="2" bw="3" slack="0"/>
<pin id="220" dir="0" index="3" bw="6" slack="0"/>
<pin id="221" dir="1" index="4" bw="30" slack="0"/>
</pin_list>
<bind>
<opcode="partselect(1002) " fcode="partselect"/>
<opset="tmp_3/1 "/>
</bind>
</comp>

<comp id="226" class="1004" name="tmp_3_cast_fu_226">
<pin_list>
<pin id="227" dir="0" index="0" bw="30" slack="0"/>
<pin id="228" dir="1" index="1" bw="33" slack="3"/>
</pin_list>
<bind>
<opcode="zext(34) " fcode="zext"/>
<opset="tmp_3_cast/1 "/>
</bind>
</comp>

<comp id="230" class="1004" name="tmp_1_fu_230">
<pin_list>
<pin id="231" dir="0" index="0" bw="12" slack="0"/>
<pin id="232" dir="1" index="1" bw="32" slack="3"/>
</pin_list>
<bind>
<opcode="zext(34) " fcode="zext"/>
<opset="tmp_1/1 "/>
</bind>
</comp>

<comp id="234" class="1004" name="tmp_2_cast4_fu_234">
<pin_list>
<pin id="235" dir="0" index="0" bw="12" slack="0"/>
<pin id="236" dir="1" index="1" bw="24" slack="1"/>
</pin_list>
<bind>
<opcode="zext(34) " fcode="zext"/>
<opset="tmp_2_cast4/1 "/>
</bind>
</comp>

<comp id="238" class="1004" name="next_mul_fu_238">
<pin_list>
<pin id="239" dir="0" index="0" bw="24" slack="0"/>
<pin id="240" dir="0" index="1" bw="12" slack="1"/>
<pin id="241" dir="1" index="2" bw="24" slack="0"/>
</pin_list>
<bind>
<opcode="add(8) " fcode="add"/>
<opset="next_mul/2 "/>
</bind>
</comp>

<comp id="243" class="1004" name="exitcond2_fu_243">
<pin_list>
<pin id="244" dir="0" index="0" bw="12" slack="0"/>
<pin id="245" dir="0" index="1" bw="12" slack="1"/>
<pin id="246" dir="1" index="2" bw="1" slack="2147483647"/>
</pin_list>
<bind>
<opcode="icmp(45) " fcode="icmp"/>
<opset="exitcond2/2 "/>
</bind>
</comp>

<comp id="248" class="1004" name="c_fu_248">
<pin_list>
<pin id="249" dir="0" index="0" bw="12" slack="0"/>
<pin id="250" dir="0" index="1" bw="1" slack="0"/>
<pin id="251" dir="1" index="2" bw="12" slack="0"/>
</pin_list>
<bind>
<opcode="add(8) " fcode="add"/>
<opset="c/2 "/>
</bind>
</comp>

<comp id="254" class="1004" name="i_op_assign_1_cast2_fu_254">
<pin_list>
<pin id="255" dir="0" index="0" bw="12" slack="0"/>
<pin id="256" dir="1" index="1" bw="24" slack="0"/>
</pin_list>
<bind>
<opcode="zext(34) " fcode="zext"/>
<opset="i_op_assign_1_cast2/3 "/>
</bind>
</comp>

<comp id="258" class="1004" name="exitcond1_fu_258">
<pin_list>
<pin id="259" dir="0" index="0" bw="12" slack="0"/>
<pin id="260" dir="0" index="1" bw="12" slack="2"/>
<pin id="261" dir="1" index="2" bw="1" slack="2147483647"/>
</pin_list>
<bind>
<opcode="icmp(45) " fcode="icmp"/>
<opset="exitcond1/3 "/>
</bind>
</comp>

<comp id="263" class="1004" name="h_fu_263">
<pin_list>
<pin id="264" dir="0" index="0" bw="12" slack="0"/>
<pin id="265" dir="0" index="1" bw="1" slack="0"/>
<pin id="266" dir="1" index="2" bw="12" slack="0"/>
</pin_list>
<bind>
<opcode="add(8) " fcode="add"/>
<opset="h/3 "/>
</bind>
</comp>

<comp id="269" class="1004" name="tmp_fu_269">
<pin_list>
<pin id="270" dir="0" index="0" bw="12" slack="0"/>
<pin id="271" dir="0" index="1" bw="24" slack="1"/>
<pin id="272" dir="1" index="2" bw="24" slack="1"/>
</pin_list>
<bind>
<opcode="add(8) " fcode="add"/>
<opset="tmp/3 "/>
</bind>
</comp>

<comp id="275" class="1004" name="tmp_cast_fu_275">
<pin_list>
<pin id="276" dir="0" index="0" bw="24" slack="1"/>
<pin id="277" dir="1" index="1" bw="32" slack="0"/>
</pin_list>
<bind>
<opcode="zext(34) " fcode="zext"/>
<opset="tmp_cast/4 "/>
</bind>
</comp>

<comp id="278" class="1004" name="tmp_5_cast_fu_278">
<pin_list>
<pin id="279" dir="0" index="0" bw="32" slack="0"/>
<pin id="280" dir="1" index="1" bw="33" slack="0"/>
</pin_list>
<bind>
<opcode="sext(35) " fcode="sext"/>
<opset="tmp_5_cast/4 "/>
</bind>
</comp>

<comp id="281" class="1004" name="in_data2_sum_fu_281">
<pin_list>
<pin id="282" dir="0" index="0" bw="32" slack="0"/>
<pin id="283" dir="0" index="1" bw="30" slack="3"/>
<pin id="284" dir="1" index="2" bw="33" slack="0"/>
</pin_list>
<bind>
<opcode="add(8) " fcode="add"/>
<opset="in_data2_sum/4 "/>
</bind>
</comp>

<comp id="286" class="1004" name="in_data2_sum_cast_fu_286">
<pin_list>
<pin id="287" dir="0" index="0" bw="33" slack="0"/>
<pin id="288" dir="1" index="1" bw="64" slack="0"/>
</pin_list>
<bind>
<opcode="sext(35) " fcode="sext"/>
<opset="in_data2_sum_cast/4 "/>
</bind>
</comp>

<comp id="290" class="1004" name="gmem_addr_fu_290">
<pin_list>
<pin id="291" dir="0" index="0" bw="32" slack="0"/>
<pin id="292" dir="0" index="1" bw="32" slack="0"/>
<pin id="293" dir="1" index="2" bw="32" slack="1"/>
</pin_list>
<bind>
<opcode="getelementptr(29) " fcode="getelementptr"/>
<opset="gmem_addr/4 "/>
</bind>
</comp>

<comp id="296" class="1004" name="out_data4_sum_fu_296">
<pin_list>
<pin id="297" dir="0" index="0" bw="32" slack="0"/>
<pin id="298" dir="0" index="1" bw="30" slack="3"/>
<pin id="299" dir="1" index="2" bw="33" slack="0"/>
</pin_list>
<bind>
<opcode="add(8) " fcode="add"/>
<opset="out_data4_sum/4 "/>
</bind>
</comp>

<comp id="301" class="1004" name="out_data4_sum_cast_fu_301">
<pin_list>
<pin id="302" dir="0" index="0" bw="33" slack="0"/>
<pin id="303" dir="1" index="1" bw="64" slack="0"/>
</pin_list>
<bind>
<opcode="sext(35) " fcode="sext"/>
<opset="out_data4_sum_cast/4 "/>
</bind>
</comp>

<comp id="305" class="1004" name="gmem_addr_1_fu_305">
<pin_list>
<pin id="306" dir="0" index="0" bw="32" slack="0"/>
<pin id="307" dir="0" index="1" bw="32" slack="0"/>
<pin id="308" dir="1" index="2" bw="32" slack="1"/>
</pin_list>
<bind>
<opcode="getelementptr(29) " fcode="getelementptr"/>
<opset="gmem_addr_1/4 "/>
</bind>
</comp>

<comp id="311" class="1004" name="exitcond_fu_311">
<pin_list>
<pin id="312" dir="0" index="0" bw="12" slack="0"/>
<pin id="313" dir="0" index="1" bw="12" slack="11"/>
<pin id="314" dir="1" index="2" bw="1" slack="2147483647"/>
</pin_list>
<bind>
<opcode="icmp(45) " fcode="icmp"/>
<opset="exitcond/12 "/>
</bind>
</comp>

<comp id="316" class="1004" name="w_fu_316">
<pin_list>
<pin id="317" dir="0" index="0" bw="12" slack="0"/>
<pin id="318" dir="0" index="1" bw="1" slack="0"/>
<pin id="319" dir="1" index="2" bw="12" slack="0"/>
</pin_list>
<bind>
<opcode="add(8) " fcode="add"/>
<opset="w/12 "/>
</bind>
</comp>

<comp id="322" class="1004" name="p_b_assign_load_to_i_fu_322">
<pin_list>
<pin id="323" dir="0" index="0" bw="32" slack="1"/>
<pin id="324" dir="1" index="1" bw="32" slack="0"/>
</pin_list>
<bind>
<opcode="bitcast(44) " fcode="bitcast"/>
<opset="p_b_assign_load_to_i/13 "/>
</bind>
</comp>

<comp id="325" class="1004" name="tmp_7_fu_325">
<pin_list>
<pin id="326" dir="0" index="0" bw="8" slack="0"/>
<pin id="327" dir="0" index="1" bw="32" slack="0"/>
<pin id="328" dir="0" index="2" bw="6" slack="0"/>
<pin id="329" dir="0" index="3" bw="6" slack="0"/>
<pin id="330" dir="1" index="4" bw="8" slack="0"/>
</pin_list>
<bind>
<opcode="partselect(1002) " fcode="partselect"/>
<opset="tmp_7/13 "/>
</bind>
</comp>

<comp id="335" class="1004" name="tmp_5_fu_335">
<pin_list>
<pin id="336" dir="0" index="0" bw="32" slack="0"/>
<pin id="337" dir="1" index="1" bw="23" slack="0"/>
</pin_list>
<bind>
<opcode="trunc(33) " fcode="trunc"/>
<opset="tmp_5/13 "/>
</bind>
</comp>

<comp id="339" class="1004" name="notlhs_fu_339">
<pin_list>
<pin id="340" dir="0" index="0" bw="8" slack="0"/>
<pin id="341" dir="0" index="1" bw="8" slack="0"/>
<pin id="342" dir="1" index="2" bw="1" slack="0"/>
</pin_list>
<bind>
<opcode="icmp(45) " fcode="icmp"/>
<opset="notlhs/13 "/>
</bind>
</comp>

<comp id="345" class="1004" name="notrhs_fu_345">
<pin_list>
<pin id="346" dir="0" index="0" bw="23" slack="0"/>
<pin id="347" dir="0" index="1" bw="23" slack="0"/>
<pin id="348" dir="1" index="2" bw="1" slack="0"/>
</pin_list>
<bind>
<opcode="icmp(45) " fcode="icmp"/>
<opset="notrhs/13 "/>
</bind>
</comp>

<comp id="351" class="1004" name="tmp_s_fu_351">
<pin_list>
<pin id="352" dir="0" index="0" bw="1" slack="0"/>
<pin id="353" dir="0" index="1" bw="1" slack="0"/>
<pin id="354" dir="1" index="2" bw="1" slack="0"/>
</pin_list>
<bind>
<opcode="or(24) " fcode="or"/>
<opset="tmp_s/13 "/>
</bind>
</comp>

<comp id="357" class="1004" name="tmp_9_fu_357">
<pin_list>
<pin id="358" dir="0" index="0" bw="1" slack="0"/>
<pin id="359" dir="0" index="1" bw="1" slack="0"/>
<pin id="360" dir="1" index="2" bw="1" slack="0"/>
</pin_list>
<bind>
<opcode="and(23) " fcode="and"/>
<opset="tmp_9/13 "/>
</bind>
</comp>

<comp id="363" class="1004" name="tmp_6_fu_363">
<pin_list>
<pin id="364" dir="0" index="0" bw="1" slack="0"/>
<pin id="365" dir="0" index="1" bw="32" slack="1"/>
<pin id="366" dir="0" index="2" bw="32" slack="0"/>
<pin id="367" dir="1" index="3" bw="32" slack="1"/>
</pin_list>
<bind>
<opcode="select(49) " fcode="select"/>
<opset="tmp_6/13 "/>
</bind>
</comp>

<comp id="370" class="1007" name="tmp1_fu_370">
<pin_list>
<pin id="371" dir="0" index="0" bw="12" slack="3"/>
<pin id="372" dir="0" index="1" bw="24" slack="0"/>
<pin id="373" dir="1" index="2" bw="32" slack="0"/>
</pin_list>
<bind>
<opcode="mul(12) " fcode="mul"/>
<opset="tmp1/4 "/>
</bind>
</comp>

<comp id="376" class="1005" name="width_V_read_reg_376">
<pin_list>
<pin id="377" dir="0" index="0" bw="12" slack="11"/>
<pin id="378" dir="1" index="1" bw="12" slack="11"/>
</pin_list>
<bind>
<opset="width_V_read "/>
</bind>
</comp>

<comp id="381" class="1005" name="height_V_read_reg_381">
<pin_list>
<pin id="382" dir="0" index="0" bw="12" slack="2"/>
<pin id="383" dir="1" index="1" bw="12" slack="2"/>
</pin_list>
<bind>
<opset="height_V_read "/>
</bind>
</comp>

<comp id="386" class="1005" name="channel_V_read_reg_386">
<pin_list>
<pin id="387" dir="0" index="0" bw="12" slack="1"/>
<pin id="388" dir="1" index="1" bw="12" slack="1"/>
</pin_list>
<bind>
<opset="channel_V_read "/>
</bind>
</comp>

<comp id="391" class="1005" name="tmp_2_cast_reg_391">
<pin_list>
<pin id="392" dir="0" index="0" bw="33" slack="3"/>
<pin id="393" dir="1" index="1" bw="33" slack="3"/>
</pin_list>
<bind>
<opset="tmp_2_cast "/>
</bind>
</comp>

<comp id="396" class="1005" name="tmp_3_cast_reg_396">
<pin_list>
<pin id="397" dir="0" index="0" bw="33" slack="3"/>
<pin id="398" dir="1" index="1" bw="33" slack="3"/>
</pin_list>
<bind>
<opset="tmp_3_cast "/>
</bind>
</comp>

<comp id="401" class="1005" name="tmp_1_reg_401">
<pin_list>
<pin id="402" dir="0" index="0" bw="32" slack="3"/>
<pin id="403" dir="1" index="1" bw="32" slack="3"/>
</pin_list>
<bind>
<opset="tmp_1 "/>
</bind>
</comp>

<comp id="408" class="1005" name="tmp_2_cast4_reg_408">
<pin_list>
<pin id="409" dir="0" index="0" bw="24" slack="1"/>
<pin id="410" dir="1" index="1" bw="24" slack="1"/>
</pin_list>
<bind>
<opset="tmp_2_cast4 "/>
</bind>
</comp>

<comp id="413" class="1005" name="next_mul_reg_413">
<pin_list>
<pin id="414" dir="0" index="0" bw="24" slack="0"/>
<pin id="415" dir="1" index="1" bw="24" slack="0"/>
</pin_list>
<bind>
<opset="next_mul "/>
</bind>
</comp>

<comp id="421" class="1005" name="c_reg_421">
<pin_list>
<pin id="422" dir="0" index="0" bw="12" slack="0"/>
<pin id="423" dir="1" index="1" bw="12" slack="0"/>
</pin_list>
<bind>
<opset="c "/>
</bind>
</comp>

<comp id="429" class="1005" name="h_reg_429">
<pin_list>
<pin id="430" dir="0" index="0" bw="12" slack="0"/>
<pin id="431" dir="1" index="1" bw="12" slack="0"/>
</pin_list>
<bind>
<opset="h "/>
</bind>
</comp>

<comp id="434" class="1005" name="tmp_reg_434">
<pin_list>
<pin id="435" dir="0" index="0" bw="24" slack="1"/>
<pin id="436" dir="1" index="1" bw="24" slack="1"/>
</pin_list>
<bind>
<opset="tmp "/>
</bind>
</comp>

<comp id="439" class="1005" name="gmem_addr_reg_439">
<pin_list>
<pin id="440" dir="0" index="0" bw="32" slack="1"/>
<pin id="441" dir="1" index="1" bw="32" slack="1"/>
</pin_list>
<bind>
<opset="gmem_addr "/>
</bind>
</comp>

<comp id="445" class="1005" name="gmem_addr_1_reg_445">
<pin_list>
<pin id="446" dir="0" index="0" bw="32" slack="1"/>
<pin id="447" dir="1" index="1" bw="32" slack="1"/>
</pin_list>
<bind>
<opset="gmem_addr_1 "/>
</bind>
</comp>

<comp id="454" class="1005" name="w_reg_454">
<pin_list>
<pin id="455" dir="0" index="0" bw="12" slack="0"/>
<pin id="456" dir="1" index="1" bw="12" slack="0"/>
</pin_list>
<bind>
<opset="w "/>
</bind>
</comp>

<comp id="459" class="1005" name="gmem_addr_read_reg_459">
<pin_list>
<pin id="460" dir="0" index="0" bw="32" slack="1"/>
<pin id="461" dir="1" index="1" bw="32" slack="1"/>
</pin_list>
<bind>
<opset="gmem_addr_read "/>
</bind>
</comp>

<comp id="466" class="1005" name="tmp_6_reg_466">
<pin_list>
<pin id="467" dir="0" index="0" bw="32" slack="1"/>
<pin id="468" dir="1" index="1" bw="32" slack="1"/>
</pin_list>
<bind>
<opset="tmp_6 "/>
</bind>
</comp>

</comp_list>

<net_list>
<net id="100"><net_src comp="12" pin="0"/><net_sink comp="96" pin=0"/></net>

<net id="101"><net_src comp="10" pin="0"/><net_sink comp="96" pin=1"/></net>

<net id="106"><net_src comp="12" pin="0"/><net_sink comp="102" pin=0"/></net>

<net id="107"><net_src comp="8" pin="0"/><net_sink comp="102" pin=1"/></net>

<net id="112"><net_src comp="14" pin="0"/><net_sink comp="108" pin=0"/></net>

<net id="113"><net_src comp="6" pin="0"/><net_sink comp="108" pin=1"/></net>

<net id="118"><net_src comp="14" pin="0"/><net_sink comp="114" pin=0"/></net>

<net id="119"><net_src comp="4" pin="0"/><net_sink comp="114" pin=1"/></net>

<net id="124"><net_src comp="14" pin="0"/><net_sink comp="120" pin=0"/></net>

<net id="125"><net_src comp="2" pin="0"/><net_sink comp="120" pin=1"/></net>

<net id="131"><net_src comp="72" pin="0"/><net_sink comp="126" pin=0"/></net>

<net id="137"><net_src comp="74" pin="0"/><net_sink comp="132" pin=0"/></net>

<net id="142"><net_src comp="76" pin="0"/><net_sink comp="138" pin=0"/></net>

<net id="143"><net_src comp="78" pin="0"/><net_sink comp="132" pin=0"/></net>

<net id="150"><net_src comp="92" pin="0"/><net_sink comp="144" pin=0"/></net>

<net id="151"><net_src comp="94" pin="0"/><net_sink comp="144" pin=3"/></net>

<net id="155"><net_src comp="54" pin="0"/><net_sink comp="152" pin=0"/></net>

<net id="162"><net_src comp="152" pin="1"/><net_sink comp="156" pin=0"/></net>

<net id="166"><net_src comp="56" pin="0"/><net_sink comp="163" pin=0"/></net>

<net id="173"><net_src comp="163" pin="1"/><net_sink comp="167" pin=0"/></net>

<net id="174"><net_src comp="167" pin="4"/><net_sink comp="163" pin=0"/></net>

<net id="178"><net_src comp="54" pin="0"/><net_sink comp="175" pin=0"/></net>

<net id="185"><net_src comp="175" pin="1"/><net_sink comp="179" pin=0"/></net>

<net id="189"><net_src comp="54" pin="0"/><net_sink comp="186" pin=0"/></net>

<net id="196"><net_src comp="186" pin="1"/><net_sink comp="190" pin=2"/></net>

<net id="201"><net_src comp="90" pin="0"/><net_sink comp="197" pin=1"/></net>

<net id="208"><net_src comp="16" pin="0"/><net_sink comp="202" pin=0"/></net>

<net id="209"><net_src comp="96" pin="2"/><net_sink comp="202" pin=1"/></net>

<net id="210"><net_src comp="18" pin="0"/><net_sink comp="202" pin=2"/></net>

<net id="211"><net_src comp="20" pin="0"/><net_sink comp="202" pin=3"/></net>

<net id="215"><net_src comp="202" pin="4"/><net_sink comp="212" pin=0"/></net>

<net id="222"><net_src comp="16" pin="0"/><net_sink comp="216" pin=0"/></net>

<net id="223"><net_src comp="102" pin="2"/><net_sink comp="216" pin=1"/></net>

<net id="224"><net_src comp="18" pin="0"/><net_sink comp="216" pin=2"/></net>

<net id="225"><net_src comp="20" pin="0"/><net_sink comp="216" pin=3"/></net>

<net id="229"><net_src comp="216" pin="4"/><net_sink comp="226" pin=0"/></net>

<net id="233"><net_src comp="108" pin="2"/><net_sink comp="230" pin=0"/></net>

<net id="237"><net_src comp="114" pin="2"/><net_sink comp="234" pin=0"/></net>

<net id="242"><net_src comp="167" pin="4"/><net_sink comp="238" pin=0"/></net>

<net id="247"><net_src comp="156" pin="4"/><net_sink comp="243" pin=0"/></net>

<net id="252"><net_src comp="156" pin="4"/><net_sink comp="248" pin=0"/></net>

<net id="253"><net_src comp="64" pin="0"/><net_sink comp="248" pin=1"/></net>

<net id="257"><net_src comp="179" pin="4"/><net_sink comp="254" pin=0"/></net>

<net id="262"><net_src comp="179" pin="4"/><net_sink comp="258" pin=0"/></net>

<net id="267"><net_src comp="179" pin="4"/><net_sink comp="263" pin=0"/></net>

<net id="268"><net_src comp="64" pin="0"/><net_sink comp="263" pin=1"/></net>

<net id="273"><net_src comp="254" pin="1"/><net_sink comp="269" pin=0"/></net>

<net id="274"><net_src comp="163" pin="1"/><net_sink comp="269" pin=1"/></net>

<net id="285"><net_src comp="278" pin="1"/><net_sink comp="281" pin=0"/></net>

<net id="289"><net_src comp="281" pin="2"/><net_sink comp="286" pin=0"/></net>

<net id="294"><net_src comp="0" pin="0"/><net_sink comp="290" pin=0"/></net>

<net id="295"><net_src comp="286" pin="1"/><net_sink comp="290" pin=1"/></net>

<net id="300"><net_src comp="278" pin="1"/><net_sink comp="296" pin=0"/></net>

<net id="304"><net_src comp="296" pin="2"/><net_sink comp="301" pin=0"/></net>

<net id="309"><net_src comp="0" pin="0"/><net_sink comp="305" pin=0"/></net>

<net id="310"><net_src comp="301" pin="1"/><net_sink comp="305" pin=1"/></net>

<net id="315"><net_src comp="190" pin="4"/><net_sink comp="311" pin=0"/></net>

<net id="320"><net_src comp="190" pin="4"/><net_sink comp="316" pin=0"/></net>

<net id="321"><net_src comp="64" pin="0"/><net_sink comp="316" pin=1"/></net>

<net id="331"><net_src comp="80" pin="0"/><net_sink comp="325" pin=0"/></net>

<net id="332"><net_src comp="322" pin="1"/><net_sink comp="325" pin=1"/></net>

<net id="333"><net_src comp="82" pin="0"/><net_sink comp="325" pin=2"/></net>

<net id="334"><net_src comp="84" pin="0"/><net_sink comp="325" pin=3"/></net>

<net id="338"><net_src comp="322" pin="1"/><net_sink comp="335" pin=0"/></net>

<net id="343"><net_src comp="325" pin="4"/><net_sink comp="339" pin=0"/></net>

<net id="344"><net_src comp="86" pin="0"/><net_sink comp="339" pin=1"/></net>

<net id="349"><net_src comp="335" pin="1"/><net_sink comp="345" pin=0"/></net>

<net id="350"><net_src comp="88" pin="0"/><net_sink comp="345" pin=1"/></net>

<net id="355"><net_src comp="345" pin="2"/><net_sink comp="351" pin=0"/></net>

<net id="356"><net_src comp="339" pin="2"/><net_sink comp="351" pin=1"/></net>

<net id="361"><net_src comp="351" pin="2"/><net_sink comp="357" pin=0"/></net>

<net id="362"><net_src comp="197" pin="2"/><net_sink comp="357" pin=1"/></net>

<net id="368"><net_src comp="357" pin="2"/><net_sink comp="363" pin=0"/></net>

<net id="369"><net_src comp="90" pin="0"/><net_sink comp="363" pin=2"/></net>

<net id="374"><net_src comp="275" pin="1"/><net_sink comp="370" pin=1"/></net>

<net id="375"><net_src comp="370" pin="2"/><net_sink comp="278" pin=0"/></net>

<net id="379"><net_src comp="108" pin="2"/><net_sink comp="376" pin=0"/></net>

<net id="380"><net_src comp="376" pin="1"/><net_sink comp="311" pin=1"/></net>

<net id="384"><net_src comp="114" pin="2"/><net_sink comp="381" pin=0"/></net>

<net id="385"><net_src comp="381" pin="1"/><net_sink comp="258" pin=1"/></net>

<net id="389"><net_src comp="120" pin="2"/><net_sink comp="386" pin=0"/></net>

<net id="390"><net_src comp="386" pin="1"/><net_sink comp="243" pin=1"/></net>

<net id="394"><net_src comp="212" pin="1"/><net_sink comp="391" pin=0"/></net>

<net id="395"><net_src comp="391" pin="1"/><net_sink comp="296" pin=1"/></net>

<net id="399"><net_src comp="226" pin="1"/><net_sink comp="396" pin=0"/></net>

<net id="400"><net_src comp="396" pin="1"/><net_sink comp="281" pin=1"/></net>

<net id="404"><net_src comp="230" pin="1"/><net_sink comp="401" pin=0"/></net>

<net id="405"><net_src comp="401" pin="1"/><net_sink comp="370" pin=0"/></net>

<net id="406"><net_src comp="401" pin="1"/><net_sink comp="126" pin=2"/></net>

<net id="407"><net_src comp="401" pin="1"/><net_sink comp="132" pin=2"/></net>

<net id="411"><net_src comp="234" pin="1"/><net_sink comp="408" pin=0"/></net>

<net id="412"><net_src comp="408" pin="1"/><net_sink comp="238" pin=1"/></net>

<net id="416"><net_src comp="238" pin="2"/><net_sink comp="413" pin=0"/></net>

<net id="417"><net_src comp="413" pin="1"/><net_sink comp="167" pin=2"/></net>

<net id="424"><net_src comp="248" pin="2"/><net_sink comp="421" pin=0"/></net>

<net id="425"><net_src comp="421" pin="1"/><net_sink comp="156" pin=2"/></net>

<net id="432"><net_src comp="263" pin="2"/><net_sink comp="429" pin=0"/></net>

<net id="433"><net_src comp="429" pin="1"/><net_sink comp="179" pin=2"/></net>

<net id="437"><net_src comp="269" pin="2"/><net_sink comp="434" pin=0"/></net>

<net id="438"><net_src comp="434" pin="1"/><net_sink comp="275" pin=0"/></net>

<net id="442"><net_src comp="290" pin="2"/><net_sink comp="439" pin=0"/></net>

<net id="443"><net_src comp="439" pin="1"/><net_sink comp="126" pin=1"/></net>

<net id="444"><net_src comp="439" pin="1"/><net_sink comp="138" pin=1"/></net>

<net id="448"><net_src comp="305" pin="2"/><net_sink comp="445" pin=0"/></net>

<net id="449"><net_src comp="445" pin="1"/><net_sink comp="132" pin=1"/></net>

<net id="450"><net_src comp="445" pin="1"/><net_sink comp="144" pin=1"/></net>

<net id="457"><net_src comp="316" pin="2"/><net_sink comp="454" pin=0"/></net>

<net id="458"><net_src comp="454" pin="1"/><net_sink comp="190" pin=0"/></net>

<net id="462"><net_src comp="138" pin="2"/><net_sink comp="459" pin=0"/></net>

<net id="463"><net_src comp="459" pin="1"/><net_sink comp="322" pin=0"/></net>

<net id="464"><net_src comp="459" pin="1"/><net_sink comp="197" pin=0"/></net>

<net id="465"><net_src comp="459" pin="1"/><net_sink comp="363" pin=1"/></net>

<net id="469"><net_src comp="363" pin="3"/><net_sink comp="466" pin=0"/></net>

<net id="470"><net_src comp="466" pin="1"/><net_sink comp="144" pin=2"/></net>

</net_list>

</model> 
---------------- Datapath Model END ------------------

* FSMD analyzer results:
  - Output states:
	Port: gmem | {5 12 14 15 16 17 18 }
 - Input state : 
	Port: ReLU : gmem | {5 6 7 8 9 10 11 12 }
	Port: ReLU : channel_V | {1 }
	Port: ReLU : height_V | {1 }
	Port: ReLU : width_V | {1 }
	Port: ReLU : in_data | {1 }
	Port: ReLU : out_data | {1 }
  - Chain level:
	State 1
		tmp_2_cast : 1
		tmp_3_cast : 1
	State 2
		next_mul : 1
		exitcond2 : 1
		c : 1
		StgValue_49 : 2
	State 3
		i_op_assign_1_cast2 : 1
		exitcond1 : 1
		h : 1
		StgValue_58 : 2
		tmp : 2
	State 4
		tmp1 : 1
		tmp_5_cast : 2
		in_data2_sum : 3
		in_data2_sum_cast : 4
		gmem_addr : 5
		out_data4_sum : 3
		out_data4_sum_cast : 4
		gmem_addr_1 : 5
	State 5
	State 6
	State 7
	State 8
	State 9
	State 10
	State 11
	State 12
		exitcond : 1
		w : 1
		StgValue_84 : 2
	State 13
		tmp_7 : 1
		tmp_5 : 1
		notlhs : 2
		notrhs : 2
		tmp_s : 3
		tmp_9 : 3
		tmp_6 : 3
	State 14
	State 15
	State 16
	State 17
	State 18


============================================================
+ Verbose Summary: Datapath Resource usage 
============================================================

* Functional unit list:
|----------|----------------------------|---------|---------|---------|
| Operation|       Functional Unit      |  DSP48E |    FF   |   LUT   |
|----------|----------------------------|---------|---------|---------|
|   fcmp   |        tmp_8_fu_197        |    0    |    66   |   239   |
|----------|----------------------------|---------|---------|---------|
|          |       next_mul_fu_238      |    0    |    0    |    24   |
|          |          c_fu_248          |    0    |    0    |    12   |
|          |          h_fu_263          |    0    |    0    |    12   |
|    add   |         tmp_fu_269         |    0    |    0    |    24   |
|          |     in_data2_sum_fu_281    |    0    |    0    |    32   |
|          |    out_data4_sum_fu_296    |    0    |    0    |    32   |
|          |          w_fu_316          |    0    |    0    |    12   |
|----------|----------------------------|---------|---------|---------|
|  select  |        tmp_6_fu_363        |    0    |    0    |    32   |
|----------|----------------------------|---------|---------|---------|
|          |      exitcond2_fu_243      |    0    |    0    |    5    |
|          |      exitcond1_fu_258      |    0    |    0    |    5    |
|   icmp   |       exitcond_fu_311      |    0    |    0    |    5    |
|          |        notlhs_fu_339       |    0    |    0    |    4    |
|          |        notrhs_fu_345       |    0    |    0    |    9    |
|----------|----------------------------|---------|---------|---------|
|    or    |        tmp_s_fu_351        |    0    |    0    |    1    |
|----------|----------------------------|---------|---------|---------|
|    and   |        tmp_9_fu_357        |    0    |    0    |    1    |
|----------|----------------------------|---------|---------|---------|
|    mul   |         tmp1_fu_370        |    1    |    0    |    0    |
|----------|----------------------------|---------|---------|---------|
|          |  out_data_read_read_fu_96  |    0    |    0    |    0    |
|          |  in_data_read_read_fu_102  |    0    |    0    |    0    |
|   read   |  width_V_read_read_fu_108  |    0    |    0    |    0    |
|          |  height_V_read_read_fu_114 |    0    |    0    |    0    |
|          | channel_V_read_read_fu_120 |    0    |    0    |    0    |
|          | gmem_addr_read_read_fu_138 |    0    |    0    |    0    |
|----------|----------------------------|---------|---------|---------|
|  readreq |     grp_readreq_fu_126     |    0    |    0    |    0    |
|----------|----------------------------|---------|---------|---------|
| writeresp|    grp_writeresp_fu_132    |    0    |    0    |    0    |
|----------|----------------------------|---------|---------|---------|
|   write  |  StgValue_96_write_fu_144  |    0    |    0    |    0    |
|----------|----------------------------|---------|---------|---------|
|          |        tmp_2_fu_202        |    0    |    0    |    0    |
|partselect|        tmp_3_fu_216        |    0    |    0    |    0    |
|          |        tmp_7_fu_325        |    0    |    0    |    0    |
|----------|----------------------------|---------|---------|---------|
|          |      tmp_2_cast_fu_212     |    0    |    0    |    0    |
|          |      tmp_3_cast_fu_226     |    0    |    0    |    0    |
|   zext   |        tmp_1_fu_230        |    0    |    0    |    0    |
|          |     tmp_2_cast4_fu_234     |    0    |    0    |    0    |
|          | i_op_assign_1_cast2_fu_254 |    0    |    0    |    0    |
|          |       tmp_cast_fu_275      |    0    |    0    |    0    |
|----------|----------------------------|---------|---------|---------|
|          |      tmp_5_cast_fu_278     |    0    |    0    |    0    |
|   sext   |  in_data2_sum_cast_fu_286  |    0    |    0    |    0    |
|          |  out_data4_sum_cast_fu_301 |    0    |    0    |    0    |
|----------|----------------------------|---------|---------|---------|
|   trunc  |        tmp_5_fu_335        |    0    |    0    |    0    |
|----------|----------------------------|---------|---------|---------|
|   Total  |                            |    1    |    66   |   449   |
|----------|----------------------------|---------|---------|---------|

Memories:
N/A

* Register list:
+----------------------+--------+
|                      |   FF   |
+----------------------+--------+
|       c_reg_421      |   12   |
|channel_V_read_reg_386|   12   |
|  gmem_addr_1_reg_445 |   32   |
|gmem_addr_read_reg_459|   32   |
|   gmem_addr_reg_439  |   32   |
|       h_reg_429      |   12   |
| height_V_read_reg_381|   12   |
| i_op_assign_1_reg_175|   12   |
| i_op_assign_2_reg_186|   12   |
|  i_op_assign_reg_152 |   12   |
|   next_mul_reg_413   |   24   |
|    phi_mul_reg_163   |   24   |
|     tmp_1_reg_401    |   32   |
|  tmp_2_cast4_reg_408 |   24   |
|  tmp_2_cast_reg_391  |   33   |
|  tmp_3_cast_reg_396  |   33   |
|     tmp_6_reg_466    |   32   |
|      tmp_reg_434     |   24   |
|       w_reg_454      |   12   |
| width_V_read_reg_376 |   12   |
+----------------------+--------+
|         Total        |   430  |
+----------------------+--------+

* Multiplexer (MUX) list: 
|----------------------|------|------|------|--------||---------||---------|
|         Comp         |  Pin | Size |  BW  | S x BW ||  Delay  ||   LUT   |
|----------------------|------|------|------|--------||---------||---------|
| grp_writeresp_fu_132 |  p0  |   2  |   1  |    2   |
|    phi_mul_reg_163   |  p0  |   2  |  24  |   48   ||    3    |
|----------------------|------|------|------|--------||---------||---------|
|         Total        |      |      |      |   50   ||  0.932  ||    3    |
|----------------------|------|------|------|--------||---------||---------|



* Summary:
+-----------+--------+--------+--------+--------+
|           | DSP48E |  Delay |   FF   |   LUT  |
+-----------+--------+--------+--------+--------+
|  Function |    1   |    -   |   66   |   449  |
|   Memory  |    -   |    -   |    -   |    -   |
|Multiplexer|    -   |    0   |    -   |    3   |
|  Register |    -   |    -   |   430  |    -   |
+-----------+--------+--------+--------+--------+
|   Total   |    1   |    0   |   496  |   452  |
+-----------+--------+--------+--------+--------+
