

================================================================
== Vivado HLS Report for 'ReLU'
================================================================
* Date:           Fri Oct 25 16:35:01 2024

* Version:        2018.3 (Build 2405991 on Thu Dec 06 23:56:15 MST 2018)
* Project:        ReLU
* Solution:       solution1
* Product family: zynq
* Target device:  xc7z020clg400-2


================================================================
== Performance Estimates
================================================================
+ Timing (ns): 
    * Summary: 
    +--------+-------+----------+------------+
    |  Clock | Target| Estimated| Uncertainty|
    +--------+-------+----------+------------+
    |ap_clk  |  10.00|     8.750|        1.25|
    +--------+-------+----------+------------+

+ Latency (clock cycles): 
    * Summary: 
    +-----+--------------+-----+--------------+---------+
    |       Latency      |      Interval      | Pipeline|
    | min |      max     | min |      max     |   Type  |
    +-----+--------------+-----+--------------+---------+
    |    1|  206242246666|    1|  206242246666|   none  |
    +-----+--------------+-----+--------------+---------+

    + Detail: 
        * Instance: 
        N/A

        * Loop: 
        +-----------------+-----+--------------+--------------+-----------+-----------+----------+----------+
        |                 |       Latency      |   Iteration  |  Initiation Interval  |   Trip   |          |
        |    Loop Name    | min |      max     |    Latency   |  achieved |   target  |   Count  | Pipelined|
        +-----------------+-----+--------------+--------------+-----------+-----------+----------+----------+
        |- Loop 1         |    0|  206242246665| 2 ~ 50364407 |          -|          -| 0 ~ 4095 |    no    |
        | + Loop 1.1      |    0|      50364405|  14 ~ 12299  |          -|          -| 0 ~ 4095 |    no    |
        |  ++ Loop 1.1.1  |    0|         12285|             3|          -|          -| 0 ~ 4095 |    no    |
        +-----------------+-----+--------------+--------------+-----------+-----------+----------+----------+

============================================================
+ Verbose Summary: Synthesis Manager
============================================================
InlineROM: 1
ExposeGlobal: 0
============================================================
+ Verbose Summary: CDFG Model
============================================================
IsTopModel: 1
ResetActiveHigh: 1
IsCombinational: 0
IsDatapathOnly: 0
HasWiredReturn: 1
HasMFsm: 0
HasVarLatency: 1
IsPipeline: 0
IsRtlPipelined: 0
IsInstanceOverlapped: 0
IsDontTouch: 0
HasImplIP: 0
IsGatedGlobalClock: 0


============================================================
+ Verbose Summary: Schedule
============================================================
* Number of FSM states : 18
* Pipeline : 0
* Dataflow Pipeline: 0

* FSM state transitions: 
1 --> 
	2  / true
2 --> 
	3  / (!exitcond2)
3 --> 
	4  / (!exitcond1)
	2  / (exitcond1)
4 --> 
	5  / true
5 --> 
	6  / true
6 --> 
	7  / true
7 --> 
	8  / true
8 --> 
	9  / true
9 --> 
	10  / true
10 --> 
	11  / true
11 --> 
	12  / true
12 --> 
	13  / (!exitcond)
	15  / (exitcond)
13 --> 
	14  / true
14 --> 
	12  / true
15 --> 
	16  / true
16 --> 
	17  / true
17 --> 
	18  / true
18 --> 
	3  / true

* FSM state operations: 

State 1 <SV = 0> <Delay = 1.00>
ST_1 : Operation 19 [1/1] (1.00ns)   --->   "%out_data_read = call i32 @_ssdm_op_Read.s_axilite.i32(i32 %out_data)"   --->   Operation 19 'read' 'out_data_read' <Predicate = true> <Delay = 1.00> <Core = "s_axilite">   --->   Core 10 's_axilite' <Latency = 0> <II = 1> <Delay = 1.00> <Adapter> <Opcode : 'read' 'write'>
ST_1 : Operation 20 [1/1] (1.00ns)   --->   "%in_data_read = call i32 @_ssdm_op_Read.s_axilite.i32(i32 %in_data)"   --->   Operation 20 'read' 'in_data_read' <Predicate = true> <Delay = 1.00> <Core = "s_axilite">   --->   Core 10 's_axilite' <Latency = 0> <II = 1> <Delay = 1.00> <Adapter> <Opcode : 'read' 'write'>
ST_1 : Operation 21 [1/1] (1.00ns)   --->   "%width_V_read = call i12 @_ssdm_op_Read.s_axilite.i12(i12 %width_V)"   --->   Operation 21 'read' 'width_V_read' <Predicate = true> <Delay = 1.00> <Core = "s_axilite">   --->   Core 10 's_axilite' <Latency = 0> <II = 1> <Delay = 1.00> <Adapter> <Opcode : 'read' 'write'>
ST_1 : Operation 22 [1/1] (1.00ns)   --->   "%height_V_read = call i12 @_ssdm_op_Read.s_axilite.i12(i12 %height_V)"   --->   Operation 22 'read' 'height_V_read' <Predicate = true> <Delay = 1.00> <Core = "s_axilite">   --->   Core 10 's_axilite' <Latency = 0> <II = 1> <Delay = 1.00> <Adapter> <Opcode : 'read' 'write'>
ST_1 : Operation 23 [1/1] (1.00ns)   --->   "%channel_V_read = call i12 @_ssdm_op_Read.s_axilite.i12(i12 %channel_V)"   --->   Operation 23 'read' 'channel_V_read' <Predicate = true> <Delay = 1.00> <Core = "s_axilite">   --->   Core 10 's_axilite' <Latency = 0> <II = 1> <Delay = 1.00> <Adapter> <Opcode : 'read' 'write'>
ST_1 : Operation 24 [1/1] (0.00ns)   --->   "%tmp_2 = call i30 @_ssdm_op_PartSelect.i30.i32.i32.i32(i32 %out_data_read, i32 2, i32 31)"   --->   Operation 24 'partselect' 'tmp_2' <Predicate = true> <Delay = 0.00>
ST_1 : Operation 25 [1/1] (0.00ns)   --->   "%tmp_2_cast = zext i30 %tmp_2 to i33"   --->   Operation 25 'zext' 'tmp_2_cast' <Predicate = true> <Delay = 0.00>
ST_1 : Operation 26 [1/1] (0.00ns)   --->   "%tmp_3 = call i30 @_ssdm_op_PartSelect.i30.i32.i32.i32(i32 %in_data_read, i32 2, i32 31)"   --->   Operation 26 'partselect' 'tmp_3' <Predicate = true> <Delay = 0.00>
ST_1 : Operation 27 [1/1] (0.00ns)   --->   "%tmp_3_cast = zext i30 %tmp_3 to i33"   --->   Operation 27 'zext' 'tmp_3_cast' <Predicate = true> <Delay = 0.00>
ST_1 : Operation 28 [1/1] (0.00ns)   --->   "call void (...)* @_ssdm_op_SpecBitsMap(float* %gmem), !map !65"   --->   Operation 28 'specbitsmap' <Predicate = true> <Delay = 0.00>
ST_1 : Operation 29 [1/1] (0.00ns)   --->   "call void (...)* @_ssdm_op_SpecBitsMap(i12 %channel_V), !map !70"   --->   Operation 29 'specbitsmap' <Predicate = true> <Delay = 0.00>
ST_1 : Operation 30 [1/1] (0.00ns)   --->   "call void (...)* @_ssdm_op_SpecBitsMap(i12 %height_V), !map !76"   --->   Operation 30 'specbitsmap' <Predicate = true> <Delay = 0.00>
ST_1 : Operation 31 [1/1] (0.00ns)   --->   "call void (...)* @_ssdm_op_SpecBitsMap(i12 %width_V), !map !80"   --->   Operation 31 'specbitsmap' <Predicate = true> <Delay = 0.00>
ST_1 : Operation 32 [1/1] (0.00ns)   --->   "call void (...)* @_ssdm_op_SpecTopModule([5 x i8]* @ReLU_str) nounwind"   --->   Operation 32 'spectopmodule' <Predicate = true> <Delay = 0.00>
ST_1 : Operation 33 [1/1] (0.00ns)   --->   "call void (...)* @_ssdm_op_SpecInterface(float* %gmem, [6 x i8]* @p_str, i32 0, i32 0, [1 x i8]* @p_str1, i32 0, i64 4294967295, [5 x i8]* @p_str2, [6 x i8]* @p_str3, [1 x i8]* @p_str1, i32 16, i32 16, i32 16, i32 16, [1 x i8]* @p_str1, [1 x i8]* @p_str1) nounwind" [../src/ReLU/ReLU.cpp:11]   --->   Operation 33 'specinterface' <Predicate = true> <Delay = 0.00>
ST_1 : Operation 34 [1/1] (0.00ns)   --->   "call void (...)* @_ssdm_op_SpecInterface(i32 %in_data, [10 x i8]* @mode, i32 0, i32 0, [1 x i8]* @p_str1, i32 0, i64 4294967295, [1 x i8]* @bundle, [6 x i8]* @p_str3, [1 x i8]* @p_str1, i32 16, i32 16, i32 16, i32 16, [1 x i8]* @p_str1, [1 x i8]* @p_str1) nounwind" [../src/ReLU/ReLU.cpp:11]   --->   Operation 34 'specinterface' <Predicate = true> <Delay = 0.00>
ST_1 : Operation 35 [1/1] (0.00ns)   --->   "call void (...)* @_ssdm_op_SpecInterface(i32 %out_data, [10 x i8]* @mode1, i32 0, i32 0, [1 x i8]* @p_str1, i32 0, i64 4294967295, [1 x i8]* @bundle2, [6 x i8]* @p_str3, [1 x i8]* @p_str1, i32 16, i32 16, i32 16, i32 16, [1 x i8]* @p_str1, [1 x i8]* @p_str1) nounwind" [../src/ReLU/ReLU.cpp:12]   --->   Operation 35 'specinterface' <Predicate = true> <Delay = 0.00>
ST_1 : Operation 36 [1/1] (0.00ns)   --->   "call void (...)* @_ssdm_op_SpecInterface(i12 %width_V, [10 x i8]* @p_str4, i32 0, i32 0, [1 x i8]* @p_str1, i32 0, i32 0, [1 x i8]* @p_str1, [1 x i8]* @p_str1, [1 x i8]* @p_str1, i32 0, i32 0, i32 0, i32 0, [1 x i8]* @p_str1, [1 x i8]* @p_str1) nounwind" [../src/ReLU/ReLU.cpp:13]   --->   Operation 36 'specinterface' <Predicate = true> <Delay = 0.00>
ST_1 : Operation 37 [1/1] (0.00ns)   --->   "call void (...)* @_ssdm_op_SpecInterface(i12 %height_V, [10 x i8]* @p_str4, i32 0, i32 0, [1 x i8]* @p_str1, i32 0, i32 0, [1 x i8]* @p_str1, [1 x i8]* @p_str1, [1 x i8]* @p_str1, i32 0, i32 0, i32 0, i32 0, [1 x i8]* @p_str1, [1 x i8]* @p_str1) nounwind" [../src/ReLU/ReLU.cpp:14]   --->   Operation 37 'specinterface' <Predicate = true> <Delay = 0.00>
ST_1 : Operation 38 [1/1] (0.00ns)   --->   "call void (...)* @_ssdm_op_SpecInterface(i12 %channel_V, [10 x i8]* @p_str4, i32 0, i32 0, [1 x i8]* @p_str1, i32 0, i32 0, [1 x i8]* @p_str1, [1 x i8]* @p_str1, [1 x i8]* @p_str1, i32 0, i32 0, i32 0, i32 0, [1 x i8]* @p_str1, [1 x i8]* @p_str1) nounwind" [../src/ReLU/ReLU.cpp:15]   --->   Operation 38 'specinterface' <Predicate = true> <Delay = 0.00>
ST_1 : Operation 39 [1/1] (0.00ns)   --->   "call void (...)* @_ssdm_op_SpecInterface(i32 0, [10 x i8]* @p_str4, i32 0, i32 0, [1 x i8]* @p_str1, i32 0, i32 0, [1 x i8]* @p_str1, [1 x i8]* @p_str1, [1 x i8]* @p_str1, i32 0, i32 0, i32 0, i32 0, [1 x i8]* @p_str1, [1 x i8]* @p_str1) nounwind" [../src/ReLU/ReLU.cpp:16]   --->   Operation 39 'specinterface' <Predicate = true> <Delay = 0.00>
ST_1 : Operation 40 [1/1] (0.00ns)   --->   "%tmp_1 = zext i12 %width_V_read to i32"   --->   Operation 40 'zext' 'tmp_1' <Predicate = true> <Delay = 0.00>
ST_1 : Operation 41 [1/1] (0.00ns)   --->   "%tmp_2_cast4 = zext i12 %height_V_read to i24"   --->   Operation 41 'zext' 'tmp_2_cast4' <Predicate = true> <Delay = 0.00>
ST_1 : Operation 42 [1/1] (0.46ns)   --->   "br label %1" [../src/ReLU/ReLU.cpp:18]   --->   Operation 42 'br' <Predicate = true> <Delay = 0.46>

State 2 <SV = 1> <Delay = 1.82>
ST_2 : Operation 43 [1/1] (0.00ns)   --->   "%i_op_assign = phi i12 [ 0, %0 ], [ %c, %6 ]"   --->   Operation 43 'phi' 'i_op_assign' <Predicate = true> <Delay = 0.00>
ST_2 : Operation 44 [1/1] (0.00ns)   --->   "%phi_mul = phi i24 [ 0, %0 ], [ %next_mul, %6 ]"   --->   Operation 44 'phi' 'phi_mul' <Predicate = true> <Delay = 0.00>
ST_2 : Operation 45 [1/1] (1.68ns)   --->   "%next_mul = add i24 %phi_mul, %tmp_2_cast4"   --->   Operation 45 'add' 'next_mul' <Predicate = true> <Delay = 1.68> <Core = "AddSub">   --->   Core 14 'AddSub' <Latency = 0> <II = 1> <Delay = 1.54> <FuncUnit> <Opcode : 'add' 'sub'> <InPorts = 2> <OutPorts = 1>
ST_2 : Operation 46 [1/1] (1.82ns)   --->   "%exitcond2 = icmp eq i12 %i_op_assign, %channel_V_read" [../src/ReLU/ReLU.cpp:18]   --->   Operation 46 'icmp' 'exitcond2' <Predicate = true> <Delay = 1.82> <Core = "Cmp">   --->   Core 25 'Cmp' <Latency = 0> <II = 1> <Delay = 2.02> <FuncUnit> <Opcode : 'icmp'> <InPorts = 2> <OutPorts = 1>
ST_2 : Operation 47 [1/1] (0.00ns)   --->   "%empty = call i32 (...)* @_ssdm_op_SpecLoopTripCount(i64 0, i64 4095, i64 0)"   --->   Operation 47 'speclooptripcount' 'empty' <Predicate = true> <Delay = 0.00>
ST_2 : Operation 48 [1/1] (1.54ns)   --->   "%c = add i12 %i_op_assign, 1" [../src/ReLU/ReLU.cpp:18]   --->   Operation 48 'add' 'c' <Predicate = true> <Delay = 1.54> <Core = "AddSub">   --->   Core 14 'AddSub' <Latency = 0> <II = 1> <Delay = 1.54> <FuncUnit> <Opcode : 'add' 'sub'> <InPorts = 2> <OutPorts = 1>
ST_2 : Operation 49 [1/1] (0.00ns)   --->   "br i1 %exitcond2, label %7, label %2" [../src/ReLU/ReLU.cpp:18]   --->   Operation 49 'br' <Predicate = true> <Delay = 0.00>
ST_2 : Operation 50 [1/1] (0.00ns)   --->   "%tmp_4 = call i32 (...)* @_ssdm_op_SpecRegionBegin([12 x i8]* @p_str5)" [../src/ReLU/ReLU.cpp:18]   --->   Operation 50 'specregionbegin' 'tmp_4' <Predicate = (!exitcond2)> <Delay = 0.00>
ST_2 : Operation 51 [1/1] (0.46ns)   --->   "br label %3" [../src/ReLU/ReLU.cpp:20]   --->   Operation 51 'br' <Predicate = (!exitcond2)> <Delay = 0.46>
ST_2 : Operation 52 [1/1] (0.00ns)   --->   "ret void" [../src/ReLU/ReLU.cpp:27]   --->   Operation 52 'ret' <Predicate = (exitcond2)> <Delay = 0.00>

State 3 <SV = 2> <Delay = 1.82>
ST_3 : Operation 53 [1/1] (0.00ns)   --->   "%i_op_assign_1 = phi i12 [ 0, %2 ], [ %h, %5 ]"   --->   Operation 53 'phi' 'i_op_assign_1' <Predicate = true> <Delay = 0.00>
ST_3 : Operation 54 [1/1] (0.00ns)   --->   "%i_op_assign_1_cast2 = zext i12 %i_op_assign_1 to i24" [../src/ReLU/ReLU.cpp:20]   --->   Operation 54 'zext' 'i_op_assign_1_cast2' <Predicate = true> <Delay = 0.00>
ST_3 : Operation 55 [1/1] (1.82ns)   --->   "%exitcond1 = icmp eq i12 %i_op_assign_1, %height_V_read" [../src/ReLU/ReLU.cpp:20]   --->   Operation 55 'icmp' 'exitcond1' <Predicate = true> <Delay = 1.82> <Core = "Cmp">   --->   Core 25 'Cmp' <Latency = 0> <II = 1> <Delay = 2.02> <FuncUnit> <Opcode : 'icmp'> <InPorts = 2> <OutPorts = 1>
ST_3 : Operation 56 [1/1] (0.00ns)   --->   "%empty_6 = call i32 (...)* @_ssdm_op_SpecLoopTripCount(i64 0, i64 4095, i64 0)"   --->   Operation 56 'speclooptripcount' 'empty_6' <Predicate = true> <Delay = 0.00>
ST_3 : Operation 57 [1/1] (1.54ns)   --->   "%h = add i12 %i_op_assign_1, 1" [../src/ReLU/ReLU.cpp:20]   --->   Operation 57 'add' 'h' <Predicate = true> <Delay = 1.54> <Core = "AddSub">   --->   Core 14 'AddSub' <Latency = 0> <II = 1> <Delay = 1.54> <FuncUnit> <Opcode : 'add' 'sub'> <InPorts = 2> <OutPorts = 1>
ST_3 : Operation 58 [1/1] (0.00ns)   --->   "br i1 %exitcond1, label %6, label %.preheader.preheader" [../src/ReLU/ReLU.cpp:20]   --->   Operation 58 'br' <Predicate = true> <Delay = 0.00>
ST_3 : Operation 59 [1/1] (1.68ns)   --->   "%tmp = add i24 %i_op_assign_1_cast2, %phi_mul" [../src/ReLU/ReLU.cpp:20]   --->   Operation 59 'add' 'tmp' <Predicate = (!exitcond1)> <Delay = 1.68> <Core = "AddSub">   --->   Core 14 'AddSub' <Latency = 0> <II = 1> <Delay = 1.54> <FuncUnit> <Opcode : 'add' 'sub'> <InPorts = 2> <OutPorts = 1>
ST_3 : Operation 60 [1/1] (0.00ns)   --->   "%empty_8 = call i32 (...)* @_ssdm_op_SpecRegionEnd([12 x i8]* @p_str5, i32 %tmp_4)" [../src/ReLU/ReLU.cpp:26]   --->   Operation 60 'specregionend' 'empty_8' <Predicate = (exitcond1)> <Delay = 0.00>
ST_3 : Operation 61 [1/1] (0.00ns)   --->   "br label %1" [../src/ReLU/ReLU.cpp:18]   --->   Operation 61 'br' <Predicate = (exitcond1)> <Delay = 0.00>

State 4 <SV = 3> <Delay = 7.44>
ST_4 : Operation 62 [1/1] (0.00ns)   --->   "%tmp_cast = zext i24 %tmp to i32" [../src/ReLU/ReLU.cpp:20]   --->   Operation 62 'zext' 'tmp_cast' <Predicate = true> <Delay = 0.00>
ST_4 : Operation 63 [1/1] (5.55ns) (root node of the DSP)   --->   "%tmp1 = mul i32 %tmp_1, %tmp_cast" [../src/ReLU/ReLU.cpp:20]   --->   Operation 63 'mul' 'tmp1' <Predicate = true> <Delay = 5.55> <Core = "DSP48">   --->   Core 65 'DSP48' <Latency = 0> <II = 1> <Delay = 5.55> <IPBlock> <Opcode : 'mul' 'add' 'sub' 'select'> <InPorts = 0> <OutPorts = 1> <Sync> <CReg>
ST_4 : Operation 64 [1/1] (0.00ns)   --->   "%tmp_5_cast = sext i32 %tmp1 to i33" [../src/ReLU/ReLU.cpp:23]   --->   Operation 64 'sext' 'tmp_5_cast' <Predicate = true> <Delay = 0.00>
ST_4 : Operation 65 [1/1] (1.89ns)   --->   "%in_data2_sum = add i33 %tmp_5_cast, %tmp_3_cast" [../src/ReLU/ReLU.cpp:23]   --->   Operation 65 'add' 'in_data2_sum' <Predicate = true> <Delay = 1.89> <Core = "AddSub">   --->   Core 14 'AddSub' <Latency = 0> <II = 1> <Delay = 1.54> <FuncUnit> <Opcode : 'add' 'sub'> <InPorts = 2> <OutPorts = 1>
ST_4 : Operation 66 [1/1] (0.00ns)   --->   "%in_data2_sum_cast = sext i33 %in_data2_sum to i64" [../src/ReLU/ReLU.cpp:23]   --->   Operation 66 'sext' 'in_data2_sum_cast' <Predicate = true> <Delay = 0.00>
ST_4 : Operation 67 [1/1] (0.00ns)   --->   "%gmem_addr = getelementptr inbounds float* %gmem, i64 %in_data2_sum_cast" [../src/ReLU/ReLU.cpp:23]   --->   Operation 67 'getelementptr' 'gmem_addr' <Predicate = true> <Delay = 0.00>
ST_4 : Operation 68 [1/1] (1.89ns)   --->   "%out_data4_sum = add i33 %tmp_5_cast, %tmp_2_cast" [../src/ReLU/ReLU.cpp:23]   --->   Operation 68 'add' 'out_data4_sum' <Predicate = true> <Delay = 1.89> <Core = "AddSub">   --->   Core 14 'AddSub' <Latency = 0> <II = 1> <Delay = 1.54> <FuncUnit> <Opcode : 'add' 'sub'> <InPorts = 2> <OutPorts = 1>
ST_4 : Operation 69 [1/1] (0.00ns)   --->   "%out_data4_sum_cast = sext i33 %out_data4_sum to i64" [../src/ReLU/ReLU.cpp:23]   --->   Operation 69 'sext' 'out_data4_sum_cast' <Predicate = true> <Delay = 0.00>
ST_4 : Operation 70 [1/1] (0.00ns)   --->   "%gmem_addr_1 = getelementptr inbounds float* %gmem, i64 %out_data4_sum_cast" [../src/ReLU/ReLU.cpp:23]   --->   Operation 70 'getelementptr' 'gmem_addr_1' <Predicate = true> <Delay = 0.00>

State 5 <SV = 4> <Delay = 8.75>
ST_5 : Operation 71 [7/7] (8.75ns)   --->   "%gmem_addr_rd_req = call i1 @_ssdm_op_ReadReq.m_axi.floatP(float* %gmem_addr, i32 %tmp_1)" [D:/software/Xilinx/Vivado/2018.3/win64/tools/clang/bin\..\lib\clang\3.1/../../../include/c++/4.5.2\bits/stl_algobase.h:214->../src/ReLU/ReLU.cpp:23]   --->   Operation 71 'readreq' 'gmem_addr_rd_req' <Predicate = true> <Delay = 8.75> <Core = "m_axi">   --->   Core 9 'm_axi' <Latency = 6> <II = 1> <Delay = 1.00> <Adapter> <Opcode : 'read' 'write' 'readreq' 'writereq' 'writeresp'>
ST_5 : Operation 72 [1/1] (8.75ns)   --->   "%gmem_addr_1_wr_req = call i1 @_ssdm_op_WriteReq.m_axi.floatP(float* %gmem_addr_1, i32 %tmp_1)" [../src/ReLU/ReLU.cpp:23]   --->   Operation 72 'writereq' 'gmem_addr_1_wr_req' <Predicate = true> <Delay = 8.75> <Core = "m_axi">   --->   Core 9 'm_axi' <Latency = 6> <II = 1> <Delay = 1.00> <Adapter> <Opcode : 'read' 'write' 'readreq' 'writereq' 'writeresp'>

State 6 <SV = 5> <Delay = 8.75>
ST_6 : Operation 73 [6/7] (8.75ns)   --->   "%gmem_addr_rd_req = call i1 @_ssdm_op_ReadReq.m_axi.floatP(float* %gmem_addr, i32 %tmp_1)" [D:/software/Xilinx/Vivado/2018.3/win64/tools/clang/bin\..\lib\clang\3.1/../../../include/c++/4.5.2\bits/stl_algobase.h:214->../src/ReLU/ReLU.cpp:23]   --->   Operation 73 'readreq' 'gmem_addr_rd_req' <Predicate = true> <Delay = 8.75> <Core = "m_axi">   --->   Core 9 'm_axi' <Latency = 6> <II = 1> <Delay = 1.00> <Adapter> <Opcode : 'read' 'write' 'readreq' 'writereq' 'writeresp'>

State 7 <SV = 6> <Delay = 8.75>
ST_7 : Operation 74 [5/7] (8.75ns)   --->   "%gmem_addr_rd_req = call i1 @_ssdm_op_ReadReq.m_axi.floatP(float* %gmem_addr, i32 %tmp_1)" [D:/software/Xilinx/Vivado/2018.3/win64/tools/clang/bin\..\lib\clang\3.1/../../../include/c++/4.5.2\bits/stl_algobase.h:214->../src/ReLU/ReLU.cpp:23]   --->   Operation 74 'readreq' 'gmem_addr_rd_req' <Predicate = true> <Delay = 8.75> <Core = "m_axi">   --->   Core 9 'm_axi' <Latency = 6> <II = 1> <Delay = 1.00> <Adapter> <Opcode : 'read' 'write' 'readreq' 'writereq' 'writeresp'>

State 8 <SV = 7> <Delay = 8.75>
ST_8 : Operation 75 [4/7] (8.75ns)   --->   "%gmem_addr_rd_req = call i1 @_ssdm_op_ReadReq.m_axi.floatP(float* %gmem_addr, i32 %tmp_1)" [D:/software/Xilinx/Vivado/2018.3/win64/tools/clang/bin\..\lib\clang\3.1/../../../include/c++/4.5.2\bits/stl_algobase.h:214->../src/ReLU/ReLU.cpp:23]   --->   Operation 75 'readreq' 'gmem_addr_rd_req' <Predicate = true> <Delay = 8.75> <Core = "m_axi">   --->   Core 9 'm_axi' <Latency = 6> <II = 1> <Delay = 1.00> <Adapter> <Opcode : 'read' 'write' 'readreq' 'writereq' 'writeresp'>

State 9 <SV = 8> <Delay = 8.75>
ST_9 : Operation 76 [3/7] (8.75ns)   --->   "%gmem_addr_rd_req = call i1 @_ssdm_op_ReadReq.m_axi.floatP(float* %gmem_addr, i32 %tmp_1)" [D:/software/Xilinx/Vivado/2018.3/win64/tools/clang/bin\..\lib\clang\3.1/../../../include/c++/4.5.2\bits/stl_algobase.h:214->../src/ReLU/ReLU.cpp:23]   --->   Operation 76 'readreq' 'gmem_addr_rd_req' <Predicate = true> <Delay = 8.75> <Core = "m_axi">   --->   Core 9 'm_axi' <Latency = 6> <II = 1> <Delay = 1.00> <Adapter> <Opcode : 'read' 'write' 'readreq' 'writereq' 'writeresp'>

State 10 <SV = 9> <Delay = 8.75>
ST_10 : Operation 77 [2/7] (8.75ns)   --->   "%gmem_addr_rd_req = call i1 @_ssdm_op_ReadReq.m_axi.floatP(float* %gmem_addr, i32 %tmp_1)" [D:/software/Xilinx/Vivado/2018.3/win64/tools/clang/bin\..\lib\clang\3.1/../../../include/c++/4.5.2\bits/stl_algobase.h:214->../src/ReLU/ReLU.cpp:23]   --->   Operation 77 'readreq' 'gmem_addr_rd_req' <Predicate = true> <Delay = 8.75> <Core = "m_axi">   --->   Core 9 'm_axi' <Latency = 6> <II = 1> <Delay = 1.00> <Adapter> <Opcode : 'read' 'write' 'readreq' 'writereq' 'writeresp'>

State 11 <SV = 10> <Delay = 8.75>
ST_11 : Operation 78 [1/7] (8.75ns)   --->   "%gmem_addr_rd_req = call i1 @_ssdm_op_ReadReq.m_axi.floatP(float* %gmem_addr, i32 %tmp_1)" [D:/software/Xilinx/Vivado/2018.3/win64/tools/clang/bin\..\lib\clang\3.1/../../../include/c++/4.5.2\bits/stl_algobase.h:214->../src/ReLU/ReLU.cpp:23]   --->   Operation 78 'readreq' 'gmem_addr_rd_req' <Predicate = true> <Delay = 8.75> <Core = "m_axi">   --->   Core 9 'm_axi' <Latency = 6> <II = 1> <Delay = 1.00> <Adapter> <Opcode : 'read' 'write' 'readreq' 'writereq' 'writeresp'>
ST_11 : Operation 79 [1/1] (0.46ns)   --->   "br label %.preheader" [../src/ReLU/ReLU.cpp:21]   --->   Operation 79 'br' <Predicate = true> <Delay = 0.46>

State 12 <SV = 11> <Delay = 8.75>
ST_12 : Operation 80 [1/1] (0.00ns)   --->   "%i_op_assign_2 = phi i12 [ %w, %4 ], [ 0, %.preheader.preheader ]"   --->   Operation 80 'phi' 'i_op_assign_2' <Predicate = true> <Delay = 0.00>
ST_12 : Operation 81 [1/1] (1.82ns)   --->   "%exitcond = icmp eq i12 %i_op_assign_2, %width_V_read" [../src/ReLU/ReLU.cpp:21]   --->   Operation 81 'icmp' 'exitcond' <Predicate = true> <Delay = 1.82> <Core = "Cmp">   --->   Core 25 'Cmp' <Latency = 0> <II = 1> <Delay = 2.02> <FuncUnit> <Opcode : 'icmp'> <InPorts = 2> <OutPorts = 1>
ST_12 : Operation 82 [1/1] (0.00ns)   --->   "%empty_7 = call i32 (...)* @_ssdm_op_SpecLoopTripCount(i64 0, i64 4095, i64 0)"   --->   Operation 82 'speclooptripcount' 'empty_7' <Predicate = true> <Delay = 0.00>
ST_12 : Operation 83 [1/1] (1.54ns)   --->   "%w = add i12 %i_op_assign_2, 1" [../src/ReLU/ReLU.cpp:21]   --->   Operation 83 'add' 'w' <Predicate = true> <Delay = 1.54> <Core = "AddSub">   --->   Core 14 'AddSub' <Latency = 0> <II = 1> <Delay = 1.54> <FuncUnit> <Opcode : 'add' 'sub'> <InPorts = 2> <OutPorts = 1>
ST_12 : Operation 84 [1/1] (0.00ns)   --->   "br i1 %exitcond, label %5, label %4" [../src/ReLU/ReLU.cpp:21]   --->   Operation 84 'br' <Predicate = true> <Delay = 0.00>
ST_12 : Operation 85 [1/1] (8.75ns)   --->   "%gmem_addr_read = call float @_ssdm_op_Read.m_axi.floatP(float* %gmem_addr)" [D:/software/Xilinx/Vivado/2018.3/win64/tools/clang/bin\..\lib\clang\3.1/../../../include/c++/4.5.2\bits/stl_algobase.h:214->../src/ReLU/ReLU.cpp:23]   --->   Operation 85 'read' 'gmem_addr_read' <Predicate = (!exitcond)> <Delay = 8.75> <Core = "m_axi">   --->   Core 9 'm_axi' <Latency = 6> <II = 1> <Delay = 1.00> <Adapter> <Opcode : 'read' 'write' 'readreq' 'writereq' 'writeresp'>
ST_12 : Operation 86 [5/5] (8.75ns)   --->   "%gmem_addr_1_wr_resp = call i1 @_ssdm_op_WriteResp.m_axi.floatP(float* %gmem_addr_1)" [../src/ReLU/ReLU.cpp:23]   --->   Operation 86 'writeresp' 'gmem_addr_1_wr_resp' <Predicate = (exitcond)> <Delay = 8.75> <Core = "m_axi">   --->   Core 9 'm_axi' <Latency = 6> <II = 1> <Delay = 1.00> <Adapter> <Opcode : 'read' 'write' 'readreq' 'writereq' 'writeresp'>

State 13 <SV = 12> <Delay = 6.04>
ST_13 : Operation 87 [1/1] (0.00ns)   --->   "%p_b_assign_load_to_i = bitcast float %gmem_addr_read to i32" [D:/software/Xilinx/Vivado/2018.3/win64/tools/clang/bin\..\lib\clang\3.1/../../../include/c++/4.5.2\bits/stl_algobase.h:214->../src/ReLU/ReLU.cpp:23]   --->   Operation 87 'bitcast' 'p_b_assign_load_to_i' <Predicate = true> <Delay = 0.00>
ST_13 : Operation 88 [1/1] (0.00ns)   --->   "%tmp_7 = call i8 @_ssdm_op_PartSelect.i8.i32.i32.i32(i32 %p_b_assign_load_to_i, i32 23, i32 30)" [D:/software/Xilinx/Vivado/2018.3/win64/tools/clang/bin\..\lib\clang\3.1/../../../include/c++/4.5.2\bits/stl_algobase.h:214->../src/ReLU/ReLU.cpp:23]   --->   Operation 88 'partselect' 'tmp_7' <Predicate = true> <Delay = 0.00>
ST_13 : Operation 89 [1/1] (0.00ns)   --->   "%tmp_5 = trunc i32 %p_b_assign_load_to_i to i23" [D:/software/Xilinx/Vivado/2018.3/win64/tools/clang/bin\..\lib\clang\3.1/../../../include/c++/4.5.2\bits/stl_algobase.h:214->../src/ReLU/ReLU.cpp:23]   --->   Operation 89 'trunc' 'tmp_5' <Predicate = true> <Delay = 0.00>
ST_13 : Operation 90 [1/1] (1.31ns)   --->   "%notlhs = icmp ne i8 %tmp_7, -1" [D:/software/Xilinx/Vivado/2018.3/win64/tools/clang/bin\..\lib\clang\3.1/../../../include/c++/4.5.2\bits/stl_algobase.h:214->../src/ReLU/ReLU.cpp:23]   --->   Operation 90 'icmp' 'notlhs' <Predicate = true> <Delay = 1.31> <Core = "Cmp">   --->   Core 25 'Cmp' <Latency = 0> <II = 1> <Delay = 2.02> <FuncUnit> <Opcode : 'icmp'> <InPorts = 2> <OutPorts = 1>
ST_13 : Operation 91 [1/1] (2.02ns)   --->   "%notrhs = icmp eq i23 %tmp_5, 0" [D:/software/Xilinx/Vivado/2018.3/win64/tools/clang/bin\..\lib\clang\3.1/../../../include/c++/4.5.2\bits/stl_algobase.h:214->../src/ReLU/ReLU.cpp:23]   --->   Operation 91 'icmp' 'notrhs' <Predicate = true> <Delay = 2.02> <Core = "Cmp">   --->   Core 25 'Cmp' <Latency = 0> <II = 1> <Delay = 2.02> <FuncUnit> <Opcode : 'icmp'> <InPorts = 2> <OutPorts = 1>
ST_13 : Operation 92 [1/1] (0.00ns) (grouped into LUT with out node tmp_6)   --->   "%tmp_s = or i1 %notrhs, %notlhs" [D:/software/Xilinx/Vivado/2018.3/win64/tools/clang/bin\..\lib\clang\3.1/../../../include/c++/4.5.2\bits/stl_algobase.h:214->../src/ReLU/ReLU.cpp:23]   --->   Operation 92 'or' 'tmp_s' <Predicate = true> <Delay = 0.00> <Core = "LogicGate">   --->   Core 27 'LogicGate' <Latency = 0> <II = 1> <Delay = 0.80> <FuncUnit> <Opcode : 'and' 'or' 'xor'> <InPorts = 2> <OutPorts = 1>
ST_13 : Operation 93 [1/1] (5.24ns)   --->   "%tmp_8 = fcmp ogt float %gmem_addr_read, 0.000000e+00" [D:/software/Xilinx/Vivado/2018.3/win64/tools/clang/bin\..\lib\clang\3.1/../../../include/c++/4.5.2\bits/stl_algobase.h:214->../src/ReLU/ReLU.cpp:23]   --->   Operation 93 'fcmp' 'tmp_8' <Predicate = true> <Delay = 5.24> <Core = "FCmp">   --->   Core 110 'FCmp' <Latency = 0> <II = 1> <Delay = 5.24> <FuncUnit> <Opcode : 'fcmp'> <InPorts = 2> <OutPorts = 1>
ST_13 : Operation 94 [1/1] (0.00ns) (grouped into LUT with out node tmp_6)   --->   "%tmp_9 = and i1 %tmp_s, %tmp_8" [D:/software/Xilinx/Vivado/2018.3/win64/tools/clang/bin\..\lib\clang\3.1/../../../include/c++/4.5.2\bits/stl_algobase.h:214->../src/ReLU/ReLU.cpp:23]   --->   Operation 94 'and' 'tmp_9' <Predicate = true> <Delay = 0.00> <Core = "LogicGate">   --->   Core 27 'LogicGate' <Latency = 0> <II = 1> <Delay = 0.80> <FuncUnit> <Opcode : 'and' 'or' 'xor'> <InPorts = 2> <OutPorts = 1>
ST_13 : Operation 95 [1/1] (0.80ns) (out node of the LUT)   --->   "%tmp_6 = select i1 %tmp_9, float %gmem_addr_read, float 0.000000e+00" [../src/ReLU/ReLU.cpp:23]   --->   Operation 95 'select' 'tmp_6' <Predicate = true> <Delay = 0.80> <Core = "Sel">   --->   Core 26 'Sel' <Latency = 0> <II = 1> <Delay = 0.70> <FuncUnit> <Opcode : 'select'> <InPorts = 3> <OutPorts = 1>

State 14 <SV = 13> <Delay = 8.75>
ST_14 : Operation 96 [1/1] (8.75ns)   --->   "call void @_ssdm_op_Write.m_axi.floatP(float* %gmem_addr_1, float %tmp_6, i4 -1)" [../src/ReLU/ReLU.cpp:23]   --->   Operation 96 'write' <Predicate = true> <Delay = 8.75> <Core = "m_axi">   --->   Core 9 'm_axi' <Latency = 6> <II = 1> <Delay = 1.00> <Adapter> <Opcode : 'read' 'write' 'readreq' 'writereq' 'writeresp'>
ST_14 : Operation 97 [1/1] (0.00ns)   --->   "br label %.preheader" [../src/ReLU/ReLU.cpp:21]   --->   Operation 97 'br' <Predicate = true> <Delay = 0.00>

State 15 <SV = 12> <Delay = 8.75>
ST_15 : Operation 98 [4/5] (8.75ns)   --->   "%gmem_addr_1_wr_resp = call i1 @_ssdm_op_WriteResp.m_axi.floatP(float* %gmem_addr_1)" [../src/ReLU/ReLU.cpp:23]   --->   Operation 98 'writeresp' 'gmem_addr_1_wr_resp' <Predicate = true> <Delay = 8.75> <Core = "m_axi">   --->   Core 9 'm_axi' <Latency = 6> <II = 1> <Delay = 1.00> <Adapter> <Opcode : 'read' 'write' 'readreq' 'writereq' 'writeresp'>

State 16 <SV = 13> <Delay = 8.75>
ST_16 : Operation 99 [3/5] (8.75ns)   --->   "%gmem_addr_1_wr_resp = call i1 @_ssdm_op_WriteResp.m_axi.floatP(float* %gmem_addr_1)" [../src/ReLU/ReLU.cpp:23]   --->   Operation 99 'writeresp' 'gmem_addr_1_wr_resp' <Predicate = true> <Delay = 8.75> <Core = "m_axi">   --->   Core 9 'm_axi' <Latency = 6> <II = 1> <Delay = 1.00> <Adapter> <Opcode : 'read' 'write' 'readreq' 'writereq' 'writeresp'>

State 17 <SV = 14> <Delay = 8.75>
ST_17 : Operation 100 [2/5] (8.75ns)   --->   "%gmem_addr_1_wr_resp = call i1 @_ssdm_op_WriteResp.m_axi.floatP(float* %gmem_addr_1)" [../src/ReLU/ReLU.cpp:23]   --->   Operation 100 'writeresp' 'gmem_addr_1_wr_resp' <Predicate = true> <Delay = 8.75> <Core = "m_axi">   --->   Core 9 'm_axi' <Latency = 6> <II = 1> <Delay = 1.00> <Adapter> <Opcode : 'read' 'write' 'readreq' 'writereq' 'writeresp'>

State 18 <SV = 15> <Delay = 8.75>
ST_18 : Operation 101 [1/5] (8.75ns)   --->   "%gmem_addr_1_wr_resp = call i1 @_ssdm_op_WriteResp.m_axi.floatP(float* %gmem_addr_1)" [../src/ReLU/ReLU.cpp:23]   --->   Operation 101 'writeresp' 'gmem_addr_1_wr_resp' <Predicate = true> <Delay = 8.75> <Core = "m_axi">   --->   Core 9 'm_axi' <Latency = 6> <II = 1> <Delay = 1.00> <Adapter> <Opcode : 'read' 'write' 'readreq' 'writereq' 'writeresp'>
ST_18 : Operation 102 [1/1] (0.00ns)   --->   "br label %3" [../src/ReLU/ReLU.cpp:20]   --->   Operation 102 'br' <Predicate = true> <Delay = 0.00>


============================================================
+ Verbose Summary: Timing violations
============================================================
Target clock period: 10ns, clock uncertainty: 1.25ns.

 <State 1>: 1ns
The critical path consists of the following:
	s_axi read on port 'out_data' [7]  (1 ns)

 <State 2>: 1.82ns
The critical path consists of the following:
	'phi' operation ('c') with incoming values : ('c', ../src/ReLU/ReLU.cpp:18) [32]  (0 ns)
	'icmp' operation ('exitcond2', ../src/ReLU/ReLU.cpp:18) [35]  (1.82 ns)

 <State 3>: 1.82ns
The critical path consists of the following:
	'phi' operation ('h') with incoming values : ('h', ../src/ReLU/ReLU.cpp:20) [43]  (0 ns)
	'icmp' operation ('exitcond1', ../src/ReLU/ReLU.cpp:20) [45]  (1.82 ns)

 <State 4>: 7.45ns
The critical path consists of the following:
	'mul' operation of DSP[52] ('tmp1', ../src/ReLU/ReLU.cpp:20) [52]  (5.55 ns)
	'add' operation ('in_data2_sum', ../src/ReLU/ReLU.cpp:23) [54]  (1.9 ns)

 <State 5>: 8.75ns
The critical path consists of the following:
	bus request on port 'gmem' (D:/software/Xilinx/Vivado/2018.3/win64/tools/clang/bin\..\lib\clang\3.1/../../../include/c++/4.5.2\bits/stl_algobase.h:214->../src/ReLU/ReLU.cpp:23) [60]  (8.75 ns)

 <State 6>: 8.75ns
The critical path consists of the following:
	bus request on port 'gmem' (D:/software/Xilinx/Vivado/2018.3/win64/tools/clang/bin\..\lib\clang\3.1/../../../include/c++/4.5.2\bits/stl_algobase.h:214->../src/ReLU/ReLU.cpp:23) [60]  (8.75 ns)

 <State 7>: 8.75ns
The critical path consists of the following:
	bus request on port 'gmem' (D:/software/Xilinx/Vivado/2018.3/win64/tools/clang/bin\..\lib\clang\3.1/../../../include/c++/4.5.2\bits/stl_algobase.h:214->../src/ReLU/ReLU.cpp:23) [60]  (8.75 ns)

 <State 8>: 8.75ns
The critical path consists of the following:
	bus request on port 'gmem' (D:/software/Xilinx/Vivado/2018.3/win64/tools/clang/bin\..\lib\clang\3.1/../../../include/c++/4.5.2\bits/stl_algobase.h:214->../src/ReLU/ReLU.cpp:23) [60]  (8.75 ns)

 <State 9>: 8.75ns
The critical path consists of the following:
	bus request on port 'gmem' (D:/software/Xilinx/Vivado/2018.3/win64/tools/clang/bin\..\lib\clang\3.1/../../../include/c++/4.5.2\bits/stl_algobase.h:214->../src/ReLU/ReLU.cpp:23) [60]  (8.75 ns)

 <State 10>: 8.75ns
The critical path consists of the following:
	bus request on port 'gmem' (D:/software/Xilinx/Vivado/2018.3/win64/tools/clang/bin\..\lib\clang\3.1/../../../include/c++/4.5.2\bits/stl_algobase.h:214->../src/ReLU/ReLU.cpp:23) [60]  (8.75 ns)

 <State 11>: 8.75ns
The critical path consists of the following:
	bus request on port 'gmem' (D:/software/Xilinx/Vivado/2018.3/win64/tools/clang/bin\..\lib\clang\3.1/../../../include/c++/4.5.2\bits/stl_algobase.h:214->../src/ReLU/ReLU.cpp:23) [60]  (8.75 ns)

 <State 12>: 8.75ns
The critical path consists of the following:
	bus read on port 'gmem' (D:/software/Xilinx/Vivado/2018.3/win64/tools/clang/bin\..\lib\clang\3.1/../../../include/c++/4.5.2\bits/stl_algobase.h:214->../src/ReLU/ReLU.cpp:23) [70]  (8.75 ns)

 <State 13>: 6.05ns
The critical path consists of the following:
	'fcmp' operation ('tmp_8', D:/software/Xilinx/Vivado/2018.3/win64/tools/clang/bin\..\lib\clang\3.1/../../../include/c++/4.5.2\bits/stl_algobase.h:214->../src/ReLU/ReLU.cpp:23) [77]  (5.25 ns)
	'and' operation ('tmp_9', D:/software/Xilinx/Vivado/2018.3/win64/tools/clang/bin\..\lib\clang\3.1/../../../include/c++/4.5.2\bits/stl_algobase.h:214->../src/ReLU/ReLU.cpp:23) [78]  (0 ns)
	'select' operation ('tmp_6', ../src/ReLU/ReLU.cpp:23) [79]  (0.8 ns)

 <State 14>: 8.75ns
The critical path consists of the following:
	bus write on port 'gmem' (../src/ReLU/ReLU.cpp:23) [80]  (8.75 ns)

 <State 15>: 8.75ns
The critical path consists of the following:
	bus access on port 'gmem' (../src/ReLU/ReLU.cpp:23) [83]  (8.75 ns)

 <State 16>: 8.75ns
The critical path consists of the following:
	bus access on port 'gmem' (../src/ReLU/ReLU.cpp:23) [83]  (8.75 ns)

 <State 17>: 8.75ns
The critical path consists of the following:
	bus access on port 'gmem' (../src/ReLU/ReLU.cpp:23) [83]  (8.75 ns)

 <State 18>: 8.75ns
The critical path consists of the following:
	bus access on port 'gmem' (../src/ReLU/ReLU.cpp:23) [83]  (8.75 ns)


============================================================
+ Verbose Summary: Binding
============================================================
N/A
* FSMD analyzer results:
  - Output states:
 - Input state : 
  - Chain level:
	State 1
	State 2
	State 3
	State 4
	State 5
	State 6
	State 7
	State 8
	State 9
	State 10
	State 11
	State 12
	State 13
	State 14
	State 15
	State 16
	State 17
	State 18


============================================================
+ Verbose Summary: Datapath Resource usage 
============================================================
N/A
