==============================================================
File generated on Fri Oct 25 16:11:29 +0800 2024
Vivado(TM) HLS - High-Level Synthesis from C, C++ and SystemC v2018.3 (64-bit)
SW Build 2405991 on Thu Dec  6 23:38:27 MST 2018
IP Build 2404404 on Fri Dec  7 01:43:56 MST 2018
Copyright 1986-2018 Xilinx, Inc. All Rights Reserved.
==============================================================
INFO: [SYN 201-201] Setting up clock 'default' with a period of 10ns.
INFO: [HLS 200-10] Setting target device to 'xc7z020clg400-2'
INFO: [SYN 201-201] Setting up clock 'default' with a period of 10ns.
INFO: [SCHED 204-61] Option 'relax_ii_for_timing' is enabled, will increase II to preserve clock frequency constraints.
INFO: [HLS 200-10] Analyzing design file '../src/Tanh/Tanh.cpp' ... 
INFO: [HLS 200-111] Finished Linking Time (s): cpu = 00:00:00 ; elapsed = 00:00:12 . Memory (MB): peak = 103.074 ; gain = 17.727
INFO: [HLS 200-111] Finished Checking Pragmas Time (s): cpu = 00:00:00 ; elapsed = 00:00:12 . Memory (MB): peak = 103.074 ; gain = 17.727
INFO: [HLS 200-10] Starting code transformations ...
INFO: [HLS 200-111] Finished Standard Transforms Time (s): cpu = 00:00:01 ; elapsed = 00:00:15 . Memory (MB): peak = 275.848 ; gain = 190.500
INFO: [HLS 200-10] Checking synthesizability ...
INFO: [XFORM 203-602] Inlining function 'fp_struct<float>::data' into 'fp_struct<float>::to_float' (r:/builds/2018.3/continuous/2018_12_06_2405991/src/products/hls/hls_lib/src/hls\utils/x_hls_utils.h:348) automatically.
INFO: [XFORM 203-602] Inlining function 'fp_struct<float>::to_float' into 'fp_struct<float>::to_ieee' (r:/builds/2018.3/continuous/2018_12_06_2405991/src/products/hls/hls_lib/src/hls\utils/x_hls_utils.h:369) automatically.
INFO: [XFORM 203-602] Inlining function 'fp_struct<float>::to_ieee' into 'generic_copysign<float>' (r:/builds/2018.3/continuous/2018_12_06_2405991/src/products/hls/hls_lib/hlsmath/include/FloatingPoint/hls_copysign.h:13) automatically.
INFO: [XFORM 203-602] Inlining function 'generic_copysign<float>' into 'generic_fabs<float>' (r:/builds/2018.3/continuous/2018_12_06_2405991/src/products/hls/hls_lib/hlsmath/include/FloatingPoint/hls_fabs.h:12) automatically.
INFO: [XFORM 203-602] Inlining function 'fp_struct<float>::to_ieee' into 'generic_nan<float>' (r:/builds/2018.3/continuous/2018_12_06_2405991/src/products/hls/hls_lib/hlsmath/include/FloatingPoint/hls_nan.h:14) automatically.
INFO: [XFORM 203-602] Inlining function 'fp_struct<double>::data' into 'fp_struct<double>::to_double' (r:/builds/2018.3/continuous/2018_12_06_2405991/src/products/hls/hls_lib/src/hls\utils/x_hls_utils.h:512) automatically.
INFO: [XFORM 203-602] Inlining function 'fp_struct<double>::to_double' into 'fp_struct<double>::to_ieee' (r:/builds/2018.3/continuous/2018_12_06_2405991/src/products/hls/hls_lib/src/hls\utils/x_hls_utils.h:526) automatically.
INFO: [XFORM 203-602] Inlining function 'generic_isnan<double>' into 'exp_reduce_::exp_generic<double>' (r:/builds/2018.3/continuous/2018_12_06_2405991/src/products/hls/hls_lib/hlsmath/include/FloatingPoint\hls_exp_.h:208) automatically.
INFO: [XFORM 203-602] Inlining function 'generic_isinf<double>' into 'exp_reduce_::exp_generic<double>' (r:/builds/2018.3/continuous/2018_12_06_2405991/src/products/hls/hls_lib/hlsmath/include/FloatingPoint\hls_exp_.h:209) automatically.
INFO: [XFORM 203-602] Inlining function 'fp_struct<double>::to_ieee' into 'exp_reduce_::exp_generic<double>' (r:/builds/2018.3/continuous/2018_12_06_2405991/src/products/hls/hls_lib/hlsmath/include/FloatingPoint\hls_exp_.h:218) automatically.
INFO: [XFORM 203-602] Inlining function 'fp_struct<double>::expv' into 'exp_reduce_::exp_generic<double>' (r:/builds/2018.3/continuous/2018_12_06_2405991/src/products/hls/hls_lib/hlsmath/include/FloatingPoint\hls_exp_.h:236) automatically.
INFO: [XFORM 203-602] Inlining function 'exp_reduce_::exp_traits<double>::exp_Z1P_m_1' into 'exp_reduce_::exp_generic<double>' (r:/builds/2018.3/continuous/2018_12_06_2405991/src/products/hls/hls_lib/hlsmath/include/FloatingPoint\hls_exp_.h:321) automatically.
INFO: [XFORM 203-602] Inlining function 'generic_fabs<float>' into 'explog_based::generic_tanh<float>' (r:/builds/2018.3/continuous/2018_12_06_2405991/src/products/hls/hls_lib/hlsmath/include/FloatingPoint\hls_tanh.h:61) automatically.
INFO: [XFORM 203-602] Inlining function 'generic_nan<float>' into 'explog_based::generic_tanh<float>' (r:/builds/2018.3/continuous/2018_12_06_2405991/src/products/hls/hls_lib/hlsmath/include/FloatingPoint\hls_tanh.h:67) automatically.
INFO: [XFORM 203-602] Inlining function 'exp_reduce_::expm1' into 'explog_based::generic_tanh<float>' (r:/builds/2018.3/continuous/2018_12_06_2405991/src/products/hls/hls_lib/hlsmath/include/FloatingPoint\hls_tanh.h:89) automatically.
INFO: [XFORM 203-602] Inlining function 'tanhf' into 'std::tanh' (D:/software/Xilinx/Vivado/2018.3/win64/tools/clang/bin\..\lib\clang\3.1/../../../include/c++/4.5.2\cmath:466) automatically.
INFO: [XFORM 203-602] Inlining function 'std::tanh' into 'Tanh' (../src/Tanh/Tanh.cpp:26) automatically.
INFO: [HLS 200-111] Finished Checking Synthesizability Time (s): cpu = 00:00:02 ; elapsed = 00:00:17 . Memory (MB): peak = 364.555 ; gain = 279.207
INFO: [XFORM 203-502] Unrolling all sub-loops inside loop 'Loop-1' (../src/Tanh/Tanh.cpp:18) in function 'Tanh' for pipelining.
WARNING: [XFORM 203-503] Cannot unroll loop 'Loop-1.1' (../src/Tanh/Tanh.cpp:20) in function 'Tanh': cannot completely unroll a loop with a variable trip count.
WARNING: [XFORM 203-503] Cannot unroll loop 'Loop-1.1.1' (../src/Tanh/Tanh.cpp:21) in function 'Tanh': cannot completely unroll a loop with a variable trip count.
INFO: [XFORM 203-602] Inlining function 'fp_struct<float>::data' into 'fp_struct<float>::to_float' (r:/builds/2018.3/continuous/2018_12_06_2405991/src/products/hls/hls_lib/src/hls\utils/x_hls_utils.h:348) automatically.
INFO: [XFORM 203-602] Inlining function 'fp_struct<float>::to_float' into 'fp_struct<float>::to_ieee' (r:/builds/2018.3/continuous/2018_12_06_2405991/src/products/hls/hls_lib/src/hls\utils/x_hls_utils.h:369) automatically.
INFO: [XFORM 203-602] Inlining function 'fp_struct<float>::to_ieee' into 'generic_copysign<float>' (r:/builds/2018.3/continuous/2018_12_06_2405991/src/products/hls/hls_lib/hlsmath/include/FloatingPoint/hls_copysign.h:13) automatically.
INFO: [XFORM 203-602] Inlining function 'generic_copysign<float>' into 'generic_fabs<float>' (r:/builds/2018.3/continuous/2018_12_06_2405991/src/products/hls/hls_lib/hlsmath/include/FloatingPoint/hls_fabs.h:12) automatically.
INFO: [XFORM 203-602] Inlining function 'fp_struct<float>::to_ieee' into 'generic_nan<float>' (r:/builds/2018.3/continuous/2018_12_06_2405991/src/products/hls/hls_lib/hlsmath/include/FloatingPoint/hls_nan.h:14) automatically.
INFO: [XFORM 203-602] Inlining function 'fp_struct<double>::data' into 'fp_struct<double>::to_double' (r:/builds/2018.3/continuous/2018_12_06_2405991/src/products/hls/hls_lib/src/hls\utils/x_hls_utils.h:512) automatically.
INFO: [XFORM 203-602] Inlining function 'fp_struct<double>::to_double' into 'fp_struct<double>::to_ieee' (r:/builds/2018.3/continuous/2018_12_06_2405991/src/products/hls/hls_lib/src/hls\utils/x_hls_utils.h:526) automatically.
INFO: [XFORM 203-602] Inlining function 'generic_isnan<double>' into 'exp_reduce_::exp_generic<double>' (r:/builds/2018.3/continuous/2018_12_06_2405991/src/products/hls/hls_lib/hlsmath/include/FloatingPoint\hls_exp_.h:208) automatically.
INFO: [XFORM 203-602] Inlining function 'generic_isinf<double>' into 'exp_reduce_::exp_generic<double>' (r:/builds/2018.3/continuous/2018_12_06_2405991/src/products/hls/hls_lib/hlsmath/include/FloatingPoint\hls_exp_.h:209) automatically.
INFO: [XFORM 203-602] Inlining function 'fp_struct<double>::to_ieee' into 'exp_reduce_::exp_generic<double>' (r:/builds/2018.3/continuous/2018_12_06_2405991/src/products/hls/hls_lib/hlsmath/include/FloatingPoint\hls_exp_.h:218) automatically.
INFO: [XFORM 203-602] Inlining function 'fp_struct<double>::expv' into 'exp_reduce_::exp_generic<double>' (r:/builds/2018.3/continuous/2018_12_06_2405991/src/products/hls/hls_lib/hlsmath/include/FloatingPoint\hls_exp_.h:236) automatically.
INFO: [XFORM 203-602] Inlining function 'exp_reduce_::exp_traits<double>::exp_Z1P_m_1' into 'exp_reduce_::exp_generic<double>' (r:/builds/2018.3/continuous/2018_12_06_2405991/src/products/hls/hls_lib/hlsmath/include/FloatingPoint\hls_exp_.h:321) automatically.
INFO: [XFORM 203-602] Inlining function 'generic_fabs<float>' into 'explog_based::generic_tanh<float>' (r:/builds/2018.3/continuous/2018_12_06_2405991/src/products/hls/hls_lib/hlsmath/include/FloatingPoint\hls_tanh.h:61) automatically.
INFO: [XFORM 203-602] Inlining function 'generic_nan<float>' into 'explog_based::generic_tanh<float>' (r:/builds/2018.3/continuous/2018_12_06_2405991/src/products/hls/hls_lib/hlsmath/include/FloatingPoint\hls_tanh.h:67) automatically.
INFO: [XFORM 203-602] Inlining function 'exp_reduce_::expm1' into 'explog_based::generic_tanh<float>' (r:/builds/2018.3/continuous/2018_12_06_2405991/src/products/hls/hls_lib/hlsmath/include/FloatingPoint\hls_tanh.h:89) automatically.
INFO: [XFORM 203-602] Inlining function 'tanhf' into 'std::tanh' (D:/software/Xilinx/Vivado/2018.3/win64/tools/clang/bin\..\lib\clang\3.1/../../../include/c++/4.5.2\cmath:466) automatically.
INFO: [XFORM 203-602] Inlining function 'std::tanh' into 'Tanh' (../src/Tanh/Tanh.cpp:26) automatically.
INFO: [XFORM 203-401] Performing if-conversion on hyperblock from (r:/builds/2018.3/continuous/2018_12_06_2405991/src/products/hls/hls_lib/hlsmath/include/FloatingPoint\hls_tanh.h:107:8) to (r:/builds/2018.3/continuous/2018_12_06_2405991/src/products/hls/hls_lib/hlsmath/include/FloatingPoint\hls_tanh.h:113:3) in function 'explog_based::generic_tanh<float>'... converting 3 basic blocks.
INFO: [XFORM 203-401] Performing if-conversion on hyperblock from (r:/builds/2018.3/continuous/2018_12_06_2405991/src/products/hls/hls_lib/hlsmath/include/FloatingPoint\hls_tanh.h:82:10) to (r:/builds/2018.3/continuous/2018_12_06_2405991/src/products/hls/hls_lib/hlsmath/src/common/hls_exp_float.cpp:8:10) in function 'explog_based::generic_tanh<float>'... converting 4 basic blocks.
INFO: [XFORM 203-401] Performing if-conversion on hyperblock from (r:/builds/2018.3/continuous/2018_12_06_2405991/src/products/hls/hls_lib/hlsmath/include/FloatingPoint\hls_exp_.h:184:19) to (r:/builds/2018.3/continuous/2018_12_06_2405991/src/products/hls/hls_lib/hlsmath/include/FloatingPoint\hls_exp_.h:367:3) in function 'exp_reduce_::exp_generic<double>'... converting 20 basic blocks.
INFO: [HLS 200-111] Finished Pre-synthesis Time (s): cpu = 00:00:03 ; elapsed = 00:00:19 . Memory (MB): peak = 482.785 ; gain = 397.438
INFO: [XFORM 203-541] Flattening a loop nest 'Loop-1' (../src/Tanh/Tanh.cpp:18:18) in function 'Tanh'.
WARNING: [XFORM 203-631] Renaming function 'explog_based::generic_tanh<float>' to 'generic_tanh<float>' (r:/builds/2018.3/continuous/2018_12_06_2405991/src/products/hls/hls_lib/hlsmath/include/FloatingPoint\hls_tanh.h:56)
WARNING: [XFORM 203-631] Renaming function 'exp_reduce_::exp_generic<double>' to 'exp_generic<double>' (r:/builds/2018.3/continuous/2018_12_06_2405991/src/products/hls/hls_lib/hlsmath/include/FloatingPoint\hls_exp_.h:184)
INFO: [HLS 200-444] Inferring multiple bus burst read of variable length on port 'gmem' (../src/Tanh/Tanh.cpp:26:35). These data requests might be further partitioned to multiple requests during RTL generation, based on max_read_burst_length or max_write_burst_length settings.
INFO: [HLS 200-111] Finished Architecture Synthesis Time (s): cpu = 00:00:03 ; elapsed = 00:00:20 . Memory (MB): peak = 539.137 ; gain = 453.789
INFO: [HLS 200-10] Starting hardware synthesis ...
INFO: [HLS 200-10] Synthesizing 'Tanh' ...
WARNING: [SYN 201-103] Legalizing function name 'exp_generic<double>' to 'exp_generic_double_s'.
WARNING: [SYN 201-103] Legalizing function name 'generic_tanh<float>' to 'generic_tanh_float_s'.
INFO: [HLS 200-10] ----------------------------------------------------------------
INFO: [HLS 200-42] -- Implementing module 'exp_generic_double_s' 
INFO: [HLS 200-10] ----------------------------------------------------------------
INFO: [SCHED 204-11] Starting scheduling ...
INFO: [SCHED 204-61] Pipelining function 'exp_generic<double>'.
INFO: [SCHED 204-61] Pipelining result : Target II = 1, Final II = 1, Depth = 13.
INFO: [SCHED 204-11] Finished scheduling.
INFO: [HLS 200-111]  Elapsed time: 20.342 seconds; current allocated memory: 460.224 MB.
INFO: [BIND 205-100] Starting micro-architecture generation ...
INFO: [BIND 205-101] Performing variable lifetime analysis.
INFO: [BIND 205-101] Exploring resource sharing.
INFO: [BIND 205-101] Binding ...
INFO: [BIND 205-100] Finished micro-architecture generation.
INFO: [HLS 200-111]  Elapsed time: 0.259 seconds; current allocated memory: 460.871 MB.
INFO: [HLS 200-10] ----------------------------------------------------------------
INFO: [HLS 200-42] -- Implementing module 'generic_tanh_float_s' 
INFO: [HLS 200-10] ----------------------------------------------------------------
INFO: [SCHED 204-11] Starting scheduling ...
INFO: [SCHED 204-61] Pipelining function 'generic_tanh<float>'.
INFO: [SCHED 204-61] Pipelining result : Target II = 1, Final II = 1, Depth = 46.
INFO: [SCHED 204-11] Finished scheduling.
INFO: [HLS 200-111]  Elapsed time: 0.426 seconds; current allocated memory: 461.544 MB.
INFO: [BIND 205-100] Starting micro-architecture generation ...
INFO: [BIND 205-101] Performing variable lifetime analysis.
INFO: [BIND 205-101] Exploring resource sharing.
INFO: [BIND 205-101] Binding ...
INFO: [BIND 205-100] Finished micro-architecture generation.
INFO: [HLS 200-111]  Elapsed time: 0.247 seconds; current allocated memory: 462.064 MB.
INFO: [HLS 200-10] ----------------------------------------------------------------
INFO: [HLS 200-42] -- Implementing module 'Tanh' 
INFO: [HLS 200-10] ----------------------------------------------------------------
INFO: [SCHED 204-11] Starting scheduling ...
WARNING: [SCHED 204-65] Unable to satisfy pipeline directive: Loop contains subloop(s) not being unrolled or flattened.
INFO: [SCHED 204-11] Finished scheduling.
INFO: [HLS 200-111]  Elapsed time: 0.471 seconds; current allocated memory: 462.465 MB.
INFO: [HLS 200-434] Only 0 loops out of a total 2 loops have been pipelined in this design.
INFO: [BIND 205-100] Starting micro-architecture generation ...
INFO: [BIND 205-101] Performing variable lifetime analysis.
INFO: [BIND 205-101] Exploring resource sharing.
INFO: [BIND 205-101] Binding ...
INFO: [BIND 205-100] Finished micro-architecture generation.
INFO: [HLS 200-111]  Elapsed time: 0.415 seconds; current allocated memory: 462.953 MB.
INFO: [HLS 200-10] ----------------------------------------------------------------
INFO: [HLS 200-10] -- Generating RTL for module 'exp_generic_double_s' 
INFO: [HLS 200-10] ----------------------------------------------------------------
INFO: [SYN 201-210] Renamed object name 'exp_generic_double_s_table_exp_Z1_array_s' to 'exp_generic_doublbkb' due to the length limit 20
INFO: [SYN 201-210] Renamed object name 'exp_generic_double_s_table_f_Z3_array_V' to 'exp_generic_doublcud' due to the length limit 20
INFO: [SYN 201-210] Renamed object name 'exp_generic_double_s_table_f_Z2_array_V' to 'exp_generic_doubldEe' due to the length limit 20
INFO: [SYN 201-210] Renamed object name 'Tanh_mul_72ns_13s_84_2_1' to 'Tanh_mul_72ns_13seOg' due to the length limit 20
INFO: [SYN 201-210] Renamed object name 'Tanh_mac_muladd_16ns_16s_19s_31_1_1' to 'Tanh_mac_muladd_1fYi' due to the length limit 20
INFO: [RTGEN 206-100] Generating core module 'Tanh_mac_muladd_1fYi': 1 instance(s).
INFO: [RTGEN 206-100] Generating core module 'Tanh_mul_72ns_13seOg': 1 instance(s).
INFO: [RTGEN 206-100] Finished creating RTL model for 'exp_generic_double_s'.
INFO: [HLS 200-111]  Elapsed time: 0.574 seconds; current allocated memory: 464.441 MB.
INFO: [HLS 200-10] ----------------------------------------------------------------
INFO: [HLS 200-10] -- Generating RTL for module 'generic_tanh_float_s' 
INFO: [HLS 200-10] ----------------------------------------------------------------
INFO: [SYN 201-210] Renamed object name 'Tanh_fadd_32ns_32ns_32_4_full_dsp_1' to 'Tanh_fadd_32ns_32g8j' due to the length limit 20
INFO: [SYN 201-210] Renamed object name 'Tanh_fsub_32ns_32ns_32_4_full_dsp_1' to 'Tanh_fsub_32ns_32hbi' due to the length limit 20
INFO: [SYN 201-210] Renamed object name 'Tanh_fmul_32ns_32ns_32_3_max_dsp_1' to 'Tanh_fmul_32ns_32ibs' due to the length limit 20
INFO: [SYN 201-210] Renamed object name 'Tanh_fdiv_32ns_32ns_32_12_1' to 'Tanh_fdiv_32ns_32jbC' due to the length limit 20
INFO: [SYN 201-210] Renamed object name 'Tanh_fptrunc_64ns_32_1_1' to 'Tanh_fptrunc_64nskbM' due to the length limit 20
INFO: [SYN 201-210] Renamed object name 'Tanh_fpext_32ns_64_1_1' to 'Tanh_fpext_32ns_6lbW' due to the length limit 20
INFO: [SYN 201-210] Renamed object name 'Tanh_fcmp_32ns_32ns_1_1_1' to 'Tanh_fcmp_32ns_32mb6' due to the length limit 20
INFO: [SYN 201-210] Renamed object name 'Tanh_dadd_64ns_64ns_64_5_full_dsp_1' to 'Tanh_dadd_64ns_64ncg' due to the length limit 20
INFO: [RTGEN 206-100] Generating core module 'Tanh_dadd_64ns_64ncg': 1 instance(s).
INFO: [RTGEN 206-100] Generating core module 'Tanh_fadd_32ns_32g8j': 2 instance(s).
INFO: [RTGEN 206-100] Generating core module 'Tanh_fcmp_32ns_32mb6': 1 instance(s).
INFO: [RTGEN 206-100] Generating core module 'Tanh_fdiv_32ns_32jbC': 1 instance(s).
INFO: [RTGEN 206-100] Generating core module 'Tanh_fmul_32ns_32ibs': 1 instance(s).
INFO: [RTGEN 206-100] Generating core module 'Tanh_fpext_32ns_6lbW': 1 instance(s).
INFO: [RTGEN 206-100] Generating core module 'Tanh_fptrunc_64nskbM': 1 instance(s).
INFO: [RTGEN 206-100] Generating core module 'Tanh_fsub_32ns_32hbi': 2 instance(s).
INFO: [RTGEN 206-100] Finished creating RTL model for 'generic_tanh_float_s'.
INFO: [HLS 200-111]  Elapsed time: 1.119 seconds; current allocated memory: 466.635 MB.
INFO: [HLS 200-10] ----------------------------------------------------------------
INFO: [HLS 200-10] -- Generating RTL for module 'Tanh' 
INFO: [HLS 200-10] ----------------------------------------------------------------
INFO: [RTGEN 206-500] Setting interface mode on port 'Tanh/gmem' to 'm_axi'.
INFO: [RTGEN 206-500] Setting interface mode on port 'Tanh/channel_V' to 's_axilite & ap_none'.
INFO: [RTGEN 206-500] Setting interface mode on port 'Tanh/height_V' to 's_axilite & ap_none'.
INFO: [RTGEN 206-500] Setting interface mode on port 'Tanh/width_V' to 's_axilite & ap_none'.
INFO: [RTGEN 206-500] Setting interface mode on port 'Tanh/in_data' to 's_axilite & ap_none'.
INFO: [RTGEN 206-500] Setting interface mode on port 'Tanh/out_data' to 's_axilite & ap_none'.
INFO: [RTGEN 206-500] Setting interface mode on function 'Tanh' to 's_axilite & ap_ctrl_hs'.
INFO: [RTGEN 206-100] Bundling port 'return', 'channel_V', 'width_V', 'in_data' and 'out_data' to AXI-Lite port AXILiteS.
INFO: [SYN 201-210] Renamed object name 'Tanh_mul_mul_12ns_12ns_24_1_1' to 'Tanh_mul_mul_12nsocq' due to the length limit 20
INFO: [SYN 201-210] Renamed object name 'Tanh_mac_muladd_12ns_12ns_12ns_24_1_1' to 'Tanh_mac_muladd_1pcA' due to the length limit 20
INFO: [SYN 201-210] Renamed object name 'Tanh_mul_mul_12ns_24ns_32_1_1' to 'Tanh_mul_mul_12nsqcK' due to the length limit 20
INFO: [RTGEN 206-100] Generating core module 'Tanh_mac_muladd_1pcA': 1 instance(s).
INFO: [RTGEN 206-100] Generating core module 'Tanh_mul_mul_12nsocq': 1 instance(s).
INFO: [RTGEN 206-100] Generating core module 'Tanh_mul_mul_12nsqcK': 1 instance(s).
INFO: [RTGEN 206-100] Finished creating RTL model for 'Tanh'.
INFO: [HLS 200-111]  Elapsed time: 0.98 seconds; current allocated memory: 467.995 MB.
INFO: [RTMG 210-282] Generating pipelined core: 'Tanh_mul_72ns_13seOg_MulnS_0'
INFO: [RTMG 210-279] Implementing memory 'exp_generic_doublbkb_rom' using auto ROMs.
INFO: [RTMG 210-279] Implementing memory 'exp_generic_doublcud_rom' using auto ROMs.
INFO: [RTMG 210-279] Implementing memory 'exp_generic_doubldEe_rom' using auto ROMs.
INFO: [HLS 200-111] Finished generating all RTL models Time (s): cpu = 00:00:05 ; elapsed = 00:00:30 . Memory (MB): peak = 541.887 ; gain = 456.539
INFO: [SYSC 207-301] Generating SystemC RTL for Tanh.
INFO: [VHDL 208-304] Generating VHDL RTL for Tanh.
INFO: [VLOG 209-307] Generating Verilog RTL for Tanh.
INFO: [HLS 200-112] Total elapsed time: 29.782 seconds; peak allocated memory: 467.995 MB.
==============================================================
File generated on Fri Oct 25 16:23:42 +0800 2024
Vivado(TM) HLS - High-Level Synthesis from C, C++ and SystemC v2018.3 (64-bit)
SW Build 2405991 on Thu Dec  6 23:38:27 MST 2018
IP Build 2404404 on Fri Dec  7 01:43:56 MST 2018
Copyright 1986-2018 Xilinx, Inc. All Rights Reserved.
==============================================================
INFO: [SYN 201-201] Setting up clock 'default' with a period of 10ns.
INFO: [HLS 200-10] Setting target device to 'xc7z020clg400-2'
INFO: [SCHED 204-61] Option 'relax_ii_for_timing' is enabled, will increase II to preserve clock frequency constraints.
INFO: [HLS 200-10] Analyzing design file '../src/Tanh/Tanh.cpp' ... 
INFO: [HLS 200-111] Finished Linking Time (s): cpu = 00:00:00 ; elapsed = 00:00:10 . Memory (MB): peak = 103.234 ; gain = 17.910
INFO: [HLS 200-111] Finished Checking Pragmas Time (s): cpu = 00:00:00 ; elapsed = 00:00:10 . Memory (MB): peak = 103.234 ; gain = 17.910
INFO: [HLS 200-10] Starting code transformations ...
INFO: [HLS 200-111] Finished Standard Transforms Time (s): cpu = 00:00:00 ; elapsed = 00:00:12 . Memory (MB): peak = 275.828 ; gain = 190.504
INFO: [HLS 200-10] Checking synthesizability ...
INFO: [XFORM 203-602] Inlining function 'fp_struct<float>::data' into 'fp_struct<float>::to_float' (r:/builds/2018.3/continuous/2018_12_06_2405991/src/products/hls/hls_lib/src/hls\utils/x_hls_utils.h:348) automatically.
INFO: [XFORM 203-602] Inlining function 'fp_struct<float>::to_float' into 'fp_struct<float>::to_ieee' (r:/builds/2018.3/continuous/2018_12_06_2405991/src/products/hls/hls_lib/src/hls\utils/x_hls_utils.h:369) automatically.
INFO: [XFORM 203-602] Inlining function 'fp_struct<float>::to_ieee' into 'generic_copysign<float>' (r:/builds/2018.3/continuous/2018_12_06_2405991/src/products/hls/hls_lib/hlsmath/include/FloatingPoint/hls_copysign.h:13) automatically.
INFO: [XFORM 203-602] Inlining function 'generic_copysign<float>' into 'generic_fabs<float>' (r:/builds/2018.3/continuous/2018_12_06_2405991/src/products/hls/hls_lib/hlsmath/include/FloatingPoint/hls_fabs.h:12) automatically.
INFO: [XFORM 203-602] Inlining function 'fp_struct<float>::to_ieee' into 'generic_nan<float>' (r:/builds/2018.3/continuous/2018_12_06_2405991/src/products/hls/hls_lib/hlsmath/include/FloatingPoint/hls_nan.h:14) automatically.
INFO: [XFORM 203-602] Inlining function 'fp_struct<double>::data' into 'fp_struct<double>::to_double' (r:/builds/2018.3/continuous/2018_12_06_2405991/src/products/hls/hls_lib/src/hls\utils/x_hls_utils.h:512) automatically.
INFO: [XFORM 203-602] Inlining function 'fp_struct<double>::to_double' into 'fp_struct<double>::to_ieee' (r:/builds/2018.3/continuous/2018_12_06_2405991/src/products/hls/hls_lib/src/hls\utils/x_hls_utils.h:526) automatically.
INFO: [XFORM 203-602] Inlining function 'generic_isnan<double>' into 'exp_reduce_::exp_generic<double>' (r:/builds/2018.3/continuous/2018_12_06_2405991/src/products/hls/hls_lib/hlsmath/include/FloatingPoint\hls_exp_.h:208) automatically.
INFO: [XFORM 203-602] Inlining function 'generic_isinf<double>' into 'exp_reduce_::exp_generic<double>' (r:/builds/2018.3/continuous/2018_12_06_2405991/src/products/hls/hls_lib/hlsmath/include/FloatingPoint\hls_exp_.h:209) automatically.
INFO: [XFORM 203-602] Inlining function 'fp_struct<double>::to_ieee' into 'exp_reduce_::exp_generic<double>' (r:/builds/2018.3/continuous/2018_12_06_2405991/src/products/hls/hls_lib/hlsmath/include/FloatingPoint\hls_exp_.h:218) automatically.
INFO: [XFORM 203-602] Inlining function 'fp_struct<double>::expv' into 'exp_reduce_::exp_generic<double>' (r:/builds/2018.3/continuous/2018_12_06_2405991/src/products/hls/hls_lib/hlsmath/include/FloatingPoint\hls_exp_.h:236) automatically.
INFO: [XFORM 203-602] Inlining function 'exp_reduce_::exp_traits<double>::exp_Z1P_m_1' into 'exp_reduce_::exp_generic<double>' (r:/builds/2018.3/continuous/2018_12_06_2405991/src/products/hls/hls_lib/hlsmath/include/FloatingPoint\hls_exp_.h:321) automatically.
INFO: [XFORM 203-602] Inlining function 'generic_fabs<float>' into 'explog_based::generic_tanh<float>' (r:/builds/2018.3/continuous/2018_12_06_2405991/src/products/hls/hls_lib/hlsmath/include/FloatingPoint\hls_tanh.h:61) automatically.
INFO: [XFORM 203-602] Inlining function 'generic_nan<float>' into 'explog_based::generic_tanh<float>' (r:/builds/2018.3/continuous/2018_12_06_2405991/src/products/hls/hls_lib/hlsmath/include/FloatingPoint\hls_tanh.h:67) automatically.
INFO: [XFORM 203-602] Inlining function 'exp_reduce_::expm1' into 'explog_based::generic_tanh<float>' (r:/builds/2018.3/continuous/2018_12_06_2405991/src/products/hls/hls_lib/hlsmath/include/FloatingPoint\hls_tanh.h:89) automatically.
INFO: [XFORM 203-602] Inlining function 'tanhf' into 'std::tanh' (D:/software/Xilinx/Vivado/2018.3/win64/tools/clang/bin\..\lib\clang\3.1/../../../include/c++/4.5.2\cmath:466) automatically.
INFO: [XFORM 203-602] Inlining function 'std::tanh' into 'Tanh' (../src/Tanh/Tanh.cpp:22) automatically.
INFO: [HLS 200-111] Finished Checking Synthesizability Time (s): cpu = 00:00:01 ; elapsed = 00:00:13 . Memory (MB): peak = 363.188 ; gain = 277.863
INFO: [XFORM 203-602] Inlining function 'fp_struct<float>::data' into 'fp_struct<float>::to_float' (r:/builds/2018.3/continuous/2018_12_06_2405991/src/products/hls/hls_lib/src/hls\utils/x_hls_utils.h:348) automatically.
INFO: [XFORM 203-602] Inlining function 'fp_struct<float>::to_float' into 'fp_struct<float>::to_ieee' (r:/builds/2018.3/continuous/2018_12_06_2405991/src/products/hls/hls_lib/src/hls\utils/x_hls_utils.h:369) automatically.
INFO: [XFORM 203-602] Inlining function 'fp_struct<float>::to_ieee' into 'generic_copysign<float>' (r:/builds/2018.3/continuous/2018_12_06_2405991/src/products/hls/hls_lib/hlsmath/include/FloatingPoint/hls_copysign.h:13) automatically.
INFO: [XFORM 203-602] Inlining function 'generic_copysign<float>' into 'generic_fabs<float>' (r:/builds/2018.3/continuous/2018_12_06_2405991/src/products/hls/hls_lib/hlsmath/include/FloatingPoint/hls_fabs.h:12) automatically.
INFO: [XFORM 203-602] Inlining function 'fp_struct<float>::to_ieee' into 'generic_nan<float>' (r:/builds/2018.3/continuous/2018_12_06_2405991/src/products/hls/hls_lib/hlsmath/include/FloatingPoint/hls_nan.h:14) automatically.
INFO: [XFORM 203-602] Inlining function 'fp_struct<double>::data' into 'fp_struct<double>::to_double' (r:/builds/2018.3/continuous/2018_12_06_2405991/src/products/hls/hls_lib/src/hls\utils/x_hls_utils.h:512) automatically.
INFO: [XFORM 203-602] Inlining function 'fp_struct<double>::to_double' into 'fp_struct<double>::to_ieee' (r:/builds/2018.3/continuous/2018_12_06_2405991/src/products/hls/hls_lib/src/hls\utils/x_hls_utils.h:526) automatically.
INFO: [XFORM 203-602] Inlining function 'generic_isnan<double>' into 'exp_reduce_::exp_generic<double>' (r:/builds/2018.3/continuous/2018_12_06_2405991/src/products/hls/hls_lib/hlsmath/include/FloatingPoint\hls_exp_.h:208) automatically.
INFO: [XFORM 203-602] Inlining function 'generic_isinf<double>' into 'exp_reduce_::exp_generic<double>' (r:/builds/2018.3/continuous/2018_12_06_2405991/src/products/hls/hls_lib/hlsmath/include/FloatingPoint\hls_exp_.h:209) automatically.
INFO: [XFORM 203-602] Inlining function 'fp_struct<double>::to_ieee' into 'exp_reduce_::exp_generic<double>' (r:/builds/2018.3/continuous/2018_12_06_2405991/src/products/hls/hls_lib/hlsmath/include/FloatingPoint\hls_exp_.h:218) automatically.
INFO: [XFORM 203-602] Inlining function 'fp_struct<double>::expv' into 'exp_reduce_::exp_generic<double>' (r:/builds/2018.3/continuous/2018_12_06_2405991/src/products/hls/hls_lib/hlsmath/include/FloatingPoint\hls_exp_.h:236) automatically.
INFO: [XFORM 203-602] Inlining function 'exp_reduce_::exp_traits<double>::exp_Z1P_m_1' into 'exp_reduce_::exp_generic<double>' (r:/builds/2018.3/continuous/2018_12_06_2405991/src/products/hls/hls_lib/hlsmath/include/FloatingPoint\hls_exp_.h:321) automatically.
INFO: [XFORM 203-602] Inlining function 'generic_fabs<float>' into 'explog_based::generic_tanh<float>' (r:/builds/2018.3/continuous/2018_12_06_2405991/src/products/hls/hls_lib/hlsmath/include/FloatingPoint\hls_tanh.h:61) automatically.
INFO: [XFORM 203-602] Inlining function 'generic_nan<float>' into 'explog_based::generic_tanh<float>' (r:/builds/2018.3/continuous/2018_12_06_2405991/src/products/hls/hls_lib/hlsmath/include/FloatingPoint\hls_tanh.h:67) automatically.
INFO: [XFORM 203-602] Inlining function 'exp_reduce_::expm1' into 'explog_based::generic_tanh<float>' (r:/builds/2018.3/continuous/2018_12_06_2405991/src/products/hls/hls_lib/hlsmath/include/FloatingPoint\hls_tanh.h:89) automatically.
INFO: [XFORM 203-602] Inlining function 'tanhf' into 'std::tanh' (D:/software/Xilinx/Vivado/2018.3/win64/tools/clang/bin\..\lib\clang\3.1/../../../include/c++/4.5.2\cmath:466) automatically.
INFO: [XFORM 203-602] Inlining function 'std::tanh' into 'Tanh' (../src/Tanh/Tanh.cpp:22) automatically.
INFO: [XFORM 203-401] Performing if-conversion on hyperblock from (r:/builds/2018.3/continuous/2018_12_06_2405991/src/products/hls/hls_lib/hlsmath/include/FloatingPoint\hls_tanh.h:107:8) to (r:/builds/2018.3/continuous/2018_12_06_2405991/src/products/hls/hls_lib/hlsmath/include/FloatingPoint\hls_tanh.h:113:3) in function 'explog_based::generic_tanh<float>'... converting 3 basic blocks.
INFO: [XFORM 203-401] Performing if-conversion on hyperblock from (r:/builds/2018.3/continuous/2018_12_06_2405991/src/products/hls/hls_lib/hlsmath/include/FloatingPoint\hls_tanh.h:82:10) to (r:/builds/2018.3/continuous/2018_12_06_2405991/src/products/hls/hls_lib/hlsmath/src/common/hls_exp_float.cpp:8:10) in function 'explog_based::generic_tanh<float>'... converting 4 basic blocks.
INFO: [XFORM 203-401] Performing if-conversion on hyperblock from (r:/builds/2018.3/continuous/2018_12_06_2405991/src/products/hls/hls_lib/hlsmath/include/FloatingPoint\hls_exp_.h:184:19) to (r:/builds/2018.3/continuous/2018_12_06_2405991/src/products/hls/hls_lib/hlsmath/include/FloatingPoint\hls_exp_.h:367:3) in function 'exp_reduce_::exp_generic<double>'... converting 20 basic blocks.
INFO: [HLS 200-111] Finished Pre-synthesis Time (s): cpu = 00:00:01 ; elapsed = 00:00:15 . Memory (MB): peak = 483.387 ; gain = 398.062
WARNING: [XFORM 203-631] Renaming function 'explog_based::generic_tanh<float>' to 'generic_tanh<float>' (r:/builds/2018.3/continuous/2018_12_06_2405991/src/products/hls/hls_lib/hlsmath/include/FloatingPoint\hls_tanh.h:56)
WARNING: [XFORM 203-631] Renaming function 'exp_reduce_::exp_generic<double>' to 'exp_generic<double>' (r:/builds/2018.3/continuous/2018_12_06_2405991/src/products/hls/hls_lib/hlsmath/include/FloatingPoint\hls_exp_.h:184)
INFO: [HLS 200-444] Inferring multiple bus burst read of variable length on port 'gmem' (../src/Tanh/Tanh.cpp:22:35). These data requests might be further partitioned to multiple requests during RTL generation, based on max_read_burst_length or max_write_burst_length settings.
INFO: [HLS 200-111] Finished Architecture Synthesis Time (s): cpu = 00:00:01 ; elapsed = 00:00:15 . Memory (MB): peak = 538.375 ; gain = 453.051
INFO: [HLS 200-10] Starting hardware synthesis ...
INFO: [HLS 200-10] Synthesizing 'Tanh' ...
WARNING: [SYN 201-103] Legalizing function name 'exp_generic<double>' to 'exp_generic_double_s'.
WARNING: [SYN 201-103] Legalizing function name 'generic_tanh<float>' to 'generic_tanh_float_s'.
INFO: [HLS 200-10] ----------------------------------------------------------------
INFO: [HLS 200-42] -- Implementing module 'exp_generic_double_s' 
INFO: [HLS 200-10] ----------------------------------------------------------------
INFO: [SCHED 204-11] Starting scheduling ...
INFO: [SCHED 204-61] Pipelining function 'exp_generic<double>'.
INFO: [SCHED 204-61] Pipelining result : Target II = 1, Final II = 1, Depth = 13.
INFO: [SCHED 204-11] Finished scheduling.
INFO: [HLS 200-111]  Elapsed time: 15.503 seconds; current allocated memory: 460.224 MB.
INFO: [BIND 205-100] Starting micro-architecture generation ...
INFO: [BIND 205-101] Performing variable lifetime analysis.
INFO: [BIND 205-101] Exploring resource sharing.
INFO: [BIND 205-101] Binding ...
INFO: [BIND 205-100] Finished micro-architecture generation.
INFO: [HLS 200-111]  Elapsed time: 0.192 seconds; current allocated memory: 460.855 MB.
INFO: [HLS 200-10] ----------------------------------------------------------------
INFO: [HLS 200-42] -- Implementing module 'generic_tanh_float_s' 
INFO: [HLS 200-10] ----------------------------------------------------------------
INFO: [SCHED 204-11] Starting scheduling ...
INFO: [SCHED 204-11] Finished scheduling.
INFO: [HLS 200-111]  Elapsed time: 0.241 seconds; current allocated memory: 461.512 MB.
INFO: [BIND 205-100] Starting micro-architecture generation ...
INFO: [BIND 205-101] Performing variable lifetime analysis.
INFO: [BIND 205-101] Exploring resource sharing.
INFO: [BIND 205-101] Binding ...
INFO: [BIND 205-100] Finished micro-architecture generation.
INFO: [HLS 200-111]  Elapsed time: 0.173 seconds; current allocated memory: 461.963 MB.
INFO: [HLS 200-10] ----------------------------------------------------------------
INFO: [HLS 200-42] -- Implementing module 'Tanh' 
INFO: [HLS 200-10] ----------------------------------------------------------------
INFO: [SCHED 204-11] Starting scheduling ...
INFO: [SCHED 204-11] Finished scheduling.
INFO: [HLS 200-111]  Elapsed time: 0.224 seconds; current allocated memory: 462.264 MB.
INFO: [HLS 200-434] Only 0 loops out of a total 3 loops have been pipelined in this design.
INFO: [BIND 205-100] Starting micro-architecture generation ...
INFO: [BIND 205-101] Performing variable lifetime analysis.
INFO: [BIND 205-101] Exploring resource sharing.
INFO: [BIND 205-101] Binding ...
INFO: [BIND 205-100] Finished micro-architecture generation.
INFO: [HLS 200-111]  Elapsed time: 0.155 seconds; current allocated memory: 462.533 MB.
INFO: [HLS 200-10] ----------------------------------------------------------------
INFO: [HLS 200-10] -- Generating RTL for module 'exp_generic_double_s' 
INFO: [HLS 200-10] ----------------------------------------------------------------
INFO: [SYN 201-210] Renamed object name 'exp_generic_double_s_table_exp_Z1_array_s' to 'exp_generic_doublbkb' due to the length limit 20
INFO: [SYN 201-210] Renamed object name 'exp_generic_double_s_table_f_Z3_array_V' to 'exp_generic_doublcud' due to the length limit 20
INFO: [SYN 201-210] Renamed object name 'exp_generic_double_s_table_f_Z2_array_V' to 'exp_generic_doubldEe' due to the length limit 20
INFO: [SYN 201-210] Renamed object name 'Tanh_mul_72ns_13s_84_2_1' to 'Tanh_mul_72ns_13seOg' due to the length limit 20
INFO: [SYN 201-210] Renamed object name 'Tanh_mac_muladd_16ns_16s_19s_31_1_1' to 'Tanh_mac_muladd_1fYi' due to the length limit 20
INFO: [RTGEN 206-100] Generating core module 'Tanh_mac_muladd_1fYi': 1 instance(s).
INFO: [RTGEN 206-100] Generating core module 'Tanh_mul_72ns_13seOg': 1 instance(s).
INFO: [RTGEN 206-100] Finished creating RTL model for 'exp_generic_double_s'.
INFO: [HLS 200-111]  Elapsed time: 0.311 seconds; current allocated memory: 463.985 MB.
INFO: [HLS 200-10] ----------------------------------------------------------------
INFO: [HLS 200-10] -- Generating RTL for module 'generic_tanh_float_s' 
INFO: [HLS 200-10] ----------------------------------------------------------------
INFO: [SYN 201-210] Renamed object name 'Tanh_faddfsub_32ns_32ns_32_4_full_dsp_1' to 'Tanh_faddfsub_32ng8j' due to the length limit 20
INFO: [SYN 201-210] Renamed object name 'Tanh_fmul_32ns_32ns_32_3_max_dsp_1' to 'Tanh_fmul_32ns_32hbi' due to the length limit 20
INFO: [SYN 201-210] Renamed object name 'Tanh_fdiv_32ns_32ns_32_12_1' to 'Tanh_fdiv_32ns_32ibs' due to the length limit 20
INFO: [SYN 201-210] Renamed object name 'Tanh_fptrunc_64ns_32_1_1' to 'Tanh_fptrunc_64nsjbC' due to the length limit 20
INFO: [SYN 201-210] Renamed object name 'Tanh_fpext_32ns_64_1_1' to 'Tanh_fpext_32ns_6kbM' due to the length limit 20
INFO: [SYN 201-210] Renamed object name 'Tanh_fcmp_32ns_32ns_1_1_1' to 'Tanh_fcmp_32ns_32lbW' due to the length limit 20
INFO: [SYN 201-210] Renamed object name 'Tanh_dadd_64ns_64ns_64_5_full_dsp_1' to 'Tanh_dadd_64ns_64mb6' due to the length limit 20
INFO: [RTGEN 206-100] Generating core module 'Tanh_dadd_64ns_64mb6': 1 instance(s).
INFO: [RTGEN 206-100] Generating core module 'Tanh_faddfsub_32ng8j': 1 instance(s).
INFO: [RTGEN 206-100] Generating core module 'Tanh_fcmp_32ns_32lbW': 1 instance(s).
INFO: [RTGEN 206-100] Generating core module 'Tanh_fdiv_32ns_32ibs': 1 instance(s).
INFO: [RTGEN 206-100] Generating core module 'Tanh_fmul_32ns_32hbi': 1 instance(s).
INFO: [RTGEN 206-100] Generating core module 'Tanh_fpext_32ns_6kbM': 1 instance(s).
INFO: [RTGEN 206-100] Generating core module 'Tanh_fptrunc_64nsjbC': 1 instance(s).
INFO: [RTGEN 206-100] Finished creating RTL model for 'generic_tanh_float_s'.
INFO: [HLS 200-111]  Elapsed time: 0.61 seconds; current allocated memory: 465.414 MB.
INFO: [HLS 200-10] ----------------------------------------------------------------
INFO: [HLS 200-10] -- Generating RTL for module 'Tanh' 
INFO: [HLS 200-10] ----------------------------------------------------------------
INFO: [RTGEN 206-500] Setting interface mode on port 'Tanh/gmem' to 'm_axi'.
INFO: [RTGEN 206-500] Setting interface mode on port 'Tanh/channel_V' to 's_axilite & ap_none'.
INFO: [RTGEN 206-500] Setting interface mode on port 'Tanh/height_V' to 's_axilite & ap_none'.
INFO: [RTGEN 206-500] Setting interface mode on port 'Tanh/width_V' to 's_axilite & ap_none'.
INFO: [RTGEN 206-500] Setting interface mode on port 'Tanh/in_data' to 's_axilite & ap_none'.
INFO: [RTGEN 206-500] Setting interface mode on port 'Tanh/out_data' to 's_axilite & ap_none'.
INFO: [RTGEN 206-500] Setting interface mode on function 'Tanh' to 's_axilite & ap_ctrl_hs'.
INFO: [RTGEN 206-100] Bundling port 'return', 'channel_V', 'width_V', 'in_data' and 'out_data' to AXI-Lite port AXILiteS.
INFO: [SYN 201-210] Renamed object name 'Tanh_mul_mul_12ns_24ns_32_1_1' to 'Tanh_mul_mul_12nsncg' due to the length limit 20
INFO: [RTGEN 206-100] Generating core module 'Tanh_mul_mul_12nsncg': 1 instance(s).
INFO: [RTGEN 206-100] Finished creating RTL model for 'Tanh'.
INFO: [HLS 200-111]  Elapsed time: 0.483 seconds; current allocated memory: 466.407 MB.
INFO: [RTMG 210-282] Generating pipelined core: 'Tanh_mul_72ns_13seOg_MulnS_0'
INFO: [RTMG 210-279] Implementing memory 'exp_generic_doublbkb_rom' using auto ROMs.
INFO: [RTMG 210-279] Implementing memory 'exp_generic_doublcud_rom' using auto ROMs.
INFO: [RTMG 210-279] Implementing memory 'exp_generic_doubldEe_rom' using auto ROMs.
INFO: [HLS 200-111] Finished generating all RTL models Time (s): cpu = 00:00:01 ; elapsed = 00:00:21 . Memory (MB): peak = 540.012 ; gain = 454.688
INFO: [SYSC 207-301] Generating SystemC RTL for Tanh.
INFO: [VHDL 208-304] Generating VHDL RTL for Tanh.
INFO: [VLOG 209-307] Generating Verilog RTL for Tanh.
INFO: [HLS 200-112] Total elapsed time: 20.674 seconds; peak allocated memory: 466.407 MB.
==============================================================
File generated on Fri Oct 25 16:25:57 +0800 2024
Vivado(TM) HLS - High-Level Synthesis from C, C++ and SystemC v2018.3 (64-bit)
SW Build 2405991 on Thu Dec  6 23:38:27 MST 2018
IP Build 2404404 on Fri Dec  7 01:43:56 MST 2018
Copyright 1986-2018 Xilinx, Inc. All Rights Reserved.
==============================================================
INFO: [SYN 201-201] Setting up clock 'default' with a period of 10ns.
INFO: [HLS 200-10] Setting target device to 'xc7z020clg400-2'
INFO: [SCHED 204-61] Option 'relax_ii_for_timing' is enabled, will increase II to preserve clock frequency constraints.
INFO: [HLS 200-10] Analyzing design file '../src/Tanh/Tanh.cpp' ... 
INFO: [HLS 200-111] Finished Linking Time (s): cpu = 00:00:00 ; elapsed = 00:00:10 . Memory (MB): peak = 103.156 ; gain = 17.352
INFO: [HLS 200-111] Finished Checking Pragmas Time (s): cpu = 00:00:00 ; elapsed = 00:00:10 . Memory (MB): peak = 103.156 ; gain = 17.352
INFO: [HLS 200-10] Starting code transformations ...
INFO: [HLS 200-111] Finished Standard Transforms Time (s): cpu = 00:00:01 ; elapsed = 00:00:13 . Memory (MB): peak = 275.836 ; gain = 190.031
INFO: [HLS 200-10] Checking synthesizability ...
INFO: [XFORM 203-602] Inlining function 'fp_struct<float>::data' into 'fp_struct<float>::to_float' (r:/builds/2018.3/continuous/2018_12_06_2405991/src/products/hls/hls_lib/src/hls\utils/x_hls_utils.h:348) automatically.
INFO: [XFORM 203-602] Inlining function 'fp_struct<float>::to_float' into 'fp_struct<float>::to_ieee' (r:/builds/2018.3/continuous/2018_12_06_2405991/src/products/hls/hls_lib/src/hls\utils/x_hls_utils.h:369) automatically.
INFO: [XFORM 203-602] Inlining function 'fp_struct<float>::to_ieee' into 'generic_copysign<float>' (r:/builds/2018.3/continuous/2018_12_06_2405991/src/products/hls/hls_lib/hlsmath/include/FloatingPoint/hls_copysign.h:13) automatically.
INFO: [XFORM 203-602] Inlining function 'generic_copysign<float>' into 'generic_fabs<float>' (r:/builds/2018.3/continuous/2018_12_06_2405991/src/products/hls/hls_lib/hlsmath/include/FloatingPoint/hls_fabs.h:12) automatically.
INFO: [XFORM 203-602] Inlining function 'fp_struct<float>::to_ieee' into 'generic_nan<float>' (r:/builds/2018.3/continuous/2018_12_06_2405991/src/products/hls/hls_lib/hlsmath/include/FloatingPoint/hls_nan.h:14) automatically.
INFO: [XFORM 203-602] Inlining function 'fp_struct<double>::data' into 'fp_struct<double>::to_double' (r:/builds/2018.3/continuous/2018_12_06_2405991/src/products/hls/hls_lib/src/hls\utils/x_hls_utils.h:512) automatically.
INFO: [XFORM 203-602] Inlining function 'fp_struct<double>::to_double' into 'fp_struct<double>::to_ieee' (r:/builds/2018.3/continuous/2018_12_06_2405991/src/products/hls/hls_lib/src/hls\utils/x_hls_utils.h:526) automatically.
INFO: [XFORM 203-602] Inlining function 'generic_isnan<double>' into 'exp_reduce_::exp_generic<double>' (r:/builds/2018.3/continuous/2018_12_06_2405991/src/products/hls/hls_lib/hlsmath/include/FloatingPoint\hls_exp_.h:208) automatically.
INFO: [XFORM 203-602] Inlining function 'generic_isinf<double>' into 'exp_reduce_::exp_generic<double>' (r:/builds/2018.3/continuous/2018_12_06_2405991/src/products/hls/hls_lib/hlsmath/include/FloatingPoint\hls_exp_.h:209) automatically.
INFO: [XFORM 203-602] Inlining function 'fp_struct<double>::to_ieee' into 'exp_reduce_::exp_generic<double>' (r:/builds/2018.3/continuous/2018_12_06_2405991/src/products/hls/hls_lib/hlsmath/include/FloatingPoint\hls_exp_.h:218) automatically.
INFO: [XFORM 203-602] Inlining function 'fp_struct<double>::expv' into 'exp_reduce_::exp_generic<double>' (r:/builds/2018.3/continuous/2018_12_06_2405991/src/products/hls/hls_lib/hlsmath/include/FloatingPoint\hls_exp_.h:236) automatically.
INFO: [XFORM 203-602] Inlining function 'exp_reduce_::exp_traits<double>::exp_Z1P_m_1' into 'exp_reduce_::exp_generic<double>' (r:/builds/2018.3/continuous/2018_12_06_2405991/src/products/hls/hls_lib/hlsmath/include/FloatingPoint\hls_exp_.h:321) automatically.
INFO: [XFORM 203-602] Inlining function 'generic_fabs<float>' into 'explog_based::generic_tanh<float>' (r:/builds/2018.3/continuous/2018_12_06_2405991/src/products/hls/hls_lib/hlsmath/include/FloatingPoint\hls_tanh.h:61) automatically.
INFO: [XFORM 203-602] Inlining function 'generic_nan<float>' into 'explog_based::generic_tanh<float>' (r:/builds/2018.3/continuous/2018_12_06_2405991/src/products/hls/hls_lib/hlsmath/include/FloatingPoint\hls_tanh.h:67) automatically.
INFO: [XFORM 203-602] Inlining function 'exp_reduce_::expm1' into 'explog_based::generic_tanh<float>' (r:/builds/2018.3/continuous/2018_12_06_2405991/src/products/hls/hls_lib/hlsmath/include/FloatingPoint\hls_tanh.h:89) automatically.
INFO: [XFORM 203-602] Inlining function 'tanhf' into 'std::tanh' (D:/software/Xilinx/Vivado/2018.3/win64/tools/clang/bin\..\lib\clang\3.1/../../../include/c++/4.5.2\cmath:466) automatically.
INFO: [XFORM 203-602] Inlining function 'std::tanh' into 'Tanh' (../src/Tanh/Tanh.cpp:23) automatically.
INFO: [HLS 200-111] Finished Checking Synthesizability Time (s): cpu = 00:00:01 ; elapsed = 00:00:14 . Memory (MB): peak = 364.242 ; gain = 278.438
WARNING: [XFORM 203-503] Cannot unroll loop 'Loop-1' (../src/Tanh/Tanh.cpp:18) in function 'Tanh': cannot completely unroll a loop with a variable trip count.
INFO: [XFORM 203-602] Inlining function 'fp_struct<float>::data' into 'fp_struct<float>::to_float' (r:/builds/2018.3/continuous/2018_12_06_2405991/src/products/hls/hls_lib/src/hls\utils/x_hls_utils.h:348) automatically.
INFO: [XFORM 203-602] Inlining function 'fp_struct<float>::to_float' into 'fp_struct<float>::to_ieee' (r:/builds/2018.3/continuous/2018_12_06_2405991/src/products/hls/hls_lib/src/hls\utils/x_hls_utils.h:369) automatically.
INFO: [XFORM 203-602] Inlining function 'fp_struct<float>::to_ieee' into 'generic_copysign<float>' (r:/builds/2018.3/continuous/2018_12_06_2405991/src/products/hls/hls_lib/hlsmath/include/FloatingPoint/hls_copysign.h:13) automatically.
INFO: [XFORM 203-602] Inlining function 'generic_copysign<float>' into 'generic_fabs<float>' (r:/builds/2018.3/continuous/2018_12_06_2405991/src/products/hls/hls_lib/hlsmath/include/FloatingPoint/hls_fabs.h:12) automatically.
INFO: [XFORM 203-602] Inlining function 'fp_struct<float>::to_ieee' into 'generic_nan<float>' (r:/builds/2018.3/continuous/2018_12_06_2405991/src/products/hls/hls_lib/hlsmath/include/FloatingPoint/hls_nan.h:14) automatically.
INFO: [XFORM 203-602] Inlining function 'fp_struct<double>::data' into 'fp_struct<double>::to_double' (r:/builds/2018.3/continuous/2018_12_06_2405991/src/products/hls/hls_lib/src/hls\utils/x_hls_utils.h:512) automatically.
INFO: [XFORM 203-602] Inlining function 'fp_struct<double>::to_double' into 'fp_struct<double>::to_ieee' (r:/builds/2018.3/continuous/2018_12_06_2405991/src/products/hls/hls_lib/src/hls\utils/x_hls_utils.h:526) automatically.
INFO: [XFORM 203-602] Inlining function 'generic_isnan<double>' into 'exp_reduce_::exp_generic<double>' (r:/builds/2018.3/continuous/2018_12_06_2405991/src/products/hls/hls_lib/hlsmath/include/FloatingPoint\hls_exp_.h:208) automatically.
INFO: [XFORM 203-602] Inlining function 'generic_isinf<double>' into 'exp_reduce_::exp_generic<double>' (r:/builds/2018.3/continuous/2018_12_06_2405991/src/products/hls/hls_lib/hlsmath/include/FloatingPoint\hls_exp_.h:209) automatically.
INFO: [XFORM 203-602] Inlining function 'fp_struct<double>::to_ieee' into 'exp_reduce_::exp_generic<double>' (r:/builds/2018.3/continuous/2018_12_06_2405991/src/products/hls/hls_lib/hlsmath/include/FloatingPoint\hls_exp_.h:218) automatically.
INFO: [XFORM 203-602] Inlining function 'fp_struct<double>::expv' into 'exp_reduce_::exp_generic<double>' (r:/builds/2018.3/continuous/2018_12_06_2405991/src/products/hls/hls_lib/hlsmath/include/FloatingPoint\hls_exp_.h:236) automatically.
INFO: [XFORM 203-602] Inlining function 'exp_reduce_::exp_traits<double>::exp_Z1P_m_1' into 'exp_reduce_::exp_generic<double>' (r:/builds/2018.3/continuous/2018_12_06_2405991/src/products/hls/hls_lib/hlsmath/include/FloatingPoint\hls_exp_.h:321) automatically.
INFO: [XFORM 203-602] Inlining function 'generic_fabs<float>' into 'explog_based::generic_tanh<float>' (r:/builds/2018.3/continuous/2018_12_06_2405991/src/products/hls/hls_lib/hlsmath/include/FloatingPoint\hls_tanh.h:61) automatically.
INFO: [XFORM 203-602] Inlining function 'generic_nan<float>' into 'explog_based::generic_tanh<float>' (r:/builds/2018.3/continuous/2018_12_06_2405991/src/products/hls/hls_lib/hlsmath/include/FloatingPoint\hls_tanh.h:67) automatically.
INFO: [XFORM 203-602] Inlining function 'exp_reduce_::expm1' into 'explog_based::generic_tanh<float>' (r:/builds/2018.3/continuous/2018_12_06_2405991/src/products/hls/hls_lib/hlsmath/include/FloatingPoint\hls_tanh.h:89) automatically.
INFO: [XFORM 203-602] Inlining function 'tanhf' into 'std::tanh' (D:/software/Xilinx/Vivado/2018.3/win64/tools/clang/bin\..\lib\clang\3.1/../../../include/c++/4.5.2\cmath:466) automatically.
INFO: [XFORM 203-602] Inlining function 'std::tanh' into 'Tanh' (../src/Tanh/Tanh.cpp:23) automatically.
INFO: [XFORM 203-401] Performing if-conversion on hyperblock from (r:/builds/2018.3/continuous/2018_12_06_2405991/src/products/hls/hls_lib/hlsmath/include/FloatingPoint\hls_tanh.h:107:8) to (r:/builds/2018.3/continuous/2018_12_06_2405991/src/products/hls/hls_lib/hlsmath/include/FloatingPoint\hls_tanh.h:113:3) in function 'explog_based::generic_tanh<float>'... converting 3 basic blocks.
INFO: [XFORM 203-401] Performing if-conversion on hyperblock from (r:/builds/2018.3/continuous/2018_12_06_2405991/src/products/hls/hls_lib/hlsmath/include/FloatingPoint\hls_tanh.h:82:10) to (r:/builds/2018.3/continuous/2018_12_06_2405991/src/products/hls/hls_lib/hlsmath/src/common/hls_exp_float.cpp:8:10) in function 'explog_based::generic_tanh<float>'... converting 4 basic blocks.
INFO: [XFORM 203-401] Performing if-conversion on hyperblock from (r:/builds/2018.3/continuous/2018_12_06_2405991/src/products/hls/hls_lib/hlsmath/include/FloatingPoint\hls_exp_.h:184:19) to (r:/builds/2018.3/continuous/2018_12_06_2405991/src/products/hls/hls_lib/hlsmath/include/FloatingPoint\hls_exp_.h:367:3) in function 'exp_reduce_::exp_generic<double>'... converting 20 basic blocks.
INFO: [HLS 200-111] Finished Pre-synthesis Time (s): cpu = 00:00:01 ; elapsed = 00:00:15 . Memory (MB): peak = 482.609 ; gain = 396.805
WARNING: [XFORM 203-631] Renaming function 'explog_based::generic_tanh<float>' to 'generic_tanh<float>' (r:/builds/2018.3/continuous/2018_12_06_2405991/src/products/hls/hls_lib/hlsmath/include/FloatingPoint\hls_tanh.h:56)
WARNING: [XFORM 203-631] Renaming function 'exp_reduce_::exp_generic<double>' to 'exp_generic<double>' (r:/builds/2018.3/continuous/2018_12_06_2405991/src/products/hls/hls_lib/hlsmath/include/FloatingPoint\hls_exp_.h:184)
INFO: [HLS 200-444] Inferring multiple bus burst read of variable length on port 'gmem' (../src/Tanh/Tanh.cpp:23:35). These data requests might be further partitioned to multiple requests during RTL generation, based on max_read_burst_length or max_write_burst_length settings.
INFO: [HLS 200-111] Finished Architecture Synthesis Time (s): cpu = 00:00:01 ; elapsed = 00:00:16 . Memory (MB): peak = 537.383 ; gain = 451.578
INFO: [HLS 200-10] Starting hardware synthesis ...
INFO: [HLS 200-10] Synthesizing 'Tanh' ...
WARNING: [SYN 201-103] Legalizing function name 'exp_generic<double>' to 'exp_generic_double_s'.
WARNING: [SYN 201-103] Legalizing function name 'generic_tanh<float>' to 'generic_tanh_float_s'.
INFO: [HLS 200-10] ----------------------------------------------------------------
INFO: [HLS 200-42] -- Implementing module 'exp_generic_double_s' 
INFO: [HLS 200-10] ----------------------------------------------------------------
INFO: [SCHED 204-11] Starting scheduling ...
INFO: [SCHED 204-61] Pipelining function 'exp_generic<double>'.
INFO: [SCHED 204-61] Pipelining result : Target II = 1, Final II = 1, Depth = 13.
INFO: [SCHED 204-11] Finished scheduling.
INFO: [HLS 200-111]  Elapsed time: 16.249 seconds; current allocated memory: 460.243 MB.
INFO: [BIND 205-100] Starting micro-architecture generation ...
INFO: [BIND 205-101] Performing variable lifetime analysis.
INFO: [BIND 205-101] Exploring resource sharing.
INFO: [BIND 205-101] Binding ...
INFO: [BIND 205-100] Finished micro-architecture generation.
INFO: [HLS 200-111]  Elapsed time: 0.173 seconds; current allocated memory: 460.874 MB.
INFO: [HLS 200-10] ----------------------------------------------------------------
INFO: [HLS 200-42] -- Implementing module 'generic_tanh_float_s' 
INFO: [HLS 200-10] ----------------------------------------------------------------
INFO: [SCHED 204-11] Starting scheduling ...
INFO: [SCHED 204-11] Finished scheduling.
INFO: [HLS 200-111]  Elapsed time: 0.231 seconds; current allocated memory: 461.531 MB.
INFO: [BIND 205-100] Starting micro-architecture generation ...
INFO: [BIND 205-101] Performing variable lifetime analysis.
INFO: [BIND 205-101] Exploring resource sharing.
INFO: [BIND 205-101] Binding ...
INFO: [BIND 205-100] Finished micro-architecture generation.
INFO: [HLS 200-111]  Elapsed time: 0.169 seconds; current allocated memory: 461.981 MB.
INFO: [HLS 200-10] ----------------------------------------------------------------
INFO: [HLS 200-42] -- Implementing module 'Tanh' 
INFO: [HLS 200-10] ----------------------------------------------------------------
INFO: [SCHED 204-11] Starting scheduling ...
INFO: [SCHED 204-11] Finished scheduling.
INFO: [HLS 200-111]  Elapsed time: 0.232 seconds; current allocated memory: 462.284 MB.
INFO: [HLS 200-434] Only 0 loops out of a total 3 loops have been pipelined in this design.
INFO: [BIND 205-100] Starting micro-architecture generation ...
INFO: [BIND 205-101] Performing variable lifetime analysis.
INFO: [BIND 205-101] Exploring resource sharing.
INFO: [BIND 205-101] Binding ...
INFO: [BIND 205-100] Finished micro-architecture generation.
INFO: [HLS 200-111]  Elapsed time: 0.161 seconds; current allocated memory: 462.557 MB.
INFO: [HLS 200-10] ----------------------------------------------------------------
INFO: [HLS 200-10] -- Generating RTL for module 'exp_generic_double_s' 
INFO: [HLS 200-10] ----------------------------------------------------------------
INFO: [SYN 201-210] Renamed object name 'exp_generic_double_s_table_exp_Z1_array_s' to 'exp_generic_doublbkb' due to the length limit 20
INFO: [SYN 201-210] Renamed object name 'exp_generic_double_s_table_f_Z3_array_V' to 'exp_generic_doublcud' due to the length limit 20
INFO: [SYN 201-210] Renamed object name 'exp_generic_double_s_table_f_Z2_array_V' to 'exp_generic_doubldEe' due to the length limit 20
INFO: [SYN 201-210] Renamed object name 'Tanh_mul_72ns_13s_84_2_1' to 'Tanh_mul_72ns_13seOg' due to the length limit 20
INFO: [SYN 201-210] Renamed object name 'Tanh_mac_muladd_16ns_16s_19s_31_1_1' to 'Tanh_mac_muladd_1fYi' due to the length limit 20
INFO: [RTGEN 206-100] Generating core module 'Tanh_mac_muladd_1fYi': 1 instance(s).
INFO: [RTGEN 206-100] Generating core module 'Tanh_mul_72ns_13seOg': 1 instance(s).
INFO: [RTGEN 206-100] Finished creating RTL model for 'exp_generic_double_s'.
INFO: [HLS 200-111]  Elapsed time: 0.329 seconds; current allocated memory: 464.009 MB.
INFO: [HLS 200-10] ----------------------------------------------------------------
INFO: [HLS 200-10] -- Generating RTL for module 'generic_tanh_float_s' 
INFO: [HLS 200-10] ----------------------------------------------------------------
INFO: [SYN 201-210] Renamed object name 'Tanh_faddfsub_32ns_32ns_32_4_full_dsp_1' to 'Tanh_faddfsub_32ng8j' due to the length limit 20
INFO: [SYN 201-210] Renamed object name 'Tanh_fmul_32ns_32ns_32_3_max_dsp_1' to 'Tanh_fmul_32ns_32hbi' due to the length limit 20
INFO: [SYN 201-210] Renamed object name 'Tanh_fdiv_32ns_32ns_32_12_1' to 'Tanh_fdiv_32ns_32ibs' due to the length limit 20
INFO: [SYN 201-210] Renamed object name 'Tanh_fptrunc_64ns_32_1_1' to 'Tanh_fptrunc_64nsjbC' due to the length limit 20
INFO: [SYN 201-210] Renamed object name 'Tanh_fpext_32ns_64_1_1' to 'Tanh_fpext_32ns_6kbM' due to the length limit 20
INFO: [SYN 201-210] Renamed object name 'Tanh_fcmp_32ns_32ns_1_1_1' to 'Tanh_fcmp_32ns_32lbW' due to the length limit 20
INFO: [SYN 201-210] Renamed object name 'Tanh_dadd_64ns_64ns_64_5_full_dsp_1' to 'Tanh_dadd_64ns_64mb6' due to the length limit 20
INFO: [RTGEN 206-100] Generating core module 'Tanh_dadd_64ns_64mb6': 1 instance(s).
INFO: [RTGEN 206-100] Generating core module 'Tanh_faddfsub_32ng8j': 1 instance(s).
INFO: [RTGEN 206-100] Generating core module 'Tanh_fcmp_32ns_32lbW': 1 instance(s).
INFO: [RTGEN 206-100] Generating core module 'Tanh_fdiv_32ns_32ibs': 1 instance(s).
INFO: [RTGEN 206-100] Generating core module 'Tanh_fmul_32ns_32hbi': 1 instance(s).
INFO: [RTGEN 206-100] Generating core module 'Tanh_fpext_32ns_6kbM': 1 instance(s).
INFO: [RTGEN 206-100] Generating core module 'Tanh_fptrunc_64nsjbC': 1 instance(s).
INFO: [RTGEN 206-100] Finished creating RTL model for 'generic_tanh_float_s'.
INFO: [HLS 200-111]  Elapsed time: 0.595 seconds; current allocated memory: 465.438 MB.
INFO: [HLS 200-10] ----------------------------------------------------------------
INFO: [HLS 200-10] -- Generating RTL for module 'Tanh' 
INFO: [HLS 200-10] ----------------------------------------------------------------
INFO: [RTGEN 206-500] Setting interface mode on port 'Tanh/gmem' to 'm_axi'.
INFO: [RTGEN 206-500] Setting interface mode on port 'Tanh/channel_V' to 's_axilite & ap_none'.
INFO: [RTGEN 206-500] Setting interface mode on port 'Tanh/height_V' to 's_axilite & ap_none'.
INFO: [RTGEN 206-500] Setting interface mode on port 'Tanh/width_V' to 's_axilite & ap_none'.
INFO: [RTGEN 206-500] Setting interface mode on port 'Tanh/in_data' to 's_axilite & ap_none'.
INFO: [RTGEN 206-500] Setting interface mode on port 'Tanh/out_data' to 's_axilite & ap_none'.
INFO: [RTGEN 206-500] Setting interface mode on function 'Tanh' to 's_axilite & ap_ctrl_hs'.
INFO: [RTGEN 206-100] Bundling port 'return', 'channel_V', 'width_V', 'in_data' and 'out_data' to AXI-Lite port AXILiteS.
INFO: [SYN 201-210] Renamed object name 'Tanh_mul_mul_12ns_24ns_32_1_1' to 'Tanh_mul_mul_12nsncg' due to the length limit 20
INFO: [RTGEN 206-100] Generating core module 'Tanh_mul_mul_12nsncg': 1 instance(s).
INFO: [RTGEN 206-100] Finished creating RTL model for 'Tanh'.
INFO: [HLS 200-111]  Elapsed time: 0.5 seconds; current allocated memory: 466.431 MB.
INFO: [RTMG 210-282] Generating pipelined core: 'Tanh_mul_72ns_13seOg_MulnS_0'
INFO: [RTMG 210-279] Implementing memory 'exp_generic_doublbkb_rom' using auto ROMs.
INFO: [RTMG 210-279] Implementing memory 'exp_generic_doublcud_rom' using auto ROMs.
INFO: [RTMG 210-279] Implementing memory 'exp_generic_doubldEe_rom' using auto ROMs.
INFO: [HLS 200-111] Finished generating all RTL models Time (s): cpu = 00:00:02 ; elapsed = 00:00:21 . Memory (MB): peak = 539.711 ; gain = 453.906
INFO: [SYSC 207-301] Generating SystemC RTL for Tanh.
INFO: [VHDL 208-304] Generating VHDL RTL for Tanh.
INFO: [VLOG 209-307] Generating Verilog RTL for Tanh.
INFO: [HLS 200-112] Total elapsed time: 20.983 seconds; peak allocated memory: 466.431 MB.
