INFO-FLOW: Workspace D:/code/git/HLS/HLS/Tanh/solution1 opened at Fri Oct 25 16:25:57 +0800 2024
Execute     config_clock -quiet -name default -period 10 -default=false 
INFO: [SYN 201-201] Setting up clock 'default' with a period of 10ns.
Execute     open_platform DefaultPlatform 
Execute     import_lib D:/software/Xilinx/Vivado/2018.3/common/technology/xilinx/zynq/zynq 
Execute       source D:/software/Xilinx/Vivado/2018.3/common/technology/xilinx/common/xilinx.lib 
Execute         source D:/software/Xilinx/Vivado/2018.3/common/technology/xilinx/interface/xilinx_interface.lib 
Execute           source D:/software/Xilinx/Vivado/2018.3/common/technology/xilinx/interface/plb46.lib 
Execute           source D:/software/Xilinx/Vivado/2018.3/common/technology/xilinx/interface/fsl.lib 
Execute           source D:/software/Xilinx/Vivado/2018.3/common/technology/xilinx/interface/axi4.lib 
Execute           source D:/software/Xilinx/Vivado/2018.3/common/technology/xilinx/interface/maxi.lib 
Execute           source D:/software/Xilinx/Vivado/2018.3/common/technology/xilinx/interface/saxilite.lib 
Execute         source D:/software/Xilinx/Vivado/2018.3/common/technology/xilinx/common/dsp48.lib 
Execute         source D:/software/Xilinx/Vivado/2018.3/common/technology/xilinx/ip/dds_compiler.lib 
Execute         source D:/software/Xilinx/Vivado/2018.3/common/technology/xilinx/ip/xfft.lib 
Execute         source D:/software/Xilinx/Vivado/2018.3/common/technology/xilinx/ip/xfir.lib 
Execute       source D:/software/Xilinx/Vivado/2018.3/common/technology/xilinx/common/xilinx_old.lib 
Execute       source D:/software/Xilinx/Vivado/2018.3/common/technology/xilinx/common/xilinx_vivado.lib 
Execute       source D:/software/Xilinx/Vivado/2018.3/common/technology/xilinx/common/xilinx.hlp 
Execute         source D:/software/Xilinx/Vivado/2018.3/common/technology/xilinx/common/target_info.tcl 
Execute         source D:/software/Xilinx/Vivado/2018.3/common/technology/xilinx/interface/xilinx_interface.hlp 
Execute           source D:/software/Xilinx/Vivado/2018.3/common/technology/xilinx/interface/maxi.hlp 
Execute           source D:/software/Xilinx/Vivado/2018.3/common/technology/xilinx/interface/saxilite.hlp 
Execute         source D:/software/Xilinx/Vivado/2018.3/common/technology/xilinx/common/dsp48.hlp 
Execute       source D:/software/Xilinx/Vivado/2018.3/common/technology/xilinx/zynq/dsp48e1.hlp 
Execute       get_default_platform 
Execute       config_chip_info -quiet -resource  {SLICE 13300}  {LUT 53200}     {FF 106400} {DSP48E 220}   {BRAM 280}  
Execute       config_chip_info -quiet -speed medium 
Execute       source D:/software/Xilinx/Vivado/2018.3/common/technology/xilinx/common/xilinx.hlp 
Execute         source D:/software/Xilinx/Vivado/2018.3/common/technology/xilinx/common/target_info.tcl 
Execute         source D:/software/Xilinx/Vivado/2018.3/common/technology/xilinx/interface/xilinx_interface.hlp 
Execute           source D:/software/Xilinx/Vivado/2018.3/common/technology/xilinx/interface/maxi.hlp 
Execute           source D:/software/Xilinx/Vivado/2018.3/common/technology/xilinx/interface/saxilite.hlp 
Execute         source D:/software/Xilinx/Vivado/2018.3/common/technology/xilinx/common/dsp48.hlp 
Execute     source D:/software/Xilinx/Vivado/2018.3/common/technology/xilinx/zynq/zynq.gen 
Execute       source D:/software/Xilinx/Vivado/2018.3/common/technology/xilinx/common/virtex.gen 
Execute         source D:/software/Xilinx/Vivado/2018.3/common/technology/xilinx/common/xilinx.gen 
Execute           source D:/software/Xilinx/Vivado/2018.3/common/technology/xilinx/interface/plb46.gen 
Execute           source D:/software/Xilinx/Vivado/2018.3/common/technology/xilinx/interface/fsl.gen 
Execute           source D:/software/Xilinx/Vivado/2018.3/common/technology/xilinx/interface/axi4.gen 
Execute           source D:/software/Xilinx/Vivado/2018.3/common/technology/xilinx/interface/nativeAXI4.gen 
Execute             source D:/software/Xilinx/Vivado/2018.3/common/technology/xilinx/interface/saxilite.gen 
Execute             source D:/software/Xilinx/Vivado/2018.3/common/technology/xilinx/interface/maxi.gen 
Execute           source D:/software/Xilinx/Vivado/2018.3/common/technology/xilinx/scripts/xilinxcoregen.gen 
Execute           source D:/software/Xilinx/Vivado/2018.3/common/technology/xilinx/interface/XilEDKCoreGen.gen 
Execute           source D:/software/Xilinx/Vivado/2018.3/common/technology/xilinx/ip/dds_compiler.gen 
Execute           source D:/software/Xilinx/Vivado/2018.3/common/technology/xilinx/ip/util.gen 
Execute           source D:/software/Xilinx/Vivado/2018.3/common/technology/xilinx/ip/xfft.gen 
Execute           source D:/software/Xilinx/Vivado/2018.3/common/technology/xilinx/ip/xfir.gen 
Execute         source D:/software/Xilinx/Vivado/2018.3/common/technology/xilinx/common/dsp48.gen 
Execute     open_platform DefaultPlatform 
Execute     import_lib D:/software/Xilinx/Vivado/2018.3/common/technology/xilinx/zynq/zynq_fpv6 
Execute       source D:/software/Xilinx/Vivado/2018.3/common/technology/xilinx/common/xilinx_fpv7.lib 
Execute         source D:/software/Xilinx/Vivado/2018.3/common/technology/xilinx/common/xilinx_hp.lib 
Execute       source D:/software/Xilinx/Vivado/2018.3/common/technology/xilinx/common/xilinx_fpv.hlp 
Execute         source D:/software/Xilinx/Vivado/2018.3/common/technology/xilinx/common/xilinx.hlp 
Execute           source D:/software/Xilinx/Vivado/2018.3/common/technology/xilinx/common/target_info.tcl 
Execute           source D:/software/Xilinx/Vivado/2018.3/common/technology/xilinx/interface/xilinx_interface.hlp 
Execute             source D:/software/Xilinx/Vivado/2018.3/common/technology/xilinx/interface/maxi.hlp 
Execute             source D:/software/Xilinx/Vivado/2018.3/common/technology/xilinx/interface/saxilite.hlp 
Execute           source D:/software/Xilinx/Vivado/2018.3/common/technology/xilinx/common/dsp48.hlp 
Execute       source D:/software/Xilinx/Vivado/2018.3/common/technology/xilinx/zynq/zynq_hp.hlp 
Execute     source D:/software/Xilinx/Vivado/2018.3/common/technology/xilinx/zynq/zynq_fpv6.gen 
Execute       source D:/software/Xilinx/Vivado/2018.3/common/technology/xilinx/common/xilinx_fpv6.gen 
Execute     set_part xc7z020clg400-2 
Execute       add_library xilinx/zynq/zynq:xc7z020:clg400:-2 
Execute         get_default_platform 
Execute         license_isbetapart xc7z020 
Command         license_isbetapart done; error code: 1; 
Execute         get_default_platform 
Execute         config_chip_info -quiet -resource  {SLICE 13300}  {LUT 53200}     {FF 106400} {DSP48E 220}   {BRAM 280}  
Execute         config_chip_info -quiet -speed medium 
Execute       add_library xilinx/zynq/zynq_fpv6 
Execute         get_default_platform 
INFO: [HLS 200-10] Setting target device to 'xc7z020clg400-2'
Execute       get_default_platform 
Execute     get_default_platform 
Execute     config_chip_info -quiet -resource  {SLICE 13300}  {LUT 53200}     {FF 106400} {DSP48E 220}   {BRAM 280}  
Execute     config_chip_info -quiet -speed medium 
Command   open_solution done; 0.205 sec.
Execute   set_part xc7z020clg400-2 -tool vivado 
Execute     add_library xilinx/zynq/zynq:xc7z020:clg400:-2 
Execute       get_default_platform 
Execute       license_isbetapart xc7z020 
Command       license_isbetapart done; error code: 1; 
Execute       get_default_platform 
Execute       config_chip_info -quiet -resource  {SLICE 13300}  {LUT 53200}     {FF 106400} {DSP48E 220}   {BRAM 280}  
Execute       config_chip_info -quiet -speed medium 
Execute     add_library xilinx/zynq/zynq_fpv6 
Execute       get_default_platform 
Execute     get_default_platform 
Execute   create_clock -period 10 -name default 
Execute   csynth_design 
Execute     get_config_compile -effort 
Execute     get_config_compile -enable_clang39 
Execute     get_config_compile -g 
Execute     get_config_compile -lm 
Execute     get_config_compile -ng 
Execute     get_config_compile -opt_fp 
Execute     get_config_compile -skip_cdt 
Execute     get_config_compile -skip_syncheck 
Execute     get_config_compile -skip_transform 
Execute     config_compile -blackbox  
Execute     get_config_compile -keep_printf 
Execute     elaborate -effort=medium -skip_syncheck=0 -keep_printf=0 -lm=0 -skip_cdt=0 -skip_transform=0 -ng=0 -g=0 -opt_fp=0 -from_csynth_design=1 
Execute       get_config_schedule -relax_ii_for_timing 
INFO: [SCHED 204-61] Option 'relax_ii_for_timing' is enabled, will increase II to preserve clock frequency constraints.
Execute       get_config_schedule -suppress_dependence_error_break 
INFO: [HLS 200-10] Analyzing design file '../src/Tanh/Tanh.cpp' ... 
INFO-FLOW: Compiling one TU...
Execute       is_m_axi_addr64 
INFO-FLOW: Handling ../src/Tanh/Tanh.cpp as C++
Execute       get_default_platform 
Execute       is_encrypted ../src/Tanh/Tanh.cpp 
Execute       get_default_platform 
INFO-FLOW: Running: GCC PP
INFO-FLOW: Source preprocessing
Execute       clang  -fno-limit-debug-info -gcc-toolchain "D:/software/Xilinx/Vivado/2018.3/msys" -hls  -fno-exceptions  -D__llvm__  -E "../src/Tanh/Tanh.cpp"     -fno-math-errno -c -emit-llvm -O0  -mllvm -disable-llvm-optzns -fno-threadsafe-statics  -fno-use-cxa-atexit  -fno-threadsafe-statics -fno-use-cxa-atexit -D__CLANG_3_1__ -D__cdecl= -DAESL_SYN -D__SYNTHESIS__ -D__HLS_SYN__ -I "D:/software/Xilinx/Vivado/2018.3/common/technology/autopilot" -I "D:/software/Xilinx/Vivado/2018.3/common/technology/autopilot/ap_sysc" -include etc/autopilot_ssdm_op.h -D__DSP48E1__  -o "D:/code/git/HLS/HLS/Tanh/solution1/.autopilot/db/Tanh.pp.0.cpp" 
INFO-FLOW: exec D:/software/Xilinx/Vivado/2018.3/win64/tools/clang/bin/clang -fno-limit-debug-info -gcc-toolchain D:/software/Xilinx/Vivado/2018.3/msys -hls -fno-exceptions -D__llvm__ -E ../src/Tanh/Tanh.cpp -fno-math-errno -c -emit-llvm -O0 -mllvm -disable-llvm-optzns -fno-threadsafe-statics -fno-use-cxa-atexit -fno-threadsafe-statics -fno-use-cxa-atexit -D__CLANG_3_1__ -D__cdecl= -DAESL_SYN -D__SYNTHESIS__ -D__HLS_SYN__ -I D:/software/Xilinx/Vivado/2018.3/common/technology/autopilot -I D:/software/Xilinx/Vivado/2018.3/common/technology/autopilot/ap_sysc -include etc/autopilot_ssdm_op.h -D__DSP48E1__ -o D:/code/git/HLS/HLS/Tanh/solution1/.autopilot/db/Tanh.pp.0.cpp
Command       clang done; 0.594 sec.
Execute       tidy_31 xilinx-xfmat-array-geometry D:/code/git/HLS/HLS/Tanh/solution1/.autopilot/db/Tanh.pp.0.cpp std=gnu++98 
INFO-FLOW: exec D:/software/Xilinx/Vivado/2018.3/win64/tools/clang-3.9-csynth/bin/tidy-3.1 -header-filter=.* -checks=-*,xilinx-xfmat-array-geometry -quiet -fix D:/code/git/HLS/HLS/Tanh/solution1/.autopilot/db/Tanh.pp.0.cpp -- -std=gnu++98 -fhls -ferror-limit=0
Command       tidy_31 done; 0.492 sec.
INFO-FLOW: Syntax Checking before pre-processing...
Execute       clang -syntaxcheck -src D:/code/git/HLS/HLS/Tanh/solution1/.autopilot/db/Tanh.pp.0.cpp  -fno-limit-debug-info -gcc-toolchain "D:/software/Xilinx/Vivado/2018.3/msys" -hls    -fno-math-errno -c -emit-llvm -O0  -mllvm -disable-llvm-optzns -fno-threadsafe-statics  -fno-use-cxa-atexit  -fno-threadsafe-statics -fno-use-cxa-atexit -D__CLANG_3_1__ -D__cdecl= -DAESL_SYN -D__SYNTHESIS__ -D__HLS_SYN__ -I "D:/software/Xilinx/Vivado/2018.3/common/technology/autopilot" -I "D:/software/Xilinx/Vivado/2018.3/common/technology/autopilot/ap_sysc" -include etc/autopilot_ssdm_op.h -D__DSP48E1__  "D:/code/git/HLS/HLS/Tanh/solution1/.autopilot/db/Tanh.pp.0.cpp"  -o "D:/code/git/HLS/HLS/Tanh/solution1/.autopilot/db/useless.bc"  
INFO-FLOW: exec D:/software/Xilinx/Vivado/2018.3/win64/tools/clang/bin/clang -fno-limit-debug-info -gcc-toolchain D:/software/Xilinx/Vivado/2018.3/msys -hls -fno-math-errno -c -emit-llvm -O0 -mllvm -disable-llvm-optzns -fno-threadsafe-statics -fno-use-cxa-atexit -fno-threadsafe-statics -fno-use-cxa-atexit -D__CLANG_3_1__ -D__cdecl= -DAESL_SYN -D__SYNTHESIS__ -D__HLS_SYN__ -I D:/software/Xilinx/Vivado/2018.3/common/technology/autopilot -I D:/software/Xilinx/Vivado/2018.3/common/technology/autopilot/ap_sysc -include etc/autopilot_ssdm_op.h -D__DSP48E1__ D:/code/git/HLS/HLS/Tanh/solution1/.autopilot/db/Tanh.pp.0.cpp -o D:/code/git/HLS/HLS/Tanh/solution1/.autopilot/db/useless.bc
Command       clang done; 2.401 sec.
INFO-FLOW: Done: GCC PP time: 3.5 seconds per iteration
Execute       list_core -type functional_unit 
Execute       tidy_31 xilinx-systemc-detector D:/code/git/HLS/HLS/Tanh/solution1/.autopilot/db/Tanh.pp.0.cpp std=gnu++98 -directive=D:/code/git/HLS/HLS/Tanh/solution1/.autopilot/db/.systemc_flag 
INFO-FLOW: exec D:/software/Xilinx/Vivado/2018.3/win64/tools/clang-3.9-csynth/bin/tidy-3.1 -header-filter=.* -checks=-*,xilinx-systemc-detector -import-directive=D:/code/git/HLS/HLS/Tanh/solution1/.autopilot/db/.systemc_flag -quiet -fix-errors D:/code/git/HLS/HLS/Tanh/solution1/.autopilot/db/Tanh.pp.0.cpp -- -std=gnu++98 -fhls -ferror-limit=0
Command       tidy_31 done; 0.389 sec.
INFO-FLOW: Running: tidy-3.1 CDT preprocess
Execute       tidy_31 xilinx-directive2pragma D:/code/git/HLS/HLS/Tanh/solution1/.autopilot/db/Tanh.pp.0.cpp std=gnu++98 -directive=D:/code/git/HLS/HLS/Tanh/solution1/.autopilot/db/all.directive.json 
INFO-FLOW: exec D:/software/Xilinx/Vivado/2018.3/win64/tools/clang-3.9-csynth/bin/tidy-3.1 -header-filter=.* -checks=-*,xilinx-directive2pragma -import-directive=D:/code/git/HLS/HLS/Tanh/solution1/.autopilot/db/all.directive.json -quiet -fix-errors D:/code/git/HLS/HLS/Tanh/solution1/.autopilot/db/Tanh.pp.0.cpp -- -std=gnu++98 -fhls -ferror-limit=0
Command       tidy_31 done; 0.371 sec.
Execute       get_config_dataflow -strict_mode 
Execute       ap_eval exec -ignorestderr D:/software/Xilinx/Vivado/2018.3/win64/tools/clang-3.9-csynth/bin/xilinx-dataflow-lawyer -export-fixes=D:/code/git/HLS/HLS/Tanh/solution1/.autopilot/db/xilinx-dataflow-lawyer.Tanh.pp.0.cpp.diag.yml D:/code/git/HLS/HLS/Tanh/solution1/.autopilot/db/Tanh.pp.0.cpp -- -std=gnu++98 -fhls -ferror-limit=0 -fstrict-dataflow > D:/code/git/HLS/HLS/Tanh/solution1/.autopilot/db/xilinx-dataflow-lawyer.Tanh.pp.0.cpp.out.log 2> D:/code/git/HLS/HLS/Tanh/solution1/.autopilot/db/xilinx-dataflow-lawyer.Tanh.pp.0.cpp.err.log 
Command       ap_eval done; 0.352 sec.
Execute       tidy_31 -errorcheck xilinx-constantarray-param,xilinx-resource-pragma-transformer,xilinx-xfmat-array-geometry D:/code/git/HLS/HLS/Tanh/solution1/.autopilot/db/Tanh.pp.0.cpp std=gnu++98 
Execute         ap_eval exec -ignorestderr D:/software/Xilinx/Vivado/2018.3/win64/tools/clang-3.9-csynth/bin/tidy-3.1 -export-fixes=D:/code/git/HLS/HLS/Tanh/solution1/.autopilot/db/tidy-3.1.Tanh.pp.0.cpp.diag.yml -header-filter=.* -checks=-*,xilinx-constantarray-param,xilinx-resource-pragma-transformer,xilinx-xfmat-array-geometry -quiet -fix-errors D:/code/git/HLS/HLS/Tanh/solution1/.autopilot/db/Tanh.pp.0.cpp -- -std=gnu++98 -fhls -ferror-limit=0 > D:/code/git/HLS/HLS/Tanh/solution1/.autopilot/db/tidy-3.1.Tanh.pp.0.cpp.out.log 2> D:/code/git/HLS/HLS/Tanh/solution1/.autopilot/db/tidy-3.1.Tanh.pp.0.cpp.err.log 
Command         ap_eval done; 0.499 sec.
Execute         ap_eval exec -ignorestderr D:/software/Xilinx/Vivado/2018.3/win64/tools/clang-3.9-csynth/bin/xilinx-legacy-rewriter D:/code/git/HLS/HLS/Tanh/solution1/.autopilot/db/Tanh.pp.0.cpp -- -std=gnu++98 -fhls -ferror-limit=0 > D:/code/git/HLS/HLS/Tanh/solution1/.autopilot/db/xilinx-legacy-rewriter.Tanh.pp.0.cpp.out.log 2> D:/code/git/HLS/HLS/Tanh/solution1/.autopilot/db/xilinx-legacy-rewriter.Tanh.pp.0.cpp.err.log 
Command         ap_eval done; 0.381 sec.
Command       tidy_31 done; 0.888 sec.
INFO-FLOW: Done: tidy-3.1 CDT preprocess time: 1.6 seconds per iteration
INFO-FLOW: Pragma Handling...
Execute       tidy_31 xilinx-ssdm-intrinsics-arguments D:/code/git/HLS/HLS/Tanh/solution1/.autopilot/db/Tanh.pragma.1.cpp std=gnu++98 
INFO-FLOW: exec D:/software/Xilinx/Vivado/2018.3/win64/tools/clang-3.9-csynth/bin/tidy-3.1 -header-filter=.* -checks=-*,xilinx-ssdm-intrinsics-arguments -quiet -fix-errors D:/code/git/HLS/HLS/Tanh/solution1/.autopilot/db/Tanh.pragma.1.cpp -- -std=gnu++98 -fhls -ferror-limit=0
Command       tidy_31 done; 0.893 sec.
Execute       get_default_platform 
INFO-FLOW: Processing labels
Execute       clang -src D:/code/git/HLS/HLS/Tanh/solution1/.autopilot/db/Tanh.pragma.2.cpp  -fno-limit-debug-info -gcc-toolchain D:/software/Xilinx/Vivado/2018.3/msys -hls -hls-analyze-label -hls-analyze-pragma -fno-exceptions  -D__llvm__  -w  "D:/code/git/HLS/HLS/Tanh/solution1/.autopilot/db/Tanh.pragma.2.cpp"    -fno-math-errno -c -emit-llvm -O0  -mllvm -disable-llvm-optzns -fno-threadsafe-statics  -fno-use-cxa-atexit -DAESL_SYN -D__SYNTHESIS__ -D__HLS_SYN__ -I "D:/software/Xilinx/Vivado/2018.3/common/technology/autopilot" -I "D:/software/Xilinx/Vivado/2018.3/common/technology/autopilot/ap_sysc" -include etc/autopilot_ssdm_op.h -D__DSP48E1__ -g -o "D:/code/git/HLS/HLS/Tanh/solution1/.autopilot/db/Tanh.bc" 
INFO-FLOW: exec D:/software/Xilinx/Vivado/2018.3/win64/tools/clang/bin/clang -fno-limit-debug-info -gcc-toolchain D:/software/Xilinx/Vivado/2018.3/msys -hls -hls-analyze-label -hls-analyze-pragma -fno-exceptions -D__llvm__ -w D:/code/git/HLS/HLS/Tanh/solution1/.autopilot/db/Tanh.pragma.2.cpp -fno-math-errno -c -emit-llvm -O0 -mllvm -disable-llvm-optzns -fno-threadsafe-statics -fno-use-cxa-atexit -DAESL_SYN -D__SYNTHESIS__ -D__HLS_SYN__ -I D:/software/Xilinx/Vivado/2018.3/common/technology/autopilot -I D:/software/Xilinx/Vivado/2018.3/common/technology/autopilot/ap_sysc -include etc/autopilot_ssdm_op.h -D__DSP48E1__ -g -o D:/code/git/HLS/HLS/Tanh/solution1/.autopilot/db/Tanh.bc
Command       clang done; 1.699 sec.
INFO-FLOW: Linking Debug ...
Execute       llvm-ld D:/code/git/HLS/HLS/Tanh/solution1/.autopilot/db/Tanh.g.bc -hls-opt -except-internalize Tanh -LD:/software/Xilinx/Vivado/2018.3/win64/lib -lhlsm -lhlsmc++ -o D:/code/git/HLS/HLS/Tanh/solution1/.autopilot/db/a.g 
Command       llvm-ld done; 1.463 sec.
INFO: [HLS 200-111] Finished Linking Time (s): cpu = 00:00:00 ; elapsed = 00:00:10 . Memory (MB): peak = 103.156 ; gain = 17.352
INFO: [HLS 200-111] Finished Checking Pragmas Time (s): cpu = 00:00:00 ; elapsed = 00:00:10 . Memory (MB): peak = 103.156 ; gain = 17.352
Execute       get_config_sdx -target 
Execute       opt_and_import_c a -opt_level=2 -skip_syncheck=0 -ng=0 -keep_printf=0 
Execute         cleanup_all_models 
INFO: [HLS 200-10] Starting code transformations ...
Execute         transform -promote-dbg-pointer D:/code/git/HLS/HLS/Tanh/solution1/.autopilot/db/a.pp.bc -o D:/code/git/HLS/HLS/Tanh/solution1/.autopilot/db/a.pp.0.bc -f 
Command         transform done; 0.413 sec.
Execute         llvm-ld D:/code/git/HLS/HLS/Tanh/solution1/.autopilot/db/a.pp.0.bc -disable-opt -LD:/software/Xilinx/Vivado/2018.3/win64/lib -lfloatconversion -o D:/code/git/HLS/HLS/Tanh/solution1/.autopilot/db/a.g.0 
Command         llvm-ld done; 1.045 sec.
INFO-FLOW: Running Standard Transforms...
Execute         transform -hls -share-std-xform -demangle-name -inline-byval-memcpy -always-inline -promote-dbg-pointer -interface-preproc -mem2reg -lower-blackbox -scalarrepl -mem2reg -keep-read-access -instcombine -dce -promote-dbg-pointer -bitop-raise -loop-simplify -indvarspre -indvars -loop-simplify -xunroll -constprop -instcombine -simplifycfg -indvars -simplifycfg -dce -globaldce -basicaa -simplifycfg -mem2reg -globalopt -global-constprop -deadargelim -instcombine -simplifycfg -prune-eh -simplifycfg -scalarrepl -instcombine -reassociate -licm -simplifycfg -loop-simplify -indvars -instcombine -simplifycfg -mem2reg -loop-simplify -indvars -instcombine -gvn -gvn -instcombine -adce -break-crit-edges -simplifycfg -loop-delete -global-array-opt -dce -dse -adce -find-syn-modules -top Tanh -deadargelim -mem2reg -instcombine -dce -presyn-prepare -auto-rom-infer -interface-preproc -syn-check -check-rec-only -find-region -simplifycfg -func-extr -function-inline -globaldce -mem2reg -instcombine -dce -gvn -globaldce -adce -adse -constprop -instcombine -bit-constprop -instcombine -dce -simplifycfg -bitop-raise -simplifycfg -dce -loop-delete -reassociate -globalopt -global-privatize -mem2reg -dce -global-constprop -pointer-simplify -constprop -dce -func-inst -deadargelim -auto-shift-reg-idiom -promote-dbg-pointer -norm-name D:/code/git/HLS/HLS/Tanh/solution1/.autopilot/db/a.g.0.bc -o D:/code/git/HLS/HLS/Tanh/solution1/.autopilot/db/a.g.1.bc -f -phase std-opt 
Command         transform done; 0.953 sec.
INFO: [HLS 200-111] Finished Standard Transforms Time (s): cpu = 00:00:01 ; elapsed = 00:00:13 . Memory (MB): peak = 275.836 ; gain = 190.031
INFO: [HLS 200-10] Checking synthesizability ...
INFO-FLOW: Checking Synthesizability 1/2..
Execute         transform -hls -syn-check -check-rec-only -disaggr -scalarrepl -norm-name -dce -mem2reg -instcombine -function-uniquify -directive-preproc -mem2reg -dse -dce -auto-rom-infer -dce -pag -array-normalize -instcombine -dce -warn-fifo-pointer -array-seg-normalize -instcombine -dce -array-flatten -instcombine -dce -array-burst -dce -deadargelim -promote-global-argument -simplifycfg -mem2reg -globaldce -resolve-double-ptr -dce -deadargelim -dce -instcombine -function-inline -globaldce -dce -doublePtrSimplify -doublePtrElim -dce -doublePtrSimplify -promote-dbg-pointer -dce -scalarrepl -dse -adse -instcombine -ptrLegalization -simplifycfg -dce -instcombine -pointer-simplify -ptrArgReplace -dce -instcombine -disaggr -scalarrepl -norm-name -dce -mem2reg -instcombine -ptrLegalization -simplifycfg -deadargelim -instcombine -dce -inst-simplify -function-uniquify -directive-preproc -mem2reg -dse -dce -globaldce -check-dspbuiltin D:/code/git/HLS/HLS/Tanh/solution1/.autopilot/db/a.g.1.bc -o D:/code/git/HLS/HLS/Tanh/solution1/.autopilot/db/a.g.2.prechk.bc -f 
INFO: [XFORM 203-602] Inlining function 'fp_struct<float>::data' into 'fp_struct<float>::to_float' (r:/builds/2018.3/continuous/2018_12_06_2405991/src/products/hls/hls_lib/src/hls\utils/x_hls_utils.h:348) automatically.
INFO: [XFORM 203-602] Inlining function 'fp_struct<float>::to_float' into 'fp_struct<float>::to_ieee' (r:/builds/2018.3/continuous/2018_12_06_2405991/src/products/hls/hls_lib/src/hls\utils/x_hls_utils.h:369) automatically.
INFO: [XFORM 203-602] Inlining function 'fp_struct<float>::to_ieee' into 'generic_copysign<float>' (r:/builds/2018.3/continuous/2018_12_06_2405991/src/products/hls/hls_lib/hlsmath/include/FloatingPoint/hls_copysign.h:13) automatically.
INFO: [XFORM 203-602] Inlining function 'generic_copysign<float>' into 'generic_fabs<float>' (r:/builds/2018.3/continuous/2018_12_06_2405991/src/products/hls/hls_lib/hlsmath/include/FloatingPoint/hls_fabs.h:12) automatically.
INFO: [XFORM 203-602] Inlining function 'fp_struct<float>::to_ieee' into 'generic_nan<float>' (r:/builds/2018.3/continuous/2018_12_06_2405991/src/products/hls/hls_lib/hlsmath/include/FloatingPoint/hls_nan.h:14) automatically.
INFO: [XFORM 203-602] Inlining function 'fp_struct<double>::data' into 'fp_struct<double>::to_double' (r:/builds/2018.3/continuous/2018_12_06_2405991/src/products/hls/hls_lib/src/hls\utils/x_hls_utils.h:512) automatically.
INFO: [XFORM 203-602] Inlining function 'fp_struct<double>::to_double' into 'fp_struct<double>::to_ieee' (r:/builds/2018.3/continuous/2018_12_06_2405991/src/products/hls/hls_lib/src/hls\utils/x_hls_utils.h:526) automatically.
INFO: [XFORM 203-602] Inlining function 'generic_isnan<double>' into 'exp_reduce_::exp_generic<double>' (r:/builds/2018.3/continuous/2018_12_06_2405991/src/products/hls/hls_lib/hlsmath/include/FloatingPoint\hls_exp_.h:208) automatically.
INFO: [XFORM 203-602] Inlining function 'generic_isinf<double>' into 'exp_reduce_::exp_generic<double>' (r:/builds/2018.3/continuous/2018_12_06_2405991/src/products/hls/hls_lib/hlsmath/include/FloatingPoint\hls_exp_.h:209) automatically.
INFO: [XFORM 203-602] Inlining function 'fp_struct<double>::to_ieee' into 'exp_reduce_::exp_generic<double>' (r:/builds/2018.3/continuous/2018_12_06_2405991/src/products/hls/hls_lib/hlsmath/include/FloatingPoint\hls_exp_.h:218) automatically.
INFO: [XFORM 203-602] Inlining function 'fp_struct<double>::expv' into 'exp_reduce_::exp_generic<double>' (r:/builds/2018.3/continuous/2018_12_06_2405991/src/products/hls/hls_lib/hlsmath/include/FloatingPoint\hls_exp_.h:236) automatically.
INFO: [XFORM 203-602] Inlining function 'exp_reduce_::exp_traits<double>::exp_Z1P_m_1' into 'exp_reduce_::exp_generic<double>' (r:/builds/2018.3/continuous/2018_12_06_2405991/src/products/hls/hls_lib/hlsmath/include/FloatingPoint\hls_exp_.h:321) automatically.
INFO: [XFORM 203-602] Inlining function 'generic_fabs<float>' into 'explog_based::generic_tanh<float>' (r:/builds/2018.3/continuous/2018_12_06_2405991/src/products/hls/hls_lib/hlsmath/include/FloatingPoint\hls_tanh.h:61) automatically.
INFO: [XFORM 203-602] Inlining function 'generic_nan<float>' into 'explog_based::generic_tanh<float>' (r:/builds/2018.3/continuous/2018_12_06_2405991/src/products/hls/hls_lib/hlsmath/include/FloatingPoint\hls_tanh.h:67) automatically.
INFO: [XFORM 203-602] Inlining function 'exp_reduce_::expm1' into 'explog_based::generic_tanh<float>' (r:/builds/2018.3/continuous/2018_12_06_2405991/src/products/hls/hls_lib/hlsmath/include/FloatingPoint\hls_tanh.h:89) automatically.
INFO: [XFORM 203-602] Inlining function 'tanhf' into 'std::tanh' (D:/software/Xilinx/Vivado/2018.3/win64/tools/clang/bin\..\lib\clang\3.1/../../../include/c++/4.5.2\cmath:466) automatically.
INFO: [XFORM 203-602] Inlining function 'std::tanh' into 'Tanh' (../src/Tanh/Tanh.cpp:23) automatically.
Command         transform done; 0.732 sec.
INFO-FLOW: Checking Synthesizability 2/2..
Execute         transform -syn-check D:/code/git/HLS/HLS/Tanh/solution1/.autopilot/db/a.g.2.prechk.bc -o D:/code/git/HLS/HLS/Tanh/solution1/.autopilot/db/a.g.2.bc -f -phase syn-check 
Command         transform done; 0.316 sec.
INFO: [HLS 200-111] Finished Checking Synthesizability Time (s): cpu = 00:00:01 ; elapsed = 00:00:14 . Memory (MB): peak = 364.242 ; gain = 278.438
INFO-FLOW: Compiler optimizing ...
INFO-FLOW: Share syncheck's 1.bc for syn flow: copy D:/code/git/HLS/HLS/Tanh/solution1/.autopilot/db/a.g.1.bc to D:/code/git/HLS/HLS/Tanh/solution1/.autopilot/db/a.o.1.bc
INFO-FLOW: Presyn 1...
Execute         transform -hls -tmp D:/code/git/HLS/HLS/Tanh/solution1/.autopilot/db -interface-port-rename -type-info -function-uniquify -directive-preproc -mem2reg -dse -dce -disaggr -scalarrepl -norm-name -deadargelim -mem2reg -instcombine -dce -simplifycfg -auto-rom-infer -dce -function-uniquify -resource-proc -simplifycfg -mem2reg -globaldce -resolve-double-ptr -dce -deadargelim -dce -instcombine -clib-intrinsic-prepare -dce -func-buffer -dce -pag -array-normalize -func-legal -instcombine -gvn -constprop -dce -ptrArgReplace -mem2reg -instcombine -dce -array-seg-normalize -deadargelim -instcombine -dce -pointer-simplify -dce -port-alignment -dce -interface-preproc -data-pack -instcombine -dce -basicaa -aggr-aa -aggrmodref-aa -aggr-aa -gvn -gvn -basicaa -aggr-aa -aggrmodref-aa -aggr-aa -dse -adse -adce -loop-simplify -indvars -instcombine -gvn -loop-simplify -mem2reg -dce -find-region -instcombine -auto-loop-pipeline -inst-simplify -interface-preproc -cfgopt -instcombine -indvars -auto-loop-unroll -loop-simplify -loop-bound -xunroll -constprop -instcombine -simplifycfg -indvars -simplifycfg -dce -globaldce -clean-region -attach-range -gvn -inst-simplify -constprop -simplifycfg -dce -pointer-simplify -dce -globalopt -constprop -dce -array-promote -constprop -instcombine -dce -ptrArgReplace -mem2reg -instcombine -simplifycfg -dce -auto-par -instcombine -dce -array-transform-check -array-reshape -instcombine -simplifycfg -dce -ptrArgReplace -deadargelim -mem2reg -instcombine -simplifycfg -dce -indvars -loop-simplify -loop-bound -xunroll -constprop -instcombine -simplifycfg -indvars -simplifycfg -dce -globaldce -basicaa -aggr-aa -aggrmodref-aa -aggr-aa -dse -duplicate-dataflow-processes -globaldce -instcombine -array-partition -instcombine -simplifycfg -dce -ptrArgReplace -global-constprop -deadargelim -mem2reg -func-legal -instcombine -dce -global-constprop -deadargelim -mem2reg -instcombine -simplifycfg -dce -merge-param -deadargelim -globalopt -constprop -dce -array-promote -constprop -instcombine -dce -ptrArgReplace -mem2reg -instcombine -simplifycfg -dce -mem-intrinsic-preproc -dce -global-internalize -global-privatize -mem2reg -globaldce -promote-global-argument -ptrArgReplace -mem2reg -instcombine -dce -globalopt -mergereturn -simplify-global-access -mem2reg -dce -pointer-simplify -dce -functionattrs -basicaa -aggr-aa -aggrmodref-aa -aggr-aa -gvn -gvn -basicaa -aggr-aa -aggrmodref-aa -aggr-aa -dse -adse -adce -inst-simplify -dce -norm-name -function-inline -globaldce -func-inst -constprop -instcombine -simplifycfg -dce -func-legal -dce -loop-bound -arraycheck -bitwidthmin -on-by-dataflow -loop-delete -instcombine -simplifycfg -globaldce -dce -gvn -deadargelim -dce -loop-simplify -clean-region -simplifycfg -propagate-stable-arguments -loop-stream -instcombine -simplifycfg -dce -globaldce -duplicate-dataflow-processes -stream-intrinsic-preproc -dce -check-ap-stream -loop-simplify -eliminate-keepreads -extract-dataflow-in-loop -loop-simplify -dce -gvn -deadargelim -dse -check-dataflow-syntax -legalize-stream-variable -legalize-global -extract-subproc -dce -dead-channel-elimination -canonicalize-gep -globaldce -dce -gvn -deadargelim -annotate-dataflow-channels -scalar-propagation -deadargelim -globaldce -mem2reg -check-dataflow-channels -function-stream -dce -globaldce -prop-fifo-spec -internal-stream-gen -canonicalize-gep -globaldce -dce -gvn -deadargelim -mergereturn -indvars -loop-simplify -instcombine -array-stream -array-seg-normalize -array-partition -func-legal -instcombine -simplifycfg -dce -bundle-memfifo-ops -deadargelim -function-uniquify -directive-preproc -mem2reg -dse -dce -group-axi-access -licm -simplifycfg -dce -loop-delete -norm-name D:/code/git/HLS/HLS/Tanh/solution1/.autopilot/db/a.o.1.bc -o D:/code/git/HLS/HLS/Tanh/solution1/.autopilot/db/a.o.1.tmp.bc -f 
WARNING: [XFORM 203-503] Cannot unroll loop 'Loop-1' (../src/Tanh/Tanh.cpp:18) in function 'Tanh': cannot completely unroll a loop with a variable trip count.
INFO: [XFORM 203-602] Inlining function 'fp_struct<float>::data' into 'fp_struct<float>::to_float' (r:/builds/2018.3/continuous/2018_12_06_2405991/src/products/hls/hls_lib/src/hls\utils/x_hls_utils.h:348) automatically.
INFO: [XFORM 203-602] Inlining function 'fp_struct<float>::to_float' into 'fp_struct<float>::to_ieee' (r:/builds/2018.3/continuous/2018_12_06_2405991/src/products/hls/hls_lib/src/hls\utils/x_hls_utils.h:369) automatically.
INFO: [XFORM 203-602] Inlining function 'fp_struct<float>::to_ieee' into 'generic_copysign<float>' (r:/builds/2018.3/continuous/2018_12_06_2405991/src/products/hls/hls_lib/hlsmath/include/FloatingPoint/hls_copysign.h:13) automatically.
INFO: [XFORM 203-602] Inlining function 'generic_copysign<float>' into 'generic_fabs<float>' (r:/builds/2018.3/continuous/2018_12_06_2405991/src/products/hls/hls_lib/hlsmath/include/FloatingPoint/hls_fabs.h:12) automatically.
INFO: [XFORM 203-602] Inlining function 'fp_struct<float>::to_ieee' into 'generic_nan<float>' (r:/builds/2018.3/continuous/2018_12_06_2405991/src/products/hls/hls_lib/hlsmath/include/FloatingPoint/hls_nan.h:14) automatically.
INFO: [XFORM 203-602] Inlining function 'fp_struct<double>::data' into 'fp_struct<double>::to_double' (r:/builds/2018.3/continuous/2018_12_06_2405991/src/products/hls/hls_lib/src/hls\utils/x_hls_utils.h:512) automatically.
INFO: [XFORM 203-602] Inlining function 'fp_struct<double>::to_double' into 'fp_struct<double>::to_ieee' (r:/builds/2018.3/continuous/2018_12_06_2405991/src/products/hls/hls_lib/src/hls\utils/x_hls_utils.h:526) automatically.
INFO: [XFORM 203-602] Inlining function 'generic_isnan<double>' into 'exp_reduce_::exp_generic<double>' (r:/builds/2018.3/continuous/2018_12_06_2405991/src/products/hls/hls_lib/hlsmath/include/FloatingPoint\hls_exp_.h:208) automatically.
INFO: [XFORM 203-602] Inlining function 'generic_isinf<double>' into 'exp_reduce_::exp_generic<double>' (r:/builds/2018.3/continuous/2018_12_06_2405991/src/products/hls/hls_lib/hlsmath/include/FloatingPoint\hls_exp_.h:209) automatically.
INFO: [XFORM 203-602] Inlining function 'fp_struct<double>::to_ieee' into 'exp_reduce_::exp_generic<double>' (r:/builds/2018.3/continuous/2018_12_06_2405991/src/products/hls/hls_lib/hlsmath/include/FloatingPoint\hls_exp_.h:218) automatically.
INFO: [XFORM 203-602] Inlining function 'fp_struct<double>::expv' into 'exp_reduce_::exp_generic<double>' (r:/builds/2018.3/continuous/2018_12_06_2405991/src/products/hls/hls_lib/hlsmath/include/FloatingPoint\hls_exp_.h:236) automatically.
INFO: [XFORM 203-602] Inlining function 'exp_reduce_::exp_traits<double>::exp_Z1P_m_1' into 'exp_reduce_::exp_generic<double>' (r:/builds/2018.3/continuous/2018_12_06_2405991/src/products/hls/hls_lib/hlsmath/include/FloatingPoint\hls_exp_.h:321) automatically.
INFO: [XFORM 203-602] Inlining function 'generic_fabs<float>' into 'explog_based::generic_tanh<float>' (r:/builds/2018.3/continuous/2018_12_06_2405991/src/products/hls/hls_lib/hlsmath/include/FloatingPoint\hls_tanh.h:61) automatically.
INFO: [XFORM 203-602] Inlining function 'generic_nan<float>' into 'explog_based::generic_tanh<float>' (r:/builds/2018.3/continuous/2018_12_06_2405991/src/products/hls/hls_lib/hlsmath/include/FloatingPoint\hls_tanh.h:67) automatically.
INFO: [XFORM 203-602] Inlining function 'exp_reduce_::expm1' into 'explog_based::generic_tanh<float>' (r:/builds/2018.3/continuous/2018_12_06_2405991/src/products/hls/hls_lib/hlsmath/include/FloatingPoint\hls_tanh.h:89) automatically.
INFO: [XFORM 203-602] Inlining function 'tanhf' into 'std::tanh' (D:/software/Xilinx/Vivado/2018.3/win64/tools/clang/bin\..\lib\clang\3.1/../../../include/c++/4.5.2\cmath:466) automatically.
INFO: [XFORM 203-602] Inlining function 'std::tanh' into 'Tanh' (../src/Tanh/Tanh.cpp:23) automatically.
Command         transform done; 1.029 sec.
INFO-FLOW: Presyn 2...
Execute         transform -hls -keep-callgraph -scalarrepl -mem2reg -port-alignment -attach-range -dce -pipe-mux-gen -indvars -loop-bound -inst-simplify -instcombine -dce -merge-array-access -mem2reg -dce -clean-region -mergereturn -if-conv -instcombine -dce -constprop -basicaa -aggr-aa -aggrmodref-aa -aggr-aa -gvn -gvn -basicaa -aggr-aa -aggrmodref-aa -aggr-aa -dse -adse -adce -scalarrepl -mem2reg -global-constprop -deadargelim -deadargelim -instcombine -dce -simplifycfg -ptrArgReplace -mem2reg -function-inline -globaldce -mem2reg -instcombine -dce -expr-balance -instcombine -dce -bitwidthmin -interface-preproc -directive-preproc -inst-rectify -instcombine -dce -functionattrs -constprop -instcombine -bit-constprop -simplify-global-access -globalopt -globaldce -inst-simplify -instcombine -elimdeaddata -dce -loop-delete -simplifycfg -loop-simplify -auto-burst -norm-name D:/code/git/HLS/HLS/Tanh/solution1/.autopilot/db/a.o.1.tmp.bc -o D:/code/git/HLS/HLS/Tanh/solution1/.autopilot/db/a.o.2.bc -f -phase presyn 
INFO: [XFORM 203-401] Performing if-conversion on hyperblock from (r:/builds/2018.3/continuous/2018_12_06_2405991/src/products/hls/hls_lib/hlsmath/include/FloatingPoint\hls_tanh.h:107:8) to (r:/builds/2018.3/continuous/2018_12_06_2405991/src/products/hls/hls_lib/hlsmath/include/FloatingPoint\hls_tanh.h:113:3) in function 'explog_based::generic_tanh<float>'... converting 3 basic blocks.
INFO: [XFORM 203-401] Performing if-conversion on hyperblock from (r:/builds/2018.3/continuous/2018_12_06_2405991/src/products/hls/hls_lib/hlsmath/include/FloatingPoint\hls_tanh.h:82:10) to (r:/builds/2018.3/continuous/2018_12_06_2405991/src/products/hls/hls_lib/hlsmath/src/common/hls_exp_float.cpp:8:10) in function 'explog_based::generic_tanh<float>'... converting 4 basic blocks.
INFO: [XFORM 203-401] Performing if-conversion on hyperblock from (r:/builds/2018.3/continuous/2018_12_06_2405991/src/products/hls/hls_lib/hlsmath/include/FloatingPoint\hls_exp_.h:184:19) to (r:/builds/2018.3/continuous/2018_12_06_2405991/src/products/hls/hls_lib/hlsmath/include/FloatingPoint\hls_exp_.h:367:3) in function 'exp_reduce_::exp_generic<double>'... converting 20 basic blocks.
Command         transform done; 0.438 sec.
INFO: [HLS 200-111] Finished Pre-synthesis Time (s): cpu = 00:00:01 ; elapsed = 00:00:15 . Memory (MB): peak = 482.609 ; gain = 396.805
INFO-FLOW: Building ssdm...
Execute         transform -hls -function-uniquify -auto-function-inline -globaldce -ptrArgReplace -mem2reg -instcombine -dce -reset-lda -loop-simplify -indvars -licm -loop-dep -loop-bound -licm -loop-simplify -flattenloopnest -array-flatten -gvn -instcombine -dce -array-map -dce -func-legal -gvn -adce -instcombine -cfgopt -simplifycfg -loop-simplify -array-burst -promote-global-argument -dce -axi4-lower -array-seg-normalize -basicaa -aggrmodref-aa -globalsmodref-aa -aggr-aa -gvn -gvn -basicaa -aggrmodref-aa -globalsmodref-aa -aggr-aa -dse -adse -adce -licm -inst-simplify -dce -globaldce -instcombine -array-stream -eliminate-keepreads -instcombine -dce -deadargelim -doublePtrSimplify -doublePtrElim -dce -doublePtrSimplify -promote-dbg-pointer -dce -scalarrepl -mem2reg -disaggr -norm-name -mem2reg -instcombine -dse -adse -adce -ptrLegalization -dce -auto-rom-infer -array-flatten -dce -instcombine -check-doubleptr -loop-rot -constprop -cfgopt -simplifycfg -loop-simplify -indvars -pointer-simplify -dce -loop-bound -loop-simplify -loop-preproc -constprop -global-constprop -gvn -mem2reg -instcombine -dce -loop-bound -loop-merge -dce -bitwidthmin -deadargelim -dce -canonicalize-dataflow -dce -scalar-propagation -deadargelim -globaldce -mem2reg -read-loop-dep -interface-preproc -directive-preproc -interface-gen -bram-byte-enable -deadargelim -inst-simplify -dce -gvn -mem2reg -instcombine -dce -adse -loop-bound -instcombine -cfgopt -simplifycfg -loop-simplify -clean-region -io-protocol -find-region -mem2reg -bitop-raise -inst-simplify -inst-rectify -instcombine -adce -deadargelim -loop-simplify -phi-opt -bitop-raise -cfgopt -simplifycfg -strip-dead-prototypes -interface-lower -bitop-lower -intrinsic-lower -auto-function-inline -basicaa -aggrmodref-aa -globalsmodref-aa -aggr-aa -inst-simplify -simplifycfg -loop-simplify -mergereturn -inst-simplify -inst-rectify -dce -load-elim -bitop-lower -loop-rewind -pointer-simplify -dce -cfgopt -dce -bitwidth -loop-bound -loop-dep -read-loop-dep -dce -check-stream -norm-name -legalize -validate-dataflow -inst-clarity -cdfg-build D:/code/git/HLS/HLS/Tanh/solution1/.autopilot/db/a.o.2.bc -o D:/code/git/HLS/HLS/Tanh/solution1/.autopilot/db/a.o.3.bc -f -phase build-ssdm 
WARNING: [XFORM 203-631] Renaming function 'explog_based::generic_tanh<float>' to 'generic_tanh<float>' (r:/builds/2018.3/continuous/2018_12_06_2405991/src/products/hls/hls_lib/hlsmath/include/FloatingPoint\hls_tanh.h:56)
WARNING: [XFORM 203-631] Renaming function 'exp_reduce_::exp_generic<double>' to 'exp_generic<double>' (r:/builds/2018.3/continuous/2018_12_06_2405991/src/products/hls/hls_lib/hlsmath/include/FloatingPoint\hls_exp_.h:184)
INFO: [HLS 200-444] Inferring multiple bus burst read of variable length on port 'gmem' (../src/Tanh/Tanh.cpp:23:35). These data requests might be further partitioned to multiple requests during RTL generation, based on max_read_burst_length or max_write_burst_length settings.
Command         transform done; 0.543 sec.
INFO: [HLS 200-111] Finished Architecture Synthesis Time (s): cpu = 00:00:01 ; elapsed = 00:00:16 . Memory (MB): peak = 537.383 ; gain = 451.578
INFO-FLOW: Finish building internal data model.
Command       opt_and_import_c done; 5.51 sec.
Command     elaborate done; 15.373 sec.
Execute     autosyn -from_csynth_design=1 
INFO: [HLS 200-10] Starting hardware synthesis ...
INFO-FLOW: Synthesizing C/C++ design ...
INFO: [HLS 200-10] Synthesizing 'Tanh' ...
Execute       ap_set_top_model Tanh 
WARNING: [SYN 201-103] Legalizing function name 'exp_generic<double>' to 'exp_generic_double_s'.
WARNING: [SYN 201-103] Legalizing function name 'generic_tanh<float>' to 'generic_tanh_float_s'.
Execute       get_model_list Tanh -filter all-wo-channel -topdown 
Execute       preproc_iomode -model Tanh 
Execute       preproc_iomode -model generic_tanh<float> 
Execute       preproc_iomode -model exp_generic<double> 
Execute       get_model_list Tanh -filter all-wo-channel 
INFO-FLOW: Model list for configure: exp_generic<double> generic_tanh<float> Tanh
INFO-FLOW: Configuring Module : exp_generic<double> ...
Execute       set_default_model exp_generic<double> 
Execute       apply_spec_resource_limit exp_generic<double> 
INFO-FLOW: Configuring Module : generic_tanh<float> ...
Execute       set_default_model generic_tanh<float> 
Execute       apply_spec_resource_limit generic_tanh<float> 
INFO-FLOW: Configuring Module : Tanh ...
Execute       set_default_model Tanh 
Execute       apply_spec_resource_limit Tanh 
INFO-FLOW: Model list for preprocess: exp_generic<double> generic_tanh<float> Tanh
INFO-FLOW: Preprocessing Module: exp_generic<double> ...
Execute       set_default_model exp_generic<double> 
Execute       cdfg_preprocess -model exp_generic<double> 
Execute       rtl_gen_preprocess exp_generic<double> 
INFO-FLOW: Preprocessing Module: generic_tanh<float> ...
Execute       set_default_model generic_tanh<float> 
Execute       cdfg_preprocess -model generic_tanh<float> 
Execute       rtl_gen_preprocess generic_tanh<float> 
INFO-FLOW: Preprocessing Module: Tanh ...
Execute       set_default_model Tanh 
Execute       cdfg_preprocess -model Tanh 
Execute       rtl_gen_preprocess Tanh 
INFO-FLOW: Model list for synthesis: exp_generic<double> generic_tanh<float> Tanh
INFO: [HLS 200-10] ----------------------------------------------------------------
INFO: [HLS 200-42] -- Implementing module 'exp_generic_double_s' 
INFO: [HLS 200-10] ----------------------------------------------------------------
Execute       set_default_model exp_generic<double> 
Execute       schedule -model exp_generic<double> 
INFO: [SCHED 204-11] Starting scheduling ...
INFO: [SCHED 204-61] Pipelining function 'exp_generic<double>'.
INFO: [SCHED 204-61] Pipelining result : Target II = 1, Final II = 1, Depth = 13.
INFO: [SCHED 204-11] Finished scheduling.
Command       schedule done; 0.153 sec.
INFO: [HLS 200-111]  Elapsed time: 16.249 seconds; current allocated memory: 460.243 MB.
Execute       report -o D:/code/git/HLS/HLS/Tanh/solution1/.autopilot/db/exp_generic_double_s.verbose.sched.rpt -verbose -f 
Execute       db_write -o D:/code/git/HLS/HLS/Tanh/solution1/.autopilot/db/exp_generic_double_s.sched.adb -f 
INFO-FLOW: Finish scheduling exp_generic<double>.
Execute       set_default_model exp_generic<double> 
Execute       bind -model exp_generic<double> 
BIND OPTION: fu_weight=[ 0.0 -- 1.0 ]
BIND OPTION: model=exp_generic<double>
BIND OPTION: reg_weight=[ 0.0 -- 1.0 ]
INFO: [BIND 205-100] Starting micro-architecture generation ...
INFO: [BIND 205-101] Performing variable lifetime analysis.
INFO: [BIND 205-101] Exploring resource sharing.
INFO: [BIND 205-101] Binding ...
INFO: [BIND 205-100] Finished micro-architecture generation.
INFO: [HLS 200-111]  Elapsed time: 0.173 seconds; current allocated memory: 460.874 MB.
Execute       report -o D:/code/git/HLS/HLS/Tanh/solution1/.autopilot/db/exp_generic_double_s.verbose.bind.rpt -verbose -f 
Execute       db_write -o D:/code/git/HLS/HLS/Tanh/solution1/.autopilot/db/exp_generic_double_s.bind.adb -f 
INFO-FLOW: Finish binding exp_generic<double>.
INFO: [HLS 200-10] ----------------------------------------------------------------
INFO: [HLS 200-42] -- Implementing module 'generic_tanh_float_s' 
INFO: [HLS 200-10] ----------------------------------------------------------------
Execute       set_default_model generic_tanh<float> 
Execute       schedule -model generic_tanh<float> 
INFO: [SCHED 204-11] Starting scheduling ...
INFO: [SCHED 204-11] Finished scheduling.
INFO: [HLS 200-111]  Elapsed time: 0.231 seconds; current allocated memory: 461.531 MB.
Execute       report -o D:/code/git/HLS/HLS/Tanh/solution1/.autopilot/db/generic_tanh_float_s.verbose.sched.rpt -verbose -f 
Execute       db_write -o D:/code/git/HLS/HLS/Tanh/solution1/.autopilot/db/generic_tanh_float_s.sched.adb -f 
INFO-FLOW: Finish scheduling generic_tanh<float>.
Execute       set_default_model generic_tanh<float> 
Execute       bind -model generic_tanh<float> 
BIND OPTION: fu_weight=[ 0.0 -- 1.0 ]
BIND OPTION: model=generic_tanh<float>
BIND OPTION: reg_weight=[ 0.0 -- 1.0 ]
INFO: [BIND 205-100] Starting micro-architecture generation ...
INFO: [BIND 205-101] Performing variable lifetime analysis.
INFO: [BIND 205-101] Exploring resource sharing.
INFO: [BIND 205-101] Binding ...
INFO: [BIND 205-100] Finished micro-architecture generation.
INFO: [HLS 200-111]  Elapsed time: 0.169 seconds; current allocated memory: 461.981 MB.
Execute       report -o D:/code/git/HLS/HLS/Tanh/solution1/.autopilot/db/generic_tanh_float_s.verbose.bind.rpt -verbose -f 
Execute       db_write -o D:/code/git/HLS/HLS/Tanh/solution1/.autopilot/db/generic_tanh_float_s.bind.adb -f 
INFO-FLOW: Finish binding generic_tanh<float>.
INFO: [HLS 200-10] ----------------------------------------------------------------
INFO: [HLS 200-42] -- Implementing module 'Tanh' 
INFO: [HLS 200-10] ----------------------------------------------------------------
Execute       set_default_model Tanh 
Execute       schedule -model Tanh 
INFO: [SCHED 204-11] Starting scheduling ...
INFO: [SCHED 204-11] Finished scheduling.
INFO: [HLS 200-111]  Elapsed time: 0.232 seconds; current allocated memory: 462.284 MB.
Execute       report -o D:/code/git/HLS/HLS/Tanh/solution1/.autopilot/db/Tanh.verbose.sched.rpt -verbose -f 
INFO: [HLS 200-434] Only 0 loops out of a total 3 loops have been pipelined in this design.
Execute       db_write -o D:/code/git/HLS/HLS/Tanh/solution1/.autopilot/db/Tanh.sched.adb -f 
INFO-FLOW: Finish scheduling Tanh.
Execute       set_default_model Tanh 
Execute       bind -model Tanh 
BIND OPTION: fu_weight=[ 0.0 -- 1.0 ]
BIND OPTION: model=Tanh
BIND OPTION: reg_weight=[ 0.0 -- 1.0 ]
INFO: [BIND 205-100] Starting micro-architecture generation ...
INFO: [BIND 205-101] Performing variable lifetime analysis.
INFO: [BIND 205-101] Exploring resource sharing.
INFO: [BIND 205-101] Binding ...
INFO: [BIND 205-100] Finished micro-architecture generation.
INFO: [HLS 200-111]  Elapsed time: 0.161 seconds; current allocated memory: 462.557 MB.
Execute       report -o D:/code/git/HLS/HLS/Tanh/solution1/.autopilot/db/Tanh.verbose.bind.rpt -verbose -f 
Execute       db_write -o D:/code/git/HLS/HLS/Tanh/solution1/.autopilot/db/Tanh.bind.adb -f 
INFO-FLOW: Finish binding Tanh.
Execute       get_model_list Tanh -filter all-wo-channel 
INFO-FLOW: Preprocessing for RTLGen ...
Execute       rtl_gen_preprocess exp_generic<double> 
Execute       rtl_gen_preprocess generic_tanh<float> 
Execute       rtl_gen_preprocess Tanh 
INFO-FLOW: Model list for RTL generation: exp_generic<double> generic_tanh<float> Tanh
INFO: [HLS 200-10] ----------------------------------------------------------------
INFO: [HLS 200-10] -- Generating RTL for module 'exp_generic_double_s' 
INFO: [HLS 200-10] ----------------------------------------------------------------
Execute       get_config_rtl -prefix 
Execute       get_config_rtl -auto_prefix 
Execute       create_rtl_model exp_generic<double> -vendor xilinx -mg_file D:/code/git/HLS/HLS/Tanh/solution1/.autopilot/db/exp_generic_double_s.compgen.tcl 
INFO: [SYN 201-210] Renamed object name 'exp_generic_double_s_table_exp_Z1_array_s' to 'exp_generic_doublbkb' due to the length limit 20
INFO: [SYN 201-210] Renamed object name 'exp_generic_double_s_table_f_Z3_array_V' to 'exp_generic_doublcud' due to the length limit 20
INFO: [SYN 201-210] Renamed object name 'exp_generic_double_s_table_f_Z2_array_V' to 'exp_generic_doubldEe' due to the length limit 20
INFO: [SYN 201-210] Renamed object name 'Tanh_mul_72ns_13s_84_2_1' to 'Tanh_mul_72ns_13seOg' due to the length limit 20
INFO: [SYN 201-210] Renamed object name 'Tanh_mac_muladd_16ns_16s_19s_31_1_1' to 'Tanh_mac_muladd_1fYi' due to the length limit 20
INFO: [RTGEN 206-100] Generating core module 'Tanh_mac_muladd_1fYi': 1 instance(s).
INFO: [RTGEN 206-100] Generating core module 'Tanh_mul_72ns_13seOg': 1 instance(s).
INFO: [RTGEN 206-100] Finished creating RTL model for 'exp_generic_double_s'.
Command       create_rtl_model done; 0.157 sec.
INFO: [HLS 200-111]  Elapsed time: 0.329 seconds; current allocated memory: 464.009 MB.
Execute       source D:/code/git/HLS/HLS/Tanh/solution1/.autopilot/db/Tanh.rtl_wrap.cfg.tcl 
Execute       gen_rtl exp_generic<double> -style xilinx -tracefl mytrace -tracefmt vcd -traceopt all -f -lang sc -o D:/code/git/HLS/HLS/Tanh/solution1/syn/systemc/exp_generic_double_s -synmodules exp_generic<double> generic_tanh<float> Tanh 
Execute       gen_rtl exp_generic<double> -style xilinx -f -lang vhdl -o D:/code/git/HLS/HLS/Tanh/solution1/syn/vhdl/exp_generic_double_s 
Execute       gen_rtl exp_generic<double> -style xilinx -f -lang vlog -o D:/code/git/HLS/HLS/Tanh/solution1/syn/verilog/exp_generic_double_s 
Execute       gen_tb_info exp_generic<double> -o D:/code/git/HLS/HLS/Tanh/solution1/.autopilot/db/exp_generic_double_s -p D:/code/git/HLS/HLS/Tanh/solution1/.autopilot/db 
Execute       report -model exp_generic<double> -o D:/code/git/HLS/HLS/Tanh/solution1/syn/report/exp_generic_double_s_csynth.rpt -f 
Execute       report -model exp_generic<double> -o D:/code/git/HLS/HLS/Tanh/solution1/syn/report/exp_generic_double_s_csynth.xml -f -x 
Execute       report -model exp_generic<double> -o D:/code/git/HLS/HLS/Tanh/solution1/.autopilot/db/exp_generic_double_s.verbose.rpt -verbose -f 
Execute       db_write -model exp_generic<double> -o D:/code/git/HLS/HLS/Tanh/solution1/.autopilot/db/exp_generic_double_s.adb -f 
INFO: [HLS 200-10] ----------------------------------------------------------------
INFO: [HLS 200-10] -- Generating RTL for module 'generic_tanh_float_s' 
INFO: [HLS 200-10] ----------------------------------------------------------------
Execute       get_config_rtl -prefix 
Execute       get_config_rtl -auto_prefix 
Execute       create_rtl_model generic_tanh<float> -vendor xilinx -mg_file D:/code/git/HLS/HLS/Tanh/solution1/.autopilot/db/generic_tanh_float_s.compgen.tcl 
INFO: [SYN 201-210] Renamed object name 'Tanh_faddfsub_32ns_32ns_32_4_full_dsp_1' to 'Tanh_faddfsub_32ng8j' due to the length limit 20
INFO: [SYN 201-210] Renamed object name 'Tanh_fmul_32ns_32ns_32_3_max_dsp_1' to 'Tanh_fmul_32ns_32hbi' due to the length limit 20
INFO: [SYN 201-210] Renamed object name 'Tanh_fdiv_32ns_32ns_32_12_1' to 'Tanh_fdiv_32ns_32ibs' due to the length limit 20
INFO: [SYN 201-210] Renamed object name 'Tanh_fptrunc_64ns_32_1_1' to 'Tanh_fptrunc_64nsjbC' due to the length limit 20
INFO: [SYN 201-210] Renamed object name 'Tanh_fpext_32ns_64_1_1' to 'Tanh_fpext_32ns_6kbM' due to the length limit 20
INFO: [SYN 201-210] Renamed object name 'Tanh_fcmp_32ns_32ns_1_1_1' to 'Tanh_fcmp_32ns_32lbW' due to the length limit 20
INFO: [SYN 201-210] Renamed object name 'Tanh_dadd_64ns_64ns_64_5_full_dsp_1' to 'Tanh_dadd_64ns_64mb6' due to the length limit 20
INFO: [RTGEN 206-100] Generating core module 'Tanh_dadd_64ns_64mb6': 1 instance(s).
INFO: [RTGEN 206-100] Generating core module 'Tanh_faddfsub_32ng8j': 1 instance(s).
INFO: [RTGEN 206-100] Generating core module 'Tanh_fcmp_32ns_32lbW': 1 instance(s).
INFO: [RTGEN 206-100] Generating core module 'Tanh_fdiv_32ns_32ibs': 1 instance(s).
INFO: [RTGEN 206-100] Generating core module 'Tanh_fmul_32ns_32hbi': 1 instance(s).
INFO: [RTGEN 206-100] Generating core module 'Tanh_fpext_32ns_6kbM': 1 instance(s).
INFO: [RTGEN 206-100] Generating core module 'Tanh_fptrunc_64nsjbC': 1 instance(s).
INFO: [RTGEN 206-100] Finished creating RTL model for 'generic_tanh_float_s'.
Command       create_rtl_model done; 0.258 sec.
INFO: [HLS 200-111]  Elapsed time: 0.595 seconds; current allocated memory: 465.438 MB.
Execute       source D:/code/git/HLS/HLS/Tanh/solution1/.autopilot/db/Tanh.rtl_wrap.cfg.tcl 
Execute       gen_rtl generic_tanh<float> -style xilinx -tracefl mytrace -tracefmt vcd -traceopt all -f -lang sc -o D:/code/git/HLS/HLS/Tanh/solution1/syn/systemc/generic_tanh_float_s -synmodules exp_generic<double> generic_tanh<float> Tanh 
Execute       gen_rtl generic_tanh<float> -style xilinx -f -lang vhdl -o D:/code/git/HLS/HLS/Tanh/solution1/syn/vhdl/generic_tanh_float_s 
Execute       gen_rtl generic_tanh<float> -style xilinx -f -lang vlog -o D:/code/git/HLS/HLS/Tanh/solution1/syn/verilog/generic_tanh_float_s 
Execute       gen_tb_info generic_tanh<float> -o D:/code/git/HLS/HLS/Tanh/solution1/.autopilot/db/generic_tanh_float_s -p D:/code/git/HLS/HLS/Tanh/solution1/.autopilot/db 
Execute       report -model generic_tanh<float> -o D:/code/git/HLS/HLS/Tanh/solution1/syn/report/generic_tanh_float_s_csynth.rpt -f 
Execute       report -model generic_tanh<float> -o D:/code/git/HLS/HLS/Tanh/solution1/syn/report/generic_tanh_float_s_csynth.xml -f -x 
Execute       report -model generic_tanh<float> -o D:/code/git/HLS/HLS/Tanh/solution1/.autopilot/db/generic_tanh_float_s.verbose.rpt -verbose -f 
Command       report done; 0.104 sec.
Execute       db_write -model generic_tanh<float> -o D:/code/git/HLS/HLS/Tanh/solution1/.autopilot/db/generic_tanh_float_s.adb -f 
INFO: [HLS 200-10] ----------------------------------------------------------------
INFO: [HLS 200-10] -- Generating RTL for module 'Tanh' 
INFO: [HLS 200-10] ----------------------------------------------------------------
Execute       get_config_rtl -prefix 
Execute       get_config_rtl -auto_prefix 
Execute       create_rtl_model Tanh -vendor xilinx -mg_file D:/code/git/HLS/HLS/Tanh/solution1/.autopilot/db/Tanh.compgen.tcl 
INFO: [RTGEN 206-500] Setting interface mode on port 'Tanh/gmem' to 'm_axi'.
INFO: [RTGEN 206-500] Setting interface mode on port 'Tanh/channel_V' to 's_axilite & ap_none'.
INFO: [RTGEN 206-500] Setting interface mode on port 'Tanh/height_V' to 's_axilite & ap_none'.
INFO: [RTGEN 206-500] Setting interface mode on port 'Tanh/width_V' to 's_axilite & ap_none'.
INFO: [RTGEN 206-500] Setting interface mode on port 'Tanh/in_data' to 's_axilite & ap_none'.
INFO: [RTGEN 206-500] Setting interface mode on port 'Tanh/out_data' to 's_axilite & ap_none'.
INFO: [RTGEN 206-500] Setting interface mode on function 'Tanh' to 's_axilite & ap_ctrl_hs'.
INFO: [RTGEN 206-100] Bundling port 'return', 'channel_V', 'width_V', 'in_data' and 'out_data' to AXI-Lite port AXILiteS.
INFO: [SYN 201-210] Renamed object name 'Tanh_mul_mul_12ns_24ns_32_1_1' to 'Tanh_mul_mul_12nsncg' due to the length limit 20
INFO: [RTGEN 206-100] Generating core module 'Tanh_mul_mul_12nsncg': 1 instance(s).
INFO: [RTGEN 206-100] Finished creating RTL model for 'Tanh'.
Command       create_rtl_model done; 0.206 sec.
INFO: [HLS 200-111]  Elapsed time: 0.5 seconds; current allocated memory: 466.431 MB.
Execute       source D:/code/git/HLS/HLS/Tanh/solution1/.autopilot/db/Tanh.rtl_wrap.cfg.tcl 
Execute       gen_rtl Tanh -istop -style xilinx -tracefl mytrace -tracefmt vcd -traceopt all -f -lang sc -o D:/code/git/HLS/HLS/Tanh/solution1/syn/systemc/Tanh -synmodules exp_generic<double> generic_tanh<float> Tanh 
Execute       gen_rtl Tanh -istop -style xilinx -f -lang vhdl -o D:/code/git/HLS/HLS/Tanh/solution1/syn/vhdl/Tanh 
Execute       gen_rtl Tanh -istop -style xilinx -f -lang vlog -o D:/code/git/HLS/HLS/Tanh/solution1/syn/verilog/Tanh 
Execute       export_constraint_db -o D:/code/git/HLS/HLS/Tanh/solution1/.autopilot/db/Tanh.constraint.tcl -f -tool general 
Execute       report -model Tanh -o D:/code/git/HLS/HLS/Tanh/solution1/.autopilot/db/Tanh.design.xml -verbose -f -dv 
Execute       report -model Tanh -o D:/code/git/HLS/HLS/Tanh/solution1/.autopilot/db/Tanh.sdaccel.xml -verbose -f -sdaccel 
Execute       gen_tb_info Tanh -o D:/code/git/HLS/HLS/Tanh/solution1/.autopilot/db/Tanh -p D:/code/git/HLS/HLS/Tanh/solution1/.autopilot/db 
Execute       report -model Tanh -o D:/code/git/HLS/HLS/Tanh/solution1/syn/report/Tanh_csynth.rpt -f 
Execute       report -model Tanh -o D:/code/git/HLS/HLS/Tanh/solution1/syn/report/Tanh_csynth.xml -f -x 
Execute       report -model Tanh -o D:/code/git/HLS/HLS/Tanh/solution1/.autopilot/db/Tanh.verbose.rpt -verbose -f 
Execute       db_write -model Tanh -o D:/code/git/HLS/HLS/Tanh/solution1/.autopilot/db/Tanh.adb -f 
Execute       sc_get_clocks Tanh 
Execute       get_config_export -vivado_clock 
Execute       sc_get_portdomain Tanh 
INFO-FLOW: Model list for RTL component generation: exp_generic<double> generic_tanh<float> Tanh
INFO-FLOW: Handling components in module [exp_generic_double_s] ... 
Execute       source D:/code/git/HLS/HLS/Tanh/solution1/.autopilot/db/exp_generic_double_s.compgen.tcl 
INFO-FLOW: Found component Tanh_mul_72ns_13seOg.
INFO-FLOW: Append model Tanh_mul_72ns_13seOg
INFO-FLOW: Found component Tanh_mac_muladd_1fYi.
INFO-FLOW: Append model Tanh_mac_muladd_1fYi
INFO-FLOW: Found component exp_generic_doublbkb.
INFO-FLOW: Append model exp_generic_doublbkb
INFO-FLOW: Found component exp_generic_doublcud.
INFO-FLOW: Append model exp_generic_doublcud
INFO-FLOW: Found component exp_generic_doubldEe.
INFO-FLOW: Append model exp_generic_doubldEe
INFO-FLOW: Handling components in module [generic_tanh_float_s] ... 
Execute       source D:/code/git/HLS/HLS/Tanh/solution1/.autopilot/db/generic_tanh_float_s.compgen.tcl 
INFO-FLOW: Found component Tanh_faddfsub_32ng8j.
INFO-FLOW: Append model Tanh_faddfsub_32ng8j
INFO-FLOW: Found component Tanh_fmul_32ns_32hbi.
INFO-FLOW: Append model Tanh_fmul_32ns_32hbi
INFO-FLOW: Found component Tanh_fdiv_32ns_32ibs.
INFO-FLOW: Append model Tanh_fdiv_32ns_32ibs
INFO-FLOW: Found component Tanh_fptrunc_64nsjbC.
INFO-FLOW: Append model Tanh_fptrunc_64nsjbC
INFO-FLOW: Found component Tanh_fpext_32ns_6kbM.
INFO-FLOW: Append model Tanh_fpext_32ns_6kbM
INFO-FLOW: Found component Tanh_fcmp_32ns_32lbW.
INFO-FLOW: Append model Tanh_fcmp_32ns_32lbW
INFO-FLOW: Found component Tanh_dadd_64ns_64mb6.
INFO-FLOW: Append model Tanh_dadd_64ns_64mb6
INFO-FLOW: Handling components in module [Tanh] ... 
Execute       source D:/code/git/HLS/HLS/Tanh/solution1/.autopilot/db/Tanh.compgen.tcl 
INFO-FLOW: Found component Tanh_mul_mul_12nsncg.
INFO-FLOW: Append model Tanh_mul_mul_12nsncg
INFO-FLOW: Found component Tanh_AXILiteS_s_axi.
INFO-FLOW: Append model Tanh_AXILiteS_s_axi
INFO-FLOW: Found component Tanh_gmem_m_axi.
INFO-FLOW: Append model Tanh_gmem_m_axi
INFO-FLOW: Append model exp_generic_double_s
INFO-FLOW: Append model generic_tanh_float_s
INFO-FLOW: Append model Tanh
INFO-FLOW: Generating RTL model list ...
INFO-FLOW: All models in this session: Tanh_mul_72ns_13seOg Tanh_mac_muladd_1fYi exp_generic_doublbkb exp_generic_doublcud exp_generic_doubldEe Tanh_faddfsub_32ng8j Tanh_fmul_32ns_32hbi Tanh_fdiv_32ns_32ibs Tanh_fptrunc_64nsjbC Tanh_fpext_32ns_6kbM Tanh_fcmp_32ns_32lbW Tanh_dadd_64ns_64mb6 Tanh_mul_mul_12nsncg Tanh_AXILiteS_s_axi Tanh_gmem_m_axi exp_generic_double_s generic_tanh_float_s Tanh
INFO-FLOW: To file: write model Tanh_mul_72ns_13seOg
INFO-FLOW: To file: write model Tanh_mac_muladd_1fYi
INFO-FLOW: To file: write model exp_generic_doublbkb
INFO-FLOW: To file: write model exp_generic_doublcud
INFO-FLOW: To file: write model exp_generic_doubldEe
INFO-FLOW: To file: write model Tanh_faddfsub_32ng8j
INFO-FLOW: To file: write model Tanh_fmul_32ns_32hbi
INFO-FLOW: To file: write model Tanh_fdiv_32ns_32ibs
INFO-FLOW: To file: write model Tanh_fptrunc_64nsjbC
INFO-FLOW: To file: write model Tanh_fpext_32ns_6kbM
INFO-FLOW: To file: write model Tanh_fcmp_32ns_32lbW
INFO-FLOW: To file: write model Tanh_dadd_64ns_64mb6
INFO-FLOW: To file: write model Tanh_mul_mul_12nsncg
INFO-FLOW: To file: write model Tanh_AXILiteS_s_axi
INFO-FLOW: To file: write model Tanh_gmem_m_axi
INFO-FLOW: To file: write model exp_generic_double_s
INFO-FLOW: To file: write model generic_tanh_float_s
INFO-FLOW: To file: write model Tanh
INFO-FLOW: Finished generating RTL model list.


INFO-FLOW: RTL Generation done.
INFO-FLOW: CAS Generation done.
INFO-FLOW: CBC Generation done.
INFO-FLOW: DBG:CMD: auto_generate_csynth_design
INFO-FLOW: DBG:CMD:     auto_generate --sim-model -phase csynth_design -d D:/code/git/HLS/HLS/Tanh/solution1
Execute       source D:/code/git/HLS/HLS/Tanh/solution1/.autopilot/db/global.setting.tcl 
INFO-FLOW: DBG:CMD: read_platform_lib D:/code/git/HLS/HLS/Tanh/solution1/.autopilot/db/global.setting.tcl
Execute       source D:/software/Xilinx/Vivado/2018.3/common/technology/generic/autopilot/common.gen 
Execute         source D:/software/Xilinx/Vivado/2018.3/common/technology/generic/autopilot/APCoreGen.gen 
Execute       source D:/software/Xilinx/Vivado/2018.3/common/technology/generic/autopilot/op.gen 
Execute       source D:/software/Xilinx/Vivado/2018.3/common/technology/generic/autopilot/op_simcore.gen 
Execute       source D:/software/Xilinx/Vivado/2018.3/common/technology/generic/autopilot/interface.gen 
Execute       source D:/code/git/HLS/HLS/Tanh/solution1/.autopilot/db/global.setting.tcl 
Execute       source D:/software/Xilinx/Vivado/2018.3/common/technology/xilinx/zynq/zynq.gen 
Execute         source D:/software/Xilinx/Vivado/2018.3/common/technology/xilinx/common/virtex.gen 
Execute           source D:/software/Xilinx/Vivado/2018.3/common/technology/xilinx/common/xilinx.gen 
Execute             source D:/software/Xilinx/Vivado/2018.3/common/technology/xilinx/interface/plb46.gen 
Execute             source D:/software/Xilinx/Vivado/2018.3/common/technology/xilinx/interface/fsl.gen 
Execute             source D:/software/Xilinx/Vivado/2018.3/common/technology/xilinx/interface/axi4.gen 
Execute             source D:/software/Xilinx/Vivado/2018.3/common/technology/xilinx/interface/nativeAXI4.gen 
Execute               source D:/software/Xilinx/Vivado/2018.3/common/technology/xilinx/interface/saxilite.gen 
Execute               source D:/software/Xilinx/Vivado/2018.3/common/technology/xilinx/interface/maxi.gen 
Execute             source D:/software/Xilinx/Vivado/2018.3/common/technology/xilinx/scripts/xilinxcoregen.gen 
Execute             source D:/software/Xilinx/Vivado/2018.3/common/technology/xilinx/interface/XilEDKCoreGen.gen 
Execute             source D:/software/Xilinx/Vivado/2018.3/common/technology/xilinx/ip/dds_compiler.gen 
Execute             source D:/software/Xilinx/Vivado/2018.3/common/technology/xilinx/ip/util.gen 
Execute             source D:/software/Xilinx/Vivado/2018.3/common/technology/xilinx/ip/xfft.gen 
Execute             source D:/software/Xilinx/Vivado/2018.3/common/technology/xilinx/ip/xfir.gen 
Execute           source D:/software/Xilinx/Vivado/2018.3/common/technology/xilinx/common/dsp48.gen 
Execute       source D:/software/Xilinx/Vivado/2018.3/common/technology/xilinx/zynq/zynq_fpv6.gen 
Execute         source D:/software/Xilinx/Vivado/2018.3/common/technology/xilinx/common/xilinx_fpv6.gen 
INFO-FLOW: DBG:CMD:   using AESL_AUTOCG::g_clock_period=10.000 (was NA)
INFO-FLOW: DBG:CMD:       generate_ip_cores sim=1 export=0 expOnly=0 dstVlogDir=syn/verilog
Execute       source D:/code/git/HLS/HLS/Tanh/solution1/.autopilot/db/global.setting.tcl 
Execute       source D:/code/git/HLS/HLS/Tanh/solution1/.autopilot/db/global.setting.tcl 
Execute       source D:/code/git/HLS/HLS/Tanh/solution1/.autopilot/db/global.setting.tcl 
Execute       source D:/code/git/HLS/HLS/Tanh/solution1/.autopilot/db/exp_generic_double_s.compgen.tcl 
INFO: [RTMG 210-282] Generating pipelined core: 'Tanh_mul_72ns_13seOg_MulnS_0'
INFO: [RTMG 210-279] Implementing memory 'exp_generic_doublbkb_rom' using auto ROMs.
INFO: [RTMG 210-279] Implementing memory 'exp_generic_doublcud_rom' using auto ROMs.
INFO: [RTMG 210-279] Implementing memory 'exp_generic_doubldEe_rom' using auto ROMs.
Command       ap_source done; 0.124 sec.
Execute       source D:/code/git/HLS/HLS/Tanh/solution1/.autopilot/db/generic_tanh_float_s.compgen.tcl 
Command       ap_source done; 0.209 sec.
Execute       source D:/code/git/HLS/HLS/Tanh/solution1/.autopilot/db/Tanh.compgen.tcl 
Execute         source ./AXILiteS.slave.tcl 
Execute         is_m_axi_addr64 
INFO-FLOW: DBG:CMD:     auto_generate -export -impltomg_flag -rtl both -tool Vivado -pcore_version 1.00.a -phase csynth_design -d D:/code/git/HLS/HLS/Tanh/solution1
Execute       source D:/code/git/HLS/HLS/Tanh/solution1/.autopilot/db/global.setting.tcl 
INFO-FLOW: DBG:CMD: read_platform_lib D:/code/git/HLS/HLS/Tanh/solution1/.autopilot/db/global.setting.tcl
Execute       source D:/software/Xilinx/Vivado/2018.3/common/technology/generic/autopilot/common.gen 
Execute         source D:/software/Xilinx/Vivado/2018.3/common/technology/generic/autopilot/APCoreGen.gen 
Execute       source D:/software/Xilinx/Vivado/2018.3/common/technology/generic/autopilot/op.gen 
Execute       source D:/software/Xilinx/Vivado/2018.3/common/technology/generic/autopilot/op_simcore.gen 
Execute       source D:/software/Xilinx/Vivado/2018.3/common/technology/generic/autopilot/interface.gen 
Execute       source D:/code/git/HLS/HLS/Tanh/solution1/.autopilot/db/global.setting.tcl 
Execute       source D:/software/Xilinx/Vivado/2018.3/common/technology/xilinx/zynq/zynq.gen 
Execute         source D:/software/Xilinx/Vivado/2018.3/common/technology/xilinx/common/virtex.gen 
Execute           source D:/software/Xilinx/Vivado/2018.3/common/technology/xilinx/common/xilinx.gen 
Execute             source D:/software/Xilinx/Vivado/2018.3/common/technology/xilinx/interface/plb46.gen 
Execute             source D:/software/Xilinx/Vivado/2018.3/common/technology/xilinx/interface/fsl.gen 
Execute             source D:/software/Xilinx/Vivado/2018.3/common/technology/xilinx/interface/axi4.gen 
Execute             source D:/software/Xilinx/Vivado/2018.3/common/technology/xilinx/interface/nativeAXI4.gen 
Execute               source D:/software/Xilinx/Vivado/2018.3/common/technology/xilinx/interface/saxilite.gen 
Execute               source D:/software/Xilinx/Vivado/2018.3/common/technology/xilinx/interface/maxi.gen 
Execute             source D:/software/Xilinx/Vivado/2018.3/common/technology/xilinx/scripts/xilinxcoregen.gen 
Execute             source D:/software/Xilinx/Vivado/2018.3/common/technology/xilinx/interface/XilEDKCoreGen.gen 
Execute             source D:/software/Xilinx/Vivado/2018.3/common/technology/xilinx/ip/dds_compiler.gen 
Execute             source D:/software/Xilinx/Vivado/2018.3/common/technology/xilinx/ip/util.gen 
Execute             source D:/software/Xilinx/Vivado/2018.3/common/technology/xilinx/ip/xfft.gen 
Execute             source D:/software/Xilinx/Vivado/2018.3/common/technology/xilinx/ip/xfir.gen 
Execute           source D:/software/Xilinx/Vivado/2018.3/common/technology/xilinx/common/dsp48.gen 
Execute       source D:/software/Xilinx/Vivado/2018.3/common/technology/xilinx/zynq/zynq_fpv6.gen 
Execute         source D:/software/Xilinx/Vivado/2018.3/common/technology/xilinx/common/xilinx_fpv6.gen 
INFO-FLOW: DBG:CMD:       initCTypeInfo top_module=Tanh xml_exists=0
Execute       source D:/code/git/HLS/HLS/Tanh/solution1/.autopilot/db/Tanh.rtl_wrap.cfg.tcl 
Execute       source D:/code/git/HLS/HLS/Tanh/solution1/.autopilot/db/Tanh.rtl_wrap.cfg.tcl 
Execute       source D:/code/git/HLS/HLS/Tanh/solution1/.autopilot/db/Tanh.rtl_wrap.cfg.tcl 
Execute       source D:/code/git/HLS/HLS/Tanh/solution1/.autopilot/db/Tanh.tbgen.tcl 
Execute       source D:/code/git/HLS/HLS/Tanh/solution1/.autopilot/db/Tanh.tbgen.tcl 
INFO-FLOW: DBG:CMD:       export_impl_rtl
INFO-FLOW: DBG:CMD:       generate_ip_cores sim=0 export=0 expOnly=0 dstVlogDir=impl/.verilog
Execute       source D:/code/git/HLS/HLS/Tanh/solution1/.autopilot/db/global.setting.tcl 
Execute       source D:/code/git/HLS/HLS/Tanh/solution1/.autopilot/db/exp_generic_double_s.compgen.tcl 
Execute       source D:/code/git/HLS/HLS/Tanh/solution1/.autopilot/db/generic_tanh_float_s.compgen.tcl 
Execute       source D:/code/git/HLS/HLS/Tanh/solution1/.autopilot/db/Tanh.compgen.tcl 
INFO-FLOW: DBG:CMD:       generate_ip_cores sim=0 export=1 expOnly=1 dstVlogDir=impl/.pcores/verilog
Execute       source D:/code/git/HLS/HLS/Tanh/solution1/.autopilot/db/global.setting.tcl 
Execute       source D:/code/git/HLS/HLS/Tanh/solution1/.autopilot/db/exp_generic_double_s.compgen.tcl 
Execute       source D:/code/git/HLS/HLS/Tanh/solution1/.autopilot/db/generic_tanh_float_s.compgen.tcl 
Execute       source D:/code/git/HLS/HLS/Tanh/solution1/.autopilot/db/Tanh.compgen.tcl 
INFO-FLOW: DBG:CMD:       generate_ip_cores sim=0 export=0 expOnly=0 dstVlogDir=impl/.pcores/verilog_sim
Execute       source D:/code/git/HLS/HLS/Tanh/solution1/.autopilot/db/global.setting.tcl 
Execute       source D:/code/git/HLS/HLS/Tanh/solution1/.autopilot/db/exp_generic_double_s.compgen.tcl 
Execute       source D:/code/git/HLS/HLS/Tanh/solution1/.autopilot/db/generic_tanh_float_s.compgen.tcl 
Execute       source D:/code/git/HLS/HLS/Tanh/solution1/.autopilot/db/Tanh.compgen.tcl 
Execute       source D:/code/git/HLS/HLS/Tanh/solution1/.autopilot/db/global.setting.tcl 
Execute       source D:/code/git/HLS/HLS/Tanh/solution1/.autopilot/db/Tanh.constraint.tcl 
Execute       source D:/code/git/HLS/HLS/Tanh/solution1/.autopilot/db/Tanh.tbgen.tcl 
INFO-FLOW: DBG:CMD:       hasPcoreIpAdapter=false #gSsdmPorts=0
INFO-FLOW: DBG:CMD: Skipping loadAnalyze_DB, #g_database=6
INFO-FLOW: DBG:CMD:       generate_json is_phase_csynth=1 g_has_adaptors=false generate_bd_files=0 #modelList=18 #gSsdmPorts=0
Execute       source D:/code/git/HLS/HLS/Tanh/solution1/.autopilot/db/global.setting.tcl 
Execute       source D:/code/git/HLS/HLS/Tanh/solution1/.autopilot/db/global.setting.tcl 
Execute       source D:/code/git/HLS/HLS/Tanh/solution1/.autopilot/db/Tanh.tbgen.tcl 
Execute       source D:/code/git/HLS/HLS/Tanh/solution1/.autopilot/db/global.setting.tcl 
Execute       get_config_sdx -target 
Execute       get_config_export -xo 
Execute       source D:/code/git/HLS/HLS/Tanh/solution1/.autopilot/db/global.setting.tcl 
Execute       source D:/code/git/HLS/HLS/Tanh/solution1/.autopilot/db/Tanh.constraint.tcl 
Execute       sc_get_clocks Tanh 
Execute       source D:/code/git/HLS/HLS/Tanh/solution1/.autopilot/db/global.setting.tcl 
Execute       source D:/code/git/HLS/HLS/Tanh/solution1/impl/misc/Tanh_ap_dadd_3_full_dsp_64_ip.tcl 
Execute       source D:/code/git/HLS/HLS/Tanh/solution1/impl/misc/Tanh_ap_faddfsub_2_full_dsp_32_ip.tcl 
Execute       source D:/code/git/HLS/HLS/Tanh/solution1/impl/misc/Tanh_ap_fcmp_0_no_dsp_32_ip.tcl 
Execute       source D:/code/git/HLS/HLS/Tanh/solution1/impl/misc/Tanh_ap_fdiv_10_no_dsp_32_ip.tcl 
Execute       source D:/code/git/HLS/HLS/Tanh/solution1/impl/misc/Tanh_ap_fmul_1_max_dsp_32_ip.tcl 
Execute       source D:/code/git/HLS/HLS/Tanh/solution1/impl/misc/Tanh_ap_fpext_0_no_dsp_32_ip.tcl 
Execute       source D:/code/git/HLS/HLS/Tanh/solution1/impl/misc/Tanh_ap_fptrunc_0_no_dsp_64_ip.tcl 
Execute       get_config_sdx -target 
Execute       get_config_sdx -profile 
Execute       ::config_rtl 
INFO-FLOW: DBG:CMD: add_json_sdx_info kernel file does not exist: D:/code/git/HLS/HLS/Tanh/solution1/.autopilot/db/kernel.internal.xml
INFO-FLOW: DBG:CMD:       delete-temp-dirs (skipped for debug)
INFO: [HLS 200-111] Finished generating all RTL models Time (s): cpu = 00:00:02 ; elapsed = 00:00:21 . Memory (MB): peak = 539.711 ; gain = 453.906
INFO: [SYSC 207-301] Generating SystemC RTL for Tanh.
INFO: [VHDL 208-304] Generating VHDL RTL for Tanh.
INFO: [VLOG 209-307] Generating Verilog RTL for Tanh.
Command     autosyn done; 5.049 sec.
Execute     get_part 
Execute     get_config_export -sdx_tcl 
Command   csynth_design done; 20.43 sec.
Command ap_source done; 20.681 sec.
Execute cleanup_all 
INFO-FLOW: Workspace D:/Common_Workbase/Darkness_PYNQ/HLS/Tanh/solution1 opened at Fri Oct 25 19:39:11 +0800 2024
Execute     config_clock -quiet -name default -period 10 -default=false 
INFO: [SYN 201-201] Setting up clock 'default' with a period of 10ns.
Execute     open_platform DefaultPlatform 
Execute     import_lib D:/Xilinx/Vivado/2018.3/common/technology/xilinx/zynq/zynq 
Execute       source D:/Xilinx/Vivado/2018.3/common/technology/xilinx/common/xilinx.lib 
Execute         source D:/Xilinx/Vivado/2018.3/common/technology/xilinx/interface/xilinx_interface.lib 
Execute           source D:/Xilinx/Vivado/2018.3/common/technology/xilinx/interface/plb46.lib 
Execute           source D:/Xilinx/Vivado/2018.3/common/technology/xilinx/interface/fsl.lib 
Execute           source D:/Xilinx/Vivado/2018.3/common/technology/xilinx/interface/axi4.lib 
Execute           source D:/Xilinx/Vivado/2018.3/common/technology/xilinx/interface/maxi.lib 
Execute           source D:/Xilinx/Vivado/2018.3/common/technology/xilinx/interface/saxilite.lib 
Execute         source D:/Xilinx/Vivado/2018.3/common/technology/xilinx/common/dsp48.lib 
Execute         source D:/Xilinx/Vivado/2018.3/common/technology/xilinx/ip/dds_compiler.lib 
Execute         source D:/Xilinx/Vivado/2018.3/common/technology/xilinx/ip/xfft.lib 
Execute         source D:/Xilinx/Vivado/2018.3/common/technology/xilinx/ip/xfir.lib 
Execute       source D:/Xilinx/Vivado/2018.3/common/technology/xilinx/common/xilinx_old.lib 
Execute       source D:/Xilinx/Vivado/2018.3/common/technology/xilinx/common/xilinx_vivado.lib 
Execute       source D:/Xilinx/Vivado/2018.3/common/technology/xilinx/common/xilinx.hlp 
Execute         source D:/Xilinx/Vivado/2018.3/common/technology/xilinx/common/target_info.tcl 
Execute         source D:/Xilinx/Vivado/2018.3/common/technology/xilinx/interface/xilinx_interface.hlp 
Execute           source D:/Xilinx/Vivado/2018.3/common/technology/xilinx/interface/maxi.hlp 
Execute           source D:/Xilinx/Vivado/2018.3/common/technology/xilinx/interface/saxilite.hlp 
Execute         source D:/Xilinx/Vivado/2018.3/common/technology/xilinx/common/dsp48.hlp 
Execute       source D:/Xilinx/Vivado/2018.3/common/technology/xilinx/zynq/dsp48e1.hlp 
Execute       get_default_platform 
Execute       config_chip_info -quiet -resource  {SLICE 13300}  {LUT 53200}     {FF 106400} {DSP48E 220}   {BRAM 280}  
Execute       config_chip_info -quiet -speed medium 
Execute       source D:/Xilinx/Vivado/2018.3/common/technology/xilinx/common/xilinx.hlp 
Execute         source D:/Xilinx/Vivado/2018.3/common/technology/xilinx/common/target_info.tcl 
Execute         source D:/Xilinx/Vivado/2018.3/common/technology/xilinx/interface/xilinx_interface.hlp 
Execute           source D:/Xilinx/Vivado/2018.3/common/technology/xilinx/interface/maxi.hlp 
Execute           source D:/Xilinx/Vivado/2018.3/common/technology/xilinx/interface/saxilite.hlp 
Execute         source D:/Xilinx/Vivado/2018.3/common/technology/xilinx/common/dsp48.hlp 
Execute     source D:/Xilinx/Vivado/2018.3/common/technology/xilinx/zynq/zynq.gen 
Execute       source D:/Xilinx/Vivado/2018.3/common/technology/xilinx/common/virtex.gen 
Execute         source D:/Xilinx/Vivado/2018.3/common/technology/xilinx/common/xilinx.gen 
Execute           source D:/Xilinx/Vivado/2018.3/common/technology/xilinx/interface/plb46.gen 
Execute           source D:/Xilinx/Vivado/2018.3/common/technology/xilinx/interface/fsl.gen 
Execute           source D:/Xilinx/Vivado/2018.3/common/technology/xilinx/interface/axi4.gen 
Execute           source D:/Xilinx/Vivado/2018.3/common/technology/xilinx/interface/nativeAXI4.gen 
Execute             source D:/Xilinx/Vivado/2018.3/common/technology/xilinx/interface/saxilite.gen 
Execute             source D:/Xilinx/Vivado/2018.3/common/technology/xilinx/interface/maxi.gen 
Execute           source D:/Xilinx/Vivado/2018.3/common/technology/xilinx/scripts/xilinxcoregen.gen 
Execute           source D:/Xilinx/Vivado/2018.3/common/technology/xilinx/interface/XilEDKCoreGen.gen 
Execute           source D:/Xilinx/Vivado/2018.3/common/technology/xilinx/ip/dds_compiler.gen 
Execute           source D:/Xilinx/Vivado/2018.3/common/technology/xilinx/ip/util.gen 
Execute           source D:/Xilinx/Vivado/2018.3/common/technology/xilinx/ip/xfft.gen 
Command           ap_source done; 0.113 sec.
Execute           source D:/Xilinx/Vivado/2018.3/common/technology/xilinx/ip/xfir.gen 
Command         ap_source done; 0.146 sec.
Execute         source D:/Xilinx/Vivado/2018.3/common/technology/xilinx/common/dsp48.gen 
Command       ap_source done; 0.149 sec.
Command     ap_source done; 0.15 sec.
Execute     open_platform DefaultPlatform 
Execute     import_lib D:/Xilinx/Vivado/2018.3/common/technology/xilinx/zynq/zynq_fpv6 
Execute       source D:/Xilinx/Vivado/2018.3/common/technology/xilinx/common/xilinx_fpv7.lib 
Execute         source D:/Xilinx/Vivado/2018.3/common/technology/xilinx/common/xilinx_hp.lib 
Execute       source D:/Xilinx/Vivado/2018.3/common/technology/xilinx/common/xilinx_fpv.hlp 
Execute         source D:/Xilinx/Vivado/2018.3/common/technology/xilinx/common/xilinx.hlp 
Execute           source D:/Xilinx/Vivado/2018.3/common/technology/xilinx/common/target_info.tcl 
Execute           source D:/Xilinx/Vivado/2018.3/common/technology/xilinx/interface/xilinx_interface.hlp 
Execute             source D:/Xilinx/Vivado/2018.3/common/technology/xilinx/interface/maxi.hlp 
Execute             source D:/Xilinx/Vivado/2018.3/common/technology/xilinx/interface/saxilite.hlp 
Execute           source D:/Xilinx/Vivado/2018.3/common/technology/xilinx/common/dsp48.hlp 
Execute       source D:/Xilinx/Vivado/2018.3/common/technology/xilinx/zynq/zynq_hp.hlp 
Execute     source D:/Xilinx/Vivado/2018.3/common/technology/xilinx/zynq/zynq_fpv6.gen 
Execute       source D:/Xilinx/Vivado/2018.3/common/technology/xilinx/common/xilinx_fpv6.gen 
Execute     set_part xc7z020clg400-2 
Execute       add_library xilinx/zynq/zynq:xc7z020:clg400:-2 
Execute         get_default_platform 
Execute         license_isbetapart xc7z020 
Command         license_isbetapart done; error code: 1; 
Execute         get_default_platform 
Execute         config_chip_info -quiet -resource  {SLICE 13300}  {LUT 53200}     {FF 106400} {DSP48E 220}   {BRAM 280}  
Execute         config_chip_info -quiet -speed medium 
Execute       add_library xilinx/zynq/zynq_fpv6 
Execute         get_default_platform 
INFO: [HLS 200-10] Setting target device to 'xc7z020clg400-2'
Execute       get_default_platform 
Execute     get_default_platform 
Execute     config_chip_info -quiet -resource  {SLICE 13300}  {LUT 53200}     {FF 106400} {DSP48E 220}   {BRAM 280}  
Execute     config_chip_info -quiet -speed medium 
Command   open_solution done; 0.292 sec.
Execute   csim_design -quiet 
Execute     source D:/Common_Workbase/Darkness_PYNQ/HLS/Tanh/solution1/.autopilot/db/global.setting.tcl 
INFO: [SIM 211-2] *************** CSIM start ***************
INFO: [SIM 211-4] CSIM will launch GCC as the compiler.
Execute     is_encrypted D:/Common_Workbase/Darkness_PYNQ/src/Tanh/main.cpp 
Execute     is_xip D:/Common_Workbase/Darkness_PYNQ/src/Tanh/main.cpp 
Execute     is_encrypted D:/Common_Workbase/Darkness_PYNQ/src/Tanh/Tanh.h 
Execute     is_xip D:/Common_Workbase/Darkness_PYNQ/src/Tanh/Tanh.h 
Execute     is_encrypted D:/Common_Workbase/Darkness_PYNQ/src/Tanh/Tanh.cpp 
Execute     is_xip D:/Common_Workbase/Darkness_PYNQ/src/Tanh/Tanh.cpp 
Execute     get_default_platform 
Execute     source run_sim.tcl 
Command     ap_source done; 0.138 sec.
INFO: [SIM 211-1] CSim done with 0 errors.
INFO: [SIM 211-3] *************** CSIM finish ***************
Command   csim_design done; 12.358 sec.
Command ap_source done; 12.675 sec.
Execute cleanup_all 
INFO-FLOW: Workspace D:/Common_Workbase/Darkness_PYNQ/HLS/Tanh/solution1 opened at Fri Oct 25 19:44:04 +0800 2024
Execute     config_clock -quiet -name default -period 10 -default=false 
INFO: [SYN 201-201] Setting up clock 'default' with a period of 10ns.
Execute     open_platform DefaultPlatform 
Execute     import_lib D:/Xilinx/Vivado/2018.3/common/technology/xilinx/zynq/zynq 
Execute       source D:/Xilinx/Vivado/2018.3/common/technology/xilinx/common/xilinx.lib 
Execute         source D:/Xilinx/Vivado/2018.3/common/technology/xilinx/interface/xilinx_interface.lib 
Execute           source D:/Xilinx/Vivado/2018.3/common/technology/xilinx/interface/plb46.lib 
Execute           source D:/Xilinx/Vivado/2018.3/common/technology/xilinx/interface/fsl.lib 
Execute           source D:/Xilinx/Vivado/2018.3/common/technology/xilinx/interface/axi4.lib 
Execute           source D:/Xilinx/Vivado/2018.3/common/technology/xilinx/interface/maxi.lib 
Execute           source D:/Xilinx/Vivado/2018.3/common/technology/xilinx/interface/saxilite.lib 
Execute         source D:/Xilinx/Vivado/2018.3/common/technology/xilinx/common/dsp48.lib 
Execute         source D:/Xilinx/Vivado/2018.3/common/technology/xilinx/ip/dds_compiler.lib 
Execute         source D:/Xilinx/Vivado/2018.3/common/technology/xilinx/ip/xfft.lib 
Execute         source D:/Xilinx/Vivado/2018.3/common/technology/xilinx/ip/xfir.lib 
Execute       source D:/Xilinx/Vivado/2018.3/common/technology/xilinx/common/xilinx_old.lib 
Execute       source D:/Xilinx/Vivado/2018.3/common/technology/xilinx/common/xilinx_vivado.lib 
Execute       source D:/Xilinx/Vivado/2018.3/common/technology/xilinx/common/xilinx.hlp 
Execute         source D:/Xilinx/Vivado/2018.3/common/technology/xilinx/common/target_info.tcl 
Execute         source D:/Xilinx/Vivado/2018.3/common/technology/xilinx/interface/xilinx_interface.hlp 
Execute           source D:/Xilinx/Vivado/2018.3/common/technology/xilinx/interface/maxi.hlp 
Execute           source D:/Xilinx/Vivado/2018.3/common/technology/xilinx/interface/saxilite.hlp 
Execute         source D:/Xilinx/Vivado/2018.3/common/technology/xilinx/common/dsp48.hlp 
Execute       source D:/Xilinx/Vivado/2018.3/common/technology/xilinx/zynq/dsp48e1.hlp 
Execute       get_default_platform 
Execute       config_chip_info -quiet -resource  {SLICE 13300}  {LUT 53200}     {FF 106400} {DSP48E 220}   {BRAM 280}  
Execute       config_chip_info -quiet -speed medium 
Execute       source D:/Xilinx/Vivado/2018.3/common/technology/xilinx/common/xilinx.hlp 
Execute         source D:/Xilinx/Vivado/2018.3/common/technology/xilinx/common/target_info.tcl 
Execute         source D:/Xilinx/Vivado/2018.3/common/technology/xilinx/interface/xilinx_interface.hlp 
Execute           source D:/Xilinx/Vivado/2018.3/common/technology/xilinx/interface/maxi.hlp 
Execute           source D:/Xilinx/Vivado/2018.3/common/technology/xilinx/interface/saxilite.hlp 
Execute         source D:/Xilinx/Vivado/2018.3/common/technology/xilinx/common/dsp48.hlp 
Execute     source D:/Xilinx/Vivado/2018.3/common/technology/xilinx/zynq/zynq.gen 
Execute       source D:/Xilinx/Vivado/2018.3/common/technology/xilinx/common/virtex.gen 
Execute         source D:/Xilinx/Vivado/2018.3/common/technology/xilinx/common/xilinx.gen 
Execute           source D:/Xilinx/Vivado/2018.3/common/technology/xilinx/interface/plb46.gen 
Execute           source D:/Xilinx/Vivado/2018.3/common/technology/xilinx/interface/fsl.gen 
Execute           source D:/Xilinx/Vivado/2018.3/common/technology/xilinx/interface/axi4.gen 
Execute           source D:/Xilinx/Vivado/2018.3/common/technology/xilinx/interface/nativeAXI4.gen 
Execute             source D:/Xilinx/Vivado/2018.3/common/technology/xilinx/interface/saxilite.gen 
Execute             source D:/Xilinx/Vivado/2018.3/common/technology/xilinx/interface/maxi.gen 
Execute           source D:/Xilinx/Vivado/2018.3/common/technology/xilinx/scripts/xilinxcoregen.gen 
Execute           source D:/Xilinx/Vivado/2018.3/common/technology/xilinx/interface/XilEDKCoreGen.gen 
Execute           source D:/Xilinx/Vivado/2018.3/common/technology/xilinx/ip/dds_compiler.gen 
Execute           source D:/Xilinx/Vivado/2018.3/common/technology/xilinx/ip/util.gen 
Execute           source D:/Xilinx/Vivado/2018.3/common/technology/xilinx/ip/xfft.gen 
Execute           source D:/Xilinx/Vivado/2018.3/common/technology/xilinx/ip/xfir.gen 
Execute         source D:/Xilinx/Vivado/2018.3/common/technology/xilinx/common/dsp48.gen 
Execute     open_platform DefaultPlatform 
Execute     import_lib D:/Xilinx/Vivado/2018.3/common/technology/xilinx/zynq/zynq_fpv6 
Execute       source D:/Xilinx/Vivado/2018.3/common/technology/xilinx/common/xilinx_fpv7.lib 
Execute         source D:/Xilinx/Vivado/2018.3/common/technology/xilinx/common/xilinx_hp.lib 
Execute       source D:/Xilinx/Vivado/2018.3/common/technology/xilinx/common/xilinx_fpv.hlp 
Execute         source D:/Xilinx/Vivado/2018.3/common/technology/xilinx/common/xilinx.hlp 
Execute           source D:/Xilinx/Vivado/2018.3/common/technology/xilinx/common/target_info.tcl 
Execute           source D:/Xilinx/Vivado/2018.3/common/technology/xilinx/interface/xilinx_interface.hlp 
Execute             source D:/Xilinx/Vivado/2018.3/common/technology/xilinx/interface/maxi.hlp 
Execute             source D:/Xilinx/Vivado/2018.3/common/technology/xilinx/interface/saxilite.hlp 
Execute           source D:/Xilinx/Vivado/2018.3/common/technology/xilinx/common/dsp48.hlp 
Execute       source D:/Xilinx/Vivado/2018.3/common/technology/xilinx/zynq/zynq_hp.hlp 
Execute     source D:/Xilinx/Vivado/2018.3/common/technology/xilinx/zynq/zynq_fpv6.gen 
Execute       source D:/Xilinx/Vivado/2018.3/common/technology/xilinx/common/xilinx_fpv6.gen 
Execute     set_part xc7z020clg400-2 
Execute       add_library xilinx/zynq/zynq:xc7z020:clg400:-2 
Execute         get_default_platform 
Execute         license_isbetapart xc7z020 
Command         license_isbetapart done; error code: 1; 
Execute         get_default_platform 
Execute         config_chip_info -quiet -resource  {SLICE 13300}  {LUT 53200}     {FF 106400} {DSP48E 220}   {BRAM 280}  
Execute         config_chip_info -quiet -speed medium 
Execute       add_library xilinx/zynq/zynq_fpv6 
Execute         get_default_platform 
INFO: [HLS 200-10] Setting target device to 'xc7z020clg400-2'
Execute       get_default_platform 
Execute     get_default_platform 
Execute     config_chip_info -quiet -resource  {SLICE 13300}  {LUT 53200}     {FF 106400} {DSP48E 220}   {BRAM 280}  
Execute     config_chip_info -quiet -speed medium 
Command   open_solution done; 0.195 sec.
Execute   csim_design -quiet 
Execute     source D:/Common_Workbase/Darkness_PYNQ/HLS/Tanh/solution1/.autopilot/db/global.setting.tcl 
INFO: [SIM 211-2] *************** CSIM start ***************
INFO: [SIM 211-4] CSIM will launch GCC as the compiler.
Execute     source csim/.lst_opt.tcl 
Execute     is_encrypted D:/Common_Workbase/Darkness_PYNQ/src/Tanh/main.cpp 
Execute     is_xip D:/Common_Workbase/Darkness_PYNQ/src/Tanh/main.cpp 
Execute     is_encrypted D:/Common_Workbase/Darkness_PYNQ/src/Tanh/Tanh.h 
Execute     is_xip D:/Common_Workbase/Darkness_PYNQ/src/Tanh/Tanh.h 
Execute     is_encrypted D:/Common_Workbase/Darkness_PYNQ/src/Tanh/Tanh.cpp 
Execute     is_xip D:/Common_Workbase/Darkness_PYNQ/src/Tanh/Tanh.cpp 
Execute     get_default_platform 
Execute     source run_sim.tcl 
Command     ap_source done; 0.139 sec.
INFO: [SIM 211-1] CSim done with 0 errors.
INFO: [SIM 211-3] *************** CSIM finish ***************
Command   csim_design done; 6.087 sec.
Command ap_source done; 6.286 sec.
Execute cleanup_all 
INFO-FLOW: Workspace D:/Common_Workbase/Darkness_PYNQ/HLS/Tanh/solution1 opened at Fri Oct 25 19:45:04 +0800 2024
Execute     config_clock -quiet -name default -period 10 -default=false 
INFO: [SYN 201-201] Setting up clock 'default' with a period of 10ns.
Execute     open_platform DefaultPlatform 
Execute     import_lib D:/Xilinx/Vivado/2018.3/common/technology/xilinx/zynq/zynq 
Execute       source D:/Xilinx/Vivado/2018.3/common/technology/xilinx/common/xilinx.lib 
Execute         source D:/Xilinx/Vivado/2018.3/common/technology/xilinx/interface/xilinx_interface.lib 
Execute           source D:/Xilinx/Vivado/2018.3/common/technology/xilinx/interface/plb46.lib 
Execute           source D:/Xilinx/Vivado/2018.3/common/technology/xilinx/interface/fsl.lib 
Execute           source D:/Xilinx/Vivado/2018.3/common/technology/xilinx/interface/axi4.lib 
Execute           source D:/Xilinx/Vivado/2018.3/common/technology/xilinx/interface/maxi.lib 
Execute           source D:/Xilinx/Vivado/2018.3/common/technology/xilinx/interface/saxilite.lib 
Execute         source D:/Xilinx/Vivado/2018.3/common/technology/xilinx/common/dsp48.lib 
Execute         source D:/Xilinx/Vivado/2018.3/common/technology/xilinx/ip/dds_compiler.lib 
Execute         source D:/Xilinx/Vivado/2018.3/common/technology/xilinx/ip/xfft.lib 
Execute         source D:/Xilinx/Vivado/2018.3/common/technology/xilinx/ip/xfir.lib 
Execute       source D:/Xilinx/Vivado/2018.3/common/technology/xilinx/common/xilinx_old.lib 
Execute       source D:/Xilinx/Vivado/2018.3/common/technology/xilinx/common/xilinx_vivado.lib 
Execute       source D:/Xilinx/Vivado/2018.3/common/technology/xilinx/common/xilinx.hlp 
Execute         source D:/Xilinx/Vivado/2018.3/common/technology/xilinx/common/target_info.tcl 
Execute         source D:/Xilinx/Vivado/2018.3/common/technology/xilinx/interface/xilinx_interface.hlp 
Execute           source D:/Xilinx/Vivado/2018.3/common/technology/xilinx/interface/maxi.hlp 
Execute           source D:/Xilinx/Vivado/2018.3/common/technology/xilinx/interface/saxilite.hlp 
Execute         source D:/Xilinx/Vivado/2018.3/common/technology/xilinx/common/dsp48.hlp 
Execute       source D:/Xilinx/Vivado/2018.3/common/technology/xilinx/zynq/dsp48e1.hlp 
Execute       get_default_platform 
Execute       config_chip_info -quiet -resource  {SLICE 13300}  {LUT 53200}     {FF 106400} {DSP48E 220}   {BRAM 280}  
Execute       config_chip_info -quiet -speed medium 
Execute       source D:/Xilinx/Vivado/2018.3/common/technology/xilinx/common/xilinx.hlp 
Execute         source D:/Xilinx/Vivado/2018.3/common/technology/xilinx/common/target_info.tcl 
Execute         source D:/Xilinx/Vivado/2018.3/common/technology/xilinx/interface/xilinx_interface.hlp 
Execute           source D:/Xilinx/Vivado/2018.3/common/technology/xilinx/interface/maxi.hlp 
Execute           source D:/Xilinx/Vivado/2018.3/common/technology/xilinx/interface/saxilite.hlp 
Execute         source D:/Xilinx/Vivado/2018.3/common/technology/xilinx/common/dsp48.hlp 
Execute     source D:/Xilinx/Vivado/2018.3/common/technology/xilinx/zynq/zynq.gen 
Execute       source D:/Xilinx/Vivado/2018.3/common/technology/xilinx/common/virtex.gen 
Execute         source D:/Xilinx/Vivado/2018.3/common/technology/xilinx/common/xilinx.gen 
Execute           source D:/Xilinx/Vivado/2018.3/common/technology/xilinx/interface/plb46.gen 
Execute           source D:/Xilinx/Vivado/2018.3/common/technology/xilinx/interface/fsl.gen 
Execute           source D:/Xilinx/Vivado/2018.3/common/technology/xilinx/interface/axi4.gen 
Execute           source D:/Xilinx/Vivado/2018.3/common/technology/xilinx/interface/nativeAXI4.gen 
Execute             source D:/Xilinx/Vivado/2018.3/common/technology/xilinx/interface/saxilite.gen 
Execute             source D:/Xilinx/Vivado/2018.3/common/technology/xilinx/interface/maxi.gen 
Execute           source D:/Xilinx/Vivado/2018.3/common/technology/xilinx/scripts/xilinxcoregen.gen 
Execute           source D:/Xilinx/Vivado/2018.3/common/technology/xilinx/interface/XilEDKCoreGen.gen 
Execute           source D:/Xilinx/Vivado/2018.3/common/technology/xilinx/ip/dds_compiler.gen 
Execute           source D:/Xilinx/Vivado/2018.3/common/technology/xilinx/ip/util.gen 
Execute           source D:/Xilinx/Vivado/2018.3/common/technology/xilinx/ip/xfft.gen 
Execute           source D:/Xilinx/Vivado/2018.3/common/technology/xilinx/ip/xfir.gen 
Command         ap_source done; 0.109 sec.
Execute         source D:/Xilinx/Vivado/2018.3/common/technology/xilinx/common/dsp48.gen 
Command       ap_source done; 0.112 sec.
Command     ap_source done; 0.112 sec.
Execute     open_platform DefaultPlatform 
Execute     import_lib D:/Xilinx/Vivado/2018.3/common/technology/xilinx/zynq/zynq_fpv6 
Execute       source D:/Xilinx/Vivado/2018.3/common/technology/xilinx/common/xilinx_fpv7.lib 
Execute         source D:/Xilinx/Vivado/2018.3/common/technology/xilinx/common/xilinx_hp.lib 
Execute       source D:/Xilinx/Vivado/2018.3/common/technology/xilinx/common/xilinx_fpv.hlp 
Execute         source D:/Xilinx/Vivado/2018.3/common/technology/xilinx/common/xilinx.hlp 
Execute           source D:/Xilinx/Vivado/2018.3/common/technology/xilinx/common/target_info.tcl 
Execute           source D:/Xilinx/Vivado/2018.3/common/technology/xilinx/interface/xilinx_interface.hlp 
Execute             source D:/Xilinx/Vivado/2018.3/common/technology/xilinx/interface/maxi.hlp 
Execute             source D:/Xilinx/Vivado/2018.3/common/technology/xilinx/interface/saxilite.hlp 
Execute           source D:/Xilinx/Vivado/2018.3/common/technology/xilinx/common/dsp48.hlp 
Execute       source D:/Xilinx/Vivado/2018.3/common/technology/xilinx/zynq/zynq_hp.hlp 
Execute     source D:/Xilinx/Vivado/2018.3/common/technology/xilinx/zynq/zynq_fpv6.gen 
Execute       source D:/Xilinx/Vivado/2018.3/common/technology/xilinx/common/xilinx_fpv6.gen 
Execute     set_part xc7z020clg400-2 
Execute       add_library xilinx/zynq/zynq:xc7z020:clg400:-2 
Execute         get_default_platform 
Execute         license_isbetapart xc7z020 
Command         license_isbetapart done; error code: 1; 
Execute         get_default_platform 
Execute         config_chip_info -quiet -resource  {SLICE 13300}  {LUT 53200}     {FF 106400} {DSP48E 220}   {BRAM 280}  
Execute         config_chip_info -quiet -speed medium 
Execute       add_library xilinx/zynq/zynq_fpv6 
Execute         get_default_platform 
INFO: [HLS 200-10] Setting target device to 'xc7z020clg400-2'
Execute       get_default_platform 
Execute     get_default_platform 
Execute     config_chip_info -quiet -resource  {SLICE 13300}  {LUT 53200}     {FF 106400} {DSP48E 220}   {BRAM 280}  
Execute     config_chip_info -quiet -speed medium 
Command   open_solution done; 0.199 sec.
Execute   csim_design -quiet 
Execute     source D:/Common_Workbase/Darkness_PYNQ/HLS/Tanh/solution1/.autopilot/db/global.setting.tcl 
INFO: [SIM 211-2] *************** CSIM start ***************
INFO: [SIM 211-4] CSIM will launch GCC as the compiler.
Execute     source csim/.lst_opt.tcl 
Execute     is_encrypted D:/Common_Workbase/Darkness_PYNQ/src/Tanh/main.cpp 
Execute     is_xip D:/Common_Workbase/Darkness_PYNQ/src/Tanh/main.cpp 
Execute     is_encrypted D:/Common_Workbase/Darkness_PYNQ/src/Tanh/Tanh.h 
Execute     is_xip D:/Common_Workbase/Darkness_PYNQ/src/Tanh/Tanh.h 
Execute     is_encrypted D:/Common_Workbase/Darkness_PYNQ/src/Tanh/Tanh.cpp 
Execute     is_xip D:/Common_Workbase/Darkness_PYNQ/src/Tanh/Tanh.cpp 
Execute     get_default_platform 
Execute     source run_sim.tcl 
Command     ap_source done; 0.124 sec.
INFO: [SIM 211-1] CSim done with 0 errors.
INFO: [SIM 211-3] *************** CSIM finish ***************
Command   csim_design done; 5.719 sec.
Command ap_source done; 5.927 sec.
Execute cleanup_all 
