

================================================================
== Vivado HLS Report for 'Tanh'
================================================================
* Date:           Fri Oct 25 16:26:13 2024

* Version:        2018.3 (Build 2405991 on Thu Dec 06 23:56:15 MST 2018)
* Project:        Tanh
* Solution:       solution1
* Product family: zynq
* Target device:  xc7z020clg400-2


================================================================
== Performance Estimates
================================================================
+ Timing (ns): 
    * Summary: 
    +--------+-------+----------+------------+
    |  Clock | Target| Estimated| Uncertainty|
    +--------+-------+----------+------------+
    |ap_clk  |  10.00|     9.164|        1.25|
    +--------+-------+----------+------------+

+ Latency (clock cycles): 
    * Summary: 
    +-----+---------------+-----+---------------+---------+
    |       Latency       |       Interval      | Pipeline|
    | min |      max      | min |      max      |   Type  |
    +-----+---------------+-----+---------------+---------+
    |    1|  3708302196691|    1|  3708302196691|   none  |
    +-----+---------------+-----+---------------+---------+

    + Detail: 
        * Instance: 
        N/A

        * Loop: 
        +-----------------+-----+---------------+---------------+-----------+-----------+----------+----------+
        |                 |       Latency       |   Iteration   |  Initiation Interval  |   Trip   |          |
        |    Loop Name    | min |      max      |    Latency    |  achieved |   target  |   Count  | Pipelined|
        +-----------------+-----+---------------+---------------+-----------+-----------+----------+----------+
        |- Loop 1         |    0|  3708302196690| 2 ~ 905568302 |          -|          -| 0 ~ 4095 |    no    |
        | + Loop 1.1      |    0|      905568300|  10 ~ 221140  |          -|          -| 0 ~ 4095 |    no    |
        |  ++ Loop 1.1.1  |    0|         221130|    10 ~ 54    |          -|          -| 0 ~ 4095 |    no    |
        +-----------------+-----+---------------+---------------+-----------+-----------+----------+----------+

============================================================
+ Verbose Summary: Synthesis Manager
============================================================
InlineROM: 1
ExposeGlobal: 0
============================================================
+ Verbose Summary: CDFG Model
============================================================
IsTopModel: 1
ResetActiveHigh: 1
IsCombinational: 0
IsDatapathOnly: 0
HasWiredReturn: 1
HasMFsm: 0
HasVarLatency: 1
IsPipeline: 0
IsRtlPipelined: 0
IsInstanceOverlapped: 0
IsDontTouch: 0
HasImplIP: 0
IsGatedGlobalClock: 0


============================================================
+ Verbose Summary: Schedule
============================================================
* Number of FSM states : 20
* Pipeline : 0
* Dataflow Pipeline: 0

* FSM state transitions: 
1 --> 
	2  / true
2 --> 
	3  / (!exitcond2)
3 --> 
	4  / (!exitcond1)
	2  / (exitcond1)
4 --> 
	5  / true
5 --> 
	6  / true
6 --> 
	7  / true
7 --> 
	8  / true
8 --> 
	9  / true
9 --> 
	10  / true
10 --> 
	11  / true
11 --> 
	12  / true
12 --> 
	13  / (!exitcond)
	3  / (exitcond)
13 --> 
	14  / true
14 --> 
	15  / true
15 --> 
	16  / true
16 --> 
	17  / true
17 --> 
	18  / true
18 --> 
	19  / true
19 --> 
	20  / true
20 --> 
	12  / true

* FSM state operations: 

State 1 <SV = 0> <Delay = 1.00>
ST_1 : Operation 21 [1/1] (1.00ns)   --->   "%out_data_read = call i32 @_ssdm_op_Read.s_axilite.i32(i32 %out_data)"   --->   Operation 21 'read' 'out_data_read' <Predicate = true> <Delay = 1.00> <Core = "s_axilite">   --->   Core 10 's_axilite' <Latency = 0> <II = 1> <Delay = 1.00> <Adapter> <Opcode : 'read' 'write'>
ST_1 : Operation 22 [1/1] (1.00ns)   --->   "%in_data_read = call i32 @_ssdm_op_Read.s_axilite.i32(i32 %in_data)"   --->   Operation 22 'read' 'in_data_read' <Predicate = true> <Delay = 1.00> <Core = "s_axilite">   --->   Core 10 's_axilite' <Latency = 0> <II = 1> <Delay = 1.00> <Adapter> <Opcode : 'read' 'write'>
ST_1 : Operation 23 [1/1] (1.00ns)   --->   "%width_V_read = call i12 @_ssdm_op_Read.s_axilite.i12(i12 %width_V)"   --->   Operation 23 'read' 'width_V_read' <Predicate = true> <Delay = 1.00> <Core = "s_axilite">   --->   Core 10 's_axilite' <Latency = 0> <II = 1> <Delay = 1.00> <Adapter> <Opcode : 'read' 'write'>
ST_1 : Operation 24 [1/1] (1.00ns)   --->   "%height_V_read = call i12 @_ssdm_op_Read.s_axilite.i12(i12 %height_V)"   --->   Operation 24 'read' 'height_V_read' <Predicate = true> <Delay = 1.00> <Core = "s_axilite">   --->   Core 10 's_axilite' <Latency = 0> <II = 1> <Delay = 1.00> <Adapter> <Opcode : 'read' 'write'>
ST_1 : Operation 25 [1/1] (1.00ns)   --->   "%channel_V_read = call i12 @_ssdm_op_Read.s_axilite.i12(i12 %channel_V)"   --->   Operation 25 'read' 'channel_V_read' <Predicate = true> <Delay = 1.00> <Core = "s_axilite">   --->   Core 10 's_axilite' <Latency = 0> <II = 1> <Delay = 1.00> <Adapter> <Opcode : 'read' 'write'>
ST_1 : Operation 26 [1/1] (0.00ns)   --->   "%tmp_49 = call i30 @_ssdm_op_PartSelect.i30.i32.i32.i32(i32 %out_data_read, i32 2, i32 31)"   --->   Operation 26 'partselect' 'tmp_49' <Predicate = true> <Delay = 0.00>
ST_1 : Operation 27 [1/1] (0.00ns)   --->   "%tmp_14_cast = zext i30 %tmp_49 to i33"   --->   Operation 27 'zext' 'tmp_14_cast' <Predicate = true> <Delay = 0.00>
ST_1 : Operation 28 [1/1] (0.00ns)   --->   "%tmp_50 = call i30 @_ssdm_op_PartSelect.i30.i32.i32.i32(i32 %in_data_read, i32 2, i32 31)"   --->   Operation 28 'partselect' 'tmp_50' <Predicate = true> <Delay = 0.00>
ST_1 : Operation 29 [1/1] (0.00ns)   --->   "%tmp_15_cast = zext i30 %tmp_50 to i33"   --->   Operation 29 'zext' 'tmp_15_cast' <Predicate = true> <Delay = 0.00>
ST_1 : Operation 30 [1/1] (0.00ns)   --->   "call void (...)* @_ssdm_op_SpecBitsMap(float* %gmem), !map !65"   --->   Operation 30 'specbitsmap' <Predicate = true> <Delay = 0.00>
ST_1 : Operation 31 [1/1] (0.00ns)   --->   "call void (...)* @_ssdm_op_SpecBitsMap(i12 %channel_V), !map !70"   --->   Operation 31 'specbitsmap' <Predicate = true> <Delay = 0.00>
ST_1 : Operation 32 [1/1] (0.00ns)   --->   "call void (...)* @_ssdm_op_SpecBitsMap(i12 %height_V), !map !76"   --->   Operation 32 'specbitsmap' <Predicate = true> <Delay = 0.00>
ST_1 : Operation 33 [1/1] (0.00ns)   --->   "call void (...)* @_ssdm_op_SpecBitsMap(i12 %width_V), !map !80"   --->   Operation 33 'specbitsmap' <Predicate = true> <Delay = 0.00>
ST_1 : Operation 34 [1/1] (0.00ns)   --->   "call void (...)* @_ssdm_op_SpecTopModule([5 x i8]* @Tanh_str) nounwind"   --->   Operation 34 'spectopmodule' <Predicate = true> <Delay = 0.00>
ST_1 : Operation 35 [1/1] (0.00ns)   --->   "call void (...)* @_ssdm_op_SpecInterface(float* %gmem, [6 x i8]* @p_str, i32 0, i32 0, [1 x i8]* @p_str1, i32 0, i64 4294967295, [5 x i8]* @p_str2, [6 x i8]* @p_str3, [1 x i8]* @p_str1, i32 16, i32 16, i32 16, i32 16, [1 x i8]* @p_str1, [1 x i8]* @p_str1) nounwind" [../src/Tanh/Tanh.cpp:10]   --->   Operation 35 'specinterface' <Predicate = true> <Delay = 0.00>
ST_1 : Operation 36 [1/1] (0.00ns)   --->   "call void (...)* @_ssdm_op_SpecInterface(i32 %in_data, [10 x i8]* @mode, i32 0, i32 0, [1 x i8]* @p_str1, i32 0, i64 4294967295, [1 x i8]* @bundle, [6 x i8]* @p_str3, [1 x i8]* @p_str1, i32 16, i32 16, i32 16, i32 16, [1 x i8]* @p_str1, [1 x i8]* @p_str1) nounwind" [../src/Tanh/Tanh.cpp:10]   --->   Operation 36 'specinterface' <Predicate = true> <Delay = 0.00>
ST_1 : Operation 37 [1/1] (0.00ns)   --->   "call void (...)* @_ssdm_op_SpecInterface(i32 %out_data, [10 x i8]* @mode1, i32 0, i32 0, [1 x i8]* @p_str1, i32 0, i64 4294967295, [1 x i8]* @bundle2, [6 x i8]* @p_str3, [1 x i8]* @p_str1, i32 16, i32 16, i32 16, i32 16, [1 x i8]* @p_str1, [1 x i8]* @p_str1) nounwind" [../src/Tanh/Tanh.cpp:11]   --->   Operation 37 'specinterface' <Predicate = true> <Delay = 0.00>
ST_1 : Operation 38 [1/1] (0.00ns)   --->   "call void (...)* @_ssdm_op_SpecInterface(i12 %width_V, [10 x i8]* @p_str4, i32 0, i32 0, [1 x i8]* @p_str1, i32 0, i32 0, [1 x i8]* @p_str1, [1 x i8]* @p_str1, [1 x i8]* @p_str1, i32 0, i32 0, i32 0, i32 0, [1 x i8]* @p_str1, [1 x i8]* @p_str1) nounwind" [../src/Tanh/Tanh.cpp:12]   --->   Operation 38 'specinterface' <Predicate = true> <Delay = 0.00>
ST_1 : Operation 39 [1/1] (0.00ns)   --->   "call void (...)* @_ssdm_op_SpecInterface(i12 %height_V, [10 x i8]* @p_str4, i32 0, i32 0, [1 x i8]* @p_str1, i32 0, i32 0, [1 x i8]* @p_str1, [1 x i8]* @p_str1, [1 x i8]* @p_str1, i32 0, i32 0, i32 0, i32 0, [1 x i8]* @p_str1, [1 x i8]* @p_str1) nounwind" [../src/Tanh/Tanh.cpp:13]   --->   Operation 39 'specinterface' <Predicate = true> <Delay = 0.00>
ST_1 : Operation 40 [1/1] (0.00ns)   --->   "call void (...)* @_ssdm_op_SpecInterface(i12 %channel_V, [10 x i8]* @p_str4, i32 0, i32 0, [1 x i8]* @p_str1, i32 0, i32 0, [1 x i8]* @p_str1, [1 x i8]* @p_str1, [1 x i8]* @p_str1, i32 0, i32 0, i32 0, i32 0, [1 x i8]* @p_str1, [1 x i8]* @p_str1) nounwind" [../src/Tanh/Tanh.cpp:14]   --->   Operation 40 'specinterface' <Predicate = true> <Delay = 0.00>
ST_1 : Operation 41 [1/1] (0.00ns)   --->   "call void (...)* @_ssdm_op_SpecInterface(i32 0, [10 x i8]* @p_str4, i32 0, i32 0, [1 x i8]* @p_str1, i32 0, i32 0, [1 x i8]* @p_str1, [1 x i8]* @p_str1, [1 x i8]* @p_str1, i32 0, i32 0, i32 0, i32 0, [1 x i8]* @p_str1, [1 x i8]* @p_str1) nounwind" [../src/Tanh/Tanh.cpp:15]   --->   Operation 41 'specinterface' <Predicate = true> <Delay = 0.00>
ST_1 : Operation 42 [1/1] (0.00ns)   --->   "%tmp_3 = zext i12 %width_V_read to i32"   --->   Operation 42 'zext' 'tmp_3' <Predicate = true> <Delay = 0.00>
ST_1 : Operation 43 [1/1] (0.00ns)   --->   "%tmp_4_cast4 = zext i12 %height_V_read to i24"   --->   Operation 43 'zext' 'tmp_4_cast4' <Predicate = true> <Delay = 0.00>
ST_1 : Operation 44 [1/1] (0.46ns)   --->   "br label %1" [../src/Tanh/Tanh.cpp:18]   --->   Operation 44 'br' <Predicate = true> <Delay = 0.46>

State 2 <SV = 1> <Delay = 1.82>
ST_2 : Operation 45 [1/1] (0.00ns)   --->   "%i_op_assign = phi i12 [ 0, %0 ], [ %c, %4 ]"   --->   Operation 45 'phi' 'i_op_assign' <Predicate = true> <Delay = 0.00>
ST_2 : Operation 46 [1/1] (0.00ns)   --->   "%phi_mul = phi i24 [ 0, %0 ], [ %next_mul, %4 ]"   --->   Operation 46 'phi' 'phi_mul' <Predicate = true> <Delay = 0.00>
ST_2 : Operation 47 [1/1] (1.68ns)   --->   "%next_mul = add i24 %phi_mul, %tmp_4_cast4"   --->   Operation 47 'add' 'next_mul' <Predicate = true> <Delay = 1.68> <Core = "AddSub">   --->   Core 14 'AddSub' <Latency = 0> <II = 1> <Delay = 1.89> <FuncUnit> <Opcode : 'add' 'sub'> <InPorts = 2> <OutPorts = 1>
ST_2 : Operation 48 [1/1] (1.82ns)   --->   "%exitcond2 = icmp eq i12 %i_op_assign, %channel_V_read" [../src/Tanh/Tanh.cpp:18]   --->   Operation 48 'icmp' 'exitcond2' <Predicate = true> <Delay = 1.82> <Core = "Cmp">   --->   Core 25 'Cmp' <Latency = 0> <II = 1> <Delay = 1.82> <FuncUnit> <Opcode : 'icmp'> <InPorts = 2> <OutPorts = 1>
ST_2 : Operation 49 [1/1] (0.00ns)   --->   "%empty = call i32 (...)* @_ssdm_op_SpecLoopTripCount(i64 0, i64 4095, i64 0)"   --->   Operation 49 'speclooptripcount' 'empty' <Predicate = true> <Delay = 0.00>
ST_2 : Operation 50 [1/1] (1.54ns)   --->   "%c = add i12 %i_op_assign, 1" [../src/Tanh/Tanh.cpp:18]   --->   Operation 50 'add' 'c' <Predicate = true> <Delay = 1.54> <Core = "AddSub">   --->   Core 14 'AddSub' <Latency = 0> <II = 1> <Delay = 1.89> <FuncUnit> <Opcode : 'add' 'sub'> <InPorts = 2> <OutPorts = 1>
ST_2 : Operation 51 [1/1] (0.00ns)   --->   "br i1 %exitcond2, label %5, label %2" [../src/Tanh/Tanh.cpp:18]   --->   Operation 51 'br' <Predicate = true> <Delay = 0.00>
ST_2 : Operation 52 [1/1] (0.00ns)   --->   "%tmp_6 = call i32 (...)* @_ssdm_op_SpecRegionBegin([12 x i8]* @p_str5)" [../src/Tanh/Tanh.cpp:18]   --->   Operation 52 'specregionbegin' 'tmp_6' <Predicate = (!exitcond2)> <Delay = 0.00>
ST_2 : Operation 53 [1/1] (0.46ns)   --->   "br label %.loopexit" [../src/Tanh/Tanh.cpp:20]   --->   Operation 53 'br' <Predicate = (!exitcond2)> <Delay = 0.46>
ST_2 : Operation 54 [1/1] (0.00ns)   --->   "ret void" [../src/Tanh/Tanh.cpp:27]   --->   Operation 54 'ret' <Predicate = (exitcond2)> <Delay = 0.00>

State 3 <SV = 2> <Delay = 1.82>
ST_3 : Operation 55 [1/1] (0.00ns)   --->   "%i_op_assign_1 = phi i12 [ 0, %2 ], [ %h, %.loopexit.loopexit ]"   --->   Operation 55 'phi' 'i_op_assign_1' <Predicate = true> <Delay = 0.00>
ST_3 : Operation 56 [1/1] (0.00ns)   --->   "%i_op_assign_1_cast2 = zext i12 %i_op_assign_1 to i24" [../src/Tanh/Tanh.cpp:20]   --->   Operation 56 'zext' 'i_op_assign_1_cast2' <Predicate = true> <Delay = 0.00>
ST_3 : Operation 57 [1/1] (1.82ns)   --->   "%exitcond1 = icmp eq i12 %i_op_assign_1, %height_V_read" [../src/Tanh/Tanh.cpp:20]   --->   Operation 57 'icmp' 'exitcond1' <Predicate = true> <Delay = 1.82> <Core = "Cmp">   --->   Core 25 'Cmp' <Latency = 0> <II = 1> <Delay = 1.82> <FuncUnit> <Opcode : 'icmp'> <InPorts = 2> <OutPorts = 1>
ST_3 : Operation 58 [1/1] (0.00ns)   --->   "%empty_127 = call i32 (...)* @_ssdm_op_SpecLoopTripCount(i64 0, i64 4095, i64 0)"   --->   Operation 58 'speclooptripcount' 'empty_127' <Predicate = true> <Delay = 0.00>
ST_3 : Operation 59 [1/1] (1.54ns)   --->   "%h = add i12 %i_op_assign_1, 1" [../src/Tanh/Tanh.cpp:20]   --->   Operation 59 'add' 'h' <Predicate = true> <Delay = 1.54> <Core = "AddSub">   --->   Core 14 'AddSub' <Latency = 0> <II = 1> <Delay = 1.89> <FuncUnit> <Opcode : 'add' 'sub'> <InPorts = 2> <OutPorts = 1>
ST_3 : Operation 60 [1/1] (0.00ns)   --->   "br i1 %exitcond1, label %4, label %.preheader.preheader" [../src/Tanh/Tanh.cpp:20]   --->   Operation 60 'br' <Predicate = true> <Delay = 0.00>
ST_3 : Operation 61 [1/1] (1.68ns)   --->   "%tmp = add i24 %i_op_assign_1_cast2, %phi_mul" [../src/Tanh/Tanh.cpp:20]   --->   Operation 61 'add' 'tmp' <Predicate = (!exitcond1)> <Delay = 1.68> <Core = "AddSub">   --->   Core 14 'AddSub' <Latency = 0> <II = 1> <Delay = 1.89> <FuncUnit> <Opcode : 'add' 'sub'> <InPorts = 2> <OutPorts = 1>
ST_3 : Operation 62 [1/1] (0.00ns)   --->   "%empty_129 = call i32 (...)* @_ssdm_op_SpecRegionEnd([12 x i8]* @p_str5, i32 %tmp_6)" [../src/Tanh/Tanh.cpp:26]   --->   Operation 62 'specregionend' 'empty_129' <Predicate = (exitcond1)> <Delay = 0.00>
ST_3 : Operation 63 [1/1] (0.00ns)   --->   "br label %1" [../src/Tanh/Tanh.cpp:18]   --->   Operation 63 'br' <Predicate = (exitcond1)> <Delay = 0.00>

State 4 <SV = 3> <Delay = 7.44>
ST_4 : Operation 64 [1/1] (0.00ns)   --->   "%tmp_cast = zext i24 %tmp to i32" [../src/Tanh/Tanh.cpp:20]   --->   Operation 64 'zext' 'tmp_cast' <Predicate = true> <Delay = 0.00>
ST_4 : Operation 65 [1/1] (5.55ns) (root node of the DSP)   --->   "%tmp1 = mul i32 %tmp_3, %tmp_cast" [../src/Tanh/Tanh.cpp:20]   --->   Operation 65 'mul' 'tmp1' <Predicate = true> <Delay = 5.55> <Core = "DSP48">   --->   Core 65 'DSP48' <Latency = 0> <II = 1> <Delay = 5.55> <IPBlock> <Opcode : 'mul' 'add' 'sub' 'select'> <InPorts = 0> <OutPorts = 1> <Sync> <CReg>
ST_4 : Operation 66 [1/1] (0.00ns)   --->   "%tmp_40_cast = sext i32 %tmp1 to i33" [../src/Tanh/Tanh.cpp:23]   --->   Operation 66 'sext' 'tmp_40_cast' <Predicate = true> <Delay = 0.00>
ST_4 : Operation 67 [1/1] (1.89ns)   --->   "%in_data2_sum = add i33 %tmp_40_cast, %tmp_15_cast" [../src/Tanh/Tanh.cpp:23]   --->   Operation 67 'add' 'in_data2_sum' <Predicate = true> <Delay = 1.89> <Core = "AddSub">   --->   Core 14 'AddSub' <Latency = 0> <II = 1> <Delay = 1.89> <FuncUnit> <Opcode : 'add' 'sub'> <InPorts = 2> <OutPorts = 1>
ST_4 : Operation 68 [1/1] (0.00ns)   --->   "%in_data2_sum_cast = sext i33 %in_data2_sum to i64" [../src/Tanh/Tanh.cpp:23]   --->   Operation 68 'sext' 'in_data2_sum_cast' <Predicate = true> <Delay = 0.00>
ST_4 : Operation 69 [1/1] (0.00ns)   --->   "%gmem_addr = getelementptr inbounds float* %gmem, i64 %in_data2_sum_cast" [../src/Tanh/Tanh.cpp:23]   --->   Operation 69 'getelementptr' 'gmem_addr' <Predicate = true> <Delay = 0.00>

State 5 <SV = 4> <Delay = 8.75>
ST_5 : Operation 70 [7/7] (8.75ns)   --->   "%gmem_addr_rd_req = call i1 @_ssdm_op_ReadReq.m_axi.floatP(float* %gmem_addr, i32 %tmp_3)" [../src/Tanh/Tanh.cpp:23]   --->   Operation 70 'readreq' 'gmem_addr_rd_req' <Predicate = true> <Delay = 8.75> <Core = "m_axi">   --->   Core 9 'm_axi' <Latency = 6> <II = 1> <Delay = 1.00> <Adapter> <Opcode : 'read' 'write' 'readreq' 'writereq' 'writeresp'>

State 6 <SV = 5> <Delay = 8.75>
ST_6 : Operation 71 [6/7] (8.75ns)   --->   "%gmem_addr_rd_req = call i1 @_ssdm_op_ReadReq.m_axi.floatP(float* %gmem_addr, i32 %tmp_3)" [../src/Tanh/Tanh.cpp:23]   --->   Operation 71 'readreq' 'gmem_addr_rd_req' <Predicate = true> <Delay = 8.75> <Core = "m_axi">   --->   Core 9 'm_axi' <Latency = 6> <II = 1> <Delay = 1.00> <Adapter> <Opcode : 'read' 'write' 'readreq' 'writereq' 'writeresp'>

State 7 <SV = 6> <Delay = 8.75>
ST_7 : Operation 72 [5/7] (8.75ns)   --->   "%gmem_addr_rd_req = call i1 @_ssdm_op_ReadReq.m_axi.floatP(float* %gmem_addr, i32 %tmp_3)" [../src/Tanh/Tanh.cpp:23]   --->   Operation 72 'readreq' 'gmem_addr_rd_req' <Predicate = true> <Delay = 8.75> <Core = "m_axi">   --->   Core 9 'm_axi' <Latency = 6> <II = 1> <Delay = 1.00> <Adapter> <Opcode : 'read' 'write' 'readreq' 'writereq' 'writeresp'>

State 8 <SV = 7> <Delay = 8.75>
ST_8 : Operation 73 [4/7] (8.75ns)   --->   "%gmem_addr_rd_req = call i1 @_ssdm_op_ReadReq.m_axi.floatP(float* %gmem_addr, i32 %tmp_3)" [../src/Tanh/Tanh.cpp:23]   --->   Operation 73 'readreq' 'gmem_addr_rd_req' <Predicate = true> <Delay = 8.75> <Core = "m_axi">   --->   Core 9 'm_axi' <Latency = 6> <II = 1> <Delay = 1.00> <Adapter> <Opcode : 'read' 'write' 'readreq' 'writereq' 'writeresp'>

State 9 <SV = 8> <Delay = 8.75>
ST_9 : Operation 74 [3/7] (8.75ns)   --->   "%gmem_addr_rd_req = call i1 @_ssdm_op_ReadReq.m_axi.floatP(float* %gmem_addr, i32 %tmp_3)" [../src/Tanh/Tanh.cpp:23]   --->   Operation 74 'readreq' 'gmem_addr_rd_req' <Predicate = true> <Delay = 8.75> <Core = "m_axi">   --->   Core 9 'm_axi' <Latency = 6> <II = 1> <Delay = 1.00> <Adapter> <Opcode : 'read' 'write' 'readreq' 'writereq' 'writeresp'>

State 10 <SV = 9> <Delay = 8.75>
ST_10 : Operation 75 [2/7] (8.75ns)   --->   "%gmem_addr_rd_req = call i1 @_ssdm_op_ReadReq.m_axi.floatP(float* %gmem_addr, i32 %tmp_3)" [../src/Tanh/Tanh.cpp:23]   --->   Operation 75 'readreq' 'gmem_addr_rd_req' <Predicate = true> <Delay = 8.75> <Core = "m_axi">   --->   Core 9 'm_axi' <Latency = 6> <II = 1> <Delay = 1.00> <Adapter> <Opcode : 'read' 'write' 'readreq' 'writereq' 'writeresp'>

State 11 <SV = 10> <Delay = 8.75>
ST_11 : Operation 76 [1/7] (8.75ns)   --->   "%gmem_addr_rd_req = call i1 @_ssdm_op_ReadReq.m_axi.floatP(float* %gmem_addr, i32 %tmp_3)" [../src/Tanh/Tanh.cpp:23]   --->   Operation 76 'readreq' 'gmem_addr_rd_req' <Predicate = true> <Delay = 8.75> <Core = "m_axi">   --->   Core 9 'm_axi' <Latency = 6> <II = 1> <Delay = 1.00> <Adapter> <Opcode : 'read' 'write' 'readreq' 'writereq' 'writeresp'>
ST_11 : Operation 77 [1/1] (0.46ns)   --->   "br label %.preheader" [../src/Tanh/Tanh.cpp:21]   --->   Operation 77 'br' <Predicate = true> <Delay = 0.46>

State 12 <SV = 11> <Delay = 8.75>
ST_12 : Operation 78 [1/1] (0.00ns)   --->   "%i_op_assign_2 = phi i12 [ %w, %3 ], [ 0, %.preheader.preheader ]"   --->   Operation 78 'phi' 'i_op_assign_2' <Predicate = true> <Delay = 0.00>
ST_12 : Operation 79 [1/1] (0.00ns)   --->   "%i_op_assign_2_cast1 = zext i12 %i_op_assign_2 to i32" [../src/Tanh/Tanh.cpp:21]   --->   Operation 79 'zext' 'i_op_assign_2_cast1' <Predicate = true> <Delay = 0.00>
ST_12 : Operation 80 [1/1] (1.82ns)   --->   "%exitcond = icmp eq i12 %i_op_assign_2, %width_V_read" [../src/Tanh/Tanh.cpp:21]   --->   Operation 80 'icmp' 'exitcond' <Predicate = true> <Delay = 1.82> <Core = "Cmp">   --->   Core 25 'Cmp' <Latency = 0> <II = 1> <Delay = 1.82> <FuncUnit> <Opcode : 'icmp'> <InPorts = 2> <OutPorts = 1>
ST_12 : Operation 81 [1/1] (0.00ns)   --->   "%empty_128 = call i32 (...)* @_ssdm_op_SpecLoopTripCount(i64 0, i64 4095, i64 0)"   --->   Operation 81 'speclooptripcount' 'empty_128' <Predicate = true> <Delay = 0.00>
ST_12 : Operation 82 [1/1] (1.54ns)   --->   "%w = add i12 %i_op_assign_2, 1" [../src/Tanh/Tanh.cpp:21]   --->   Operation 82 'add' 'w' <Predicate = true> <Delay = 1.54> <Core = "AddSub">   --->   Core 14 'AddSub' <Latency = 0> <II = 1> <Delay = 1.89> <FuncUnit> <Opcode : 'add' 'sub'> <InPorts = 2> <OutPorts = 1>
ST_12 : Operation 83 [1/1] (0.00ns)   --->   "br i1 %exitcond, label %.loopexit.loopexit, label %3" [../src/Tanh/Tanh.cpp:21]   --->   Operation 83 'br' <Predicate = true> <Delay = 0.00>
ST_12 : Operation 84 [1/1] (1.89ns)   --->   "%index = add i32 %i_op_assign_2_cast1, %tmp1" [../src/Tanh/Tanh.cpp:22]   --->   Operation 84 'add' 'index' <Predicate = (!exitcond)> <Delay = 1.89> <Core = "AddSub">   --->   Core 14 'AddSub' <Latency = 0> <II = 1> <Delay = 1.89> <FuncUnit> <Opcode : 'add' 'sub'> <InPorts = 2> <OutPorts = 1>
ST_12 : Operation 85 [1/1] (0.00ns)   --->   "%tmp_34_cast = sext i32 %index to i33" [../src/Tanh/Tanh.cpp:23]   --->   Operation 85 'sext' 'tmp_34_cast' <Predicate = (!exitcond)> <Delay = 0.00>
ST_12 : Operation 86 [1/1] (8.75ns)   --->   "%gmem_addr_read = call float @_ssdm_op_Read.m_axi.floatP(float* %gmem_addr)" [../src/Tanh/Tanh.cpp:23]   --->   Operation 86 'read' 'gmem_addr_read' <Predicate = (!exitcond)> <Delay = 8.75> <Core = "m_axi">   --->   Core 9 'm_axi' <Latency = 6> <II = 1> <Delay = 1.00> <Adapter> <Opcode : 'read' 'write' 'readreq' 'writereq' 'writeresp'>
ST_12 : Operation 87 [1/1] (1.89ns)   --->   "%out_data4_sum6 = add i33 %tmp_34_cast, %tmp_14_cast" [../src/Tanh/Tanh.cpp:23]   --->   Operation 87 'add' 'out_data4_sum6' <Predicate = (!exitcond)> <Delay = 1.89> <Core = "AddSub">   --->   Core 14 'AddSub' <Latency = 0> <II = 1> <Delay = 1.89> <FuncUnit> <Opcode : 'add' 'sub'> <InPorts = 2> <OutPorts = 1>
ST_12 : Operation 88 [1/1] (0.00ns)   --->   "%out_data4_sum6_cast = sext i33 %out_data4_sum6 to i64" [../src/Tanh/Tanh.cpp:23]   --->   Operation 88 'sext' 'out_data4_sum6_cast' <Predicate = (!exitcond)> <Delay = 0.00>
ST_12 : Operation 89 [1/1] (0.00ns)   --->   "%gmem_addr_1 = getelementptr inbounds float* %gmem, i64 %out_data4_sum6_cast" [../src/Tanh/Tanh.cpp:23]   --->   Operation 89 'getelementptr' 'gmem_addr_1' <Predicate = (!exitcond)> <Delay = 0.00>
ST_12 : Operation 90 [1/1] (0.00ns)   --->   "br label %.loopexit"   --->   Operation 90 'br' <Predicate = (exitcond)> <Delay = 0.00>

State 13 <SV = 12> <Delay = 8.58>
ST_13 : Operation 91 [2/2] (8.58ns)   --->   "%tmp_i_i = call fastcc float @"generic_tanh<float>"(float %gmem_addr_read) nounwind" [r:/builds/2018.3/continuous/2018_12_06_2405991/src/products/hls/hls_lib/hlsmath/src/c/tanhfloat.cpp:7->D:/software/Xilinx/Vivado/2018.3/win64/tools/clang/bin\..\lib\clang\3.1/../../../include/c++/4.5.2\cmath:466->../src/Tanh/Tanh.cpp:23]   --->   Operation 91 'call' 'tmp_i_i' <Predicate = true> <Delay = 8.58> <CoreType = "Generic">   --->   Core 0 '' <Latency = 0> <II = 1> <Delay = 1.00> <Generic> <Opcode : >

State 14 <SV = 13> <Delay = 8.75>
ST_14 : Operation 92 [1/2] (2.29ns)   --->   "%tmp_i_i = call fastcc float @"generic_tanh<float>"(float %gmem_addr_read) nounwind" [r:/builds/2018.3/continuous/2018_12_06_2405991/src/products/hls/hls_lib/hlsmath/src/c/tanhfloat.cpp:7->D:/software/Xilinx/Vivado/2018.3/win64/tools/clang/bin\..\lib\clang\3.1/../../../include/c++/4.5.2\cmath:466->../src/Tanh/Tanh.cpp:23]   --->   Operation 92 'call' 'tmp_i_i' <Predicate = true> <Delay = 2.29> <CoreType = "Generic">   --->   Core 0 '' <Latency = 0> <II = 1> <Delay = 1.00> <Generic> <Opcode : >
ST_14 : Operation 93 [1/1] (8.75ns)   --->   "%gmem_addr_3_req = call i1 @_ssdm_op_WriteReq.m_axi.floatP(float* %gmem_addr_1, i32 1)" [../src/Tanh/Tanh.cpp:23]   --->   Operation 93 'writereq' 'gmem_addr_3_req' <Predicate = true> <Delay = 8.75> <Core = "m_axi">   --->   Core 9 'm_axi' <Latency = 6> <II = 1> <Delay = 1.00> <Adapter> <Opcode : 'read' 'write' 'readreq' 'writereq' 'writeresp'>

State 15 <SV = 14> <Delay = 8.75>
ST_15 : Operation 94 [1/1] (8.75ns)   --->   "call void @_ssdm_op_Write.m_axi.floatP(float* %gmem_addr_1, float %tmp_i_i, i4 -1)" [../src/Tanh/Tanh.cpp:23]   --->   Operation 94 'write' <Predicate = true> <Delay = 8.75> <Core = "m_axi">   --->   Core 9 'm_axi' <Latency = 6> <II = 1> <Delay = 1.00> <Adapter> <Opcode : 'read' 'write' 'readreq' 'writereq' 'writeresp'>

State 16 <SV = 15> <Delay = 8.75>
ST_16 : Operation 95 [5/5] (8.75ns)   --->   "%gmem_addr_3_resp = call i1 @_ssdm_op_WriteResp.m_axi.floatP(float* %gmem_addr_1)" [../src/Tanh/Tanh.cpp:23]   --->   Operation 95 'writeresp' 'gmem_addr_3_resp' <Predicate = true> <Delay = 8.75> <Core = "m_axi">   --->   Core 9 'm_axi' <Latency = 6> <II = 1> <Delay = 1.00> <Adapter> <Opcode : 'read' 'write' 'readreq' 'writereq' 'writeresp'>

State 17 <SV = 16> <Delay = 8.75>
ST_17 : Operation 96 [4/5] (8.75ns)   --->   "%gmem_addr_3_resp = call i1 @_ssdm_op_WriteResp.m_axi.floatP(float* %gmem_addr_1)" [../src/Tanh/Tanh.cpp:23]   --->   Operation 96 'writeresp' 'gmem_addr_3_resp' <Predicate = true> <Delay = 8.75> <Core = "m_axi">   --->   Core 9 'm_axi' <Latency = 6> <II = 1> <Delay = 1.00> <Adapter> <Opcode : 'read' 'write' 'readreq' 'writereq' 'writeresp'>

State 18 <SV = 17> <Delay = 8.75>
ST_18 : Operation 97 [3/5] (8.75ns)   --->   "%gmem_addr_3_resp = call i1 @_ssdm_op_WriteResp.m_axi.floatP(float* %gmem_addr_1)" [../src/Tanh/Tanh.cpp:23]   --->   Operation 97 'writeresp' 'gmem_addr_3_resp' <Predicate = true> <Delay = 8.75> <Core = "m_axi">   --->   Core 9 'm_axi' <Latency = 6> <II = 1> <Delay = 1.00> <Adapter> <Opcode : 'read' 'write' 'readreq' 'writereq' 'writeresp'>

State 19 <SV = 18> <Delay = 8.75>
ST_19 : Operation 98 [2/5] (8.75ns)   --->   "%gmem_addr_3_resp = call i1 @_ssdm_op_WriteResp.m_axi.floatP(float* %gmem_addr_1)" [../src/Tanh/Tanh.cpp:23]   --->   Operation 98 'writeresp' 'gmem_addr_3_resp' <Predicate = true> <Delay = 8.75> <Core = "m_axi">   --->   Core 9 'm_axi' <Latency = 6> <II = 1> <Delay = 1.00> <Adapter> <Opcode : 'read' 'write' 'readreq' 'writereq' 'writeresp'>

State 20 <SV = 19> <Delay = 8.75>
ST_20 : Operation 99 [1/5] (8.75ns)   --->   "%gmem_addr_3_resp = call i1 @_ssdm_op_WriteResp.m_axi.floatP(float* %gmem_addr_1)" [../src/Tanh/Tanh.cpp:23]   --->   Operation 99 'writeresp' 'gmem_addr_3_resp' <Predicate = true> <Delay = 8.75> <Core = "m_axi">   --->   Core 9 'm_axi' <Latency = 6> <II = 1> <Delay = 1.00> <Adapter> <Opcode : 'read' 'write' 'readreq' 'writereq' 'writeresp'>
ST_20 : Operation 100 [1/1] (0.00ns)   --->   "br label %.preheader" [../src/Tanh/Tanh.cpp:21]   --->   Operation 100 'br' <Predicate = true> <Delay = 0.00>


============================================================
+ Verbose Summary: Timing violations
============================================================
Target clock period: 10ns, clock uncertainty: 1.25ns.

 <State 1>: 1ns
The critical path consists of the following:
	s_axi read on port 'out_data' [10]  (1 ns)

 <State 2>: 1.82ns
The critical path consists of the following:
	'phi' operation ('c') with incoming values : ('c', ../src/Tanh/Tanh.cpp:18) [35]  (0 ns)
	'icmp' operation ('exitcond2', ../src/Tanh/Tanh.cpp:18) [38]  (1.82 ns)

 <State 3>: 1.82ns
The critical path consists of the following:
	'phi' operation ('h') with incoming values : ('h', ../src/Tanh/Tanh.cpp:20) [46]  (0 ns)
	'icmp' operation ('exitcond1', ../src/Tanh/Tanh.cpp:20) [48]  (1.82 ns)

 <State 4>: 7.45ns
The critical path consists of the following:
	'mul' operation of DSP[55] ('tmp1', ../src/Tanh/Tanh.cpp:20) [55]  (5.55 ns)
	'add' operation ('in_data2_sum', ../src/Tanh/Tanh.cpp:23) [57]  (1.9 ns)

 <State 5>: 8.75ns
The critical path consists of the following:
	bus request on port 'gmem' (../src/Tanh/Tanh.cpp:23) [60]  (8.75 ns)

 <State 6>: 8.75ns
The critical path consists of the following:
	bus request on port 'gmem' (../src/Tanh/Tanh.cpp:23) [60]  (8.75 ns)

 <State 7>: 8.75ns
The critical path consists of the following:
	bus request on port 'gmem' (../src/Tanh/Tanh.cpp:23) [60]  (8.75 ns)

 <State 8>: 8.75ns
The critical path consists of the following:
	bus request on port 'gmem' (../src/Tanh/Tanh.cpp:23) [60]  (8.75 ns)

 <State 9>: 8.75ns
The critical path consists of the following:
	bus request on port 'gmem' (../src/Tanh/Tanh.cpp:23) [60]  (8.75 ns)

 <State 10>: 8.75ns
The critical path consists of the following:
	bus request on port 'gmem' (../src/Tanh/Tanh.cpp:23) [60]  (8.75 ns)

 <State 11>: 8.75ns
The critical path consists of the following:
	bus request on port 'gmem' (../src/Tanh/Tanh.cpp:23) [60]  (8.75 ns)

 <State 12>: 8.75ns
The critical path consists of the following:
	bus read on port 'gmem' (../src/Tanh/Tanh.cpp:23) [72]  (8.75 ns)

 <State 13>: 8.59ns
The critical path consists of the following:
	'call' operation ('tmp_i_i', r:/builds/2018.3/continuous/2018_12_06_2405991/src/products/hls/hls_lib/hlsmath/src/c/tanhfloat.cpp:7->D:/software/Xilinx/Vivado/2018.3/win64/tools/clang/bin\..\lib\clang\3.1/../../../include/c++/4.5.2\cmath:466->../src/Tanh/Tanh.cpp:23) to 'generic_tanh<float>' [73]  (8.59 ns)

 <State 14>: 8.75ns
The critical path consists of the following:
	bus request on port 'gmem' (../src/Tanh/Tanh.cpp:23) [77]  (8.75 ns)

 <State 15>: 8.75ns
The critical path consists of the following:
	bus write on port 'gmem' (../src/Tanh/Tanh.cpp:23) [78]  (8.75 ns)

 <State 16>: 8.75ns
The critical path consists of the following:
	bus access on port 'gmem' (../src/Tanh/Tanh.cpp:23) [79]  (8.75 ns)

 <State 17>: 8.75ns
The critical path consists of the following:
	bus access on port 'gmem' (../src/Tanh/Tanh.cpp:23) [79]  (8.75 ns)

 <State 18>: 8.75ns
The critical path consists of the following:
	bus access on port 'gmem' (../src/Tanh/Tanh.cpp:23) [79]  (8.75 ns)

 <State 19>: 8.75ns
The critical path consists of the following:
	bus access on port 'gmem' (../src/Tanh/Tanh.cpp:23) [79]  (8.75 ns)

 <State 20>: 8.75ns
The critical path consists of the following:
	bus access on port 'gmem' (../src/Tanh/Tanh.cpp:23) [79]  (8.75 ns)


============================================================
+ Verbose Summary: Binding
============================================================
N/A
* FSMD analyzer results:
  - Output states:
 - Input state : 
  - Chain level:
	State 1
	State 2
	State 3
	State 4
	State 5
	State 6
	State 7
	State 8
	State 9
	State 10
	State 11
	State 12
	State 13
	State 14
	State 15
	State 16
	State 17
	State 18
	State 19
	State 20


============================================================
+ Verbose Summary: Datapath Resource usage 
============================================================
N/A
