

================================================================
== Vivado HLS Report for 'Tanh'
================================================================
* Date:           Fri Oct 25 16:26:15 2024

* Version:        2018.3 (Build 2405991 on Thu Dec 06 23:56:15 MST 2018)
* Project:        Tanh
* Solution:       solution1
* Product family: zynq
* Target device:  xc7z020clg400-2


================================================================
== Performance Estimates
================================================================
+ Timing (ns): 
    * Summary: 
    +--------+-------+----------+------------+
    |  Clock | Target| Estimated| Uncertainty|
    +--------+-------+----------+------------+
    |ap_clk  |  10.00|     9.164|        1.25|
    +--------+-------+----------+------------+

+ Latency (clock cycles): 
    * Summary: 
    +-----+---------------+-----+---------------+---------+
    |       Latency       |       Interval      | Pipeline|
    | min |      max      | min |      max      |   Type  |
    +-----+---------------+-----+---------------+---------+
    |    1|  3708302196691|    1|  3708302196691|   none  |
    +-----+---------------+-----+---------------+---------+

    + Detail: 
        * Instance: 
        +---------------------------------+----------------------+-----+-----+-----+-----+---------+
        |                                 |                      |  Latency  |  Interval | Pipeline|
        |             Instance            |        Module        | min | max | min | max |   Type  |
        +---------------------------------+----------------------+-----+-----+-----+-----+---------+
        |grp_generic_tanh_float_s_fu_196  |generic_tanh_float_s  |    1|   45|    1|   45|   none  |
        +---------------------------------+----------------------+-----+-----+-----+-----+---------+

        * Loop: 
        +-----------------+-----+---------------+---------------+-----------+-----------+----------+----------+
        |                 |       Latency       |   Iteration   |  Initiation Interval  |   Trip   |          |
        |    Loop Name    | min |      max      |    Latency    |  achieved |   target  |   Count  | Pipelined|
        +-----------------+-----+---------------+---------------+-----------+-----------+----------+----------+
        |- Loop 1         |    0|  3708302196690| 2 ~ 905568302 |          -|          -| 0 ~ 4095 |    no    |
        | + Loop 1.1      |    0|      905568300|  10 ~ 221140  |          -|          -| 0 ~ 4095 |    no    |
        |  ++ Loop 1.1.1  |    0|         221130|    10 ~ 54    |          -|          -| 0 ~ 4095 |    no    |
        +-----------------+-----+---------------+---------------+-----------+-----------+----------+----------+



================================================================
== Utilization Estimates
================================================================
* Summary: 
+-----------------+---------+-------+--------+-------+
|       Name      | BRAM_18K| DSP48E|   FF   |  LUT  |
+-----------------+---------+-------+--------+-------+
|DSP              |        -|      1|       -|      -|
|Expression       |        -|      -|       0|    198|
|FIFO             |        -|      -|       -|      -|
|Instance         |        9|     37|    5044|   7350|
|Memory           |        -|      -|       -|      -|
|Multiplexer      |        -|      -|       -|     45|
|Register         |        -|      -|     448|      -|
+-----------------+---------+-------+--------+-------+
|Total            |        9|     38|    5492|   7593|
+-----------------+---------+-------+--------+-------+
|Available        |      280|    220|  106400|  53200|
+-----------------+---------+-------+--------+-------+
|Utilization (%)  |        3|     17|       5|     14|
+-----------------+---------+-------+--------+-------+

+ Detail: 
    * Instance: 
    +---------------------------------+----------------------+---------+-------+------+------+
    |             Instance            |        Module        | BRAM_18K| DSP48E|  FF  |  LUT |
    +---------------------------------+----------------------+---------+-------+------+------+
    |Tanh_AXILiteS_s_axi_U            |Tanh_AXILiteS_s_axi   |        0|      0|   166|   240|
    |Tanh_gmem_m_axi_U                |Tanh_gmem_m_axi       |        2|      0|   512|   580|
    |grp_generic_tanh_float_s_fu_196  |generic_tanh_float_s  |        7|     37|  4366|  6530|
    +---------------------------------+----------------------+---------+-------+------+------+
    |Total                            |                      |        9|     37|  5044|  7350|
    +---------------------------------+----------------------+---------+-------+------+------+

    * DSP48: 
    +--------------------------+----------------------+-----------+
    |         Instance         |        Module        | Expression|
    +--------------------------+----------------------+-----------+
    |Tanh_mul_mul_12nsncg_U24  |Tanh_mul_mul_12nsncg  |  i0 * i1  |
    +--------------------------+----------------------+-----------+

    * Memory: 
    N/A

    * FIFO: 
    N/A

    * Expression: 
    +--------------------------+----------+-------+---+----+------------+------------+
    |       Variable Name      | Operation| DSP48E| FF| LUT| Bitwidth P0| Bitwidth P1|
    +--------------------------+----------+-------+---+----+------------+------------+
    |c_fu_253_p2               |     +    |      0|  0|  12|          12|           1|
    |h_fu_268_p2               |     +    |      0|  0|  12|          12|           1|
    |in_data2_sum_fu_286_p2    |     +    |      0|  0|  33|          33|          33|
    |index_fu_316_p2           |     +    |      0|  0|  32|          32|          32|
    |next_mul_fu_243_p2        |     +    |      0|  0|  24|          24|          24|
    |out_data4_sum6_fu_325_p2  |     +    |      0|  0|  33|          33|          33|
    |tmp_fu_274_p2             |     +    |      0|  0|  24|          24|          24|
    |w_fu_310_p2               |     +    |      0|  0|  12|          12|           1|
    |ap_block_state12          |    and   |      0|  0|   1|           1|           1|
    |exitcond1_fu_263_p2       |   icmp   |      0|  0|   5|          12|          12|
    |exitcond2_fu_248_p2       |   icmp   |      0|  0|   5|          12|          12|
    |exitcond_fu_305_p2        |   icmp   |      0|  0|   5|          12|          12|
    +--------------------------+----------+-------+---+----+------------+------------+
    |Total                     |          |      0|  0| 198|         219|         186|
    +--------------------------+----------+-------+---+----+------------+------------+

    * Multiplexer: 
    +-----------------------------+----+-----------+-----+-----------+
    |             Name            | LUT| Input Size| Bits| Total Bits|
    +-----------------------------+----+-----------+-----+-----------+
    |ap_NS_fsm                    |   9|         21|    1|         21|
    |ap_sig_ioackin_gmem_ARREADY  |   3|          2|    1|          2|
    |ap_sig_ioackin_gmem_AWREADY  |   3|          2|    1|          2|
    |ap_sig_ioackin_gmem_WREADY   |   3|          2|    1|          2|
    |gmem_blk_n_AR                |   3|          2|    1|          2|
    |gmem_blk_n_AW                |   3|          2|    1|          2|
    |gmem_blk_n_B                 |   3|          2|    1|          2|
    |gmem_blk_n_R                 |   3|          2|    1|          2|
    |gmem_blk_n_W                 |   3|          2|    1|          2|
    |i_op_assign_1_reg_174        |   3|          2|   12|         24|
    |i_op_assign_2_reg_185        |   3|          2|   12|         24|
    |i_op_assign_reg_151          |   3|          2|   12|         24|
    |phi_mul_reg_162              |   3|          2|   24|         48|
    +-----------------------------+----+-----------+-----+-----------+
    |Total                        |  45|         45|   69|        157|
    +-----------------------------+----+-----------+-----+-----------+

    * Register: 
    +----------------------------------------------+----+----+-----+-----------+
    |                     Name                     | FF | LUT| Bits| Const Bits|
    +----------------------------------------------+----+----+-----+-----------+
    |ap_CS_fsm                                     |  20|   0|   20|          0|
    |ap_reg_ioackin_gmem_ARREADY                   |   1|   0|    1|          0|
    |ap_reg_ioackin_gmem_AWREADY                   |   1|   0|    1|          0|
    |ap_reg_ioackin_gmem_WREADY                    |   1|   0|    1|          0|
    |c_reg_390                                     |  12|   0|   12|          0|
    |channel_V_read_reg_356                        |  12|   0|   12|          0|
    |gmem_addr_1_reg_432                           |  32|   0|   32|          0|
    |gmem_addr_read_reg_427                        |  32|   0|   32|          0|
    |gmem_addr_reg_413                             |  32|   0|   32|          0|
    |grp_generic_tanh_float_s_fu_196_ap_start_reg  |   1|   0|    1|          0|
    |h_reg_398                                     |  12|   0|   12|          0|
    |height_V_read_reg_351                         |  12|   0|   12|          0|
    |i_op_assign_1_reg_174                         |  12|   0|   12|          0|
    |i_op_assign_2_reg_185                         |  12|   0|   12|          0|
    |i_op_assign_reg_151                           |  12|   0|   12|          0|
    |next_mul_reg_382                              |  24|   0|   24|          0|
    |phi_mul_reg_162                               |  24|   0|   24|          0|
    |tmp1_reg_408                                  |  32|   0|   32|          0|
    |tmp_14_cast_reg_361                           |  30|   0|   33|          3|
    |tmp_15_cast_reg_366                           |  30|   0|   33|          3|
    |tmp_3_reg_371                                 |  12|   0|   32|         20|
    |tmp_4_cast4_reg_377                           |  12|   0|   24|         12|
    |tmp_i_i_reg_438                               |  32|   0|   32|          0|
    |tmp_reg_403                                   |  24|   0|   24|          0|
    |w_reg_422                                     |  12|   0|   12|          0|
    |width_V_read_reg_346                          |  12|   0|   12|          0|
    +----------------------------------------------+----+----+-----+-----------+
    |Total                                         | 448|   0|  486|         38|
    +----------------------------------------------+----+----+-----+-----------+



================================================================
== Interface
================================================================
* Summary: 
+------------------------+-----+-----+------------+--------------+--------------+
|        RTL Ports       | Dir | Bits|  Protocol  | Source Object|    C Type    |
+------------------------+-----+-----+------------+--------------+--------------+
|s_axi_AXILiteS_AWVALID  |  in |    1|    s_axi   |   AXILiteS   |    scalar    |
|s_axi_AXILiteS_AWREADY  | out |    1|    s_axi   |   AXILiteS   |    scalar    |
|s_axi_AXILiteS_AWADDR   |  in |    6|    s_axi   |   AXILiteS   |    scalar    |
|s_axi_AXILiteS_WVALID   |  in |    1|    s_axi   |   AXILiteS   |    scalar    |
|s_axi_AXILiteS_WREADY   | out |    1|    s_axi   |   AXILiteS   |    scalar    |
|s_axi_AXILiteS_WDATA    |  in |   32|    s_axi   |   AXILiteS   |    scalar    |
|s_axi_AXILiteS_WSTRB    |  in |    4|    s_axi   |   AXILiteS   |    scalar    |
|s_axi_AXILiteS_ARVALID  |  in |    1|    s_axi   |   AXILiteS   |    scalar    |
|s_axi_AXILiteS_ARREADY  | out |    1|    s_axi   |   AXILiteS   |    scalar    |
|s_axi_AXILiteS_ARADDR   |  in |    6|    s_axi   |   AXILiteS   |    scalar    |
|s_axi_AXILiteS_RVALID   | out |    1|    s_axi   |   AXILiteS   |    scalar    |
|s_axi_AXILiteS_RREADY   |  in |    1|    s_axi   |   AXILiteS   |    scalar    |
|s_axi_AXILiteS_RDATA    | out |   32|    s_axi   |   AXILiteS   |    scalar    |
|s_axi_AXILiteS_RRESP    | out |    2|    s_axi   |   AXILiteS   |    scalar    |
|s_axi_AXILiteS_BVALID   | out |    1|    s_axi   |   AXILiteS   |    scalar    |
|s_axi_AXILiteS_BREADY   |  in |    1|    s_axi   |   AXILiteS   |    scalar    |
|s_axi_AXILiteS_BRESP    | out |    2|    s_axi   |   AXILiteS   |    scalar    |
|ap_clk                  |  in |    1| ap_ctrl_hs |     Tanh     | return value |
|ap_rst_n                |  in |    1| ap_ctrl_hs |     Tanh     | return value |
|interrupt               | out |    1| ap_ctrl_hs |     Tanh     | return value |
|m_axi_gmem_AWVALID      | out |    1|    m_axi   |     gmem     |    pointer   |
|m_axi_gmem_AWREADY      |  in |    1|    m_axi   |     gmem     |    pointer   |
|m_axi_gmem_AWADDR       | out |   32|    m_axi   |     gmem     |    pointer   |
|m_axi_gmem_AWID         | out |    1|    m_axi   |     gmem     |    pointer   |
|m_axi_gmem_AWLEN        | out |    8|    m_axi   |     gmem     |    pointer   |
|m_axi_gmem_AWSIZE       | out |    3|    m_axi   |     gmem     |    pointer   |
|m_axi_gmem_AWBURST      | out |    2|    m_axi   |     gmem     |    pointer   |
|m_axi_gmem_AWLOCK       | out |    2|    m_axi   |     gmem     |    pointer   |
|m_axi_gmem_AWCACHE      | out |    4|    m_axi   |     gmem     |    pointer   |
|m_axi_gmem_AWPROT       | out |    3|    m_axi   |     gmem     |    pointer   |
|m_axi_gmem_AWQOS        | out |    4|    m_axi   |     gmem     |    pointer   |
|m_axi_gmem_AWREGION     | out |    4|    m_axi   |     gmem     |    pointer   |
|m_axi_gmem_AWUSER       | out |    1|    m_axi   |     gmem     |    pointer   |
|m_axi_gmem_WVALID       | out |    1|    m_axi   |     gmem     |    pointer   |
|m_axi_gmem_WREADY       |  in |    1|    m_axi   |     gmem     |    pointer   |
|m_axi_gmem_WDATA        | out |   32|    m_axi   |     gmem     |    pointer   |
|m_axi_gmem_WSTRB        | out |    4|    m_axi   |     gmem     |    pointer   |
|m_axi_gmem_WLAST        | out |    1|    m_axi   |     gmem     |    pointer   |
|m_axi_gmem_WID          | out |    1|    m_axi   |     gmem     |    pointer   |
|m_axi_gmem_WUSER        | out |    1|    m_axi   |     gmem     |    pointer   |
|m_axi_gmem_ARVALID      | out |    1|    m_axi   |     gmem     |    pointer   |
|m_axi_gmem_ARREADY      |  in |    1|    m_axi   |     gmem     |    pointer   |
|m_axi_gmem_ARADDR       | out |   32|    m_axi   |     gmem     |    pointer   |
|m_axi_gmem_ARID         | out |    1|    m_axi   |     gmem     |    pointer   |
|m_axi_gmem_ARLEN        | out |    8|    m_axi   |     gmem     |    pointer   |
|m_axi_gmem_ARSIZE       | out |    3|    m_axi   |     gmem     |    pointer   |
|m_axi_gmem_ARBURST      | out |    2|    m_axi   |     gmem     |    pointer   |
|m_axi_gmem_ARLOCK       | out |    2|    m_axi   |     gmem     |    pointer   |
|m_axi_gmem_ARCACHE      | out |    4|    m_axi   |     gmem     |    pointer   |
|m_axi_gmem_ARPROT       | out |    3|    m_axi   |     gmem     |    pointer   |
|m_axi_gmem_ARQOS        | out |    4|    m_axi   |     gmem     |    pointer   |
|m_axi_gmem_ARREGION     | out |    4|    m_axi   |     gmem     |    pointer   |
|m_axi_gmem_ARUSER       | out |    1|    m_axi   |     gmem     |    pointer   |
|m_axi_gmem_RVALID       |  in |    1|    m_axi   |     gmem     |    pointer   |
|m_axi_gmem_RREADY       | out |    1|    m_axi   |     gmem     |    pointer   |
|m_axi_gmem_RDATA        |  in |   32|    m_axi   |     gmem     |    pointer   |
|m_axi_gmem_RLAST        |  in |    1|    m_axi   |     gmem     |    pointer   |
|m_axi_gmem_RID          |  in |    1|    m_axi   |     gmem     |    pointer   |
|m_axi_gmem_RUSER        |  in |    1|    m_axi   |     gmem     |    pointer   |
|m_axi_gmem_RRESP        |  in |    2|    m_axi   |     gmem     |    pointer   |
|m_axi_gmem_BVALID       |  in |    1|    m_axi   |     gmem     |    pointer   |
|m_axi_gmem_BREADY       | out |    1|    m_axi   |     gmem     |    pointer   |
|m_axi_gmem_BRESP        |  in |    2|    m_axi   |     gmem     |    pointer   |
|m_axi_gmem_BID          |  in |    1|    m_axi   |     gmem     |    pointer   |
|m_axi_gmem_BUSER        |  in |    1|    m_axi   |     gmem     |    pointer   |
+------------------------+-----+-----+------------+--------------+--------------+

============================================================
+ Verbose Summary: Synthesis Manager
============================================================
InlineROM: 1
ExposeGlobal: 0
============================================================
+ Verbose Summary: CDFG Model
============================================================
IsTopModel: 1
ResetActiveHigh: 1
IsCombinational: 2
IsDatapathOnly: 2
HasWiredReturn: 1
HasMFsm: 0
HasVarLatency: 1
IsPipeline: 0
IsRtlPipelined: 0
IsInstanceOverlapped: 0
IsDontTouch: 0
HasImplIP: 0
IsGatedGlobalClock: 0


============================================================
+ Verbose Summary: Schedule
============================================================
* Number of FSM states : 20
* Pipeline : 0
* Dataflow Pipeline: 0

* FSM state transitions: 
1 --> 
	2  / true
2 --> 
	3  / (!exitcond2)
3 --> 
	4  / (!exitcond1)
	2  / (exitcond1)
4 --> 
	5  / true
5 --> 
	6  / true
6 --> 
	7  / true
7 --> 
	8  / true
8 --> 
	9  / true
9 --> 
	10  / true
10 --> 
	11  / true
11 --> 
	12  / true
12 --> 
	13  / (!exitcond)
	3  / (exitcond)
13 --> 
	14  / true
14 --> 
	15  / true
15 --> 
	16  / true
16 --> 
	17  / true
17 --> 
	18  / true
18 --> 
	19  / true
19 --> 
	20  / true
20 --> 
	12  / true

* FSM state operations: 

State 1 <SV = 0> <Delay = 1.00>
ST_1 : Operation 21 [1/1] (1.00ns)   --->   "%out_data_read = call i32 @_ssdm_op_Read.s_axilite.i32(i32 %out_data)"   --->   Operation 21 'read' 'out_data_read' <Predicate = true> <Delay = 1.00> <Core = "s_axilite">   --->   Core 10 's_axilite' <Latency = 0> <II = 1> <Delay = 1.00> <Adapter> <Opcode : 'read' 'write'>
ST_1 : Operation 22 [1/1] (1.00ns)   --->   "%in_data_read = call i32 @_ssdm_op_Read.s_axilite.i32(i32 %in_data)"   --->   Operation 22 'read' 'in_data_read' <Predicate = true> <Delay = 1.00> <Core = "s_axilite">   --->   Core 10 's_axilite' <Latency = 0> <II = 1> <Delay = 1.00> <Adapter> <Opcode : 'read' 'write'>
ST_1 : Operation 23 [1/1] (1.00ns)   --->   "%width_V_read = call i12 @_ssdm_op_Read.s_axilite.i12(i12 %width_V)"   --->   Operation 23 'read' 'width_V_read' <Predicate = true> <Delay = 1.00> <Core = "s_axilite">   --->   Core 10 's_axilite' <Latency = 0> <II = 1> <Delay = 1.00> <Adapter> <Opcode : 'read' 'write'>
ST_1 : Operation 24 [1/1] (1.00ns)   --->   "%height_V_read = call i12 @_ssdm_op_Read.s_axilite.i12(i12 %height_V)"   --->   Operation 24 'read' 'height_V_read' <Predicate = true> <Delay = 1.00> <Core = "s_axilite">   --->   Core 10 's_axilite' <Latency = 0> <II = 1> <Delay = 1.00> <Adapter> <Opcode : 'read' 'write'>
ST_1 : Operation 25 [1/1] (1.00ns)   --->   "%channel_V_read = call i12 @_ssdm_op_Read.s_axilite.i12(i12 %channel_V)"   --->   Operation 25 'read' 'channel_V_read' <Predicate = true> <Delay = 1.00> <Core = "s_axilite">   --->   Core 10 's_axilite' <Latency = 0> <II = 1> <Delay = 1.00> <Adapter> <Opcode : 'read' 'write'>
ST_1 : Operation 26 [1/1] (0.00ns)   --->   "%tmp_49 = call i30 @_ssdm_op_PartSelect.i30.i32.i32.i32(i32 %out_data_read, i32 2, i32 31)"   --->   Operation 26 'partselect' 'tmp_49' <Predicate = true> <Delay = 0.00>
ST_1 : Operation 27 [1/1] (0.00ns)   --->   "%tmp_14_cast = zext i30 %tmp_49 to i33"   --->   Operation 27 'zext' 'tmp_14_cast' <Predicate = true> <Delay = 0.00>
ST_1 : Operation 28 [1/1] (0.00ns)   --->   "%tmp_50 = call i30 @_ssdm_op_PartSelect.i30.i32.i32.i32(i32 %in_data_read, i32 2, i32 31)"   --->   Operation 28 'partselect' 'tmp_50' <Predicate = true> <Delay = 0.00>
ST_1 : Operation 29 [1/1] (0.00ns)   --->   "%tmp_15_cast = zext i30 %tmp_50 to i33"   --->   Operation 29 'zext' 'tmp_15_cast' <Predicate = true> <Delay = 0.00>
ST_1 : Operation 30 [1/1] (0.00ns)   --->   "call void (...)* @_ssdm_op_SpecBitsMap(float* %gmem), !map !65"   --->   Operation 30 'specbitsmap' <Predicate = true> <Delay = 0.00>
ST_1 : Operation 31 [1/1] (0.00ns)   --->   "call void (...)* @_ssdm_op_SpecBitsMap(i12 %channel_V), !map !70"   --->   Operation 31 'specbitsmap' <Predicate = true> <Delay = 0.00>
ST_1 : Operation 32 [1/1] (0.00ns)   --->   "call void (...)* @_ssdm_op_SpecBitsMap(i12 %height_V), !map !76"   --->   Operation 32 'specbitsmap' <Predicate = true> <Delay = 0.00>
ST_1 : Operation 33 [1/1] (0.00ns)   --->   "call void (...)* @_ssdm_op_SpecBitsMap(i12 %width_V), !map !80"   --->   Operation 33 'specbitsmap' <Predicate = true> <Delay = 0.00>
ST_1 : Operation 34 [1/1] (0.00ns)   --->   "call void (...)* @_ssdm_op_SpecTopModule([5 x i8]* @Tanh_str) nounwind"   --->   Operation 34 'spectopmodule' <Predicate = true> <Delay = 0.00>
ST_1 : Operation 35 [1/1] (0.00ns)   --->   "call void (...)* @_ssdm_op_SpecInterface(float* %gmem, [6 x i8]* @p_str, i32 0, i32 0, [1 x i8]* @p_str1, i32 0, i64 4294967295, [5 x i8]* @p_str2, [6 x i8]* @p_str3, [1 x i8]* @p_str1, i32 16, i32 16, i32 16, i32 16, [1 x i8]* @p_str1, [1 x i8]* @p_str1) nounwind" [../src/Tanh/Tanh.cpp:10]   --->   Operation 35 'specinterface' <Predicate = true> <Delay = 0.00>
ST_1 : Operation 36 [1/1] (0.00ns)   --->   "call void (...)* @_ssdm_op_SpecInterface(i32 %in_data, [10 x i8]* @mode, i32 0, i32 0, [1 x i8]* @p_str1, i32 0, i64 4294967295, [1 x i8]* @bundle, [6 x i8]* @p_str3, [1 x i8]* @p_str1, i32 16, i32 16, i32 16, i32 16, [1 x i8]* @p_str1, [1 x i8]* @p_str1) nounwind" [../src/Tanh/Tanh.cpp:10]   --->   Operation 36 'specinterface' <Predicate = true> <Delay = 0.00>
ST_1 : Operation 37 [1/1] (0.00ns)   --->   "call void (...)* @_ssdm_op_SpecInterface(i32 %out_data, [10 x i8]* @mode1, i32 0, i32 0, [1 x i8]* @p_str1, i32 0, i64 4294967295, [1 x i8]* @bundle2, [6 x i8]* @p_str3, [1 x i8]* @p_str1, i32 16, i32 16, i32 16, i32 16, [1 x i8]* @p_str1, [1 x i8]* @p_str1) nounwind" [../src/Tanh/Tanh.cpp:11]   --->   Operation 37 'specinterface' <Predicate = true> <Delay = 0.00>
ST_1 : Operation 38 [1/1] (0.00ns)   --->   "call void (...)* @_ssdm_op_SpecInterface(i12 %width_V, [10 x i8]* @p_str4, i32 0, i32 0, [1 x i8]* @p_str1, i32 0, i32 0, [1 x i8]* @p_str1, [1 x i8]* @p_str1, [1 x i8]* @p_str1, i32 0, i32 0, i32 0, i32 0, [1 x i8]* @p_str1, [1 x i8]* @p_str1) nounwind" [../src/Tanh/Tanh.cpp:12]   --->   Operation 38 'specinterface' <Predicate = true> <Delay = 0.00>
ST_1 : Operation 39 [1/1] (0.00ns)   --->   "call void (...)* @_ssdm_op_SpecInterface(i12 %height_V, [10 x i8]* @p_str4, i32 0, i32 0, [1 x i8]* @p_str1, i32 0, i32 0, [1 x i8]* @p_str1, [1 x i8]* @p_str1, [1 x i8]* @p_str1, i32 0, i32 0, i32 0, i32 0, [1 x i8]* @p_str1, [1 x i8]* @p_str1) nounwind" [../src/Tanh/Tanh.cpp:13]   --->   Operation 39 'specinterface' <Predicate = true> <Delay = 0.00>
ST_1 : Operation 40 [1/1] (0.00ns)   --->   "call void (...)* @_ssdm_op_SpecInterface(i12 %channel_V, [10 x i8]* @p_str4, i32 0, i32 0, [1 x i8]* @p_str1, i32 0, i32 0, [1 x i8]* @p_str1, [1 x i8]* @p_str1, [1 x i8]* @p_str1, i32 0, i32 0, i32 0, i32 0, [1 x i8]* @p_str1, [1 x i8]* @p_str1) nounwind" [../src/Tanh/Tanh.cpp:14]   --->   Operation 40 'specinterface' <Predicate = true> <Delay = 0.00>
ST_1 : Operation 41 [1/1] (0.00ns)   --->   "call void (...)* @_ssdm_op_SpecInterface(i32 0, [10 x i8]* @p_str4, i32 0, i32 0, [1 x i8]* @p_str1, i32 0, i32 0, [1 x i8]* @p_str1, [1 x i8]* @p_str1, [1 x i8]* @p_str1, i32 0, i32 0, i32 0, i32 0, [1 x i8]* @p_str1, [1 x i8]* @p_str1) nounwind" [../src/Tanh/Tanh.cpp:15]   --->   Operation 41 'specinterface' <Predicate = true> <Delay = 0.00>
ST_1 : Operation 42 [1/1] (0.00ns)   --->   "%tmp_3 = zext i12 %width_V_read to i32"   --->   Operation 42 'zext' 'tmp_3' <Predicate = true> <Delay = 0.00>
ST_1 : Operation 43 [1/1] (0.00ns)   --->   "%tmp_4_cast4 = zext i12 %height_V_read to i24"   --->   Operation 43 'zext' 'tmp_4_cast4' <Predicate = true> <Delay = 0.00>
ST_1 : Operation 44 [1/1] (0.46ns)   --->   "br label %1" [../src/Tanh/Tanh.cpp:18]   --->   Operation 44 'br' <Predicate = true> <Delay = 0.46>

State 2 <SV = 1> <Delay = 1.82>
ST_2 : Operation 45 [1/1] (0.00ns)   --->   "%i_op_assign = phi i12 [ 0, %0 ], [ %c, %4 ]"   --->   Operation 45 'phi' 'i_op_assign' <Predicate = true> <Delay = 0.00>
ST_2 : Operation 46 [1/1] (0.00ns)   --->   "%phi_mul = phi i24 [ 0, %0 ], [ %next_mul, %4 ]"   --->   Operation 46 'phi' 'phi_mul' <Predicate = true> <Delay = 0.00>
ST_2 : Operation 47 [1/1] (1.68ns)   --->   "%next_mul = add i24 %phi_mul, %tmp_4_cast4"   --->   Operation 47 'add' 'next_mul' <Predicate = true> <Delay = 1.68> <Core = "AddSub">   --->   Core 14 'AddSub' <Latency = 0> <II = 1> <Delay = 1.54> <FuncUnit> <Opcode : 'add' 'sub'> <InPorts = 2> <OutPorts = 1>
ST_2 : Operation 48 [1/1] (1.82ns)   --->   "%exitcond2 = icmp eq i12 %i_op_assign, %channel_V_read" [../src/Tanh/Tanh.cpp:18]   --->   Operation 48 'icmp' 'exitcond2' <Predicate = true> <Delay = 1.82> <Core = "Cmp">   --->   Core 25 'Cmp' <Latency = 0> <II = 1> <Delay = 1.82> <FuncUnit> <Opcode : 'icmp'> <InPorts = 2> <OutPorts = 1>
ST_2 : Operation 49 [1/1] (0.00ns)   --->   "%empty = call i32 (...)* @_ssdm_op_SpecLoopTripCount(i64 0, i64 4095, i64 0)"   --->   Operation 49 'speclooptripcount' 'empty' <Predicate = true> <Delay = 0.00>
ST_2 : Operation 50 [1/1] (1.54ns)   --->   "%c = add i12 %i_op_assign, 1" [../src/Tanh/Tanh.cpp:18]   --->   Operation 50 'add' 'c' <Predicate = true> <Delay = 1.54> <Core = "AddSub">   --->   Core 14 'AddSub' <Latency = 0> <II = 1> <Delay = 1.54> <FuncUnit> <Opcode : 'add' 'sub'> <InPorts = 2> <OutPorts = 1>
ST_2 : Operation 51 [1/1] (0.00ns)   --->   "br i1 %exitcond2, label %5, label %2" [../src/Tanh/Tanh.cpp:18]   --->   Operation 51 'br' <Predicate = true> <Delay = 0.00>
ST_2 : Operation 52 [1/1] (0.00ns)   --->   "%tmp_6 = call i32 (...)* @_ssdm_op_SpecRegionBegin([12 x i8]* @p_str5)" [../src/Tanh/Tanh.cpp:18]   --->   Operation 52 'specregionbegin' 'tmp_6' <Predicate = (!exitcond2)> <Delay = 0.00>
ST_2 : Operation 53 [1/1] (0.46ns)   --->   "br label %.loopexit" [../src/Tanh/Tanh.cpp:20]   --->   Operation 53 'br' <Predicate = (!exitcond2)> <Delay = 0.46>
ST_2 : Operation 54 [1/1] (0.00ns)   --->   "ret void" [../src/Tanh/Tanh.cpp:27]   --->   Operation 54 'ret' <Predicate = (exitcond2)> <Delay = 0.00>

State 3 <SV = 2> <Delay = 1.82>
ST_3 : Operation 55 [1/1] (0.00ns)   --->   "%i_op_assign_1 = phi i12 [ 0, %2 ], [ %h, %.loopexit.loopexit ]"   --->   Operation 55 'phi' 'i_op_assign_1' <Predicate = true> <Delay = 0.00>
ST_3 : Operation 56 [1/1] (0.00ns)   --->   "%i_op_assign_1_cast2 = zext i12 %i_op_assign_1 to i24" [../src/Tanh/Tanh.cpp:20]   --->   Operation 56 'zext' 'i_op_assign_1_cast2' <Predicate = true> <Delay = 0.00>
ST_3 : Operation 57 [1/1] (1.82ns)   --->   "%exitcond1 = icmp eq i12 %i_op_assign_1, %height_V_read" [../src/Tanh/Tanh.cpp:20]   --->   Operation 57 'icmp' 'exitcond1' <Predicate = true> <Delay = 1.82> <Core = "Cmp">   --->   Core 25 'Cmp' <Latency = 0> <II = 1> <Delay = 1.82> <FuncUnit> <Opcode : 'icmp'> <InPorts = 2> <OutPorts = 1>
ST_3 : Operation 58 [1/1] (0.00ns)   --->   "%empty_127 = call i32 (...)* @_ssdm_op_SpecLoopTripCount(i64 0, i64 4095, i64 0)"   --->   Operation 58 'speclooptripcount' 'empty_127' <Predicate = true> <Delay = 0.00>
ST_3 : Operation 59 [1/1] (1.54ns)   --->   "%h = add i12 %i_op_assign_1, 1" [../src/Tanh/Tanh.cpp:20]   --->   Operation 59 'add' 'h' <Predicate = true> <Delay = 1.54> <Core = "AddSub">   --->   Core 14 'AddSub' <Latency = 0> <II = 1> <Delay = 1.54> <FuncUnit> <Opcode : 'add' 'sub'> <InPorts = 2> <OutPorts = 1>
ST_3 : Operation 60 [1/1] (0.00ns)   --->   "br i1 %exitcond1, label %4, label %.preheader.preheader" [../src/Tanh/Tanh.cpp:20]   --->   Operation 60 'br' <Predicate = true> <Delay = 0.00>
ST_3 : Operation 61 [1/1] (1.68ns)   --->   "%tmp = add i24 %i_op_assign_1_cast2, %phi_mul" [../src/Tanh/Tanh.cpp:20]   --->   Operation 61 'add' 'tmp' <Predicate = (!exitcond1)> <Delay = 1.68> <Core = "AddSub">   --->   Core 14 'AddSub' <Latency = 0> <II = 1> <Delay = 1.54> <FuncUnit> <Opcode : 'add' 'sub'> <InPorts = 2> <OutPorts = 1>
ST_3 : Operation 62 [1/1] (0.00ns)   --->   "%empty_129 = call i32 (...)* @_ssdm_op_SpecRegionEnd([12 x i8]* @p_str5, i32 %tmp_6)" [../src/Tanh/Tanh.cpp:26]   --->   Operation 62 'specregionend' 'empty_129' <Predicate = (exitcond1)> <Delay = 0.00>
ST_3 : Operation 63 [1/1] (0.00ns)   --->   "br label %1" [../src/Tanh/Tanh.cpp:18]   --->   Operation 63 'br' <Predicate = (exitcond1)> <Delay = 0.00>

State 4 <SV = 3> <Delay = 7.44>
ST_4 : Operation 64 [1/1] (0.00ns)   --->   "%tmp_cast = zext i24 %tmp to i32" [../src/Tanh/Tanh.cpp:20]   --->   Operation 64 'zext' 'tmp_cast' <Predicate = true> <Delay = 0.00>
ST_4 : Operation 65 [1/1] (5.55ns) (root node of the DSP)   --->   "%tmp1 = mul i32 %tmp_3, %tmp_cast" [../src/Tanh/Tanh.cpp:20]   --->   Operation 65 'mul' 'tmp1' <Predicate = true> <Delay = 5.55> <Core = "DSP48">   --->   Core 65 'DSP48' <Latency = 0> <II = 1> <Delay = 5.55> <IPBlock> <Opcode : 'mul' 'add' 'sub' 'select'> <InPorts = 0> <OutPorts = 1> <Sync> <CReg>
ST_4 : Operation 66 [1/1] (0.00ns)   --->   "%tmp_40_cast = sext i32 %tmp1 to i33" [../src/Tanh/Tanh.cpp:23]   --->   Operation 66 'sext' 'tmp_40_cast' <Predicate = true> <Delay = 0.00>
ST_4 : Operation 67 [1/1] (1.89ns)   --->   "%in_data2_sum = add i33 %tmp_40_cast, %tmp_15_cast" [../src/Tanh/Tanh.cpp:23]   --->   Operation 67 'add' 'in_data2_sum' <Predicate = true> <Delay = 1.89> <Core = "AddSub">   --->   Core 14 'AddSub' <Latency = 0> <II = 1> <Delay = 1.54> <FuncUnit> <Opcode : 'add' 'sub'> <InPorts = 2> <OutPorts = 1>
ST_4 : Operation 68 [1/1] (0.00ns)   --->   "%in_data2_sum_cast = sext i33 %in_data2_sum to i64" [../src/Tanh/Tanh.cpp:23]   --->   Operation 68 'sext' 'in_data2_sum_cast' <Predicate = true> <Delay = 0.00>
ST_4 : Operation 69 [1/1] (0.00ns)   --->   "%gmem_addr = getelementptr inbounds float* %gmem, i64 %in_data2_sum_cast" [../src/Tanh/Tanh.cpp:23]   --->   Operation 69 'getelementptr' 'gmem_addr' <Predicate = true> <Delay = 0.00>

State 5 <SV = 4> <Delay = 8.75>
ST_5 : Operation 70 [7/7] (8.75ns)   --->   "%gmem_addr_rd_req = call i1 @_ssdm_op_ReadReq.m_axi.floatP(float* %gmem_addr, i32 %tmp_3)" [../src/Tanh/Tanh.cpp:23]   --->   Operation 70 'readreq' 'gmem_addr_rd_req' <Predicate = true> <Delay = 8.75> <Core = "m_axi">   --->   Core 9 'm_axi' <Latency = 6> <II = 1> <Delay = 1.00> <Adapter> <Opcode : 'read' 'write' 'readreq' 'writereq' 'writeresp'>

State 6 <SV = 5> <Delay = 8.75>
ST_6 : Operation 71 [6/7] (8.75ns)   --->   "%gmem_addr_rd_req = call i1 @_ssdm_op_ReadReq.m_axi.floatP(float* %gmem_addr, i32 %tmp_3)" [../src/Tanh/Tanh.cpp:23]   --->   Operation 71 'readreq' 'gmem_addr_rd_req' <Predicate = true> <Delay = 8.75> <Core = "m_axi">   --->   Core 9 'm_axi' <Latency = 6> <II = 1> <Delay = 1.00> <Adapter> <Opcode : 'read' 'write' 'readreq' 'writereq' 'writeresp'>

State 7 <SV = 6> <Delay = 8.75>
ST_7 : Operation 72 [5/7] (8.75ns)   --->   "%gmem_addr_rd_req = call i1 @_ssdm_op_ReadReq.m_axi.floatP(float* %gmem_addr, i32 %tmp_3)" [../src/Tanh/Tanh.cpp:23]   --->   Operation 72 'readreq' 'gmem_addr_rd_req' <Predicate = true> <Delay = 8.75> <Core = "m_axi">   --->   Core 9 'm_axi' <Latency = 6> <II = 1> <Delay = 1.00> <Adapter> <Opcode : 'read' 'write' 'readreq' 'writereq' 'writeresp'>

State 8 <SV = 7> <Delay = 8.75>
ST_8 : Operation 73 [4/7] (8.75ns)   --->   "%gmem_addr_rd_req = call i1 @_ssdm_op_ReadReq.m_axi.floatP(float* %gmem_addr, i32 %tmp_3)" [../src/Tanh/Tanh.cpp:23]   --->   Operation 73 'readreq' 'gmem_addr_rd_req' <Predicate = true> <Delay = 8.75> <Core = "m_axi">   --->   Core 9 'm_axi' <Latency = 6> <II = 1> <Delay = 1.00> <Adapter> <Opcode : 'read' 'write' 'readreq' 'writereq' 'writeresp'>

State 9 <SV = 8> <Delay = 8.75>
ST_9 : Operation 74 [3/7] (8.75ns)   --->   "%gmem_addr_rd_req = call i1 @_ssdm_op_ReadReq.m_axi.floatP(float* %gmem_addr, i32 %tmp_3)" [../src/Tanh/Tanh.cpp:23]   --->   Operation 74 'readreq' 'gmem_addr_rd_req' <Predicate = true> <Delay = 8.75> <Core = "m_axi">   --->   Core 9 'm_axi' <Latency = 6> <II = 1> <Delay = 1.00> <Adapter> <Opcode : 'read' 'write' 'readreq' 'writereq' 'writeresp'>

State 10 <SV = 9> <Delay = 8.75>
ST_10 : Operation 75 [2/7] (8.75ns)   --->   "%gmem_addr_rd_req = call i1 @_ssdm_op_ReadReq.m_axi.floatP(float* %gmem_addr, i32 %tmp_3)" [../src/Tanh/Tanh.cpp:23]   --->   Operation 75 'readreq' 'gmem_addr_rd_req' <Predicate = true> <Delay = 8.75> <Core = "m_axi">   --->   Core 9 'm_axi' <Latency = 6> <II = 1> <Delay = 1.00> <Adapter> <Opcode : 'read' 'write' 'readreq' 'writereq' 'writeresp'>

State 11 <SV = 10> <Delay = 8.75>
ST_11 : Operation 76 [1/7] (8.75ns)   --->   "%gmem_addr_rd_req = call i1 @_ssdm_op_ReadReq.m_axi.floatP(float* %gmem_addr, i32 %tmp_3)" [../src/Tanh/Tanh.cpp:23]   --->   Operation 76 'readreq' 'gmem_addr_rd_req' <Predicate = true> <Delay = 8.75> <Core = "m_axi">   --->   Core 9 'm_axi' <Latency = 6> <II = 1> <Delay = 1.00> <Adapter> <Opcode : 'read' 'write' 'readreq' 'writereq' 'writeresp'>
ST_11 : Operation 77 [1/1] (0.46ns)   --->   "br label %.preheader" [../src/Tanh/Tanh.cpp:21]   --->   Operation 77 'br' <Predicate = true> <Delay = 0.46>

State 12 <SV = 11> <Delay = 8.75>
ST_12 : Operation 78 [1/1] (0.00ns)   --->   "%i_op_assign_2 = phi i12 [ %w, %3 ], [ 0, %.preheader.preheader ]"   --->   Operation 78 'phi' 'i_op_assign_2' <Predicate = true> <Delay = 0.00>
ST_12 : Operation 79 [1/1] (0.00ns)   --->   "%i_op_assign_2_cast1 = zext i12 %i_op_assign_2 to i32" [../src/Tanh/Tanh.cpp:21]   --->   Operation 79 'zext' 'i_op_assign_2_cast1' <Predicate = true> <Delay = 0.00>
ST_12 : Operation 80 [1/1] (1.82ns)   --->   "%exitcond = icmp eq i12 %i_op_assign_2, %width_V_read" [../src/Tanh/Tanh.cpp:21]   --->   Operation 80 'icmp' 'exitcond' <Predicate = true> <Delay = 1.82> <Core = "Cmp">   --->   Core 25 'Cmp' <Latency = 0> <II = 1> <Delay = 1.82> <FuncUnit> <Opcode : 'icmp'> <InPorts = 2> <OutPorts = 1>
ST_12 : Operation 81 [1/1] (0.00ns)   --->   "%empty_128 = call i32 (...)* @_ssdm_op_SpecLoopTripCount(i64 0, i64 4095, i64 0)"   --->   Operation 81 'speclooptripcount' 'empty_128' <Predicate = true> <Delay = 0.00>
ST_12 : Operation 82 [1/1] (1.54ns)   --->   "%w = add i12 %i_op_assign_2, 1" [../src/Tanh/Tanh.cpp:21]   --->   Operation 82 'add' 'w' <Predicate = true> <Delay = 1.54> <Core = "AddSub">   --->   Core 14 'AddSub' <Latency = 0> <II = 1> <Delay = 1.54> <FuncUnit> <Opcode : 'add' 'sub'> <InPorts = 2> <OutPorts = 1>
ST_12 : Operation 83 [1/1] (0.00ns)   --->   "br i1 %exitcond, label %.loopexit.loopexit, label %3" [../src/Tanh/Tanh.cpp:21]   --->   Operation 83 'br' <Predicate = true> <Delay = 0.00>
ST_12 : Operation 84 [1/1] (1.89ns)   --->   "%index = add i32 %i_op_assign_2_cast1, %tmp1" [../src/Tanh/Tanh.cpp:22]   --->   Operation 84 'add' 'index' <Predicate = (!exitcond)> <Delay = 1.89> <Core = "AddSub">   --->   Core 14 'AddSub' <Latency = 0> <II = 1> <Delay = 1.54> <FuncUnit> <Opcode : 'add' 'sub'> <InPorts = 2> <OutPorts = 1>
ST_12 : Operation 85 [1/1] (0.00ns)   --->   "%tmp_34_cast = sext i32 %index to i33" [../src/Tanh/Tanh.cpp:23]   --->   Operation 85 'sext' 'tmp_34_cast' <Predicate = (!exitcond)> <Delay = 0.00>
ST_12 : Operation 86 [1/1] (8.75ns)   --->   "%gmem_addr_read = call float @_ssdm_op_Read.m_axi.floatP(float* %gmem_addr)" [../src/Tanh/Tanh.cpp:23]   --->   Operation 86 'read' 'gmem_addr_read' <Predicate = (!exitcond)> <Delay = 8.75> <Core = "m_axi">   --->   Core 9 'm_axi' <Latency = 6> <II = 1> <Delay = 1.00> <Adapter> <Opcode : 'read' 'write' 'readreq' 'writereq' 'writeresp'>
ST_12 : Operation 87 [1/1] (1.89ns)   --->   "%out_data4_sum6 = add i33 %tmp_34_cast, %tmp_14_cast" [../src/Tanh/Tanh.cpp:23]   --->   Operation 87 'add' 'out_data4_sum6' <Predicate = (!exitcond)> <Delay = 1.89> <Core = "AddSub">   --->   Core 14 'AddSub' <Latency = 0> <II = 1> <Delay = 1.54> <FuncUnit> <Opcode : 'add' 'sub'> <InPorts = 2> <OutPorts = 1>
ST_12 : Operation 88 [1/1] (0.00ns)   --->   "%out_data4_sum6_cast = sext i33 %out_data4_sum6 to i64" [../src/Tanh/Tanh.cpp:23]   --->   Operation 88 'sext' 'out_data4_sum6_cast' <Predicate = (!exitcond)> <Delay = 0.00>
ST_12 : Operation 89 [1/1] (0.00ns)   --->   "%gmem_addr_1 = getelementptr inbounds float* %gmem, i64 %out_data4_sum6_cast" [../src/Tanh/Tanh.cpp:23]   --->   Operation 89 'getelementptr' 'gmem_addr_1' <Predicate = (!exitcond)> <Delay = 0.00>
ST_12 : Operation 90 [1/1] (0.00ns)   --->   "br label %.loopexit"   --->   Operation 90 'br' <Predicate = (exitcond)> <Delay = 0.00>

State 13 <SV = 12> <Delay = 8.58>
ST_13 : Operation 91 [2/2] (8.58ns)   --->   "%tmp_i_i = call fastcc float @"generic_tanh<float>"(float %gmem_addr_read) nounwind" [r:/builds/2018.3/continuous/2018_12_06_2405991/src/products/hls/hls_lib/hlsmath/src/c/tanhfloat.cpp:7->D:/software/Xilinx/Vivado/2018.3/win64/tools/clang/bin\..\lib\clang\3.1/../../../include/c++/4.5.2\cmath:466->../src/Tanh/Tanh.cpp:23]   --->   Operation 91 'call' 'tmp_i_i' <Predicate = true> <Delay = 8.58> <CoreType = "Generic">   --->   Core 0 '' <Latency = 0> <II = 1> <Delay = 1.00> <Generic> <Opcode : >

State 14 <SV = 13> <Delay = 8.75>
ST_14 : Operation 92 [1/2] (2.29ns)   --->   "%tmp_i_i = call fastcc float @"generic_tanh<float>"(float %gmem_addr_read) nounwind" [r:/builds/2018.3/continuous/2018_12_06_2405991/src/products/hls/hls_lib/hlsmath/src/c/tanhfloat.cpp:7->D:/software/Xilinx/Vivado/2018.3/win64/tools/clang/bin\..\lib\clang\3.1/../../../include/c++/4.5.2\cmath:466->../src/Tanh/Tanh.cpp:23]   --->   Operation 92 'call' 'tmp_i_i' <Predicate = true> <Delay = 2.29> <CoreType = "Generic">   --->   Core 0 '' <Latency = 0> <II = 1> <Delay = 1.00> <Generic> <Opcode : >
ST_14 : Operation 93 [1/1] (8.75ns)   --->   "%gmem_addr_3_req = call i1 @_ssdm_op_WriteReq.m_axi.floatP(float* %gmem_addr_1, i32 1)" [../src/Tanh/Tanh.cpp:23]   --->   Operation 93 'writereq' 'gmem_addr_3_req' <Predicate = true> <Delay = 8.75> <Core = "m_axi">   --->   Core 9 'm_axi' <Latency = 6> <II = 1> <Delay = 1.00> <Adapter> <Opcode : 'read' 'write' 'readreq' 'writereq' 'writeresp'>

State 15 <SV = 14> <Delay = 8.75>
ST_15 : Operation 94 [1/1] (8.75ns)   --->   "call void @_ssdm_op_Write.m_axi.floatP(float* %gmem_addr_1, float %tmp_i_i, i4 -1)" [../src/Tanh/Tanh.cpp:23]   --->   Operation 94 'write' <Predicate = true> <Delay = 8.75> <Core = "m_axi">   --->   Core 9 'm_axi' <Latency = 6> <II = 1> <Delay = 1.00> <Adapter> <Opcode : 'read' 'write' 'readreq' 'writereq' 'writeresp'>

State 16 <SV = 15> <Delay = 8.75>
ST_16 : Operation 95 [5/5] (8.75ns)   --->   "%gmem_addr_3_resp = call i1 @_ssdm_op_WriteResp.m_axi.floatP(float* %gmem_addr_1)" [../src/Tanh/Tanh.cpp:23]   --->   Operation 95 'writeresp' 'gmem_addr_3_resp' <Predicate = true> <Delay = 8.75> <Core = "m_axi">   --->   Core 9 'm_axi' <Latency = 6> <II = 1> <Delay = 1.00> <Adapter> <Opcode : 'read' 'write' 'readreq' 'writereq' 'writeresp'>

State 17 <SV = 16> <Delay = 8.75>
ST_17 : Operation 96 [4/5] (8.75ns)   --->   "%gmem_addr_3_resp = call i1 @_ssdm_op_WriteResp.m_axi.floatP(float* %gmem_addr_1)" [../src/Tanh/Tanh.cpp:23]   --->   Operation 96 'writeresp' 'gmem_addr_3_resp' <Predicate = true> <Delay = 8.75> <Core = "m_axi">   --->   Core 9 'm_axi' <Latency = 6> <II = 1> <Delay = 1.00> <Adapter> <Opcode : 'read' 'write' 'readreq' 'writereq' 'writeresp'>

State 18 <SV = 17> <Delay = 8.75>
ST_18 : Operation 97 [3/5] (8.75ns)   --->   "%gmem_addr_3_resp = call i1 @_ssdm_op_WriteResp.m_axi.floatP(float* %gmem_addr_1)" [../src/Tanh/Tanh.cpp:23]   --->   Operation 97 'writeresp' 'gmem_addr_3_resp' <Predicate = true> <Delay = 8.75> <Core = "m_axi">   --->   Core 9 'm_axi' <Latency = 6> <II = 1> <Delay = 1.00> <Adapter> <Opcode : 'read' 'write' 'readreq' 'writereq' 'writeresp'>

State 19 <SV = 18> <Delay = 8.75>
ST_19 : Operation 98 [2/5] (8.75ns)   --->   "%gmem_addr_3_resp = call i1 @_ssdm_op_WriteResp.m_axi.floatP(float* %gmem_addr_1)" [../src/Tanh/Tanh.cpp:23]   --->   Operation 98 'writeresp' 'gmem_addr_3_resp' <Predicate = true> <Delay = 8.75> <Core = "m_axi">   --->   Core 9 'm_axi' <Latency = 6> <II = 1> <Delay = 1.00> <Adapter> <Opcode : 'read' 'write' 'readreq' 'writereq' 'writeresp'>

State 20 <SV = 19> <Delay = 8.75>
ST_20 : Operation 99 [1/5] (8.75ns)   --->   "%gmem_addr_3_resp = call i1 @_ssdm_op_WriteResp.m_axi.floatP(float* %gmem_addr_1)" [../src/Tanh/Tanh.cpp:23]   --->   Operation 99 'writeresp' 'gmem_addr_3_resp' <Predicate = true> <Delay = 8.75> <Core = "m_axi">   --->   Core 9 'm_axi' <Latency = 6> <II = 1> <Delay = 1.00> <Adapter> <Opcode : 'read' 'write' 'readreq' 'writereq' 'writeresp'>
ST_20 : Operation 100 [1/1] (0.00ns)   --->   "br label %.preheader" [../src/Tanh/Tanh.cpp:21]   --->   Operation 100 'br' <Predicate = true> <Delay = 0.00>


============================================================
+ Verbose Summary: Binding
============================================================
STG Binding: 
---------------- STG Properties BEGIN ----------------
- Is combinational: 0
- Is one-state seq: 0
- Is datapath-only: 0
- Is pipelined: 0
- Is top level: 1
Port [ Return ] is wired: 1; IO mode=ap_ctrl_hs:ce=0
Port [ gmem]:  wired=1; compound=1; hidden=0; nouse=0; global=0; static=0; extern=0; dir=2; type=4; pingpong=0; private_global=0; IO mode=m_axi:ce=0
Port [ channel_V]:  wired=1; compound=0; hidden=0; nouse=0; global=0; static=0; extern=0; dir=0; type=0; pingpong=0; private_global=0; IO mode=ap_none:ce=0
Port [ height_V]:  wired=1; compound=0; hidden=0; nouse=0; global=0; static=0; extern=0; dir=0; type=0; pingpong=0; private_global=0; IO mode=ap_none:ce=0
Port [ width_V]:  wired=1; compound=0; hidden=0; nouse=0; global=0; static=0; extern=0; dir=0; type=0; pingpong=0; private_global=0; IO mode=ap_none:ce=0
Port [ in_data]:  wired=1; compound=0; hidden=0; nouse=0; global=0; static=0; extern=0; dir=0; type=0; pingpong=0; private_global=0; IO mode=ap_none:ce=0
Port [ out_data]:  wired=1; compound=0; hidden=0; nouse=0; global=0; static=0; extern=0; dir=0; type=0; pingpong=0; private_global=0; IO mode=ap_none:ce=0
Port [ table_exp_Z1_array_s]:  wired=0; compound=1; hidden=1; nouse=1; global=1; static=1; extern=0; dir=0; type=1; pingpong=0; private_global=0; linkage=7; visibility=0; MemPort=[1]; IO mode=ap_memory:ce=0
Port [ table_f_Z3_array_V]:  wired=0; compound=1; hidden=1; nouse=1; global=1; static=1; extern=0; dir=0; type=1; pingpong=0; private_global=0; linkage=7; visibility=0; MemPort=[11]; IO mode=ap_memory:ce=0
Port [ table_f_Z2_array_V]:  wired=0; compound=1; hidden=1; nouse=1; global=1; static=1; extern=0; dir=0; type=1; pingpong=0; private_global=0; linkage=7; visibility=0; MemPort=[1]; IO mode=ap_memory:ce=0
---------------- STG Properties END ------------------

---------------- Datapath Model BEGIN ----------------

<LifeTime>
<method=bitvector/>
out_data_read       (read             ) [ 000000000000000000000]
in_data_read        (read             ) [ 000000000000000000000]
width_V_read        (read             ) [ 001111111111111111111]
height_V_read       (read             ) [ 001111111111111111111]
channel_V_read      (read             ) [ 001111111111111111111]
tmp_49              (partselect       ) [ 000000000000000000000]
tmp_14_cast         (zext             ) [ 001111111111111111111]
tmp_50              (partselect       ) [ 000000000000000000000]
tmp_15_cast         (zext             ) [ 001111111111111111111]
StgValue_30         (specbitsmap      ) [ 000000000000000000000]
StgValue_31         (specbitsmap      ) [ 000000000000000000000]
StgValue_32         (specbitsmap      ) [ 000000000000000000000]
StgValue_33         (specbitsmap      ) [ 000000000000000000000]
StgValue_34         (spectopmodule    ) [ 000000000000000000000]
StgValue_35         (specinterface    ) [ 000000000000000000000]
StgValue_36         (specinterface    ) [ 000000000000000000000]
StgValue_37         (specinterface    ) [ 000000000000000000000]
StgValue_38         (specinterface    ) [ 000000000000000000000]
StgValue_39         (specinterface    ) [ 000000000000000000000]
StgValue_40         (specinterface    ) [ 000000000000000000000]
StgValue_41         (specinterface    ) [ 000000000000000000000]
tmp_3               (zext             ) [ 001111111111111111111]
tmp_4_cast4         (zext             ) [ 001111111111111111111]
StgValue_44         (br               ) [ 011111111111111111111]
i_op_assign         (phi              ) [ 001000000000000000000]
phi_mul             (phi              ) [ 001111111111111111111]
next_mul            (add              ) [ 011111111111111111111]
exitcond2           (icmp             ) [ 001111111111111111111]
empty               (speclooptripcount) [ 000000000000000000000]
c                   (add              ) [ 011111111111111111111]
StgValue_51         (br               ) [ 000000000000000000000]
tmp_6               (specregionbegin  ) [ 000111111111111111111]
StgValue_53         (br               ) [ 001111111111111111111]
StgValue_54         (ret              ) [ 000000000000000000000]
i_op_assign_1       (phi              ) [ 000100000000000000000]
i_op_assign_1_cast2 (zext             ) [ 000000000000000000000]
exitcond1           (icmp             ) [ 001111111111111111111]
empty_127           (speclooptripcount) [ 000000000000000000000]
h                   (add              ) [ 001111111111111111111]
StgValue_60         (br               ) [ 000000000000000000000]
tmp                 (add              ) [ 000010000000000000000]
empty_129           (specregionend    ) [ 000000000000000000000]
StgValue_63         (br               ) [ 011111111111111111111]
tmp_cast            (zext             ) [ 000000000000000000000]
tmp1                (mul              ) [ 000001111111111111111]
tmp_40_cast         (sext             ) [ 000000000000000000000]
in_data2_sum        (add              ) [ 000000000000000000000]
in_data2_sum_cast   (sext             ) [ 000000000000000000000]
gmem_addr           (getelementptr    ) [ 000001111111111111111]
gmem_addr_rd_req    (readreq          ) [ 000000000000000000000]
StgValue_77         (br               ) [ 001111111111111111111]
i_op_assign_2       (phi              ) [ 000000000000100000000]
i_op_assign_2_cast1 (zext             ) [ 000000000000000000000]
exitcond            (icmp             ) [ 001111111111111111111]
empty_128           (speclooptripcount) [ 000000000000000000000]
w                   (add              ) [ 001111111111111111111]
StgValue_83         (br               ) [ 000000000000000000000]
index               (add              ) [ 000000000000000000000]
tmp_34_cast         (sext             ) [ 000000000000000000000]
gmem_addr_read      (read             ) [ 000000000000011000000]
out_data4_sum6      (add              ) [ 000000000000000000000]
out_data4_sum6_cast (sext             ) [ 000000000000000000000]
gmem_addr_1         (getelementptr    ) [ 000000000000011111111]
StgValue_90         (br               ) [ 001111111111111111111]
tmp_i_i             (call             ) [ 000000000000000100000]
gmem_addr_3_req     (writereq         ) [ 000000000000000000000]
StgValue_94         (write            ) [ 000000000000000000000]
gmem_addr_3_resp    (writeresp        ) [ 000000000000000000000]
StgValue_100        (br               ) [ 001111111111111111111]
</LifeTime>

<model>

<comp_list>
<comp id="0" class="1000" name="gmem">
<pin_list>
<pin id="1" dir="1" index="0" bw="1" slack="0"/>
</pin_list>
<bind>
<StgValue><ssdm name="gmem"/></StgValue>
</bind>
</comp>

<comp id="2" class="1000" name="channel_V">
<pin_list>
<pin id="3" dir="1" index="0" bw="1" slack="0"/>
</pin_list>
<bind>
<StgValue><ssdm name="channel_V"/></StgValue>
</bind>
</comp>

<comp id="4" class="1000" name="height_V">
<pin_list>
<pin id="5" dir="1" index="0" bw="1" slack="0"/>
</pin_list>
<bind>
<StgValue><ssdm name="height_V"/></StgValue>
</bind>
</comp>

<comp id="6" class="1000" name="width_V">
<pin_list>
<pin id="7" dir="1" index="0" bw="1" slack="0"/>
</pin_list>
<bind>
<StgValue><ssdm name="width_V"/></StgValue>
</bind>
</comp>

<comp id="8" class="1000" name="in_data">
<pin_list>
<pin id="9" dir="1" index="0" bw="1" slack="0"/>
</pin_list>
<bind>
<StgValue><ssdm name="in_data"/></StgValue>
</bind>
</comp>

<comp id="10" class="1000" name="out_data">
<pin_list>
<pin id="11" dir="1" index="0" bw="1" slack="0"/>
</pin_list>
<bind>
<StgValue><ssdm name="out_data"/></StgValue>
</bind>
</comp>

<comp id="12" class="1000" name="table_exp_Z1_array_s">
<pin_list>
<pin id="13" dir="1" index="0" bw="1" slack="0"/>
</pin_list>
<bind>
<StgValue><ssdm name="table_exp_Z1_array_s"/><MemPortTyVec>1 </MemPortTyVec>
</StgValue>
</bind>
</comp>

<comp id="14" class="1000" name="table_f_Z3_array_V">
<pin_list>
<pin id="15" dir="1" index="0" bw="1" slack="0"/>
</pin_list>
<bind>
<StgValue><ssdm name="table_f_Z3_array_V"/><MemPortTyVec>1 1 </MemPortTyVec>
</StgValue>
</bind>
</comp>

<comp id="16" class="1000" name="table_f_Z2_array_V">
<pin_list>
<pin id="17" dir="1" index="0" bw="1" slack="0"/>
</pin_list>
<bind>
<StgValue><ssdm name="table_f_Z2_array_V"/><MemPortTyVec>1 </MemPortTyVec>
</StgValue>
</bind>
</comp>

<comp id="18" class="1001" name="const_18">
<pin_list>
<pin id="19" dir="1" index="0" bw="1" slack="0"/>
</pin_list>
<bind>
<StgValue><ssdm name="_ssdm_op_Read.s_axilite.i32"/></StgValue>
</bind>
</comp>

<comp id="20" class="1001" name="const_20">
<pin_list>
<pin id="21" dir="1" index="0" bw="1" slack="0"/>
</pin_list>
<bind>
<StgValue><ssdm name="_ssdm_op_Read.s_axilite.i12"/></StgValue>
</bind>
</comp>

<comp id="22" class="1001" name="const_22">
<pin_list>
<pin id="23" dir="1" index="0" bw="1" slack="0"/>
</pin_list>
<bind>
<StgValue><ssdm name="_ssdm_op_PartSelect.i30.i32.i32.i32"/></StgValue>
</bind>
</comp>

<comp id="24" class="1001" name="const_24">
<pin_list>
<pin id="25" dir="1" index="0" bw="1" slack="0"/>
</pin_list>
<bind>
<StgValue><ssdm name=""/></StgValue>
</bind>
</comp>

<comp id="26" class="1001" name="const_26">
<pin_list>
<pin id="27" dir="1" index="0" bw="1" slack="0"/>
</pin_list>
<bind>
<StgValue><ssdm name=""/></StgValue>
</bind>
</comp>

<comp id="28" class="1001" name="const_28">
<pin_list>
<pin id="29" dir="1" index="0" bw="1" slack="2147483647"/>
</pin_list>
<bind>
<StgValue><ssdm name="_ssdm_op_SpecBitsMap"/></StgValue>
</bind>
</comp>

<comp id="30" class="1001" name="const_30">
<pin_list>
<pin id="31" dir="1" index="0" bw="1" slack="2147483647"/>
</pin_list>
<bind>
<StgValue><ssdm name="_ssdm_op_SpecTopModule"/></StgValue>
</bind>
</comp>

<comp id="32" class="1001" name="const_32">
<pin_list>
<pin id="33" dir="1" index="0" bw="1" slack="2147483647"/>
</pin_list>
<bind>
<StgValue><ssdm name="Tanh_str"/></StgValue>
</bind>
</comp>

<comp id="34" class="1001" name="const_34">
<pin_list>
<pin id="35" dir="1" index="0" bw="1" slack="2147483647"/>
</pin_list>
<bind>
<StgValue><ssdm name="_ssdm_op_SpecInterface"/></StgValue>
</bind>
</comp>

<comp id="36" class="1001" name="const_36">
<pin_list>
<pin id="37" dir="1" index="0" bw="1" slack="2147483647"/>
</pin_list>
<bind>
<StgValue><ssdm name="p_str"/></StgValue>
</bind>
</comp>

<comp id="38" class="1001" name="const_38">
<pin_list>
<pin id="39" dir="1" index="0" bw="1" slack="2147483647"/>
</pin_list>
<bind>
<StgValue><ssdm name=""/></StgValue>
</bind>
</comp>

<comp id="40" class="1001" name="const_40">
<pin_list>
<pin id="41" dir="1" index="0" bw="1" slack="2147483647"/>
</pin_list>
<bind>
<StgValue><ssdm name="p_str1"/></StgValue>
</bind>
</comp>

<comp id="42" class="1001" name="const_42">
<pin_list>
<pin id="43" dir="1" index="0" bw="1" slack="2147483647"/>
</pin_list>
<bind>
<StgValue><ssdm name=""/></StgValue>
</bind>
</comp>

<comp id="44" class="1001" name="const_44">
<pin_list>
<pin id="45" dir="1" index="0" bw="1" slack="2147483647"/>
</pin_list>
<bind>
<StgValue><ssdm name="p_str2"/></StgValue>
</bind>
</comp>

<comp id="46" class="1001" name="const_46">
<pin_list>
<pin id="47" dir="1" index="0" bw="1" slack="2147483647"/>
</pin_list>
<bind>
<StgValue><ssdm name="p_str3"/></StgValue>
</bind>
</comp>

<comp id="48" class="1001" name="const_48">
<pin_list>
<pin id="49" dir="1" index="0" bw="1" slack="2147483647"/>
</pin_list>
<bind>
<StgValue><ssdm name=""/></StgValue>
</bind>
</comp>

<comp id="50" class="1001" name="const_50">
<pin_list>
<pin id="51" dir="1" index="0" bw="1" slack="2147483647"/>
</pin_list>
<bind>
<StgValue><ssdm name="mode"/></StgValue>
</bind>
</comp>

<comp id="52" class="1001" name="const_52">
<pin_list>
<pin id="53" dir="1" index="0" bw="1" slack="2147483647"/>
</pin_list>
<bind>
<StgValue><ssdm name="bundle"/></StgValue>
</bind>
</comp>

<comp id="54" class="1001" name="const_54">
<pin_list>
<pin id="55" dir="1" index="0" bw="1" slack="2147483647"/>
</pin_list>
<bind>
<StgValue><ssdm name="mode1"/></StgValue>
</bind>
</comp>

<comp id="56" class="1001" name="const_56">
<pin_list>
<pin id="57" dir="1" index="0" bw="1" slack="2147483647"/>
</pin_list>
<bind>
<StgValue><ssdm name="bundle2"/></StgValue>
</bind>
</comp>

<comp id="58" class="1001" name="const_58">
<pin_list>
<pin id="59" dir="1" index="0" bw="1" slack="2147483647"/>
</pin_list>
<bind>
<StgValue><ssdm name="p_str4"/></StgValue>
</bind>
</comp>

<comp id="60" class="1001" name="const_60">
<pin_list>
<pin id="61" dir="1" index="0" bw="1" slack="1"/>
</pin_list>
<bind>
<StgValue><ssdm name=""/></StgValue>
</bind>
</comp>

<comp id="62" class="1001" name="const_62">
<pin_list>
<pin id="63" dir="1" index="0" bw="1" slack="1"/>
</pin_list>
<bind>
<StgValue><ssdm name=""/></StgValue>
</bind>
</comp>

<comp id="64" class="1001" name="const_64">
<pin_list>
<pin id="65" dir="1" index="0" bw="1" slack="2147483647"/>
</pin_list>
<bind>
<StgValue><ssdm name="_ssdm_op_SpecLoopTripCount"/></StgValue>
</bind>
</comp>

<comp id="66" class="1001" name="const_66">
<pin_list>
<pin id="67" dir="1" index="0" bw="1" slack="2147483647"/>
</pin_list>
<bind>
<StgValue><ssdm name=""/></StgValue>
</bind>
</comp>

<comp id="68" class="1001" name="const_68">
<pin_list>
<pin id="69" dir="1" index="0" bw="1" slack="2147483647"/>
</pin_list>
<bind>
<StgValue><ssdm name=""/></StgValue>
</bind>
</comp>

<comp id="70" class="1001" name="const_70">
<pin_list>
<pin id="71" dir="1" index="0" bw="1" slack="0"/>
</pin_list>
<bind>
<StgValue><ssdm name=""/></StgValue>
</bind>
</comp>

<comp id="72" class="1001" name="const_72">
<pin_list>
<pin id="73" dir="1" index="0" bw="1" slack="2147483647"/>
</pin_list>
<bind>
<StgValue><ssdm name="_ssdm_op_SpecRegionBegin"/></StgValue>
</bind>
</comp>

<comp id="74" class="1001" name="const_74">
<pin_list>
<pin id="75" dir="1" index="0" bw="1" slack="2147483647"/>
</pin_list>
<bind>
<StgValue><ssdm name="p_str5"/></StgValue>
</bind>
</comp>

<comp id="76" class="1001" name="const_76">
<pin_list>
<pin id="77" dir="1" index="0" bw="1" slack="2147483647"/>
</pin_list>
<bind>
<StgValue><ssdm name="_ssdm_op_SpecRegionEnd"/></StgValue>
</bind>
</comp>

<comp id="78" class="1001" name="const_78">
<pin_list>
<pin id="79" dir="1" index="0" bw="1" slack="0"/>
</pin_list>
<bind>
<StgValue><ssdm name="_ssdm_op_ReadReq.m_axi.floatP"/></StgValue>
</bind>
</comp>

<comp id="80" class="1001" name="const_80">
<pin_list>
<pin id="81" dir="1" index="0" bw="1" slack="0"/>
</pin_list>
<bind>
<StgValue><ssdm name="_ssdm_op_Read.m_axi.floatP"/></StgValue>
</bind>
</comp>

<comp id="82" class="1001" name="const_82">
<pin_list>
<pin id="83" dir="1" index="0" bw="1" slack="0"/>
</pin_list>
<bind>
<StgValue><ssdm name="generic_tanh<float>"/></StgValue>
</bind>
</comp>

<comp id="84" class="1001" name="const_84">
<pin_list>
<pin id="85" dir="1" index="0" bw="1" slack="0"/>
</pin_list>
<bind>
<StgValue><ssdm name="_ssdm_op_WriteReq.m_axi.floatP"/></StgValue>
</bind>
</comp>

<comp id="86" class="1001" name="const_86">
<pin_list>
<pin id="87" dir="1" index="0" bw="1" slack="0"/>
</pin_list>
<bind>
<StgValue><ssdm name=""/></StgValue>
</bind>
</comp>

<comp id="88" class="1001" name="const_88">
<pin_list>
<pin id="89" dir="1" index="0" bw="1" slack="0"/>
</pin_list>
<bind>
<StgValue><ssdm name="_ssdm_op_Write.m_axi.floatP"/></StgValue>
</bind>
</comp>

<comp id="90" class="1001" name="const_90">
<pin_list>
<pin id="91" dir="1" index="0" bw="1" slack="0"/>
</pin_list>
<bind>
<StgValue><ssdm name=""/></StgValue>
</bind>
</comp>

<comp id="92" class="1001" name="const_92">
<pin_list>
<pin id="93" dir="1" index="0" bw="1" slack="0"/>
</pin_list>
<bind>
<StgValue><ssdm name="_ssdm_op_WriteResp.m_axi.floatP"/></StgValue>
</bind>
</comp>

<comp id="94" class="1004" name="out_data_read_read_fu_94">
<pin_list>
<pin id="95" dir="0" index="0" bw="32" slack="0"/>
<pin id="96" dir="0" index="1" bw="32" slack="0"/>
<pin id="97" dir="1" index="2" bw="32" slack="0"/>
</pin_list>
<bind>
<opcode="read(1150) " fcode="read"/>
<opset="out_data_read/1 "/>
</bind>
</comp>

<comp id="100" class="1004" name="in_data_read_read_fu_100">
<pin_list>
<pin id="101" dir="0" index="0" bw="32" slack="0"/>
<pin id="102" dir="0" index="1" bw="32" slack="0"/>
<pin id="103" dir="1" index="2" bw="32" slack="0"/>
</pin_list>
<bind>
<opcode="read(1150) " fcode="read"/>
<opset="in_data_read/1 "/>
</bind>
</comp>

<comp id="106" class="1004" name="width_V_read_read_fu_106">
<pin_list>
<pin id="107" dir="0" index="0" bw="12" slack="0"/>
<pin id="108" dir="0" index="1" bw="12" slack="0"/>
<pin id="109" dir="1" index="2" bw="12" slack="0"/>
</pin_list>
<bind>
<opcode="read(1150) " fcode="read"/>
<opset="width_V_read/1 "/>
</bind>
</comp>

<comp id="112" class="1004" name="height_V_read_read_fu_112">
<pin_list>
<pin id="113" dir="0" index="0" bw="12" slack="0"/>
<pin id="114" dir="0" index="1" bw="12" slack="0"/>
<pin id="115" dir="1" index="2" bw="12" slack="0"/>
</pin_list>
<bind>
<opcode="read(1150) " fcode="read"/>
<opset="height_V_read/1 "/>
</bind>
</comp>

<comp id="118" class="1004" name="channel_V_read_read_fu_118">
<pin_list>
<pin id="119" dir="0" index="0" bw="12" slack="0"/>
<pin id="120" dir="0" index="1" bw="12" slack="0"/>
<pin id="121" dir="1" index="2" bw="12" slack="1"/>
</pin_list>
<bind>
<opcode="read(1150) " fcode="read"/>
<opset="channel_V_read/1 "/>
</bind>
</comp>

<comp id="124" class="1004" name="grp_readreq_fu_124">
<pin_list>
<pin id="125" dir="0" index="0" bw="1" slack="0"/>
<pin id="126" dir="0" index="1" bw="32" slack="1"/>
<pin id="127" dir="0" index="2" bw="12" slack="4"/>
<pin id="128" dir="1" index="3" bw="1" slack="2147483647"/>
</pin_list>
<bind>
<opcode="readreq(1154) " fcode="readreq"/>
<opset="gmem_addr_rd_req/5 "/>
</bind>
</comp>

<comp id="130" class="1004" name="gmem_addr_read_read_fu_130">
<pin_list>
<pin id="131" dir="0" index="0" bw="32" slack="0"/>
<pin id="132" dir="0" index="1" bw="32" slack="8"/>
<pin id="133" dir="1" index="2" bw="32" slack="1"/>
</pin_list>
<bind>
<opcode="read(1150) " fcode="read"/>
<opset="gmem_addr_read/12 "/>
</bind>
</comp>

<comp id="135" class="1004" name="grp_writeresp_fu_135">
<pin_list>
<pin id="136" dir="0" index="0" bw="1" slack="0"/>
<pin id="137" dir="0" index="1" bw="32" slack="2"/>
<pin id="138" dir="0" index="2" bw="1" slack="0"/>
<pin id="139" dir="1" index="3" bw="1" slack="2147483647"/>
</pin_list>
<bind>
<opcode="writereq(1155) writeresp(1158) " fcode="writeresp"/>
<opset="gmem_addr_3_req/14 gmem_addr_3_resp/16 "/>
</bind>
</comp>

<comp id="142" class="1004" name="StgValue_94_write_fu_142">
<pin_list>
<pin id="143" dir="0" index="0" bw="0" slack="0"/>
<pin id="144" dir="0" index="1" bw="32" slack="3"/>
<pin id="145" dir="0" index="2" bw="32" slack="1"/>
<pin id="146" dir="0" index="3" bw="1" slack="0"/>
<pin id="147" dir="1" index="4" bw="0" slack="2147483647"/>
</pin_list>
<bind>
<opcode="write(1151) " fcode="write"/>
<opset="StgValue_94/15 "/>
</bind>
</comp>

<comp id="151" class="1005" name="i_op_assign_reg_151">
<pin_list>
<pin id="152" dir="0" index="0" bw="12" slack="1"/>
<pin id="153" dir="1" index="1" bw="12" slack="1"/>
</pin_list>
<bind>
<opset="i_op_assign (phireg) "/>
</bind>
</comp>

<comp id="155" class="1004" name="i_op_assign_phi_fu_155">
<pin_list>
<pin id="156" dir="0" index="0" bw="1" slack="1"/>
<pin id="157" dir="0" index="1" bw="0" slack="2147483647"/>
<pin id="158" dir="0" index="2" bw="12" slack="0"/>
<pin id="159" dir="0" index="3" bw="0" slack="2147483647"/>
<pin id="160" dir="1" index="4" bw="12" slack="0"/>
</pin_list>
<bind>
<opcode="phi(47) " fcode="phi"/>
<opset="i_op_assign/2 "/>
</bind>
</comp>

<comp id="162" class="1005" name="phi_mul_reg_162">
<pin_list>
<pin id="163" dir="0" index="0" bw="24" slack="1"/>
<pin id="164" dir="1" index="1" bw="24" slack="1"/>
</pin_list>
<bind>
<opset="phi_mul (phireg) "/>
</bind>
</comp>

<comp id="166" class="1004" name="phi_mul_phi_fu_166">
<pin_list>
<pin id="167" dir="0" index="0" bw="1" slack="1"/>
<pin id="168" dir="0" index="1" bw="0" slack="2147483647"/>
<pin id="169" dir="0" index="2" bw="24" slack="0"/>
<pin id="170" dir="0" index="3" bw="0" slack="2147483647"/>
<pin id="171" dir="1" index="4" bw="24" slack="0"/>
</pin_list>
<bind>
<opcode="phi(47) " fcode="phi"/>
<opset="phi_mul/2 "/>
</bind>
</comp>

<comp id="174" class="1005" name="i_op_assign_1_reg_174">
<pin_list>
<pin id="175" dir="0" index="0" bw="12" slack="1"/>
<pin id="176" dir="1" index="1" bw="12" slack="1"/>
</pin_list>
<bind>
<opset="i_op_assign_1 (phireg) "/>
</bind>
</comp>

<comp id="178" class="1004" name="i_op_assign_1_phi_fu_178">
<pin_list>
<pin id="179" dir="0" index="0" bw="1" slack="1"/>
<pin id="180" dir="0" index="1" bw="0" slack="2147483647"/>
<pin id="181" dir="0" index="2" bw="12" slack="0"/>
<pin id="182" dir="0" index="3" bw="0" slack="2147483647"/>
<pin id="183" dir="1" index="4" bw="12" slack="0"/>
</pin_list>
<bind>
<opcode="phi(47) " fcode="phi"/>
<opset="i_op_assign_1/3 "/>
</bind>
</comp>

<comp id="185" class="1005" name="i_op_assign_2_reg_185">
<pin_list>
<pin id="186" dir="0" index="0" bw="12" slack="1"/>
<pin id="187" dir="1" index="1" bw="12" slack="1"/>
</pin_list>
<bind>
<opset="i_op_assign_2 (phireg) "/>
</bind>
</comp>

<comp id="189" class="1004" name="i_op_assign_2_phi_fu_189">
<pin_list>
<pin id="190" dir="0" index="0" bw="12" slack="0"/>
<pin id="191" dir="0" index="1" bw="0" slack="2147483647"/>
<pin id="192" dir="0" index="2" bw="1" slack="1"/>
<pin id="193" dir="0" index="3" bw="0" slack="2147483647"/>
<pin id="194" dir="1" index="4" bw="12" slack="0"/>
</pin_list>
<bind>
<opcode="phi(47) " fcode="phi"/>
<opset="i_op_assign_2/12 "/>
</bind>
</comp>

<comp id="196" class="1004" name="grp_generic_tanh_float_s_fu_196">
<pin_list>
<pin id="197" dir="0" index="0" bw="32" slack="0"/>
<pin id="198" dir="0" index="1" bw="32" slack="1"/>
<pin id="199" dir="0" index="2" bw="58" slack="0"/>
<pin id="200" dir="0" index="3" bw="26" slack="0"/>
<pin id="201" dir="0" index="4" bw="42" slack="0"/>
<pin id="202" dir="1" index="5" bw="32" slack="1"/>
</pin_list>
<bind>
<opcode="call(48) " fcode="call"/>
<opset="tmp_i_i/13 "/>
</bind>
</comp>

<comp id="207" class="1004" name="tmp_49_fu_207">
<pin_list>
<pin id="208" dir="0" index="0" bw="30" slack="0"/>
<pin id="209" dir="0" index="1" bw="32" slack="0"/>
<pin id="210" dir="0" index="2" bw="3" slack="0"/>
<pin id="211" dir="0" index="3" bw="6" slack="0"/>
<pin id="212" dir="1" index="4" bw="30" slack="0"/>
</pin_list>
<bind>
<opcode="partselect(1002) " fcode="partselect"/>
<opset="tmp_49/1 "/>
</bind>
</comp>

<comp id="217" class="1004" name="tmp_14_cast_fu_217">
<pin_list>
<pin id="218" dir="0" index="0" bw="30" slack="0"/>
<pin id="219" dir="1" index="1" bw="33" slack="11"/>
</pin_list>
<bind>
<opcode="zext(34) " fcode="zext"/>
<opset="tmp_14_cast/1 "/>
</bind>
</comp>

<comp id="221" class="1004" name="tmp_50_fu_221">
<pin_list>
<pin id="222" dir="0" index="0" bw="30" slack="0"/>
<pin id="223" dir="0" index="1" bw="32" slack="0"/>
<pin id="224" dir="0" index="2" bw="3" slack="0"/>
<pin id="225" dir="0" index="3" bw="6" slack="0"/>
<pin id="226" dir="1" index="4" bw="30" slack="0"/>
</pin_list>
<bind>
<opcode="partselect(1002) " fcode="partselect"/>
<opset="tmp_50/1 "/>
</bind>
</comp>

<comp id="231" class="1004" name="tmp_15_cast_fu_231">
<pin_list>
<pin id="232" dir="0" index="0" bw="30" slack="0"/>
<pin id="233" dir="1" index="1" bw="33" slack="3"/>
</pin_list>
<bind>
<opcode="zext(34) " fcode="zext"/>
<opset="tmp_15_cast/1 "/>
</bind>
</comp>

<comp id="235" class="1004" name="tmp_3_fu_235">
<pin_list>
<pin id="236" dir="0" index="0" bw="12" slack="0"/>
<pin id="237" dir="1" index="1" bw="32" slack="3"/>
</pin_list>
<bind>
<opcode="zext(34) " fcode="zext"/>
<opset="tmp_3/1 "/>
</bind>
</comp>

<comp id="239" class="1004" name="tmp_4_cast4_fu_239">
<pin_list>
<pin id="240" dir="0" index="0" bw="12" slack="0"/>
<pin id="241" dir="1" index="1" bw="24" slack="1"/>
</pin_list>
<bind>
<opcode="zext(34) " fcode="zext"/>
<opset="tmp_4_cast4/1 "/>
</bind>
</comp>

<comp id="243" class="1004" name="next_mul_fu_243">
<pin_list>
<pin id="244" dir="0" index="0" bw="24" slack="0"/>
<pin id="245" dir="0" index="1" bw="12" slack="1"/>
<pin id="246" dir="1" index="2" bw="24" slack="0"/>
</pin_list>
<bind>
<opcode="add(8) " fcode="add"/>
<opset="next_mul/2 "/>
</bind>
</comp>

<comp id="248" class="1004" name="exitcond2_fu_248">
<pin_list>
<pin id="249" dir="0" index="0" bw="12" slack="0"/>
<pin id="250" dir="0" index="1" bw="12" slack="1"/>
<pin id="251" dir="1" index="2" bw="1" slack="2147483647"/>
</pin_list>
<bind>
<opcode="icmp(45) " fcode="icmp"/>
<opset="exitcond2/2 "/>
</bind>
</comp>

<comp id="253" class="1004" name="c_fu_253">
<pin_list>
<pin id="254" dir="0" index="0" bw="12" slack="0"/>
<pin id="255" dir="0" index="1" bw="1" slack="0"/>
<pin id="256" dir="1" index="2" bw="12" slack="0"/>
</pin_list>
<bind>
<opcode="add(8) " fcode="add"/>
<opset="c/2 "/>
</bind>
</comp>

<comp id="259" class="1004" name="i_op_assign_1_cast2_fu_259">
<pin_list>
<pin id="260" dir="0" index="0" bw="12" slack="0"/>
<pin id="261" dir="1" index="1" bw="24" slack="0"/>
</pin_list>
<bind>
<opcode="zext(34) " fcode="zext"/>
<opset="i_op_assign_1_cast2/3 "/>
</bind>
</comp>

<comp id="263" class="1004" name="exitcond1_fu_263">
<pin_list>
<pin id="264" dir="0" index="0" bw="12" slack="0"/>
<pin id="265" dir="0" index="1" bw="12" slack="2"/>
<pin id="266" dir="1" index="2" bw="1" slack="2147483647"/>
</pin_list>
<bind>
<opcode="icmp(45) " fcode="icmp"/>
<opset="exitcond1/3 "/>
</bind>
</comp>

<comp id="268" class="1004" name="h_fu_268">
<pin_list>
<pin id="269" dir="0" index="0" bw="12" slack="0"/>
<pin id="270" dir="0" index="1" bw="1" slack="0"/>
<pin id="271" dir="1" index="2" bw="12" slack="0"/>
</pin_list>
<bind>
<opcode="add(8) " fcode="add"/>
<opset="h/3 "/>
</bind>
</comp>

<comp id="274" class="1004" name="tmp_fu_274">
<pin_list>
<pin id="275" dir="0" index="0" bw="12" slack="0"/>
<pin id="276" dir="0" index="1" bw="24" slack="1"/>
<pin id="277" dir="1" index="2" bw="24" slack="1"/>
</pin_list>
<bind>
<opcode="add(8) " fcode="add"/>
<opset="tmp/3 "/>
</bind>
</comp>

<comp id="280" class="1004" name="tmp_cast_fu_280">
<pin_list>
<pin id="281" dir="0" index="0" bw="24" slack="1"/>
<pin id="282" dir="1" index="1" bw="32" slack="0"/>
</pin_list>
<bind>
<opcode="zext(34) " fcode="zext"/>
<opset="tmp_cast/4 "/>
</bind>
</comp>

<comp id="283" class="1004" name="tmp_40_cast_fu_283">
<pin_list>
<pin id="284" dir="0" index="0" bw="32" slack="0"/>
<pin id="285" dir="1" index="1" bw="33" slack="0"/>
</pin_list>
<bind>
<opcode="sext(35) " fcode="sext"/>
<opset="tmp_40_cast/4 "/>
</bind>
</comp>

<comp id="286" class="1004" name="in_data2_sum_fu_286">
<pin_list>
<pin id="287" dir="0" index="0" bw="32" slack="0"/>
<pin id="288" dir="0" index="1" bw="30" slack="3"/>
<pin id="289" dir="1" index="2" bw="33" slack="0"/>
</pin_list>
<bind>
<opcode="add(8) " fcode="add"/>
<opset="in_data2_sum/4 "/>
</bind>
</comp>

<comp id="291" class="1004" name="in_data2_sum_cast_fu_291">
<pin_list>
<pin id="292" dir="0" index="0" bw="33" slack="0"/>
<pin id="293" dir="1" index="1" bw="64" slack="0"/>
</pin_list>
<bind>
<opcode="sext(35) " fcode="sext"/>
<opset="in_data2_sum_cast/4 "/>
</bind>
</comp>

<comp id="295" class="1004" name="gmem_addr_fu_295">
<pin_list>
<pin id="296" dir="0" index="0" bw="32" slack="0"/>
<pin id="297" dir="0" index="1" bw="32" slack="0"/>
<pin id="298" dir="1" index="2" bw="32" slack="1"/>
</pin_list>
<bind>
<opcode="getelementptr(29) " fcode="getelementptr"/>
<opset="gmem_addr/4 "/>
</bind>
</comp>

<comp id="301" class="1004" name="i_op_assign_2_cast1_fu_301">
<pin_list>
<pin id="302" dir="0" index="0" bw="12" slack="0"/>
<pin id="303" dir="1" index="1" bw="32" slack="0"/>
</pin_list>
<bind>
<opcode="zext(34) " fcode="zext"/>
<opset="i_op_assign_2_cast1/12 "/>
</bind>
</comp>

<comp id="305" class="1004" name="exitcond_fu_305">
<pin_list>
<pin id="306" dir="0" index="0" bw="12" slack="0"/>
<pin id="307" dir="0" index="1" bw="12" slack="11"/>
<pin id="308" dir="1" index="2" bw="1" slack="2147483647"/>
</pin_list>
<bind>
<opcode="icmp(45) " fcode="icmp"/>
<opset="exitcond/12 "/>
</bind>
</comp>

<comp id="310" class="1004" name="w_fu_310">
<pin_list>
<pin id="311" dir="0" index="0" bw="12" slack="0"/>
<pin id="312" dir="0" index="1" bw="1" slack="0"/>
<pin id="313" dir="1" index="2" bw="12" slack="0"/>
</pin_list>
<bind>
<opcode="add(8) " fcode="add"/>
<opset="w/12 "/>
</bind>
</comp>

<comp id="316" class="1004" name="index_fu_316">
<pin_list>
<pin id="317" dir="0" index="0" bw="12" slack="0"/>
<pin id="318" dir="0" index="1" bw="32" slack="8"/>
<pin id="319" dir="1" index="2" bw="32" slack="0"/>
</pin_list>
<bind>
<opcode="add(8) " fcode="add"/>
<opset="index/12 "/>
</bind>
</comp>

<comp id="321" class="1004" name="tmp_34_cast_fu_321">
<pin_list>
<pin id="322" dir="0" index="0" bw="32" slack="0"/>
<pin id="323" dir="1" index="1" bw="33" slack="0"/>
</pin_list>
<bind>
<opcode="sext(35) " fcode="sext"/>
<opset="tmp_34_cast/12 "/>
</bind>
</comp>

<comp id="325" class="1004" name="out_data4_sum6_fu_325">
<pin_list>
<pin id="326" dir="0" index="0" bw="32" slack="0"/>
<pin id="327" dir="0" index="1" bw="30" slack="11"/>
<pin id="328" dir="1" index="2" bw="33" slack="0"/>
</pin_list>
<bind>
<opcode="add(8) " fcode="add"/>
<opset="out_data4_sum6/12 "/>
</bind>
</comp>

<comp id="330" class="1004" name="out_data4_sum6_cast_fu_330">
<pin_list>
<pin id="331" dir="0" index="0" bw="33" slack="0"/>
<pin id="332" dir="1" index="1" bw="64" slack="0"/>
</pin_list>
<bind>
<opcode="sext(35) " fcode="sext"/>
<opset="out_data4_sum6_cast/12 "/>
</bind>
</comp>

<comp id="334" class="1004" name="gmem_addr_1_fu_334">
<pin_list>
<pin id="335" dir="0" index="0" bw="32" slack="0"/>
<pin id="336" dir="0" index="1" bw="32" slack="0"/>
<pin id="337" dir="1" index="2" bw="32" slack="2"/>
</pin_list>
<bind>
<opcode="getelementptr(29) " fcode="getelementptr"/>
<opset="gmem_addr_1/12 "/>
</bind>
</comp>

<comp id="340" class="1007" name="tmp1_fu_340">
<pin_list>
<pin id="341" dir="0" index="0" bw="12" slack="3"/>
<pin id="342" dir="0" index="1" bw="24" slack="0"/>
<pin id="343" dir="1" index="2" bw="32" slack="0"/>
</pin_list>
<bind>
<opcode="mul(12) " fcode="mul"/>
<opset="tmp1/4 "/>
</bind>
</comp>

<comp id="346" class="1005" name="width_V_read_reg_346">
<pin_list>
<pin id="347" dir="0" index="0" bw="12" slack="11"/>
<pin id="348" dir="1" index="1" bw="12" slack="11"/>
</pin_list>
<bind>
<opset="width_V_read "/>
</bind>
</comp>

<comp id="351" class="1005" name="height_V_read_reg_351">
<pin_list>
<pin id="352" dir="0" index="0" bw="12" slack="2"/>
<pin id="353" dir="1" index="1" bw="12" slack="2"/>
</pin_list>
<bind>
<opset="height_V_read "/>
</bind>
</comp>

<comp id="356" class="1005" name="channel_V_read_reg_356">
<pin_list>
<pin id="357" dir="0" index="0" bw="12" slack="1"/>
<pin id="358" dir="1" index="1" bw="12" slack="1"/>
</pin_list>
<bind>
<opset="channel_V_read "/>
</bind>
</comp>

<comp id="361" class="1005" name="tmp_14_cast_reg_361">
<pin_list>
<pin id="362" dir="0" index="0" bw="33" slack="11"/>
<pin id="363" dir="1" index="1" bw="33" slack="11"/>
</pin_list>
<bind>
<opset="tmp_14_cast "/>
</bind>
</comp>

<comp id="366" class="1005" name="tmp_15_cast_reg_366">
<pin_list>
<pin id="367" dir="0" index="0" bw="33" slack="3"/>
<pin id="368" dir="1" index="1" bw="33" slack="3"/>
</pin_list>
<bind>
<opset="tmp_15_cast "/>
</bind>
</comp>

<comp id="371" class="1005" name="tmp_3_reg_371">
<pin_list>
<pin id="372" dir="0" index="0" bw="32" slack="3"/>
<pin id="373" dir="1" index="1" bw="32" slack="3"/>
</pin_list>
<bind>
<opset="tmp_3 "/>
</bind>
</comp>

<comp id="377" class="1005" name="tmp_4_cast4_reg_377">
<pin_list>
<pin id="378" dir="0" index="0" bw="24" slack="1"/>
<pin id="379" dir="1" index="1" bw="24" slack="1"/>
</pin_list>
<bind>
<opset="tmp_4_cast4 "/>
</bind>
</comp>

<comp id="382" class="1005" name="next_mul_reg_382">
<pin_list>
<pin id="383" dir="0" index="0" bw="24" slack="0"/>
<pin id="384" dir="1" index="1" bw="24" slack="0"/>
</pin_list>
<bind>
<opset="next_mul "/>
</bind>
</comp>

<comp id="390" class="1005" name="c_reg_390">
<pin_list>
<pin id="391" dir="0" index="0" bw="12" slack="0"/>
<pin id="392" dir="1" index="1" bw="12" slack="0"/>
</pin_list>
<bind>
<opset="c "/>
</bind>
</comp>

<comp id="398" class="1005" name="h_reg_398">
<pin_list>
<pin id="399" dir="0" index="0" bw="12" slack="0"/>
<pin id="400" dir="1" index="1" bw="12" slack="0"/>
</pin_list>
<bind>
<opset="h "/>
</bind>
</comp>

<comp id="403" class="1005" name="tmp_reg_403">
<pin_list>
<pin id="404" dir="0" index="0" bw="24" slack="1"/>
<pin id="405" dir="1" index="1" bw="24" slack="1"/>
</pin_list>
<bind>
<opset="tmp "/>
</bind>
</comp>

<comp id="408" class="1005" name="tmp1_reg_408">
<pin_list>
<pin id="409" dir="0" index="0" bw="32" slack="8"/>
<pin id="410" dir="1" index="1" bw="32" slack="8"/>
</pin_list>
<bind>
<opset="tmp1 "/>
</bind>
</comp>

<comp id="413" class="1005" name="gmem_addr_reg_413">
<pin_list>
<pin id="414" dir="0" index="0" bw="32" slack="1"/>
<pin id="415" dir="1" index="1" bw="32" slack="1"/>
</pin_list>
<bind>
<opset="gmem_addr "/>
</bind>
</comp>

<comp id="422" class="1005" name="w_reg_422">
<pin_list>
<pin id="423" dir="0" index="0" bw="12" slack="0"/>
<pin id="424" dir="1" index="1" bw="12" slack="0"/>
</pin_list>
<bind>
<opset="w "/>
</bind>
</comp>

<comp id="427" class="1005" name="gmem_addr_read_reg_427">
<pin_list>
<pin id="428" dir="0" index="0" bw="32" slack="1"/>
<pin id="429" dir="1" index="1" bw="32" slack="1"/>
</pin_list>
<bind>
<opset="gmem_addr_read "/>
</bind>
</comp>

<comp id="432" class="1005" name="gmem_addr_1_reg_432">
<pin_list>
<pin id="433" dir="0" index="0" bw="32" slack="2"/>
<pin id="434" dir="1" index="1" bw="32" slack="2"/>
</pin_list>
<bind>
<opset="gmem_addr_1 "/>
</bind>
</comp>

<comp id="438" class="1005" name="tmp_i_i_reg_438">
<pin_list>
<pin id="439" dir="0" index="0" bw="32" slack="1"/>
<pin id="440" dir="1" index="1" bw="32" slack="1"/>
</pin_list>
<bind>
<opset="tmp_i_i "/>
</bind>
</comp>

</comp_list>

<net_list>
<net id="98"><net_src comp="18" pin="0"/><net_sink comp="94" pin=0"/></net>

<net id="99"><net_src comp="10" pin="0"/><net_sink comp="94" pin=1"/></net>

<net id="104"><net_src comp="18" pin="0"/><net_sink comp="100" pin=0"/></net>

<net id="105"><net_src comp="8" pin="0"/><net_sink comp="100" pin=1"/></net>

<net id="110"><net_src comp="20" pin="0"/><net_sink comp="106" pin=0"/></net>

<net id="111"><net_src comp="6" pin="0"/><net_sink comp="106" pin=1"/></net>

<net id="116"><net_src comp="20" pin="0"/><net_sink comp="112" pin=0"/></net>

<net id="117"><net_src comp="4" pin="0"/><net_sink comp="112" pin=1"/></net>

<net id="122"><net_src comp="20" pin="0"/><net_sink comp="118" pin=0"/></net>

<net id="123"><net_src comp="2" pin="0"/><net_sink comp="118" pin=1"/></net>

<net id="129"><net_src comp="78" pin="0"/><net_sink comp="124" pin=0"/></net>

<net id="134"><net_src comp="80" pin="0"/><net_sink comp="130" pin=0"/></net>

<net id="140"><net_src comp="84" pin="0"/><net_sink comp="135" pin=0"/></net>

<net id="141"><net_src comp="86" pin="0"/><net_sink comp="135" pin=2"/></net>

<net id="148"><net_src comp="88" pin="0"/><net_sink comp="142" pin=0"/></net>

<net id="149"><net_src comp="90" pin="0"/><net_sink comp="142" pin=3"/></net>

<net id="150"><net_src comp="92" pin="0"/><net_sink comp="135" pin=0"/></net>

<net id="154"><net_src comp="60" pin="0"/><net_sink comp="151" pin=0"/></net>

<net id="161"><net_src comp="151" pin="1"/><net_sink comp="155" pin=0"/></net>

<net id="165"><net_src comp="62" pin="0"/><net_sink comp="162" pin=0"/></net>

<net id="172"><net_src comp="162" pin="1"/><net_sink comp="166" pin=0"/></net>

<net id="173"><net_src comp="166" pin="4"/><net_sink comp="162" pin=0"/></net>

<net id="177"><net_src comp="60" pin="0"/><net_sink comp="174" pin=0"/></net>

<net id="184"><net_src comp="174" pin="1"/><net_sink comp="178" pin=0"/></net>

<net id="188"><net_src comp="60" pin="0"/><net_sink comp="185" pin=0"/></net>

<net id="195"><net_src comp="185" pin="1"/><net_sink comp="189" pin=2"/></net>

<net id="203"><net_src comp="82" pin="0"/><net_sink comp="196" pin=0"/></net>

<net id="204"><net_src comp="12" pin="0"/><net_sink comp="196" pin=2"/></net>

<net id="205"><net_src comp="14" pin="0"/><net_sink comp="196" pin=3"/></net>

<net id="206"><net_src comp="16" pin="0"/><net_sink comp="196" pin=4"/></net>

<net id="213"><net_src comp="22" pin="0"/><net_sink comp="207" pin=0"/></net>

<net id="214"><net_src comp="94" pin="2"/><net_sink comp="207" pin=1"/></net>

<net id="215"><net_src comp="24" pin="0"/><net_sink comp="207" pin=2"/></net>

<net id="216"><net_src comp="26" pin="0"/><net_sink comp="207" pin=3"/></net>

<net id="220"><net_src comp="207" pin="4"/><net_sink comp="217" pin=0"/></net>

<net id="227"><net_src comp="22" pin="0"/><net_sink comp="221" pin=0"/></net>

<net id="228"><net_src comp="100" pin="2"/><net_sink comp="221" pin=1"/></net>

<net id="229"><net_src comp="24" pin="0"/><net_sink comp="221" pin=2"/></net>

<net id="230"><net_src comp="26" pin="0"/><net_sink comp="221" pin=3"/></net>

<net id="234"><net_src comp="221" pin="4"/><net_sink comp="231" pin=0"/></net>

<net id="238"><net_src comp="106" pin="2"/><net_sink comp="235" pin=0"/></net>

<net id="242"><net_src comp="112" pin="2"/><net_sink comp="239" pin=0"/></net>

<net id="247"><net_src comp="166" pin="4"/><net_sink comp="243" pin=0"/></net>

<net id="252"><net_src comp="155" pin="4"/><net_sink comp="248" pin=0"/></net>

<net id="257"><net_src comp="155" pin="4"/><net_sink comp="253" pin=0"/></net>

<net id="258"><net_src comp="70" pin="0"/><net_sink comp="253" pin=1"/></net>

<net id="262"><net_src comp="178" pin="4"/><net_sink comp="259" pin=0"/></net>

<net id="267"><net_src comp="178" pin="4"/><net_sink comp="263" pin=0"/></net>

<net id="272"><net_src comp="178" pin="4"/><net_sink comp="268" pin=0"/></net>

<net id="273"><net_src comp="70" pin="0"/><net_sink comp="268" pin=1"/></net>

<net id="278"><net_src comp="259" pin="1"/><net_sink comp="274" pin=0"/></net>

<net id="279"><net_src comp="162" pin="1"/><net_sink comp="274" pin=1"/></net>

<net id="290"><net_src comp="283" pin="1"/><net_sink comp="286" pin=0"/></net>

<net id="294"><net_src comp="286" pin="2"/><net_sink comp="291" pin=0"/></net>

<net id="299"><net_src comp="0" pin="0"/><net_sink comp="295" pin=0"/></net>

<net id="300"><net_src comp="291" pin="1"/><net_sink comp="295" pin=1"/></net>

<net id="304"><net_src comp="189" pin="4"/><net_sink comp="301" pin=0"/></net>

<net id="309"><net_src comp="189" pin="4"/><net_sink comp="305" pin=0"/></net>

<net id="314"><net_src comp="189" pin="4"/><net_sink comp="310" pin=0"/></net>

<net id="315"><net_src comp="70" pin="0"/><net_sink comp="310" pin=1"/></net>

<net id="320"><net_src comp="301" pin="1"/><net_sink comp="316" pin=0"/></net>

<net id="324"><net_src comp="316" pin="2"/><net_sink comp="321" pin=0"/></net>

<net id="329"><net_src comp="321" pin="1"/><net_sink comp="325" pin=0"/></net>

<net id="333"><net_src comp="325" pin="2"/><net_sink comp="330" pin=0"/></net>

<net id="338"><net_src comp="0" pin="0"/><net_sink comp="334" pin=0"/></net>

<net id="339"><net_src comp="330" pin="1"/><net_sink comp="334" pin=1"/></net>

<net id="344"><net_src comp="280" pin="1"/><net_sink comp="340" pin=1"/></net>

<net id="345"><net_src comp="340" pin="2"/><net_sink comp="283" pin=0"/></net>

<net id="349"><net_src comp="106" pin="2"/><net_sink comp="346" pin=0"/></net>

<net id="350"><net_src comp="346" pin="1"/><net_sink comp="305" pin=1"/></net>

<net id="354"><net_src comp="112" pin="2"/><net_sink comp="351" pin=0"/></net>

<net id="355"><net_src comp="351" pin="1"/><net_sink comp="263" pin=1"/></net>

<net id="359"><net_src comp="118" pin="2"/><net_sink comp="356" pin=0"/></net>

<net id="360"><net_src comp="356" pin="1"/><net_sink comp="248" pin=1"/></net>

<net id="364"><net_src comp="217" pin="1"/><net_sink comp="361" pin=0"/></net>

<net id="365"><net_src comp="361" pin="1"/><net_sink comp="325" pin=1"/></net>

<net id="369"><net_src comp="231" pin="1"/><net_sink comp="366" pin=0"/></net>

<net id="370"><net_src comp="366" pin="1"/><net_sink comp="286" pin=1"/></net>

<net id="374"><net_src comp="235" pin="1"/><net_sink comp="371" pin=0"/></net>

<net id="375"><net_src comp="371" pin="1"/><net_sink comp="340" pin=0"/></net>

<net id="376"><net_src comp="371" pin="1"/><net_sink comp="124" pin=2"/></net>

<net id="380"><net_src comp="239" pin="1"/><net_sink comp="377" pin=0"/></net>

<net id="381"><net_src comp="377" pin="1"/><net_sink comp="243" pin=1"/></net>

<net id="385"><net_src comp="243" pin="2"/><net_sink comp="382" pin=0"/></net>

<net id="386"><net_src comp="382" pin="1"/><net_sink comp="166" pin=2"/></net>

<net id="393"><net_src comp="253" pin="2"/><net_sink comp="390" pin=0"/></net>

<net id="394"><net_src comp="390" pin="1"/><net_sink comp="155" pin=2"/></net>

<net id="401"><net_src comp="268" pin="2"/><net_sink comp="398" pin=0"/></net>

<net id="402"><net_src comp="398" pin="1"/><net_sink comp="178" pin=2"/></net>

<net id="406"><net_src comp="274" pin="2"/><net_sink comp="403" pin=0"/></net>

<net id="407"><net_src comp="403" pin="1"/><net_sink comp="280" pin=0"/></net>

<net id="411"><net_src comp="340" pin="2"/><net_sink comp="408" pin=0"/></net>

<net id="412"><net_src comp="408" pin="1"/><net_sink comp="316" pin=1"/></net>

<net id="416"><net_src comp="295" pin="2"/><net_sink comp="413" pin=0"/></net>

<net id="417"><net_src comp="413" pin="1"/><net_sink comp="124" pin=1"/></net>

<net id="418"><net_src comp="413" pin="1"/><net_sink comp="130" pin=1"/></net>

<net id="425"><net_src comp="310" pin="2"/><net_sink comp="422" pin=0"/></net>

<net id="426"><net_src comp="422" pin="1"/><net_sink comp="189" pin=0"/></net>

<net id="430"><net_src comp="130" pin="2"/><net_sink comp="427" pin=0"/></net>

<net id="431"><net_src comp="427" pin="1"/><net_sink comp="196" pin=1"/></net>

<net id="435"><net_src comp="334" pin="2"/><net_sink comp="432" pin=0"/></net>

<net id="436"><net_src comp="432" pin="1"/><net_sink comp="135" pin=1"/></net>

<net id="437"><net_src comp="432" pin="1"/><net_sink comp="142" pin=1"/></net>

<net id="441"><net_src comp="196" pin="5"/><net_sink comp="438" pin=0"/></net>

<net id="442"><net_src comp="438" pin="1"/><net_sink comp="142" pin=2"/></net>

</net_list>

</model> 
---------------- Datapath Model END ------------------

* FSMD analyzer results:
  - Output states:
	Port: gmem | {14 15 16 17 18 19 20 }
 - Input state : 
	Port: Tanh : gmem | {5 6 7 8 9 10 11 12 }
	Port: Tanh : channel_V | {1 }
	Port: Tanh : height_V | {1 }
	Port: Tanh : width_V | {1 }
	Port: Tanh : in_data | {1 }
	Port: Tanh : out_data | {1 }
	Port: Tanh : table_exp_Z1_array_s | {13 14 }
	Port: Tanh : table_f_Z3_array_V | {13 14 }
	Port: Tanh : table_f_Z2_array_V | {13 14 }
  - Chain level:
	State 1
		tmp_14_cast : 1
		tmp_15_cast : 1
	State 2
		next_mul : 1
		exitcond2 : 1
		c : 1
		StgValue_51 : 2
	State 3
		i_op_assign_1_cast2 : 1
		exitcond1 : 1
		h : 1
		StgValue_60 : 2
		tmp : 2
	State 4
		tmp1 : 1
		tmp_40_cast : 2
		in_data2_sum : 3
		in_data2_sum_cast : 4
		gmem_addr : 5
	State 5
	State 6
	State 7
	State 8
	State 9
	State 10
	State 11
	State 12
		i_op_assign_2_cast1 : 1
		exitcond : 1
		w : 1
		StgValue_83 : 2
		index : 2
		tmp_34_cast : 3
		out_data4_sum6 : 4
		out_data4_sum6_cast : 5
		gmem_addr_1 : 6
	State 13
	State 14
	State 15
	State 16
	State 17
	State 18
	State 19
	State 20


============================================================
+ Verbose Summary: Datapath Resource usage 
============================================================

* Functional unit list:
|----------|---------------------------------|---------|---------|---------|---------|
| Operation|         Functional Unit         |  DSP48E |  Delay  |    FF   |   LUT   |
|----------|---------------------------------|---------|---------|---------|---------|
|   call   | grp_generic_tanh_float_s_fu_196 |    37   |  6.101  |   3840  |   6179  |
|----------|---------------------------------|---------|---------|---------|---------|
|          |         next_mul_fu_243         |    0    |    0    |    0    |    24   |
|          |             c_fu_253            |    0    |    0    |    0    |    12   |
|          |             h_fu_268            |    0    |    0    |    0    |    12   |
|    add   |            tmp_fu_274           |    0    |    0    |    0    |    24   |
|          |       in_data2_sum_fu_286       |    0    |    0    |    0    |    32   |
|          |             w_fu_310            |    0    |    0    |    0    |    12   |
|          |           index_fu_316          |    0    |    0    |    0    |    32   |
|          |      out_data4_sum6_fu_325      |    0    |    0    |    0    |    32   |
|----------|---------------------------------|---------|---------|---------|---------|
|          |         exitcond2_fu_248        |    0    |    0    |    0    |    5    |
|   icmp   |         exitcond1_fu_263        |    0    |    0    |    0    |    5    |
|          |         exitcond_fu_305         |    0    |    0    |    0    |    5    |
|----------|---------------------------------|---------|---------|---------|---------|
|    mul   |           tmp1_fu_340           |    1    |    0    |    0    |    0    |
|----------|---------------------------------|---------|---------|---------|---------|
|          |     out_data_read_read_fu_94    |    0    |    0    |    0    |    0    |
|          |     in_data_read_read_fu_100    |    0    |    0    |    0    |    0    |
|   read   |     width_V_read_read_fu_106    |    0    |    0    |    0    |    0    |
|          |    height_V_read_read_fu_112    |    0    |    0    |    0    |    0    |
|          |    channel_V_read_read_fu_118   |    0    |    0    |    0    |    0    |
|          |    gmem_addr_read_read_fu_130   |    0    |    0    |    0    |    0    |
|----------|---------------------------------|---------|---------|---------|---------|
|  readreq |        grp_readreq_fu_124       |    0    |    0    |    0    |    0    |
|----------|---------------------------------|---------|---------|---------|---------|
| writeresp|       grp_writeresp_fu_135      |    0    |    0    |    0    |    0    |
|----------|---------------------------------|---------|---------|---------|---------|
|   write  |     StgValue_94_write_fu_142    |    0    |    0    |    0    |    0    |
|----------|---------------------------------|---------|---------|---------|---------|
|partselect|          tmp_49_fu_207          |    0    |    0    |    0    |    0    |
|          |          tmp_50_fu_221          |    0    |    0    |    0    |    0    |
|----------|---------------------------------|---------|---------|---------|---------|
|          |        tmp_14_cast_fu_217       |    0    |    0    |    0    |    0    |
|          |        tmp_15_cast_fu_231       |    0    |    0    |    0    |    0    |
|          |           tmp_3_fu_235          |    0    |    0    |    0    |    0    |
|   zext   |        tmp_4_cast4_fu_239       |    0    |    0    |    0    |    0    |
|          |    i_op_assign_1_cast2_fu_259   |    0    |    0    |    0    |    0    |
|          |         tmp_cast_fu_280         |    0    |    0    |    0    |    0    |
|          |    i_op_assign_2_cast1_fu_301   |    0    |    0    |    0    |    0    |
|----------|---------------------------------|---------|---------|---------|---------|
|          |        tmp_40_cast_fu_283       |    0    |    0    |    0    |    0    |
|   sext   |     in_data2_sum_cast_fu_291    |    0    |    0    |    0    |    0    |
|          |        tmp_34_cast_fu_321       |    0    |    0    |    0    |    0    |
|          |    out_data4_sum6_cast_fu_330   |    0    |    0    |    0    |    0    |
|----------|---------------------------------|---------|---------|---------|---------|
|   Total  |                                 |    38   |  6.101  |   3840  |   6374  |
|----------|---------------------------------|---------|---------|---------|---------|

Memories:
+--------------------+--------+--------+--------+
|                    |  BRAM  |   FF   |   LUT  |
+--------------------+--------+--------+--------+
|table_exp_Z1_array_s|    2   |    0   |    0   |
| table_f_Z2_array_V |    2   |    0   |    0   |
| table_f_Z3_array_V |    1   |    0   |    0   |
+--------------------+--------+--------+--------+
|        Total       |    5   |    0   |    0   |
+--------------------+--------+--------+--------+

* Register list:
+----------------------+--------+
|                      |   FF   |
+----------------------+--------+
|       c_reg_390      |   12   |
|channel_V_read_reg_356|   12   |
|  gmem_addr_1_reg_432 |   32   |
|gmem_addr_read_reg_427|   32   |
|   gmem_addr_reg_413  |   32   |
|       h_reg_398      |   12   |
| height_V_read_reg_351|   12   |
| i_op_assign_1_reg_174|   12   |
| i_op_assign_2_reg_185|   12   |
|  i_op_assign_reg_151 |   12   |
|   next_mul_reg_382   |   24   |
|    phi_mul_reg_162   |   24   |
|     tmp1_reg_408     |   32   |
|  tmp_14_cast_reg_361 |   33   |
|  tmp_15_cast_reg_366 |   33   |
|     tmp_3_reg_371    |   32   |
|  tmp_4_cast4_reg_377 |   24   |
|    tmp_i_i_reg_438   |   32   |
|      tmp_reg_403     |   24   |
|       w_reg_422      |   12   |
| width_V_read_reg_346 |   12   |
+----------------------+--------+
|         Total        |   462  |
+----------------------+--------+

* Multiplexer (MUX) list: 
|----------------------|------|------|------|--------||---------||---------|
|         Comp         |  Pin | Size |  BW  | S x BW ||  Delay  ||   LUT   |
|----------------------|------|------|------|--------||---------||---------|
| grp_writeresp_fu_135 |  p0  |   2  |   1  |    2   |
|    phi_mul_reg_162   |  p0  |   2  |  24  |   48   ||    3    |
|----------------------|------|------|------|--------||---------||---------|
|         Total        |      |      |      |   50   ||  0.932  ||    3    |
|----------------------|------|------|------|--------||---------||---------|



* Summary:
+-----------+--------+--------+--------+--------+--------+
|           |  BRAM  | DSP48E |  Delay |   FF   |   LUT  |
+-----------+--------+--------+--------+--------+--------+
|  Function |    -   |   38   |    6   |  3840  |  6374  |
|   Memory  |    5   |    -   |    -   |    0   |    0   |
|Multiplexer|    -   |    -   |    0   |    -   |    3   |
|  Register |    -   |    -   |    -   |   462  |    -   |
+-----------+--------+--------+--------+--------+--------+
|   Total   |    5   |   38   |    7   |  4302  |  6377  |
+-----------+--------+--------+--------+--------+--------+
