==============================================================
File generated on Fri Oct 25 15:59:30 +0800 2024
Vivado(TM) HLS - High-Level Synthesis from C, C++ and SystemC v2018.3 (64-bit)
SW Build 2405991 on Thu Dec  6 23:38:27 MST 2018
IP Build 2404404 on Fri Dec  7 01:43:56 MST 2018
Copyright 1986-2018 Xilinx, Inc. All Rights Reserved.
==============================================================
INFO: [SYN 201-201] Setting up clock 'default' with a period of 10ns.
INFO: [HLS 200-10] Setting target device to 'xc7z020clg400-2'
INFO: [SYN 201-201] Setting up clock 'default' with a period of 10ns.
INFO: [SCHED 204-61] Option 'relax_ii_for_timing' is enabled, will increase II to preserve clock frequency constraints.
INFO: [HLS 200-10] Analyzing design file '../src/LeakyReLU/LeakyReLU.cpp' ... 
INFO: [HLS 200-111] Finished Linking Time (s): cpu = 00:00:00 ; elapsed = 00:00:08 . Memory (MB): peak = 103.355 ; gain = 17.980
INFO: [HLS 200-111] Finished Checking Pragmas Time (s): cpu = 00:00:00 ; elapsed = 00:00:08 . Memory (MB): peak = 103.355 ; gain = 17.980
INFO: [HLS 200-10] Starting code transformations ...
INFO: [HLS 200-111] Finished Standard Transforms Time (s): cpu = 00:00:00 ; elapsed = 00:00:09 . Memory (MB): peak = 148.324 ; gain = 62.949
INFO: [HLS 200-10] Checking synthesizability ...
ERROR: [SYNCHK 200-61] ../src/LeakyReLU/LeakyReLU.cpp:19: unsupported memory access on variable 'in_data' which is (or contains) an array with unknown size at compile time.
INFO: [SYNCHK 200-10] 1 error(s), 0 warning(s).
ERROR: [HLS 200-70] Synthesizability check failed.
==============================================================
File generated on Fri Oct 25 16:00:14 +0800 2024
Vivado(TM) HLS - High-Level Synthesis from C, C++ and SystemC v2018.3 (64-bit)
SW Build 2405991 on Thu Dec  6 23:38:27 MST 2018
IP Build 2404404 on Fri Dec  7 01:43:56 MST 2018
Copyright 1986-2018 Xilinx, Inc. All Rights Reserved.
==============================================================
INFO: [SYN 201-201] Setting up clock 'default' with a period of 10ns.
INFO: [HLS 200-10] Setting target device to 'xc7z020clg400-2'
INFO: [SCHED 204-61] Option 'relax_ii_for_timing' is enabled, will increase II to preserve clock frequency constraints.
INFO: [HLS 200-10] Analyzing design file '../src/LeakyReLU/LeakyReLU.cpp' ... 
INFO: [HLS 200-111] Finished Linking Time (s): cpu = 00:00:01 ; elapsed = 00:00:08 . Memory (MB): peak = 103.141 ; gain = 17.363
INFO: [HLS 200-111] Finished Checking Pragmas Time (s): cpu = 00:00:01 ; elapsed = 00:00:08 . Memory (MB): peak = 103.141 ; gain = 17.363
INFO: [HLS 200-10] Starting code transformations ...
INFO: [HLS 200-111] Finished Standard Transforms Time (s): cpu = 00:00:01 ; elapsed = 00:00:09 . Memory (MB): peak = 149.863 ; gain = 64.086
INFO: [HLS 200-10] Checking synthesizability ...
ERROR: [SYNCHK 200-61] ../src/LeakyReLU/LeakyReLU.cpp:15: unsupported memory access on variable 'in_data' which is (or contains) an array with unknown size at compile time.
INFO: [SYNCHK 200-10] 1 error(s), 0 warning(s).
ERROR: [HLS 200-70] Synthesizability check failed.
==============================================================
File generated on Fri Oct 25 16:04:26 +0800 2024
Vivado(TM) HLS - High-Level Synthesis from C, C++ and SystemC v2018.3 (64-bit)
SW Build 2405991 on Thu Dec  6 23:38:27 MST 2018
IP Build 2404404 on Fri Dec  7 01:43:56 MST 2018
Copyright 1986-2018 Xilinx, Inc. All Rights Reserved.
==============================================================
INFO: [SYN 201-201] Setting up clock 'default' with a period of 10ns.
INFO: [HLS 200-10] Setting target device to 'xc7z020clg400-2'
INFO: [SCHED 204-61] Option 'relax_ii_for_timing' is enabled, will increase II to preserve clock frequency constraints.
INFO: [HLS 200-10] Analyzing design file '../src/LeakyReLU/LeakyReLU.cpp' ... 
INFO: [HLS 200-111] Finished Linking Time (s): cpu = 00:00:00 ; elapsed = 00:00:10 . Memory (MB): peak = 103.055 ; gain = 17.625
INFO: [HLS 200-111] Finished Checking Pragmas Time (s): cpu = 00:00:00 ; elapsed = 00:00:10 . Memory (MB): peak = 103.055 ; gain = 17.625
INFO: [HLS 200-10] Starting code transformations ...
INFO: [HLS 200-111] Finished Standard Transforms Time (s): cpu = 00:00:00 ; elapsed = 00:00:11 . Memory (MB): peak = 149.582 ; gain = 64.152
INFO: [HLS 200-10] Checking synthesizability ...
INFO: [HLS 200-111] Finished Checking Synthesizability Time (s): cpu = 00:00:00 ; elapsed = 00:00:11 . Memory (MB): peak = 182.449 ; gain = 97.020
INFO: [HLS 200-111] Finished Pre-synthesis Time (s): cpu = 00:00:01 ; elapsed = 00:00:11 . Memory (MB): peak = 239.484 ; gain = 154.055
INFO: [HLS 200-444] Inferring multiple bus burst read of variable length on port 'gmem' (../src/LeakyReLU/LeakyReLU.cpp:23:51). These data requests might be further partitioned to multiple requests during RTL generation, based on max_read_burst_length or max_write_burst_length settings.
INFO: [HLS 200-111] Finished Architecture Synthesis Time (s): cpu = 00:00:01 ; elapsed = 00:00:11 . Memory (MB): peak = 252.098 ; gain = 166.668
INFO: [HLS 200-10] Starting hardware synthesis ...
INFO: [HLS 200-10] Synthesizing 'LeakyReLU' ...
INFO: [HLS 200-10] ----------------------------------------------------------------
INFO: [HLS 200-42] -- Implementing module 'LeakyReLU' 
INFO: [HLS 200-10] ----------------------------------------------------------------
INFO: [SCHED 204-11] Starting scheduling ...
INFO: [SCHED 204-11] Finished scheduling.
INFO: [HLS 200-111]  Elapsed time: 11.443 seconds; current allocated memory: 195.332 MB.
INFO: [HLS 200-434] Only 0 loops out of a total 3 loops have been pipelined in this design.
INFO: [BIND 205-100] Starting micro-architecture generation ...
INFO: [BIND 205-101] Performing variable lifetime analysis.
INFO: [BIND 205-101] Exploring resource sharing.
INFO: [BIND 205-101] Binding ...
INFO: [BIND 205-100] Finished micro-architecture generation.
INFO: [HLS 200-111]  Elapsed time: 0.083 seconds; current allocated memory: 195.754 MB.
INFO: [HLS 200-10] ----------------------------------------------------------------
INFO: [HLS 200-10] -- Generating RTL for module 'LeakyReLU' 
INFO: [HLS 200-10] ----------------------------------------------------------------
INFO: [RTGEN 206-500] Setting interface mode on port 'LeakyReLU/gmem' to 'm_axi'.
INFO: [RTGEN 206-500] Setting interface mode on port 'LeakyReLU/channel_V' to 's_axilite & ap_none'.
INFO: [RTGEN 206-500] Setting interface mode on port 'LeakyReLU/height_V' to 's_axilite & ap_none'.
INFO: [RTGEN 206-500] Setting interface mode on port 'LeakyReLU/width_V' to 's_axilite & ap_none'.
INFO: [RTGEN 206-500] Setting interface mode on port 'LeakyReLU/in_data' to 's_axilite & ap_none'.
INFO: [RTGEN 206-500] Setting interface mode on port 'LeakyReLU/out_data' to 's_axilite & ap_none'.
INFO: [RTGEN 206-500] Setting interface mode on port 'LeakyReLU/alpha' to 's_axilite & ap_none'.
INFO: [RTGEN 206-500] Setting interface mode on function 'LeakyReLU' to 's_axilite & ap_ctrl_hs'.
INFO: [RTGEN 206-100] Bundling port 'return', 'channel_V', 'height_V', 'width_V', 'in_data', 'out_data' and 'alpha' to AXI-Lite port AXILiteS.
INFO: [SYN 201-210] Renamed object name 'LeakyReLU_fmul_32ns_32ns_32_3_max_dsp_1' to 'LeakyReLU_fmul_32bkb' due to the length limit 20
INFO: [SYN 201-210] Renamed object name 'LeakyReLU_fcmp_32ns_32ns_1_1_1' to 'LeakyReLU_fcmp_32cud' due to the length limit 20
INFO: [SYN 201-210] Renamed object name 'LeakyReLU_mul_mul_24ns_12ns_36_1_1' to 'LeakyReLU_mul_muldEe' due to the length limit 20
INFO: [RTGEN 206-100] Generating core module 'LeakyReLU_fcmp_32cud': 1 instance(s).
INFO: [RTGEN 206-100] Generating core module 'LeakyReLU_fmul_32bkb': 1 instance(s).
INFO: [RTGEN 206-100] Generating core module 'LeakyReLU_mul_muldEe': 1 instance(s).
INFO: [RTGEN 206-100] Finished creating RTL model for 'LeakyReLU'.
INFO: [HLS 200-111]  Elapsed time: 0.266 seconds; current allocated memory: 196.755 MB.
INFO: [HLS 200-111] Finished generating all RTL models Time (s): cpu = 00:00:01 ; elapsed = 00:00:13 . Memory (MB): peak = 253.680 ; gain = 168.250
INFO: [SYSC 207-301] Generating SystemC RTL for LeakyReLU.
INFO: [VHDL 208-304] Generating VHDL RTL for LeakyReLU.
INFO: [VLOG 209-307] Generating Verilog RTL for LeakyReLU.
INFO: [HLS 200-112] Total elapsed time: 13.097 seconds; peak allocated memory: 196.755 MB.
==============================================================
File generated on Fri Oct 25 16:05:01 +0800 2024
Vivado(TM) HLS - High-Level Synthesis from C, C++ and SystemC v2018.3 (64-bit)
SW Build 2405991 on Thu Dec  6 23:38:27 MST 2018
IP Build 2404404 on Fri Dec  7 01:43:56 MST 2018
Copyright 1986-2018 Xilinx, Inc. All Rights Reserved.
==============================================================
INFO: [SYN 201-201] Setting up clock 'default' with a period of 10ns.
INFO: [HLS 200-10] Setting target device to 'xc7z020clg400-2'
INFO: [SCHED 204-61] Option 'relax_ii_for_timing' is enabled, will increase II to preserve clock frequency constraints.
INFO: [HLS 200-10] Analyzing design file '../src/LeakyReLU/LeakyReLU.cpp' ... 
INFO: [HLS 200-111] Finished Linking Time (s): cpu = 00:00:00 ; elapsed = 00:00:09 . Memory (MB): peak = 103.309 ; gain = 17.809
INFO: [HLS 200-111] Finished Checking Pragmas Time (s): cpu = 00:00:00 ; elapsed = 00:00:09 . Memory (MB): peak = 103.309 ; gain = 17.809
INFO: [HLS 200-10] Starting code transformations ...
INFO: [HLS 200-111] Finished Standard Transforms Time (s): cpu = 00:00:00 ; elapsed = 00:00:09 . Memory (MB): peak = 149.871 ; gain = 64.371
INFO: [HLS 200-10] Checking synthesizability ...
INFO: [HLS 200-111] Finished Checking Synthesizability Time (s): cpu = 00:00:00 ; elapsed = 00:00:10 . Memory (MB): peak = 184.082 ; gain = 98.582
INFO: [XFORM 203-502] Unrolling all sub-loops inside loop 'Loop-1' (../src/LeakyReLU/LeakyReLU.cpp:19) in function 'LeakyReLU' for pipelining.
WARNING: [XFORM 203-503] Cannot unroll loop 'Loop-1.1' (../src/LeakyReLU/LeakyReLU.cpp:21) in function 'LeakyReLU': cannot completely unroll a loop with a variable trip count.
WARNING: [XFORM 203-503] Cannot unroll loop 'Loop-1.1.1' (../src/LeakyReLU/LeakyReLU.cpp:22) in function 'LeakyReLU': cannot completely unroll a loop with a variable trip count.
INFO: [HLS 200-111] Finished Pre-synthesis Time (s): cpu = 00:00:01 ; elapsed = 00:00:10 . Memory (MB): peak = 240.457 ; gain = 154.957
INFO: [XFORM 203-541] Flattening a loop nest 'Loop-1' (../src/LeakyReLU/LeakyReLU.cpp:19:18) in function 'LeakyReLU'.
INFO: [HLS 200-444] Inferring multiple bus burst read of variable length on port 'gmem' (../src/LeakyReLU/LeakyReLU.cpp:23:51). These data requests might be further partitioned to multiple requests during RTL generation, based on max_read_burst_length or max_write_burst_length settings.
INFO: [HLS 200-111] Finished Architecture Synthesis Time (s): cpu = 00:00:01 ; elapsed = 00:00:10 . Memory (MB): peak = 252.281 ; gain = 166.781
INFO: [HLS 200-10] Starting hardware synthesis ...
INFO: [HLS 200-10] Synthesizing 'LeakyReLU' ...
INFO: [HLS 200-10] ----------------------------------------------------------------
INFO: [HLS 200-42] -- Implementing module 'LeakyReLU' 
INFO: [HLS 200-10] ----------------------------------------------------------------
INFO: [SCHED 204-11] Starting scheduling ...
WARNING: [SCHED 204-65] Unable to satisfy pipeline directive: Loop contains subloop(s) not being unrolled or flattened.
INFO: [SCHED 204-11] Finished scheduling.
INFO: [HLS 200-111]  Elapsed time: 10.349 seconds; current allocated memory: 195.448 MB.
INFO: [HLS 200-434] Only 0 loops out of a total 2 loops have been pipelined in this design.
INFO: [BIND 205-100] Starting micro-architecture generation ...
INFO: [BIND 205-101] Performing variable lifetime analysis.
INFO: [BIND 205-101] Exploring resource sharing.
INFO: [BIND 205-101] Binding ...
INFO: [BIND 205-100] Finished micro-architecture generation.
INFO: [HLS 200-111]  Elapsed time: 0.116 seconds; current allocated memory: 195.865 MB.
INFO: [HLS 200-10] ----------------------------------------------------------------
INFO: [HLS 200-10] -- Generating RTL for module 'LeakyReLU' 
INFO: [HLS 200-10] ----------------------------------------------------------------
INFO: [RTGEN 206-500] Setting interface mode on port 'LeakyReLU/gmem' to 'm_axi'.
INFO: [RTGEN 206-500] Setting interface mode on port 'LeakyReLU/channel_V' to 's_axilite & ap_none'.
INFO: [RTGEN 206-500] Setting interface mode on port 'LeakyReLU/height_V' to 's_axilite & ap_none'.
INFO: [RTGEN 206-500] Setting interface mode on port 'LeakyReLU/width_V' to 's_axilite & ap_none'.
INFO: [RTGEN 206-500] Setting interface mode on port 'LeakyReLU/in_data' to 's_axilite & ap_none'.
INFO: [RTGEN 206-500] Setting interface mode on port 'LeakyReLU/out_data' to 's_axilite & ap_none'.
INFO: [RTGEN 206-500] Setting interface mode on port 'LeakyReLU/alpha' to 's_axilite & ap_none'.
INFO: [RTGEN 206-500] Setting interface mode on function 'LeakyReLU' to 's_axilite & ap_ctrl_hs'.
INFO: [RTGEN 206-100] Bundling port 'return', 'channel_V', 'height_V', 'width_V', 'in_data', 'out_data' and 'alpha' to AXI-Lite port AXILiteS.
INFO: [SYN 201-210] Renamed object name 'LeakyReLU_fmul_32ns_32ns_32_3_max_dsp_1' to 'LeakyReLU_fmul_32bkb' due to the length limit 20
INFO: [SYN 201-210] Renamed object name 'LeakyReLU_fcmp_32ns_32ns_1_1_1' to 'LeakyReLU_fcmp_32cud' due to the length limit 20
INFO: [SYN 201-210] Renamed object name 'LeakyReLU_mul_mul_12ns_12ns_24_1_1' to 'LeakyReLU_mul_muldEe' due to the length limit 20
INFO: [SYN 201-210] Renamed object name 'LeakyReLU_mul_mul_12ns_24ns_36_1_1' to 'LeakyReLU_mul_muleOg' due to the length limit 20
INFO: [SYN 201-210] Renamed object name 'LeakyReLU_mac_muladd_12ns_12ns_36ns_36_1_1' to 'LeakyReLU_mac_mulfYi' due to the length limit 20
INFO: [RTGEN 206-100] Generating core module 'LeakyReLU_fcmp_32cud': 1 instance(s).
INFO: [RTGEN 206-100] Generating core module 'LeakyReLU_fmul_32bkb': 1 instance(s).
INFO: [RTGEN 206-100] Generating core module 'LeakyReLU_mac_mulfYi': 1 instance(s).
INFO: [RTGEN 206-100] Generating core module 'LeakyReLU_mul_muldEe': 2 instance(s).
INFO: [RTGEN 206-100] Generating core module 'LeakyReLU_mul_muleOg': 1 instance(s).
INFO: [RTGEN 206-100] Finished creating RTL model for 'LeakyReLU'.
INFO: [HLS 200-111]  Elapsed time: 0.424 seconds; current allocated memory: 197.003 MB.
INFO: [HLS 200-111] Finished generating all RTL models Time (s): cpu = 00:00:01 ; elapsed = 00:00:12 . Memory (MB): peak = 254.832 ; gain = 169.332
INFO: [SYSC 207-301] Generating SystemC RTL for LeakyReLU.
INFO: [VHDL 208-304] Generating VHDL RTL for LeakyReLU.
INFO: [VLOG 209-307] Generating Verilog RTL for LeakyReLU.
INFO: [HLS 200-112] Total elapsed time: 12.279 seconds; peak allocated memory: 197.003 MB.
