INFO-FLOW: Workspace D:/Common_Workbase/Darkness_PYNQ/HLS/Softmax/solution1 opened at Fri Oct 25 19:35:10 +0800 2024
Execute     config_clock -quiet -name default -period 10 -default=false 
INFO: [SYN 201-201] Setting up clock 'default' with a period of 10ns.
Execute     open_platform DefaultPlatform 
Execute     import_lib D:/Xilinx/Vivado/2018.3/common/technology/xilinx/zynq/zynq 
Execute       source D:/Xilinx/Vivado/2018.3/common/technology/xilinx/common/xilinx.lib 
Execute         source D:/Xilinx/Vivado/2018.3/common/technology/xilinx/interface/xilinx_interface.lib 
Execute           source D:/Xilinx/Vivado/2018.3/common/technology/xilinx/interface/plb46.lib 
Execute           source D:/Xilinx/Vivado/2018.3/common/technology/xilinx/interface/fsl.lib 
Execute           source D:/Xilinx/Vivado/2018.3/common/technology/xilinx/interface/axi4.lib 
Execute           source D:/Xilinx/Vivado/2018.3/common/technology/xilinx/interface/maxi.lib 
Execute           source D:/Xilinx/Vivado/2018.3/common/technology/xilinx/interface/saxilite.lib 
Execute         source D:/Xilinx/Vivado/2018.3/common/technology/xilinx/common/dsp48.lib 
Execute         source D:/Xilinx/Vivado/2018.3/common/technology/xilinx/ip/dds_compiler.lib 
Execute         source D:/Xilinx/Vivado/2018.3/common/technology/xilinx/ip/xfft.lib 
Execute         source D:/Xilinx/Vivado/2018.3/common/technology/xilinx/ip/xfir.lib 
Execute       source D:/Xilinx/Vivado/2018.3/common/technology/xilinx/common/xilinx_old.lib 
Execute       source D:/Xilinx/Vivado/2018.3/common/technology/xilinx/common/xilinx_vivado.lib 
Execute       source D:/Xilinx/Vivado/2018.3/common/technology/xilinx/common/xilinx.hlp 
Execute         source D:/Xilinx/Vivado/2018.3/common/technology/xilinx/common/target_info.tcl 
Execute         source D:/Xilinx/Vivado/2018.3/common/technology/xilinx/interface/xilinx_interface.hlp 
Execute           source D:/Xilinx/Vivado/2018.3/common/technology/xilinx/interface/maxi.hlp 
Execute           source D:/Xilinx/Vivado/2018.3/common/technology/xilinx/interface/saxilite.hlp 
Execute         source D:/Xilinx/Vivado/2018.3/common/technology/xilinx/common/dsp48.hlp 
Execute       source D:/Xilinx/Vivado/2018.3/common/technology/xilinx/zynq/dsp48e1.hlp 
Execute       get_default_platform 
Execute       config_chip_info -quiet -resource  {SLICE 13300}  {LUT 53200}     {FF 106400} {DSP48E 220}   {BRAM 280}  
Execute       config_chip_info -quiet -speed medium 
Execute       source D:/Xilinx/Vivado/2018.3/common/technology/xilinx/common/xilinx.hlp 
Execute         source D:/Xilinx/Vivado/2018.3/common/technology/xilinx/common/target_info.tcl 
Execute         source D:/Xilinx/Vivado/2018.3/common/technology/xilinx/interface/xilinx_interface.hlp 
Execute           source D:/Xilinx/Vivado/2018.3/common/technology/xilinx/interface/maxi.hlp 
Execute           source D:/Xilinx/Vivado/2018.3/common/technology/xilinx/interface/saxilite.hlp 
Execute         source D:/Xilinx/Vivado/2018.3/common/technology/xilinx/common/dsp48.hlp 
Execute     source D:/Xilinx/Vivado/2018.3/common/technology/xilinx/zynq/zynq.gen 
Execute       source D:/Xilinx/Vivado/2018.3/common/technology/xilinx/common/virtex.gen 
Execute         source D:/Xilinx/Vivado/2018.3/common/technology/xilinx/common/xilinx.gen 
Execute           source D:/Xilinx/Vivado/2018.3/common/technology/xilinx/interface/plb46.gen 
Execute           source D:/Xilinx/Vivado/2018.3/common/technology/xilinx/interface/fsl.gen 
Execute           source D:/Xilinx/Vivado/2018.3/common/technology/xilinx/interface/axi4.gen 
Execute           source D:/Xilinx/Vivado/2018.3/common/technology/xilinx/interface/nativeAXI4.gen 
Execute             source D:/Xilinx/Vivado/2018.3/common/technology/xilinx/interface/saxilite.gen 
Execute             source D:/Xilinx/Vivado/2018.3/common/technology/xilinx/interface/maxi.gen 
Execute           source D:/Xilinx/Vivado/2018.3/common/technology/xilinx/scripts/xilinxcoregen.gen 
Execute           source D:/Xilinx/Vivado/2018.3/common/technology/xilinx/interface/XilEDKCoreGen.gen 
Execute           source D:/Xilinx/Vivado/2018.3/common/technology/xilinx/ip/dds_compiler.gen 
Execute           source D:/Xilinx/Vivado/2018.3/common/technology/xilinx/ip/util.gen 
Execute           source D:/Xilinx/Vivado/2018.3/common/technology/xilinx/ip/xfft.gen 
Execute           source D:/Xilinx/Vivado/2018.3/common/technology/xilinx/ip/xfir.gen 
Execute         source D:/Xilinx/Vivado/2018.3/common/technology/xilinx/common/dsp48.gen 
Execute     open_platform DefaultPlatform 
Execute     import_lib D:/Xilinx/Vivado/2018.3/common/technology/xilinx/zynq/zynq_fpv6 
Execute       source D:/Xilinx/Vivado/2018.3/common/technology/xilinx/common/xilinx_fpv7.lib 
Execute         source D:/Xilinx/Vivado/2018.3/common/technology/xilinx/common/xilinx_hp.lib 
Execute       source D:/Xilinx/Vivado/2018.3/common/technology/xilinx/common/xilinx_fpv.hlp 
Execute         source D:/Xilinx/Vivado/2018.3/common/technology/xilinx/common/xilinx.hlp 
Execute           source D:/Xilinx/Vivado/2018.3/common/technology/xilinx/common/target_info.tcl 
Execute           source D:/Xilinx/Vivado/2018.3/common/technology/xilinx/interface/xilinx_interface.hlp 
Execute             source D:/Xilinx/Vivado/2018.3/common/technology/xilinx/interface/maxi.hlp 
Execute             source D:/Xilinx/Vivado/2018.3/common/technology/xilinx/interface/saxilite.hlp 
Execute           source D:/Xilinx/Vivado/2018.3/common/technology/xilinx/common/dsp48.hlp 
Execute       source D:/Xilinx/Vivado/2018.3/common/technology/xilinx/zynq/zynq_hp.hlp 
Execute     source D:/Xilinx/Vivado/2018.3/common/technology/xilinx/zynq/zynq_fpv6.gen 
Execute       source D:/Xilinx/Vivado/2018.3/common/technology/xilinx/common/xilinx_fpv6.gen 
Execute     set_part xc7z020clg400-2 
Execute       add_library xilinx/zynq/zynq:xc7z020:clg400:-2 
Execute         get_default_platform 
Execute         license_isbetapart xc7z020 
Command         license_isbetapart done; error code: 1; 
Execute         get_default_platform 
Execute         config_chip_info -quiet -resource  {SLICE 13300}  {LUT 53200}     {FF 106400} {DSP48E 220}   {BRAM 280}  
Execute         config_chip_info -quiet -speed medium 
Execute       add_library xilinx/zynq/zynq_fpv6 
Execute         get_default_platform 
INFO: [HLS 200-10] Setting target device to 'xc7z020clg400-2'
Execute       get_default_platform 
Execute     get_default_platform 
Execute     config_chip_info -quiet -resource  {SLICE 13300}  {LUT 53200}     {FF 106400} {DSP48E 220}   {BRAM 280}  
Execute     config_chip_info -quiet -speed medium 
Command   open_solution done; 0.199 sec.
Execute   set_part xc7z020clg400-2 -tool vivado 
Execute     add_library xilinx/zynq/zynq:xc7z020:clg400:-2 
Execute       get_default_platform 
Execute       license_isbetapart xc7z020 
Command       license_isbetapart done; error code: 1; 
Execute       get_default_platform 
Execute       config_chip_info -quiet -resource  {SLICE 13300}  {LUT 53200}     {FF 106400} {DSP48E 220}   {BRAM 280}  
Execute       config_chip_info -quiet -speed medium 
Execute     add_library xilinx/zynq/zynq_fpv6 
Execute       get_default_platform 
Execute     get_default_platform 
Execute   create_clock -period 10 -name default 
Execute   csynth_design 
Execute     get_config_compile -effort 
Execute     get_config_compile -enable_clang39 
Execute     get_config_compile -g 
Execute     get_config_compile -lm 
Execute     get_config_compile -ng 
Execute     get_config_compile -opt_fp 
Execute     get_config_compile -skip_cdt 
Execute     get_config_compile -skip_syncheck 
Execute     get_config_compile -skip_transform 
Execute     config_compile -blackbox  
Execute     get_config_compile -keep_printf 
Execute     elaborate -effort=medium -skip_syncheck=0 -keep_printf=0 -lm=0 -skip_cdt=0 -skip_transform=0 -ng=0 -g=0 -opt_fp=0 -from_csynth_design=1 
Execute       get_config_schedule -relax_ii_for_timing 
INFO: [SCHED 204-61] Option 'relax_ii_for_timing' is enabled, will increase II to preserve clock frequency constraints.
Execute       get_config_schedule -suppress_dependence_error_break 
INFO: [HLS 200-10] Analyzing design file '../src/softmax/softmax.cpp' ... 
INFO-FLOW: Compiling one TU...
Execute       is_m_axi_addr64 
INFO-FLOW: Handling ../src/softmax/softmax.cpp as C++
Execute       get_default_platform 
Execute       is_encrypted ../src/softmax/softmax.cpp 
Execute       get_default_platform 
INFO-FLOW: Running: GCC PP
INFO-FLOW: Source preprocessing
Execute       clang  -fno-limit-debug-info -gcc-toolchain "D:/Xilinx/Vivado/2018.3/msys" -hls  -fno-exceptions  -D__llvm__  -E "../src/softmax/softmax.cpp"     -fno-math-errno -c -emit-llvm -O0  -mllvm -disable-llvm-optzns -fno-threadsafe-statics  -fno-use-cxa-atexit  -fno-threadsafe-statics -fno-use-cxa-atexit -D__CLANG_3_1__ -D__cdecl= -DAESL_SYN -D__SYNTHESIS__ -D__HLS_SYN__ -I "D:/Xilinx/Vivado/2018.3/common/technology/autopilot" -I "D:/Xilinx/Vivado/2018.3/common/technology/autopilot/ap_sysc" -include etc/autopilot_ssdm_op.h -D__DSP48E1__  -o "D:/Common_Workbase/Darkness_PYNQ/HLS/Softmax/solution1/.autopilot/db/softmax.pp.0.cpp" 
INFO-FLOW: exec D:/Xilinx/Vivado/2018.3/win64/tools/clang/bin/clang -fno-limit-debug-info -gcc-toolchain D:/Xilinx/Vivado/2018.3/msys -hls -fno-exceptions -D__llvm__ -E ../src/softmax/softmax.cpp -fno-math-errno -c -emit-llvm -O0 -mllvm -disable-llvm-optzns -fno-threadsafe-statics -fno-use-cxa-atexit -fno-threadsafe-statics -fno-use-cxa-atexit -D__CLANG_3_1__ -D__cdecl= -DAESL_SYN -D__SYNTHESIS__ -D__HLS_SYN__ -I D:/Xilinx/Vivado/2018.3/common/technology/autopilot -I D:/Xilinx/Vivado/2018.3/common/technology/autopilot/ap_sysc -include etc/autopilot_ssdm_op.h -D__DSP48E1__ -o D:/Common_Workbase/Darkness_PYNQ/HLS/Softmax/solution1/.autopilot/db/softmax.pp.0.cpp
Command       clang done; 0.804 sec.
Execute       tidy_31 xilinx-xfmat-array-geometry D:/Common_Workbase/Darkness_PYNQ/HLS/Softmax/solution1/.autopilot/db/softmax.pp.0.cpp std=gnu++98 
INFO-FLOW: exec D:/Xilinx/Vivado/2018.3/win64/tools/clang-3.9-csynth/bin/tidy-3.1 -header-filter=.* -checks=-*,xilinx-xfmat-array-geometry -quiet -fix D:/Common_Workbase/Darkness_PYNQ/HLS/Softmax/solution1/.autopilot/db/softmax.pp.0.cpp -- -std=gnu++98 -fhls -ferror-limit=0
Command       tidy_31 done; 0.578 sec.
INFO-FLOW: Syntax Checking before pre-processing...
Execute       clang -syntaxcheck -src D:/Common_Workbase/Darkness_PYNQ/HLS/Softmax/solution1/.autopilot/db/softmax.pp.0.cpp  -fno-limit-debug-info -gcc-toolchain "D:/Xilinx/Vivado/2018.3/msys" -hls    -fno-math-errno -c -emit-llvm -O0  -mllvm -disable-llvm-optzns -fno-threadsafe-statics  -fno-use-cxa-atexit  -fno-threadsafe-statics -fno-use-cxa-atexit -D__CLANG_3_1__ -D__cdecl= -DAESL_SYN -D__SYNTHESIS__ -D__HLS_SYN__ -I "D:/Xilinx/Vivado/2018.3/common/technology/autopilot" -I "D:/Xilinx/Vivado/2018.3/common/technology/autopilot/ap_sysc" -include etc/autopilot_ssdm_op.h -D__DSP48E1__  "D:/Common_Workbase/Darkness_PYNQ/HLS/Softmax/solution1/.autopilot/db/softmax.pp.0.cpp"  -o "D:/Common_Workbase/Darkness_PYNQ/HLS/Softmax/solution1/.autopilot/db/useless.bc"  
INFO-FLOW: exec D:/Xilinx/Vivado/2018.3/win64/tools/clang/bin/clang -fno-limit-debug-info -gcc-toolchain D:/Xilinx/Vivado/2018.3/msys -hls -fno-math-errno -c -emit-llvm -O0 -mllvm -disable-llvm-optzns -fno-threadsafe-statics -fno-use-cxa-atexit -fno-threadsafe-statics -fno-use-cxa-atexit -D__CLANG_3_1__ -D__cdecl= -DAESL_SYN -D__SYNTHESIS__ -D__HLS_SYN__ -I D:/Xilinx/Vivado/2018.3/common/technology/autopilot -I D:/Xilinx/Vivado/2018.3/common/technology/autopilot/ap_sysc -include etc/autopilot_ssdm_op.h -D__DSP48E1__ D:/Common_Workbase/Darkness_PYNQ/HLS/Softmax/solution1/.autopilot/db/softmax.pp.0.cpp -o D:/Common_Workbase/Darkness_PYNQ/HLS/Softmax/solution1/.autopilot/db/useless.bc
Command       clang done; 1.958 sec.
INFO-FLOW: Done: GCC PP time: 3.3 seconds per iteration
Execute       list_core -type functional_unit 
Execute       tidy_31 xilinx-systemc-detector D:/Common_Workbase/Darkness_PYNQ/HLS/Softmax/solution1/.autopilot/db/softmax.pp.0.cpp std=gnu++98 -directive=D:/Common_Workbase/Darkness_PYNQ/HLS/Softmax/solution1/.autopilot/db/.systemc_flag 
INFO-FLOW: exec D:/Xilinx/Vivado/2018.3/win64/tools/clang-3.9-csynth/bin/tidy-3.1 -header-filter=.* -checks=-*,xilinx-systemc-detector -import-directive=D:/Common_Workbase/Darkness_PYNQ/HLS/Softmax/solution1/.autopilot/db/.systemc_flag -quiet -fix-errors D:/Common_Workbase/Darkness_PYNQ/HLS/Softmax/solution1/.autopilot/db/softmax.pp.0.cpp -- -std=gnu++98 -fhls -ferror-limit=0
Command       tidy_31 done; 0.468 sec.
INFO-FLOW: Running: tidy-3.1 CDT preprocess
Execute       tidy_31 xilinx-directive2pragma D:/Common_Workbase/Darkness_PYNQ/HLS/Softmax/solution1/.autopilot/db/softmax.pp.0.cpp std=gnu++98 -directive=D:/Common_Workbase/Darkness_PYNQ/HLS/Softmax/solution1/.autopilot/db/all.directive.json 
INFO-FLOW: exec D:/Xilinx/Vivado/2018.3/win64/tools/clang-3.9-csynth/bin/tidy-3.1 -header-filter=.* -checks=-*,xilinx-directive2pragma -import-directive=D:/Common_Workbase/Darkness_PYNQ/HLS/Softmax/solution1/.autopilot/db/all.directive.json -quiet -fix-errors D:/Common_Workbase/Darkness_PYNQ/HLS/Softmax/solution1/.autopilot/db/softmax.pp.0.cpp -- -std=gnu++98 -fhls -ferror-limit=0
Command       tidy_31 done; 0.511 sec.
Execute       get_config_dataflow -strict_mode 
Execute       ap_eval exec -ignorestderr D:/Xilinx/Vivado/2018.3/win64/tools/clang-3.9-csynth/bin/xilinx-dataflow-lawyer -export-fixes=D:/Common_Workbase/Darkness_PYNQ/HLS/Softmax/solution1/.autopilot/db/xilinx-dataflow-lawyer.softmax.pp.0.cpp.diag.yml D:/Common_Workbase/Darkness_PYNQ/HLS/Softmax/solution1/.autopilot/db/softmax.pp.0.cpp -- -std=gnu++98 -fhls -ferror-limit=0 -fstrict-dataflow > D:/Common_Workbase/Darkness_PYNQ/HLS/Softmax/solution1/.autopilot/db/xilinx-dataflow-lawyer.softmax.pp.0.cpp.out.log 2> D:/Common_Workbase/Darkness_PYNQ/HLS/Softmax/solution1/.autopilot/db/xilinx-dataflow-lawyer.softmax.pp.0.cpp.err.log 
Command       ap_eval done; 0.482 sec.
Execute       tidy_31 -errorcheck xilinx-constantarray-param,xilinx-resource-pragma-transformer,xilinx-xfmat-array-geometry D:/Common_Workbase/Darkness_PYNQ/HLS/Softmax/solution1/.autopilot/db/softmax.pp.0.cpp std=gnu++98 
Execute         ap_eval exec -ignorestderr D:/Xilinx/Vivado/2018.3/win64/tools/clang-3.9-csynth/bin/tidy-3.1 -export-fixes=D:/Common_Workbase/Darkness_PYNQ/HLS/Softmax/solution1/.autopilot/db/tidy-3.1.softmax.pp.0.cpp.diag.yml -header-filter=.* -checks=-*,xilinx-constantarray-param,xilinx-resource-pragma-transformer,xilinx-xfmat-array-geometry -quiet -fix-errors D:/Common_Workbase/Darkness_PYNQ/HLS/Softmax/solution1/.autopilot/db/softmax.pp.0.cpp -- -std=gnu++98 -fhls -ferror-limit=0 > D:/Common_Workbase/Darkness_PYNQ/HLS/Softmax/solution1/.autopilot/db/tidy-3.1.softmax.pp.0.cpp.out.log 2> D:/Common_Workbase/Darkness_PYNQ/HLS/Softmax/solution1/.autopilot/db/tidy-3.1.softmax.pp.0.cpp.err.log 
Command         ap_eval done; 0.622 sec.
Execute         ap_eval exec -ignorestderr D:/Xilinx/Vivado/2018.3/win64/tools/clang-3.9-csynth/bin/xilinx-legacy-rewriter D:/Common_Workbase/Darkness_PYNQ/HLS/Softmax/solution1/.autopilot/db/softmax.pp.0.cpp -- -std=gnu++98 -fhls -ferror-limit=0 > D:/Common_Workbase/Darkness_PYNQ/HLS/Softmax/solution1/.autopilot/db/xilinx-legacy-rewriter.softmax.pp.0.cpp.out.log 2> D:/Common_Workbase/Darkness_PYNQ/HLS/Softmax/solution1/.autopilot/db/xilinx-legacy-rewriter.softmax.pp.0.cpp.err.log 
Command         ap_eval done; 0.5 sec.
Command       tidy_31 done; 1.132 sec.
INFO-FLOW: Done: tidy-3.1 CDT preprocess time: 2.1 seconds per iteration
INFO-FLOW: Pragma Handling...
Execute       tidy_31 xilinx-ssdm-intrinsics-arguments D:/Common_Workbase/Darkness_PYNQ/HLS/Softmax/solution1/.autopilot/db/softmax.pragma.1.cpp std=gnu++98 
INFO-FLOW: exec D:/Xilinx/Vivado/2018.3/win64/tools/clang-3.9-csynth/bin/tidy-3.1 -header-filter=.* -checks=-*,xilinx-ssdm-intrinsics-arguments -quiet -fix-errors D:/Common_Workbase/Darkness_PYNQ/HLS/Softmax/solution1/.autopilot/db/softmax.pragma.1.cpp -- -std=gnu++98 -fhls -ferror-limit=0
Command       tidy_31 done; 1.125 sec.
Execute       get_default_platform 
INFO-FLOW: Processing labels
Execute       clang -src D:/Common_Workbase/Darkness_PYNQ/HLS/Softmax/solution1/.autopilot/db/softmax.pragma.2.cpp  -fno-limit-debug-info -gcc-toolchain D:/Xilinx/Vivado/2018.3/msys -hls -hls-analyze-label -hls-analyze-pragma -fno-exceptions  -D__llvm__  -w  "D:/Common_Workbase/Darkness_PYNQ/HLS/Softmax/solution1/.autopilot/db/softmax.pragma.2.cpp"    -fno-math-errno -c -emit-llvm -O0  -mllvm -disable-llvm-optzns -fno-threadsafe-statics  -fno-use-cxa-atexit -DAESL_SYN -D__SYNTHESIS__ -D__HLS_SYN__ -I "D:/Xilinx/Vivado/2018.3/common/technology/autopilot" -I "D:/Xilinx/Vivado/2018.3/common/technology/autopilot/ap_sysc" -include etc/autopilot_ssdm_op.h -D__DSP48E1__ -g -o "D:/Common_Workbase/Darkness_PYNQ/HLS/Softmax/solution1/.autopilot/db/softmax.bc" 
INFO-FLOW: exec D:/Xilinx/Vivado/2018.3/win64/tools/clang/bin/clang -fno-limit-debug-info -gcc-toolchain D:/Xilinx/Vivado/2018.3/msys -hls -hls-analyze-label -hls-analyze-pragma -fno-exceptions -D__llvm__ -w D:/Common_Workbase/Darkness_PYNQ/HLS/Softmax/solution1/.autopilot/db/softmax.pragma.2.cpp -fno-math-errno -c -emit-llvm -O0 -mllvm -disable-llvm-optzns -fno-threadsafe-statics -fno-use-cxa-atexit -DAESL_SYN -D__SYNTHESIS__ -D__HLS_SYN__ -I D:/Xilinx/Vivado/2018.3/common/technology/autopilot -I D:/Xilinx/Vivado/2018.3/common/technology/autopilot/ap_sysc -include etc/autopilot_ssdm_op.h -D__DSP48E1__ -g -o D:/Common_Workbase/Darkness_PYNQ/HLS/Softmax/solution1/.autopilot/db/softmax.bc
Command       clang done; 2.074 sec.
INFO-FLOW: Linking Debug ...
Execute       llvm-ld D:/Common_Workbase/Darkness_PYNQ/HLS/Softmax/solution1/.autopilot/db/softmax.g.bc -hls-opt -except-internalize Softmax3D -LD:/Xilinx/Vivado/2018.3/win64/lib -lhlsm -lhlsmc++ -o D:/Common_Workbase/Darkness_PYNQ/HLS/Softmax/solution1/.autopilot/db/a.g 
Command       llvm-ld done; 1.859 sec.
INFO: [HLS 200-111] Finished Linking Time (s): cpu = 00:00:01 ; elapsed = 00:00:12 . Memory (MB): peak = 103.461 ; gain = 17.777
INFO: [HLS 200-111] Finished Checking Pragmas Time (s): cpu = 00:00:01 ; elapsed = 00:00:12 . Memory (MB): peak = 103.461 ; gain = 17.777
Execute       get_config_sdx -target 
Execute       opt_and_import_c a -opt_level=2 -skip_syncheck=0 -ng=0 -keep_printf=0 
Execute         cleanup_all_models 
INFO: [HLS 200-10] Starting code transformations ...
Execute         transform -promote-dbg-pointer D:/Common_Workbase/Darkness_PYNQ/HLS/Softmax/solution1/.autopilot/db/a.pp.bc -o D:/Common_Workbase/Darkness_PYNQ/HLS/Softmax/solution1/.autopilot/db/a.pp.0.bc -f 
Command         transform done; 0.112 sec.
Execute         llvm-ld D:/Common_Workbase/Darkness_PYNQ/HLS/Softmax/solution1/.autopilot/db/a.pp.0.bc -disable-opt -LD:/Xilinx/Vivado/2018.3/win64/lib -lfloatconversion -o D:/Common_Workbase/Darkness_PYNQ/HLS/Softmax/solution1/.autopilot/db/a.g.0 
Command         llvm-ld done; 0.51 sec.
INFO-FLOW: Running Standard Transforms...
Execute         transform -hls -share-std-xform -demangle-name -inline-byval-memcpy -always-inline -promote-dbg-pointer -interface-preproc -mem2reg -lower-blackbox -scalarrepl -mem2reg -keep-read-access -instcombine -dce -promote-dbg-pointer -bitop-raise -loop-simplify -indvarspre -indvars -loop-simplify -xunroll -constprop -instcombine -simplifycfg -indvars -simplifycfg -dce -globaldce -basicaa -simplifycfg -mem2reg -globalopt -global-constprop -deadargelim -instcombine -simplifycfg -prune-eh -simplifycfg -scalarrepl -instcombine -reassociate -licm -simplifycfg -loop-simplify -indvars -instcombine -simplifycfg -mem2reg -loop-simplify -indvars -instcombine -gvn -gvn -instcombine -adce -break-crit-edges -simplifycfg -loop-delete -global-array-opt -dce -dse -adce -find-syn-modules -top Softmax3D -deadargelim -mem2reg -instcombine -dce -presyn-prepare -auto-rom-infer -interface-preproc -syn-check -check-rec-only -find-region -simplifycfg -func-extr -function-inline -globaldce -mem2reg -instcombine -dce -gvn -globaldce -adce -adse -constprop -instcombine -bit-constprop -instcombine -dce -simplifycfg -bitop-raise -simplifycfg -dce -loop-delete -reassociate -globalopt -global-privatize -mem2reg -dce -global-constprop -pointer-simplify -constprop -dce -func-inst -deadargelim -auto-shift-reg-idiom -promote-dbg-pointer -norm-name D:/Common_Workbase/Darkness_PYNQ/HLS/Softmax/solution1/.autopilot/db/a.g.0.bc -o D:/Common_Workbase/Darkness_PYNQ/HLS/Softmax/solution1/.autopilot/db/a.g.1.bc -f -phase std-opt 
ERROR: [SYNCHK 200-79] Cannot find the top function 'Softmax3D' in the design. Possible causes are: (1) the top function name is misspelled; (2) the top function is nonexistent or declared as static.
Command         transform done; error code: 1; 0.113 sec.
ERROR: [HLS 200-70] Synthesizability check failed.
Command       opt_and_import_c done; error code: 2; 0.748 sec.
Command     elaborate done; error code: 2; 12.064 sec.
Command   csynth_design done; error code: 2; 12.082 sec.
Command ap_source done; error code: 1; 12.337 sec.
Execute cleanup_all 
INFO-FLOW: Workspace D:/Common_Workbase/Darkness_PYNQ/HLS/Softmax/solution1 opened at Fri Oct 25 19:35:53 +0800 2024
Execute     config_clock -quiet -name default -period 10 -default=false 
INFO: [SYN 201-201] Setting up clock 'default' with a period of 10ns.
Execute     open_platform DefaultPlatform 
Execute     import_lib D:/Xilinx/Vivado/2018.3/common/technology/xilinx/zynq/zynq 
Execute       source D:/Xilinx/Vivado/2018.3/common/technology/xilinx/common/xilinx.lib 
Execute         source D:/Xilinx/Vivado/2018.3/common/technology/xilinx/interface/xilinx_interface.lib 
Execute           source D:/Xilinx/Vivado/2018.3/common/technology/xilinx/interface/plb46.lib 
Execute           source D:/Xilinx/Vivado/2018.3/common/technology/xilinx/interface/fsl.lib 
Execute           source D:/Xilinx/Vivado/2018.3/common/technology/xilinx/interface/axi4.lib 
Execute           source D:/Xilinx/Vivado/2018.3/common/technology/xilinx/interface/maxi.lib 
Execute           source D:/Xilinx/Vivado/2018.3/common/technology/xilinx/interface/saxilite.lib 
Execute         source D:/Xilinx/Vivado/2018.3/common/technology/xilinx/common/dsp48.lib 
Execute         source D:/Xilinx/Vivado/2018.3/common/technology/xilinx/ip/dds_compiler.lib 
Execute         source D:/Xilinx/Vivado/2018.3/common/technology/xilinx/ip/xfft.lib 
Execute         source D:/Xilinx/Vivado/2018.3/common/technology/xilinx/ip/xfir.lib 
Execute       source D:/Xilinx/Vivado/2018.3/common/technology/xilinx/common/xilinx_old.lib 
Execute       source D:/Xilinx/Vivado/2018.3/common/technology/xilinx/common/xilinx_vivado.lib 
Execute       source D:/Xilinx/Vivado/2018.3/common/technology/xilinx/common/xilinx.hlp 
Execute         source D:/Xilinx/Vivado/2018.3/common/technology/xilinx/common/target_info.tcl 
Execute         source D:/Xilinx/Vivado/2018.3/common/technology/xilinx/interface/xilinx_interface.hlp 
Execute           source D:/Xilinx/Vivado/2018.3/common/technology/xilinx/interface/maxi.hlp 
Execute           source D:/Xilinx/Vivado/2018.3/common/technology/xilinx/interface/saxilite.hlp 
Execute         source D:/Xilinx/Vivado/2018.3/common/technology/xilinx/common/dsp48.hlp 
Execute       source D:/Xilinx/Vivado/2018.3/common/technology/xilinx/zynq/dsp48e1.hlp 
Execute       get_default_platform 
Execute       config_chip_info -quiet -resource  {SLICE 13300}  {LUT 53200}     {FF 106400} {DSP48E 220}   {BRAM 280}  
Execute       config_chip_info -quiet -speed medium 
Execute       source D:/Xilinx/Vivado/2018.3/common/technology/xilinx/common/xilinx.hlp 
Execute         source D:/Xilinx/Vivado/2018.3/common/technology/xilinx/common/target_info.tcl 
Execute         source D:/Xilinx/Vivado/2018.3/common/technology/xilinx/interface/xilinx_interface.hlp 
Execute           source D:/Xilinx/Vivado/2018.3/common/technology/xilinx/interface/maxi.hlp 
Execute           source D:/Xilinx/Vivado/2018.3/common/technology/xilinx/interface/saxilite.hlp 
Execute         source D:/Xilinx/Vivado/2018.3/common/technology/xilinx/common/dsp48.hlp 
Execute     source D:/Xilinx/Vivado/2018.3/common/technology/xilinx/zynq/zynq.gen 
Execute       source D:/Xilinx/Vivado/2018.3/common/technology/xilinx/common/virtex.gen 
Execute         source D:/Xilinx/Vivado/2018.3/common/technology/xilinx/common/xilinx.gen 
Execute           source D:/Xilinx/Vivado/2018.3/common/technology/xilinx/interface/plb46.gen 
Execute           source D:/Xilinx/Vivado/2018.3/common/technology/xilinx/interface/fsl.gen 
Execute           source D:/Xilinx/Vivado/2018.3/common/technology/xilinx/interface/axi4.gen 
Execute           source D:/Xilinx/Vivado/2018.3/common/technology/xilinx/interface/nativeAXI4.gen 
Execute             source D:/Xilinx/Vivado/2018.3/common/technology/xilinx/interface/saxilite.gen 
Execute             source D:/Xilinx/Vivado/2018.3/common/technology/xilinx/interface/maxi.gen 
Execute           source D:/Xilinx/Vivado/2018.3/common/technology/xilinx/scripts/xilinxcoregen.gen 
Execute           source D:/Xilinx/Vivado/2018.3/common/technology/xilinx/interface/XilEDKCoreGen.gen 
Execute           source D:/Xilinx/Vivado/2018.3/common/technology/xilinx/ip/dds_compiler.gen 
Execute           source D:/Xilinx/Vivado/2018.3/common/technology/xilinx/ip/util.gen 
Execute           source D:/Xilinx/Vivado/2018.3/common/technology/xilinx/ip/xfft.gen 
Execute           source D:/Xilinx/Vivado/2018.3/common/technology/xilinx/ip/xfir.gen 
Command         ap_source done; 0.113 sec.
Execute         source D:/Xilinx/Vivado/2018.3/common/technology/xilinx/common/dsp48.gen 
Command       ap_source done; 0.116 sec.
Command     ap_source done; 0.116 sec.
Execute     open_platform DefaultPlatform 
Execute     import_lib D:/Xilinx/Vivado/2018.3/common/technology/xilinx/zynq/zynq_fpv6 
Execute       source D:/Xilinx/Vivado/2018.3/common/technology/xilinx/common/xilinx_fpv7.lib 
Execute         source D:/Xilinx/Vivado/2018.3/common/technology/xilinx/common/xilinx_hp.lib 
Execute       source D:/Xilinx/Vivado/2018.3/common/technology/xilinx/common/xilinx_fpv.hlp 
Execute         source D:/Xilinx/Vivado/2018.3/common/technology/xilinx/common/xilinx.hlp 
Execute           source D:/Xilinx/Vivado/2018.3/common/technology/xilinx/common/target_info.tcl 
Execute           source D:/Xilinx/Vivado/2018.3/common/technology/xilinx/interface/xilinx_interface.hlp 
Execute             source D:/Xilinx/Vivado/2018.3/common/technology/xilinx/interface/maxi.hlp 
Execute             source D:/Xilinx/Vivado/2018.3/common/technology/xilinx/interface/saxilite.hlp 
Execute           source D:/Xilinx/Vivado/2018.3/common/technology/xilinx/common/dsp48.hlp 
Execute       source D:/Xilinx/Vivado/2018.3/common/technology/xilinx/zynq/zynq_hp.hlp 
Execute     source D:/Xilinx/Vivado/2018.3/common/technology/xilinx/zynq/zynq_fpv6.gen 
Execute       source D:/Xilinx/Vivado/2018.3/common/technology/xilinx/common/xilinx_fpv6.gen 
Execute     set_part xc7z020clg400-2 
Execute       add_library xilinx/zynq/zynq:xc7z020:clg400:-2 
Execute         get_default_platform 
Execute         license_isbetapart xc7z020 
Command         license_isbetapart done; error code: 1; 
Execute         get_default_platform 
Execute         config_chip_info -quiet -resource  {SLICE 13300}  {LUT 53200}     {FF 106400} {DSP48E 220}   {BRAM 280}  
Execute         config_chip_info -quiet -speed medium 
Execute       add_library xilinx/zynq/zynq_fpv6 
Execute         get_default_platform 
INFO: [HLS 200-10] Setting target device to 'xc7z020clg400-2'
Execute       get_default_platform 
Execute     get_default_platform 
Execute     config_chip_info -quiet -resource  {SLICE 13300}  {LUT 53200}     {FF 106400} {DSP48E 220}   {BRAM 280}  
Execute     config_chip_info -quiet -speed medium 
Command   open_solution done; 0.217 sec.
Execute   csim_design -quiet 
INFO: [SIM 211-2] *************** CSIM start ***************
INFO: [SIM 211-4] CSIM will launch GCC as the compiler.
Execute     source csim/.lst_opt.tcl 
Execute     is_encrypted D:/Common_Workbase/Darkness_PYNQ/src/softmax/main.cpp 
Execute     is_xip D:/Common_Workbase/Darkness_PYNQ/src/softmax/main.cpp 
Execute     is_encrypted D:/Common_Workbase/Darkness_PYNQ/src/softmax/softmax.h 
Execute     is_xip D:/Common_Workbase/Darkness_PYNQ/src/softmax/softmax.h 
Execute     is_encrypted D:/Common_Workbase/Darkness_PYNQ/src/softmax/softmax.cpp 
Execute     is_xip D:/Common_Workbase/Darkness_PYNQ/src/softmax/softmax.cpp 
Execute     get_default_platform 
Execute     source run_sim.tcl 
Command     ap_source done; 0.109 sec.
INFO: [SIM 211-1] CSim done with 0 errors.
INFO: [SIM 211-3] *************** CSIM finish ***************
Command   csim_design done; 9.432 sec.
Command ap_source done; 9.654 sec.
Execute cleanup_all 
