

================================================================
== Vivado HLS Report for 'Softmax3D'
================================================================
* Date:           Fri Oct 25 15:45:24 2024

* Version:        2018.3 (Build 2405991 on Thu Dec 06 23:56:15 MST 2018)
* Project:        Softmax
* Solution:       solution1
* Product family: zynq
* Target device:  xc7z020clg400-2


================================================================
== Performance Estimates
================================================================
+ Timing (ns): 
    * Summary: 
    +--------+-------+----------+------------+
    |  Clock | Target| Estimated| Uncertainty|
    +--------+-------+----------+------------+
    |ap_clk  |  10.00|     8.750|        1.25|
    +--------+-------+----------+------------+

+ Latency (clock cycles): 
    * Summary: 
    +-----+------------------+-----+------------------+---------+
    |         Latency        |        Interval        | Pipeline|
    | min |        max       | min |        max       |   Type  |
    +-----+------------------+-----+------------------+---------+
    |    1|  7313540087988226|    1|  7313540087988226|   none  |
    +-----+------------------+-----+------------------+---------+

    + Detail: 
        * Instance: 
        N/A

        * Loop: 
        +-----------------+-----+------------------+---------------+-----------+-----------+--------------+----------+
        |                 |         Latency        |   Iteration   |  Initiation Interval  |     Trip     |          |
        |    Loop Name    | min |        max       |    Latency    |  achieved |   target  |     Count    | Pipelined|
        +-----------------+-----+------------------+---------------+-----------+-----------+--------------+----------+
        |- Loop 1         |    0|  7313540087988225| 9 ~ 436133889 |          -|          -| 0 ~ 16769025 |    no    |
        | + Loop 1.1      |    0|         436133880|  34 ~ 106504  |          -|          -|   0 ~ 4095   |    no    |
        |  ++ Loop 1.1.1  |    0|            106470|             26|          -|          -|   0 ~ 4095   |    no    |
        +-----------------+-----+------------------+---------------+-----------+-----------+--------------+----------+

============================================================
+ Verbose Summary: Synthesis Manager
============================================================
InlineROM: 1
ExposeGlobal: 0
============================================================
+ Verbose Summary: CDFG Model
============================================================
IsTopModel: 1
ResetActiveHigh: 1
IsCombinational: 0
IsDatapathOnly: 0
HasWiredReturn: 1
HasMFsm: 0
HasVarLatency: 1
IsPipeline: 0
IsRtlPipelined: 0
IsInstanceOverlapped: 0
IsDontTouch: 0
HasImplIP: 0
IsGatedGlobalClock: 0


============================================================
+ Verbose Summary: Schedule
============================================================
* Number of FSM states : 68
* Pipeline : 0
* Dataflow Pipeline: 0

* FSM state transitions: 
1 --> 
	2  / true
2 --> 
	3  / (!exitcond_flatten)
3 --> 
	4  / true
4 --> 
	5  / true
5 --> 
	6  / true
6 --> 
	7  / (!exitcond1)
	65  / (exitcond1)
7 --> 
	8  / true
8 --> 
	9  / true
9 --> 
	10  / true
10 --> 
	11  / true
11 --> 
	12  / true
12 --> 
	13  / true
13 --> 
	14  / true
14 --> 
	15  / true
15 --> 
	16  / (!exitcond)
	41  / (exitcond)
16 --> 
	17  / true
17 --> 
	18  / true
18 --> 
	19  / true
19 --> 
	20  / true
20 --> 
	21  / true
21 --> 
	22  / true
22 --> 
	23  / true
23 --> 
	24  / true
24 --> 
	25  / true
25 --> 
	26  / true
26 --> 
	27  / true
27 --> 
	28  / true
28 --> 
	29  / true
29 --> 
	30  / true
30 --> 
	31  / true
31 --> 
	32  / true
32 --> 
	33  / true
33 --> 
	34  / true
34 --> 
	35  / true
35 --> 
	36  / true
36 --> 
	37  / true
37 --> 
	38  / true
38 --> 
	39  / true
39 --> 
	40  / true
40 --> 
	15  / true
41 --> 
	42  / true
42 --> 
	43  / true
43 --> 
	44  / true
44 --> 
	45  / true
45 --> 
	46  / true
46 --> 
	47  / true
47 --> 
	48  / true
48 --> 
	49  / true
49 --> 
	50  / true
50 --> 
	51  / true
51 --> 
	52  / true
52 --> 
	53  / true
53 --> 
	54  / true
54 --> 
	55  / true
55 --> 
	56  / true
56 --> 
	57  / true
57 --> 
	58  / true
58 --> 
	59  / true
59 --> 
	60  / true
60 --> 
	61  / true
61 --> 
	62  / true
62 --> 
	63  / true
63 --> 
	64  / true
64 --> 
	6  / true
65 --> 
	66  / true
66 --> 
	67  / true
67 --> 
	68  / true
68 --> 
	2  / true

* FSM state operations: 

State 1 <SV = 0> <Delay = 6.55>
ST_1 : Operation 69 [1/1] (1.00ns)   --->   "%out_data_read = call i32 @_ssdm_op_Read.s_axilite.i32(i32 %out_data)"   --->   Operation 69 'read' 'out_data_read' <Predicate = true> <Delay = 1.00> <Core = "s_axilite">   --->   Core 10 's_axilite' <Latency = 0> <II = 1> <Delay = 1.00> <Adapter> <Opcode : 'read' 'write'>
ST_1 : Operation 70 [1/1] (1.00ns)   --->   "%in_data_read = call i32 @_ssdm_op_Read.s_axilite.i32(i32 %in_data)"   --->   Operation 70 'read' 'in_data_read' <Predicate = true> <Delay = 1.00> <Core = "s_axilite">   --->   Core 10 's_axilite' <Latency = 0> <II = 1> <Delay = 1.00> <Adapter> <Opcode : 'read' 'write'>
ST_1 : Operation 71 [1/1] (1.00ns)   --->   "%width_V_read = call i12 @_ssdm_op_Read.s_axilite.i12(i12 %width_V)"   --->   Operation 71 'read' 'width_V_read' <Predicate = true> <Delay = 1.00> <Core = "s_axilite">   --->   Core 10 's_axilite' <Latency = 0> <II = 1> <Delay = 1.00> <Adapter> <Opcode : 'read' 'write'>
ST_1 : Operation 72 [1/1] (1.00ns)   --->   "%height_V_read = call i12 @_ssdm_op_Read.s_axilite.i12(i12 %height_V)"   --->   Operation 72 'read' 'height_V_read' <Predicate = true> <Delay = 1.00> <Core = "s_axilite">   --->   Core 10 's_axilite' <Latency = 0> <II = 1> <Delay = 1.00> <Adapter> <Opcode : 'read' 'write'>
ST_1 : Operation 73 [1/1] (1.00ns)   --->   "%channel_V_read = call i12 @_ssdm_op_Read.s_axilite.i12(i12 %channel_V)"   --->   Operation 73 'read' 'channel_V_read' <Predicate = true> <Delay = 1.00> <Core = "s_axilite">   --->   Core 10 's_axilite' <Latency = 0> <II = 1> <Delay = 1.00> <Adapter> <Opcode : 'read' 'write'>
ST_1 : Operation 74 [1/1] (0.00ns)   --->   "%tmp_1 = call i30 @_ssdm_op_PartSelect.i30.i32.i32.i32(i32 %out_data_read, i32 2, i32 31)"   --->   Operation 74 'partselect' 'tmp_1' <Predicate = true> <Delay = 0.00>
ST_1 : Operation 75 [1/1] (0.00ns)   --->   "%tmp_1_cast = zext i30 %tmp_1 to i37"   --->   Operation 75 'zext' 'tmp_1_cast' <Predicate = true> <Delay = 0.00>
ST_1 : Operation 76 [1/1] (0.00ns)   --->   "%tmp_3 = call i30 @_ssdm_op_PartSelect.i30.i32.i32.i32(i32 %in_data_read, i32 2, i32 31)"   --->   Operation 76 'partselect' 'tmp_3' <Predicate = true> <Delay = 0.00>
ST_1 : Operation 77 [1/1] (0.00ns)   --->   "%tmp_3_cast1 = zext i30 %tmp_3 to i33"   --->   Operation 77 'zext' 'tmp_3_cast1' <Predicate = true> <Delay = 0.00>
ST_1 : Operation 78 [1/1] (0.00ns)   --->   "%tmp_3_cast = zext i30 %tmp_3 to i37"   --->   Operation 78 'zext' 'tmp_3_cast' <Predicate = true> <Delay = 0.00>
ST_1 : Operation 79 [1/1] (0.00ns)   --->   "call void (...)* @_ssdm_op_SpecBitsMap(float* %gmem), !map !65"   --->   Operation 79 'specbitsmap' <Predicate = true> <Delay = 0.00>
ST_1 : Operation 80 [1/1] (0.00ns)   --->   "call void (...)* @_ssdm_op_SpecBitsMap(i12 %channel_V), !map !70"   --->   Operation 80 'specbitsmap' <Predicate = true> <Delay = 0.00>
ST_1 : Operation 81 [1/1] (0.00ns)   --->   "call void (...)* @_ssdm_op_SpecBitsMap(i12 %height_V), !map !76"   --->   Operation 81 'specbitsmap' <Predicate = true> <Delay = 0.00>
ST_1 : Operation 82 [1/1] (0.00ns)   --->   "call void (...)* @_ssdm_op_SpecBitsMap(i12 %width_V), !map !80"   --->   Operation 82 'specbitsmap' <Predicate = true> <Delay = 0.00>
ST_1 : Operation 83 [1/1] (0.00ns)   --->   "call void (...)* @_ssdm_op_SpecTopModule([10 x i8]* @Softmax3D_str) nounwind"   --->   Operation 83 'spectopmodule' <Predicate = true> <Delay = 0.00>
ST_1 : Operation 84 [1/1] (0.00ns)   --->   "call void (...)* @_ssdm_op_SpecInterface(float* %gmem, [6 x i8]* @p_str, i32 0, i32 0, [1 x i8]* @p_str1, i32 0, i64 4294967295, [5 x i8]* @p_str2, [6 x i8]* @p_str3, [1 x i8]* @p_str1, i32 16, i32 16, i32 16, i32 16, [1 x i8]* @p_str1, [1 x i8]* @p_str1) nounwind" [../src/softmax/softmax.cpp:11]   --->   Operation 84 'specinterface' <Predicate = true> <Delay = 0.00>
ST_1 : Operation 85 [1/1] (0.00ns)   --->   "call void (...)* @_ssdm_op_SpecInterface(i32 %in_data, [10 x i8]* @mode, i32 0, i32 0, [1 x i8]* @p_str1, i32 0, i64 4294967295, [1 x i8]* @bundle, [6 x i8]* @p_str3, [1 x i8]* @p_str1, i32 16, i32 16, i32 16, i32 16, [1 x i8]* @p_str1, [1 x i8]* @p_str1) nounwind" [../src/softmax/softmax.cpp:11]   --->   Operation 85 'specinterface' <Predicate = true> <Delay = 0.00>
ST_1 : Operation 86 [1/1] (0.00ns)   --->   "call void (...)* @_ssdm_op_SpecInterface(i32 %out_data, [10 x i8]* @mode1, i32 0, i32 0, [1 x i8]* @p_str1, i32 0, i64 4294967295, [1 x i8]* @bundle2, [6 x i8]* @p_str3, [1 x i8]* @p_str1, i32 16, i32 16, i32 16, i32 16, [1 x i8]* @p_str1, [1 x i8]* @p_str1) nounwind" [../src/softmax/softmax.cpp:12]   --->   Operation 86 'specinterface' <Predicate = true> <Delay = 0.00>
ST_1 : Operation 87 [1/1] (0.00ns)   --->   "call void (...)* @_ssdm_op_SpecInterface(i12 %width_V, [10 x i8]* @p_str4, i32 0, i32 0, [1 x i8]* @p_str1, i32 0, i32 0, [1 x i8]* @p_str1, [1 x i8]* @p_str1, [1 x i8]* @p_str1, i32 0, i32 0, i32 0, i32 0, [1 x i8]* @p_str1, [1 x i8]* @p_str1) nounwind" [../src/softmax/softmax.cpp:13]   --->   Operation 87 'specinterface' <Predicate = true> <Delay = 0.00>
ST_1 : Operation 88 [1/1] (0.00ns)   --->   "call void (...)* @_ssdm_op_SpecInterface(i12 %height_V, [10 x i8]* @p_str4, i32 0, i32 0, [1 x i8]* @p_str1, i32 0, i32 0, [1 x i8]* @p_str1, [1 x i8]* @p_str1, [1 x i8]* @p_str1, i32 0, i32 0, i32 0, i32 0, [1 x i8]* @p_str1, [1 x i8]* @p_str1) nounwind" [../src/softmax/softmax.cpp:14]   --->   Operation 88 'specinterface' <Predicate = true> <Delay = 0.00>
ST_1 : Operation 89 [1/1] (0.00ns)   --->   "call void (...)* @_ssdm_op_SpecInterface(i12 %channel_V, [10 x i8]* @p_str4, i32 0, i32 0, [1 x i8]* @p_str1, i32 0, i32 0, [1 x i8]* @p_str1, [1 x i8]* @p_str1, [1 x i8]* @p_str1, i32 0, i32 0, i32 0, i32 0, [1 x i8]* @p_str1, [1 x i8]* @p_str1) nounwind" [../src/softmax/softmax.cpp:15]   --->   Operation 89 'specinterface' <Predicate = true> <Delay = 0.00>
ST_1 : Operation 90 [1/1] (0.00ns)   --->   "call void (...)* @_ssdm_op_SpecInterface(i32 0, [10 x i8]* @p_str4, i32 0, i32 0, [1 x i8]* @p_str1, i32 0, i32 0, [1 x i8]* @p_str1, [1 x i8]* @p_str1, [1 x i8]* @p_str1, i32 0, i32 0, i32 0, i32 0, [1 x i8]* @p_str1, [1 x i8]* @p_str1) nounwind" [../src/softmax/softmax.cpp:16]   --->   Operation 90 'specinterface' <Predicate = true> <Delay = 0.00>
ST_1 : Operation 91 [1/1] (0.00ns)   --->   "%tmp_2 = zext i12 %width_V_read to i32"   --->   Operation 91 'zext' 'tmp_2' <Predicate = true> <Delay = 0.00>
ST_1 : Operation 92 [1/1] (0.00ns)   --->   "%tmp_3_cast6 = zext i12 %height_V_read to i24" [../src/softmax/softmax.cpp:25]   --->   Operation 92 'zext' 'tmp_3_cast6' <Predicate = true> <Delay = 0.00>
ST_1 : Operation 93 [1/1] (0.00ns)   --->   "%rhs_V_1_cast = zext i12 %width_V_read to i36" [../src/softmax/softmax.cpp:25]   --->   Operation 93 'zext' 'rhs_V_1_cast' <Predicate = true> <Delay = 0.00>
ST_1 : Operation 94 [1/1] (0.00ns)   --->   "%rhs_V_2_cast = zext i12 %width_V_read to i24" [../src/softmax/softmax.cpp:17]   --->   Operation 94 'zext' 'rhs_V_2_cast' <Predicate = true> <Delay = 0.00>
ST_1 : Operation 95 [1/1] (0.00ns)   --->   "%cast = zext i12 %channel_V_read to i24"   --->   Operation 95 'zext' 'cast' <Predicate = true> <Delay = 0.00>
ST_1 : Operation 96 [1/1] (5.55ns) (root node of the DSP)   --->   "%bound = mul i24 %tmp_3_cast6, %cast" [../src/softmax/softmax.cpp:25]   --->   Operation 96 'mul' 'bound' <Predicate = true> <Delay = 5.55> <Core = "DSP48">   --->   Core 65 'DSP48' <Latency = 0> <II = 1> <Delay = 5.55> <IPBlock> <Opcode : 'mul' 'add' 'sub' 'select'> <InPorts = 0> <OutPorts = 1> <Sync> <CReg>
ST_1 : Operation 97 [1/1] (0.46ns)   --->   "br label %1" [../src/softmax/softmax.cpp:17]   --->   Operation 97 'br' <Predicate = true> <Delay = 0.46>

State 2 <SV = 1> <Delay = 7.96>
ST_2 : Operation 98 [1/1] (0.00ns)   --->   "%indvar_flatten = phi i24 [ 0, %0 ], [ %indvar_flatten_next, %6 ]"   --->   Operation 98 'phi' 'indvar_flatten' <Predicate = true> <Delay = 0.00>
ST_2 : Operation 99 [1/1] (0.00ns)   --->   "%i_op_assign = phi i12 [ 0, %0 ], [ %ret_V_1_mid2_v_v_v_v, %6 ]" [../src/softmax/softmax.cpp:25]   --->   Operation 99 'phi' 'i_op_assign' <Predicate = true> <Delay = 0.00>
ST_2 : Operation 100 [1/1] (0.00ns)   --->   "%i_op_assign_1 = phi i12 [ 0, %0 ], [ %h, %6 ]"   --->   Operation 100 'phi' 'i_op_assign_1' <Predicate = true> <Delay = 0.00>
ST_2 : Operation 101 [1/1] (0.00ns)   --->   "call void (...)* @_ssdm_op_SpecPipeline(i32 -1, i32 1, i32 1, i32 0, [1 x i8]* @p_str1) nounwind" [../src/softmax/softmax.cpp:18]   --->   Operation 101 'specpipeline' <Predicate = true> <Delay = 0.00>
ST_2 : Operation 102 [1/1] (2.03ns)   --->   "%exitcond_flatten = icmp eq i24 %indvar_flatten, %bound" [../src/softmax/softmax.cpp:25]   --->   Operation 102 'icmp' 'exitcond_flatten' <Predicate = true> <Delay = 2.03> <Core = "Cmp">   --->   Core 25 'Cmp' <Latency = 0> <II = 1> <Delay = 1.82> <FuncUnit> <Opcode : 'icmp'> <InPorts = 2> <OutPorts = 1>
ST_2 : Operation 103 [1/1] (1.68ns)   --->   "%indvar_flatten_next = add i24 %indvar_flatten, 1"   --->   Operation 103 'add' 'indvar_flatten_next' <Predicate = true> <Delay = 1.68> <Core = "AddSub">   --->   Core 14 'AddSub' <Latency = 0> <II = 1> <Delay = 1.54> <FuncUnit> <Opcode : 'add' 'sub'> <InPorts = 2> <OutPorts = 1>
ST_2 : Operation 104 [1/1] (0.00ns)   --->   "br i1 %exitcond_flatten, label %7, label %.reset" [../src/softmax/softmax.cpp:25]   --->   Operation 104 'br' <Predicate = true> <Delay = 0.00>
ST_2 : Operation 105 [1/1] (1.82ns)   --->   "%exitcond2 = icmp eq i12 %i_op_assign_1, %height_V_read" [../src/softmax/softmax.cpp:20]   --->   Operation 105 'icmp' 'exitcond2' <Predicate = (!exitcond_flatten)> <Delay = 1.82> <Core = "Cmp">   --->   Core 25 'Cmp' <Latency = 0> <II = 1> <Delay = 1.82> <FuncUnit> <Opcode : 'icmp'> <InPorts = 2> <OutPorts = 1>
ST_2 : Operation 106 [1/1] (0.59ns)   --->   "%i_op_assign_1_mid2 = select i1 %exitcond2, i12 0, i12 %i_op_assign_1" [../src/softmax/softmax.cpp:20]   --->   Operation 106 'select' 'i_op_assign_1_mid2' <Predicate = (!exitcond_flatten)> <Delay = 0.59> <Core = "Sel">   --->   Core 26 'Sel' <Latency = 0> <II = 1> <Delay = 0.59> <FuncUnit> <Opcode : 'select'> <InPorts = 3> <OutPorts = 1>
ST_2 : Operation 107 [1/1] (1.54ns)   --->   "%c7 = add i12 %i_op_assign, 1" [../src/softmax/softmax.cpp:17]   --->   Operation 107 'add' 'c7' <Predicate = (!exitcond_flatten)> <Delay = 1.54> <Core = "AddSub">   --->   Core 14 'AddSub' <Latency = 0> <II = 1> <Delay = 1.54> <FuncUnit> <Opcode : 'add' 'sub'> <InPorts = 2> <OutPorts = 1>
ST_2 : Operation 108 [1/1] (0.59ns)   --->   "%ret_V_1_mid2_v_v_v_v = select i1 %exitcond2, i12 %c7, i12 %i_op_assign" [../src/softmax/softmax.cpp:25]   --->   Operation 108 'select' 'ret_V_1_mid2_v_v_v_v' <Predicate = (!exitcond_flatten)> <Delay = 0.59> <Core = "Sel">   --->   Core 26 'Sel' <Latency = 0> <II = 1> <Delay = 0.59> <FuncUnit> <Opcode : 'select'> <InPorts = 3> <OutPorts = 1>
ST_2 : Operation 109 [1/1] (0.00ns)   --->   "%ret_V_1_mid2_v_v_v = zext i12 %ret_V_1_mid2_v_v_v_v to i24" [../src/softmax/softmax.cpp:25]   --->   Operation 109 'zext' 'ret_V_1_mid2_v_v_v' <Predicate = (!exitcond_flatten)> <Delay = 0.00>
ST_2 : Operation 110 [1/1] (5.55ns) (root node of the DSP)   --->   "%ret_V_1_mid2_v_v = mul i24 %tmp_3_cast6, %ret_V_1_mid2_v_v_v" [../src/softmax/softmax.cpp:25]   --->   Operation 110 'mul' 'ret_V_1_mid2_v_v' <Predicate = (!exitcond_flatten)> <Delay = 5.55> <Core = "DSP48">   --->   Core 65 'DSP48' <Latency = 0> <II = 1> <Delay = 5.55> <IPBlock> <Opcode : 'mul' 'add' 'sub' 'select'> <InPorts = 0> <OutPorts = 1> <Sync> <CReg>
ST_2 : Operation 111 [1/1] (0.00ns)   --->   "ret void" [../src/softmax/softmax.cpp:38]   --->   Operation 111 'ret' <Predicate = (exitcond_flatten)> <Delay = 0.00>

State 3 <SV = 2> <Delay = 5.55>
ST_3 : Operation 112 [1/1] (0.00ns)   --->   "%ret_V_1_mid2_v = zext i24 %ret_V_1_mid2_v_v to i36" [../src/softmax/softmax.cpp:25]   --->   Operation 112 'zext' 'ret_V_1_mid2_v' <Predicate = true> <Delay = 0.00>
ST_3 : Operation 113 [1/1] (5.55ns) (root node of the DSP)   --->   "%ret_V_1_mid2 = mul i36 %rhs_V_1_cast, %ret_V_1_mid2_v" [../src/softmax/softmax.cpp:25]   --->   Operation 113 'mul' 'ret_V_1_mid2' <Predicate = true> <Delay = 5.55> <Core = "DSP48">   --->   Core 65 'DSP48' <Latency = 0> <II = 1> <Delay = 5.55> <IPBlock> <Opcode : 'mul' 'add' 'sub' 'select'> <InPorts = 0> <OutPorts = 1> <Sync> <CReg>

State 4 <SV = 3> <Delay = 7.54>
ST_4 : Operation 114 [1/1] (0.00ns)   --->   "%i_op_assign_1_cast4_s = zext i12 %i_op_assign_1_mid2 to i24" [../src/softmax/softmax.cpp:20]   --->   Operation 114 'zext' 'i_op_assign_1_cast4_s' <Predicate = true> <Delay = 0.00>
ST_4 : Operation 115 [1/1] (2.82ns) (grouped into DSP with root node ret_V_1)   --->   "%ret_V = mul i24 %rhs_V_2_cast, %i_op_assign_1_cast4_s" [../src/softmax/softmax.cpp:25]   --->   Operation 115 'mul' 'ret_V' <Predicate = true> <Delay = 2.82> <Core = "DSP48">   --->   Core 65 'DSP48' <Latency = 0> <II = 1> <Delay = 5.55> <IPBlock> <Opcode : 'mul' 'add' 'sub' 'select'> <InPorts = 0> <OutPorts = 1> <Sync> <CReg>
ST_4 : Operation 116 [1/1] (0.00ns) (grouped into DSP with root node ret_V_1)   --->   "%rhs_V_3_cast = zext i24 %ret_V to i36" [../src/softmax/softmax.cpp:25]   --->   Operation 116 'zext' 'rhs_V_3_cast' <Predicate = true> <Delay = 0.00>
ST_4 : Operation 117 [1/1] (2.73ns) (root node of the DSP)   --->   "%ret_V_1 = add i36 %rhs_V_3_cast, %ret_V_1_mid2" [../src/softmax/softmax.cpp:25]   --->   Operation 117 'add' 'ret_V_1' <Predicate = true> <Delay = 2.73> <Core = "DSP48">   --->   Core 65 'DSP48' <Latency = 0> <II = 1> <Delay = 5.55> <IPBlock> <Opcode : 'mul' 'add' 'sub' 'select'> <InPorts = 0> <OutPorts = 1> <Sync> <CReg>
ST_4 : Operation 118 [1/1] (0.00ns)   --->   "%tmp_5_cast = zext i36 %ret_V_1 to i37" [../src/softmax/softmax.cpp:34]   --->   Operation 118 'zext' 'tmp_5_cast' <Predicate = true> <Delay = 0.00>
ST_4 : Operation 119 [1/1] (1.99ns)   --->   "%out_data4_sum = add i37 %tmp_5_cast, %tmp_1_cast" [../src/softmax/softmax.cpp:34]   --->   Operation 119 'add' 'out_data4_sum' <Predicate = true> <Delay = 1.99> <Core = "AddSub">   --->   Core 14 'AddSub' <Latency = 0> <II = 1> <Delay = 1.54> <FuncUnit> <Opcode : 'add' 'sub'> <InPorts = 2> <OutPorts = 1>
ST_4 : Operation 120 [1/1] (0.00ns)   --->   "%out_data4_sum_cast = zext i37 %out_data4_sum to i64" [../src/softmax/softmax.cpp:34]   --->   Operation 120 'zext' 'out_data4_sum_cast' <Predicate = true> <Delay = 0.00>
ST_4 : Operation 121 [1/1] (0.00ns)   --->   "%gmem_addr = getelementptr inbounds float* %gmem, i64 %out_data4_sum_cast" [../src/softmax/softmax.cpp:34]   --->   Operation 121 'getelementptr' 'gmem_addr' <Predicate = true> <Delay = 0.00>

State 5 <SV = 4> <Delay = 8.75>
ST_5 : Operation 122 [1/1] (0.00ns)   --->   "call void (...)* @_ssdm_op_SpecPipeline(i32 -1, i32 1, i32 1, i32 0, [1 x i8]* @p_str1) nounwind" [../src/softmax/softmax.cpp:18]   --->   Operation 122 'specpipeline' <Predicate = true> <Delay = 0.00>
ST_5 : Operation 123 [1/1] (0.00ns)   --->   "call void (...)* @_ssdm_op_SpecPipeline(i32 -1, i32 1, i32 1, i32 0, [1 x i8]* @p_str1) nounwind" [../src/softmax/softmax.cpp:18]   --->   Operation 123 'specpipeline' <Predicate = true> <Delay = 0.00>
ST_5 : Operation 124 [1/1] (8.75ns)   --->   "%gmem_addr_wr_req = call i1 @_ssdm_op_WriteReq.m_axi.floatP(float* %gmem_addr, i32 %tmp_2)" [../src/softmax/softmax.cpp:34]   --->   Operation 124 'writereq' 'gmem_addr_wr_req' <Predicate = true> <Delay = 8.75> <Core = "m_axi">   --->   Core 9 'm_axi' <Latency = 6> <II = 1> <Delay = 1.00> <Adapter> <Opcode : 'read' 'write' 'readreq' 'writereq' 'writeresp'>
ST_5 : Operation 125 [1/1] (0.46ns)   --->   "br label %.preheader" [../src/softmax/softmax.cpp:21]   --->   Operation 125 'br' <Predicate = true> <Delay = 0.46>

State 6 <SV = 5> <Delay = 8.75>
ST_6 : Operation 126 [1/1] (0.00ns)   --->   "%i_op_assign_2 = phi i12 [ %w, %5 ], [ 0, %.reset ]"   --->   Operation 126 'phi' 'i_op_assign_2' <Predicate = true> <Delay = 0.00>
ST_6 : Operation 127 [1/1] (0.00ns)   --->   "%i_op_assign_2_cast2 = zext i12 %i_op_assign_2 to i32" [../src/softmax/softmax.cpp:21]   --->   Operation 127 'zext' 'i_op_assign_2_cast2' <Predicate = true> <Delay = 0.00>
ST_6 : Operation 128 [1/1] (1.82ns)   --->   "%exitcond1 = icmp eq i12 %i_op_assign_2, %width_V_read" [../src/softmax/softmax.cpp:21]   --->   Operation 128 'icmp' 'exitcond1' <Predicate = true> <Delay = 1.82> <Core = "Cmp">   --->   Core 25 'Cmp' <Latency = 0> <II = 1> <Delay = 1.82> <FuncUnit> <Opcode : 'icmp'> <InPorts = 2> <OutPorts = 1>
ST_6 : Operation 129 [1/1] (0.00ns)   --->   "%empty = call i32 (...)* @_ssdm_op_SpecLoopTripCount(i64 0, i64 4095, i64 0)"   --->   Operation 129 'speclooptripcount' 'empty' <Predicate = true> <Delay = 0.00>
ST_6 : Operation 130 [1/1] (1.54ns)   --->   "%w = add i12 %i_op_assign_2, 1" [../src/softmax/softmax.cpp:21]   --->   Operation 130 'add' 'w' <Predicate = true> <Delay = 1.54> <Core = "AddSub">   --->   Core 14 'AddSub' <Latency = 0> <II = 1> <Delay = 1.54> <FuncUnit> <Opcode : 'add' 'sub'> <InPorts = 2> <OutPorts = 1>
ST_6 : Operation 131 [1/1] (0.00ns)   --->   "br i1 %exitcond1, label %6, label %2" [../src/softmax/softmax.cpp:21]   --->   Operation 131 'br' <Predicate = true> <Delay = 0.00>
ST_6 : Operation 132 [1/1] (0.00ns)   --->   "%rhs_V_4_cast = zext i12 %i_op_assign_2 to i36" [../src/softmax/softmax.cpp:25]   --->   Operation 132 'zext' 'rhs_V_4_cast' <Predicate = (!exitcond1)> <Delay = 0.00>
ST_6 : Operation 133 [1/1] (1.99ns)   --->   "%ret_V_2 = add i36 %rhs_V_4_cast, %ret_V_1" [../src/softmax/softmax.cpp:25]   --->   Operation 133 'add' 'ret_V_2' <Predicate = (!exitcond1)> <Delay = 1.99> <Core = "AddSub">   --->   Core 14 'AddSub' <Latency = 0> <II = 1> <Delay = 1.54> <FuncUnit> <Opcode : 'add' 'sub'> <InPorts = 2> <OutPorts = 1>
ST_6 : Operation 134 [1/1] (0.00ns)   --->   "%tmp_cast = zext i36 %ret_V_2 to i37" [../src/softmax/softmax.cpp:25]   --->   Operation 134 'zext' 'tmp_cast' <Predicate = (!exitcond1)> <Delay = 0.00>
ST_6 : Operation 135 [1/1] (1.99ns)   --->   "%in_data2_sum = add i37 %tmp_cast, %tmp_3_cast" [../src/softmax/softmax.cpp:25]   --->   Operation 135 'add' 'in_data2_sum' <Predicate = (!exitcond1)> <Delay = 1.99> <Core = "AddSub">   --->   Core 14 'AddSub' <Latency = 0> <II = 1> <Delay = 1.54> <FuncUnit> <Opcode : 'add' 'sub'> <InPorts = 2> <OutPorts = 1>
ST_6 : Operation 136 [1/1] (0.00ns)   --->   "%in_data2_sum_cast = zext i37 %in_data2_sum to i64" [../src/softmax/softmax.cpp:25]   --->   Operation 136 'zext' 'in_data2_sum_cast' <Predicate = (!exitcond1)> <Delay = 0.00>
ST_6 : Operation 137 [1/1] (0.00ns)   --->   "%gmem_addr_1 = getelementptr inbounds float* %gmem, i64 %in_data2_sum_cast" [../src/softmax/softmax.cpp:25]   --->   Operation 137 'getelementptr' 'gmem_addr_1' <Predicate = (!exitcond1)> <Delay = 0.00>
ST_6 : Operation 138 [5/5] (8.75ns)   --->   "%gmem_addr_wr_resp = call i1 @_ssdm_op_WriteResp.m_axi.floatP(float* %gmem_addr)" [../src/softmax/softmax.cpp:34]   --->   Operation 138 'writeresp' 'gmem_addr_wr_resp' <Predicate = (exitcond1)> <Delay = 8.75> <Core = "m_axi">   --->   Core 9 'm_axi' <Latency = 6> <II = 1> <Delay = 1.00> <Adapter> <Opcode : 'read' 'write' 'readreq' 'writereq' 'writeresp'>
ST_6 : Operation 139 [1/1] (1.54ns)   --->   "%h = add i12 %i_op_assign_1_mid2, 1" [../src/softmax/softmax.cpp:20]   --->   Operation 139 'add' 'h' <Predicate = (exitcond1)> <Delay = 1.54> <Core = "AddSub">   --->   Core 14 'AddSub' <Latency = 0> <II = 1> <Delay = 1.54> <FuncUnit> <Opcode : 'add' 'sub'> <InPorts = 2> <OutPorts = 1>

State 7 <SV = 6> <Delay = 8.75>
ST_7 : Operation 140 [7/7] (8.75ns)   --->   "%max_val_req = call i1 @_ssdm_op_ReadReq.m_axi.floatP(float* %gmem_addr_1, i32 1)" [../src/softmax/softmax.cpp:25]   --->   Operation 140 'readreq' 'max_val_req' <Predicate = true> <Delay = 8.75> <Core = "m_axi">   --->   Core 9 'm_axi' <Latency = 6> <II = 1> <Delay = 1.00> <Adapter> <Opcode : 'read' 'write' 'readreq' 'writereq' 'writeresp'>

State 8 <SV = 7> <Delay = 8.75>
ST_8 : Operation 141 [6/7] (8.75ns)   --->   "%max_val_req = call i1 @_ssdm_op_ReadReq.m_axi.floatP(float* %gmem_addr_1, i32 1)" [../src/softmax/softmax.cpp:25]   --->   Operation 141 'readreq' 'max_val_req' <Predicate = true> <Delay = 8.75> <Core = "m_axi">   --->   Core 9 'm_axi' <Latency = 6> <II = 1> <Delay = 1.00> <Adapter> <Opcode : 'read' 'write' 'readreq' 'writereq' 'writeresp'>

State 9 <SV = 8> <Delay = 8.75>
ST_9 : Operation 142 [5/7] (8.75ns)   --->   "%max_val_req = call i1 @_ssdm_op_ReadReq.m_axi.floatP(float* %gmem_addr_1, i32 1)" [../src/softmax/softmax.cpp:25]   --->   Operation 142 'readreq' 'max_val_req' <Predicate = true> <Delay = 8.75> <Core = "m_axi">   --->   Core 9 'm_axi' <Latency = 6> <II = 1> <Delay = 1.00> <Adapter> <Opcode : 'read' 'write' 'readreq' 'writereq' 'writeresp'>

State 10 <SV = 9> <Delay = 8.75>
ST_10 : Operation 143 [4/7] (8.75ns)   --->   "%max_val_req = call i1 @_ssdm_op_ReadReq.m_axi.floatP(float* %gmem_addr_1, i32 1)" [../src/softmax/softmax.cpp:25]   --->   Operation 143 'readreq' 'max_val_req' <Predicate = true> <Delay = 8.75> <Core = "m_axi">   --->   Core 9 'm_axi' <Latency = 6> <II = 1> <Delay = 1.00> <Adapter> <Opcode : 'read' 'write' 'readreq' 'writereq' 'writeresp'>

State 11 <SV = 10> <Delay = 8.75>
ST_11 : Operation 144 [3/7] (8.75ns)   --->   "%max_val_req = call i1 @_ssdm_op_ReadReq.m_axi.floatP(float* %gmem_addr_1, i32 1)" [../src/softmax/softmax.cpp:25]   --->   Operation 144 'readreq' 'max_val_req' <Predicate = true> <Delay = 8.75> <Core = "m_axi">   --->   Core 9 'm_axi' <Latency = 6> <II = 1> <Delay = 1.00> <Adapter> <Opcode : 'read' 'write' 'readreq' 'writereq' 'writeresp'>

State 12 <SV = 11> <Delay = 8.75>
ST_12 : Operation 145 [2/7] (8.75ns)   --->   "%max_val_req = call i1 @_ssdm_op_ReadReq.m_axi.floatP(float* %gmem_addr_1, i32 1)" [../src/softmax/softmax.cpp:25]   --->   Operation 145 'readreq' 'max_val_req' <Predicate = true> <Delay = 8.75> <Core = "m_axi">   --->   Core 9 'm_axi' <Latency = 6> <II = 1> <Delay = 1.00> <Adapter> <Opcode : 'read' 'write' 'readreq' 'writereq' 'writeresp'>

State 13 <SV = 12> <Delay = 8.75>
ST_13 : Operation 146 [1/7] (8.75ns)   --->   "%max_val_req = call i1 @_ssdm_op_ReadReq.m_axi.floatP(float* %gmem_addr_1, i32 1)" [../src/softmax/softmax.cpp:25]   --->   Operation 146 'readreq' 'max_val_req' <Predicate = true> <Delay = 8.75> <Core = "m_axi">   --->   Core 9 'm_axi' <Latency = 6> <II = 1> <Delay = 1.00> <Adapter> <Opcode : 'read' 'write' 'readreq' 'writereq' 'writeresp'>

State 14 <SV = 13> <Delay = 8.75>
ST_14 : Operation 147 [1/1] (8.75ns)   --->   "%max_val = call float @_ssdm_op_Read.m_axi.floatP(float* %gmem_addr_1)" [../src/softmax/softmax.cpp:25]   --->   Operation 147 'read' 'max_val' <Predicate = true> <Delay = 8.75> <Core = "m_axi">   --->   Core 9 'm_axi' <Latency = 6> <II = 1> <Delay = 1.00> <Adapter> <Opcode : 'read' 'write' 'readreq' 'writereq' 'writeresp'>
ST_14 : Operation 148 [1/1] (0.46ns)   --->   "br label %3" [../src/softmax/softmax.cpp:28]   --->   Operation 148 'br' <Predicate = true> <Delay = 0.46>

State 15 <SV = 14> <Delay = 8.58>
ST_15 : Operation 149 [1/1] (0.00ns)   --->   "%sum_exp = phi float [ 0.000000e+00, %2 ], [ %sum_exp_1, %4 ]"   --->   Operation 149 'phi' 'sum_exp' <Predicate = true> <Delay = 0.00>
ST_15 : Operation 150 [1/1] (0.00ns)   --->   "%i_op_assign_3 = phi i12 [ 0, %2 ], [ %k, %4 ]"   --->   Operation 150 'phi' 'i_op_assign_3' <Predicate = true> <Delay = 0.00>
ST_15 : Operation 151 [1/1] (0.00ns)   --->   "%phi_mul = phi i24 [ 0, %2 ], [ %next_mul, %4 ]" [../src/softmax/softmax.cpp:25]   --->   Operation 151 'phi' 'phi_mul' <Predicate = true> <Delay = 0.00>
ST_15 : Operation 152 [1/1] (1.82ns)   --->   "%exitcond = icmp eq i12 %i_op_assign_3, %channel_V_read" [../src/softmax/softmax.cpp:28]   --->   Operation 152 'icmp' 'exitcond' <Predicate = true> <Delay = 1.82> <Core = "Cmp">   --->   Core 25 'Cmp' <Latency = 0> <II = 1> <Delay = 1.82> <FuncUnit> <Opcode : 'icmp'> <InPorts = 2> <OutPorts = 1>
ST_15 : Operation 153 [1/1] (0.00ns)   --->   "%empty_5 = call i32 (...)* @_ssdm_op_SpecLoopTripCount(i64 0, i64 4095, i64 0)"   --->   Operation 153 'speclooptripcount' 'empty_5' <Predicate = true> <Delay = 0.00>
ST_15 : Operation 154 [1/1] (1.54ns)   --->   "%k = add i12 %i_op_assign_3, 1" [../src/softmax/softmax.cpp:28]   --->   Operation 154 'add' 'k' <Predicate = true> <Delay = 1.54> <Core = "AddSub">   --->   Core 14 'AddSub' <Latency = 0> <II = 1> <Delay = 1.54> <FuncUnit> <Opcode : 'add' 'sub'> <InPorts = 2> <OutPorts = 1>
ST_15 : Operation 155 [1/1] (0.00ns)   --->   "br i1 %exitcond, label %5, label %4" [../src/softmax/softmax.cpp:28]   --->   Operation 155 'br' <Predicate = true> <Delay = 0.00>
ST_15 : Operation 156 [1/1] (1.68ns)   --->   "%next_mul = add i24 %tmp_3_cast6, %phi_mul" [../src/softmax/softmax.cpp:25]   --->   Operation 156 'add' 'next_mul' <Predicate = (!exitcond)> <Delay = 1.68> <Core = "AddSub">   --->   Core 14 'AddSub' <Latency = 0> <II = 1> <Delay = 1.54> <FuncUnit> <Opcode : 'add' 'sub'> <InPorts = 2> <OutPorts = 1>
ST_15 : Operation 157 [1/1] (1.68ns)   --->   "%tmp = add i24 %i_op_assign_1_cast4_s, %phi_mul" [../src/softmax/softmax.cpp:20]   --->   Operation 157 'add' 'tmp' <Predicate = (!exitcond)> <Delay = 1.68> <Core = "AddSub">   --->   Core 14 'AddSub' <Latency = 0> <II = 1> <Delay = 1.54> <FuncUnit> <Opcode : 'add' 'sub'> <InPorts = 2> <OutPorts = 1>
ST_15 : Operation 158 [1/1] (0.00ns)   --->   "%tmp_cast_6 = zext i24 %tmp to i32" [../src/softmax/softmax.cpp:20]   --->   Operation 158 'zext' 'tmp_cast_6' <Predicate = (!exitcond)> <Delay = 0.00>
ST_15 : Operation 159 [1/1] (2.82ns) (grouped into DSP with root node idx)   --->   "%tmp1 = mul i32 %tmp_2, %tmp_cast_6" [../src/softmax/softmax.cpp:20]   --->   Operation 159 'mul' 'tmp1' <Predicate = (!exitcond)> <Delay = 2.82> <Core = "DSP48">   --->   Core 65 'DSP48' <Latency = 0> <II = 1> <Delay = 5.55> <IPBlock> <Opcode : 'mul' 'add' 'sub' 'select'> <InPorts = 0> <OutPorts = 1> <Sync> <CReg>
ST_15 : Operation 160 [1/1] (2.73ns) (root node of the DSP)   --->   "%idx = add i32 %i_op_assign_2_cast2, %tmp1" [../src/softmax/softmax.cpp:29]   --->   Operation 160 'add' 'idx' <Predicate = (!exitcond)> <Delay = 2.73> <Core = "DSP48">   --->   Core 65 'DSP48' <Latency = 0> <II = 1> <Delay = 5.55> <IPBlock> <Opcode : 'mul' 'add' 'sub' 'select'> <InPorts = 0> <OutPorts = 1> <Sync> <CReg>
ST_15 : Operation 161 [4/4] (8.58ns)   --->   "%p_x_assign = fsub float %max_val, %max_val" [../src/softmax/softmax.cpp:34]   --->   Operation 161 'fsub' 'p_x_assign' <Predicate = (exitcond)> <Delay = 8.58> <Core = "FAddSub">   --->   Core 104 'FAddSub' <Latency = 3> <II = 1> <Delay = 8.58> <FuncUnit> <Opcode : 'fadd' 'fsub'> <InPorts = 2> <OutPorts = 1>

State 16 <SV = 15> <Delay = 1.89>
ST_16 : Operation 162 [1/1] (0.00ns)   --->   "%tmp_9_cast = sext i32 %idx to i33" [../src/softmax/softmax.cpp:30]   --->   Operation 162 'sext' 'tmp_9_cast' <Predicate = true> <Delay = 0.00>
ST_16 : Operation 163 [1/1] (1.89ns)   --->   "%in_data2_sum5 = add i33 %tmp_9_cast, %tmp_3_cast1" [../src/softmax/softmax.cpp:30]   --->   Operation 163 'add' 'in_data2_sum5' <Predicate = true> <Delay = 1.89> <Core = "AddSub">   --->   Core 14 'AddSub' <Latency = 0> <II = 1> <Delay = 1.54> <FuncUnit> <Opcode : 'add' 'sub'> <InPorts = 2> <OutPorts = 1>
ST_16 : Operation 164 [1/1] (0.00ns)   --->   "%in_data2_sum5_cast = sext i33 %in_data2_sum5 to i64" [../src/softmax/softmax.cpp:30]   --->   Operation 164 'sext' 'in_data2_sum5_cast' <Predicate = true> <Delay = 0.00>
ST_16 : Operation 165 [1/1] (0.00ns)   --->   "%gmem_addr_2 = getelementptr inbounds float* %gmem, i64 %in_data2_sum5_cast" [../src/softmax/softmax.cpp:30]   --->   Operation 165 'getelementptr' 'gmem_addr_2' <Predicate = true> <Delay = 0.00>

State 17 <SV = 16> <Delay = 8.75>
ST_17 : Operation 166 [7/7] (8.75ns)   --->   "%gmem_load_req = call i1 @_ssdm_op_ReadReq.m_axi.floatP(float* %gmem_addr_2, i32 1)" [../src/softmax/softmax.cpp:30]   --->   Operation 166 'readreq' 'gmem_load_req' <Predicate = true> <Delay = 8.75> <Core = "m_axi">   --->   Core 9 'm_axi' <Latency = 6> <II = 1> <Delay = 1.00> <Adapter> <Opcode : 'read' 'write' 'readreq' 'writereq' 'writeresp'>

State 18 <SV = 17> <Delay = 8.75>
ST_18 : Operation 167 [6/7] (8.75ns)   --->   "%gmem_load_req = call i1 @_ssdm_op_ReadReq.m_axi.floatP(float* %gmem_addr_2, i32 1)" [../src/softmax/softmax.cpp:30]   --->   Operation 167 'readreq' 'gmem_load_req' <Predicate = true> <Delay = 8.75> <Core = "m_axi">   --->   Core 9 'm_axi' <Latency = 6> <II = 1> <Delay = 1.00> <Adapter> <Opcode : 'read' 'write' 'readreq' 'writereq' 'writeresp'>

State 19 <SV = 18> <Delay = 8.75>
ST_19 : Operation 168 [5/7] (8.75ns)   --->   "%gmem_load_req = call i1 @_ssdm_op_ReadReq.m_axi.floatP(float* %gmem_addr_2, i32 1)" [../src/softmax/softmax.cpp:30]   --->   Operation 168 'readreq' 'gmem_load_req' <Predicate = true> <Delay = 8.75> <Core = "m_axi">   --->   Core 9 'm_axi' <Latency = 6> <II = 1> <Delay = 1.00> <Adapter> <Opcode : 'read' 'write' 'readreq' 'writereq' 'writeresp'>

State 20 <SV = 19> <Delay = 8.75>
ST_20 : Operation 169 [4/7] (8.75ns)   --->   "%gmem_load_req = call i1 @_ssdm_op_ReadReq.m_axi.floatP(float* %gmem_addr_2, i32 1)" [../src/softmax/softmax.cpp:30]   --->   Operation 169 'readreq' 'gmem_load_req' <Predicate = true> <Delay = 8.75> <Core = "m_axi">   --->   Core 9 'm_axi' <Latency = 6> <II = 1> <Delay = 1.00> <Adapter> <Opcode : 'read' 'write' 'readreq' 'writereq' 'writeresp'>

State 21 <SV = 20> <Delay = 8.75>
ST_21 : Operation 170 [3/7] (8.75ns)   --->   "%gmem_load_req = call i1 @_ssdm_op_ReadReq.m_axi.floatP(float* %gmem_addr_2, i32 1)" [../src/softmax/softmax.cpp:30]   --->   Operation 170 'readreq' 'gmem_load_req' <Predicate = true> <Delay = 8.75> <Core = "m_axi">   --->   Core 9 'm_axi' <Latency = 6> <II = 1> <Delay = 1.00> <Adapter> <Opcode : 'read' 'write' 'readreq' 'writereq' 'writeresp'>

State 22 <SV = 21> <Delay = 8.75>
ST_22 : Operation 171 [2/7] (8.75ns)   --->   "%gmem_load_req = call i1 @_ssdm_op_ReadReq.m_axi.floatP(float* %gmem_addr_2, i32 1)" [../src/softmax/softmax.cpp:30]   --->   Operation 171 'readreq' 'gmem_load_req' <Predicate = true> <Delay = 8.75> <Core = "m_axi">   --->   Core 9 'm_axi' <Latency = 6> <II = 1> <Delay = 1.00> <Adapter> <Opcode : 'read' 'write' 'readreq' 'writereq' 'writeresp'>

State 23 <SV = 22> <Delay = 8.75>
ST_23 : Operation 172 [1/7] (8.75ns)   --->   "%gmem_load_req = call i1 @_ssdm_op_ReadReq.m_axi.floatP(float* %gmem_addr_2, i32 1)" [../src/softmax/softmax.cpp:30]   --->   Operation 172 'readreq' 'gmem_load_req' <Predicate = true> <Delay = 8.75> <Core = "m_axi">   --->   Core 9 'm_axi' <Latency = 6> <II = 1> <Delay = 1.00> <Adapter> <Opcode : 'read' 'write' 'readreq' 'writereq' 'writeresp'>

State 24 <SV = 23> <Delay = 8.75>
ST_24 : Operation 173 [1/1] (8.75ns)   --->   "%gmem_addr_2_read = call float @_ssdm_op_Read.m_axi.floatP(float* %gmem_addr_2)" [../src/softmax/softmax.cpp:30]   --->   Operation 173 'read' 'gmem_addr_2_read' <Predicate = true> <Delay = 8.75> <Core = "m_axi">   --->   Core 9 'm_axi' <Latency = 6> <II = 1> <Delay = 1.00> <Adapter> <Opcode : 'read' 'write' 'readreq' 'writereq' 'writeresp'>

State 25 <SV = 24> <Delay = 8.58>
ST_25 : Operation 174 [4/4] (8.58ns)   --->   "%p_x_assign_1 = fsub float %gmem_addr_2_read, %max_val" [../src/softmax/softmax.cpp:30]   --->   Operation 174 'fsub' 'p_x_assign_1' <Predicate = true> <Delay = 8.58> <Core = "FAddSub">   --->   Core 104 'FAddSub' <Latency = 3> <II = 1> <Delay = 8.58> <FuncUnit> <Opcode : 'fadd' 'fsub'> <InPorts = 2> <OutPorts = 1>

State 26 <SV = 25> <Delay = 8.58>
ST_26 : Operation 175 [3/4] (8.58ns)   --->   "%p_x_assign_1 = fsub float %gmem_addr_2_read, %max_val" [../src/softmax/softmax.cpp:30]   --->   Operation 175 'fsub' 'p_x_assign_1' <Predicate = true> <Delay = 8.58> <Core = "FAddSub">   --->   Core 104 'FAddSub' <Latency = 3> <II = 1> <Delay = 8.58> <FuncUnit> <Opcode : 'fadd' 'fsub'> <InPorts = 2> <OutPorts = 1>

State 27 <SV = 26> <Delay = 8.58>
ST_27 : Operation 176 [2/4] (8.58ns)   --->   "%p_x_assign_1 = fsub float %gmem_addr_2_read, %max_val" [../src/softmax/softmax.cpp:30]   --->   Operation 176 'fsub' 'p_x_assign_1' <Predicate = true> <Delay = 8.58> <Core = "FAddSub">   --->   Core 104 'FAddSub' <Latency = 3> <II = 1> <Delay = 8.58> <FuncUnit> <Opcode : 'fadd' 'fsub'> <InPorts = 2> <OutPorts = 1>

State 28 <SV = 27> <Delay = 8.58>
ST_28 : Operation 177 [1/4] (8.58ns)   --->   "%p_x_assign_1 = fsub float %gmem_addr_2_read, %max_val" [../src/softmax/softmax.cpp:30]   --->   Operation 177 'fsub' 'p_x_assign_1' <Predicate = true> <Delay = 8.58> <Core = "FAddSub">   --->   Core 104 'FAddSub' <Latency = 3> <II = 1> <Delay = 8.58> <FuncUnit> <Opcode : 'fadd' 'fsub'> <InPorts = 2> <OutPorts = 1>

State 29 <SV = 28> <Delay = 7.12>
ST_29 : Operation 178 [8/8] (7.12ns)   --->   "%tmp_i = call float @llvm.exp.f32(float %p_x_assign_1) nounwind" [D:/software/Xilinx/Vivado/2018.3/win64/tools/clang/bin\..\lib\clang\3.1/../../../include/c++/4.5.2\cmath:232->../src/softmax/softmax.cpp:30]   --->   Operation 178 'fexp' 'tmp_i' <Predicate = true> <Delay = 7.12> <Core = "FExp">   --->   Core 126 'FExp' <Latency = 7> <II = 1> <Delay = 7.12> <FuncUnit> <Opcode : 'fexp'> <InPorts = 1> <OutPorts = 1>

State 30 <SV = 29> <Delay = 7.12>
ST_30 : Operation 179 [7/8] (7.12ns)   --->   "%tmp_i = call float @llvm.exp.f32(float %p_x_assign_1) nounwind" [D:/software/Xilinx/Vivado/2018.3/win64/tools/clang/bin\..\lib\clang\3.1/../../../include/c++/4.5.2\cmath:232->../src/softmax/softmax.cpp:30]   --->   Operation 179 'fexp' 'tmp_i' <Predicate = true> <Delay = 7.12> <Core = "FExp">   --->   Core 126 'FExp' <Latency = 7> <II = 1> <Delay = 7.12> <FuncUnit> <Opcode : 'fexp'> <InPorts = 1> <OutPorts = 1>

State 31 <SV = 30> <Delay = 7.12>
ST_31 : Operation 180 [6/8] (7.12ns)   --->   "%tmp_i = call float @llvm.exp.f32(float %p_x_assign_1) nounwind" [D:/software/Xilinx/Vivado/2018.3/win64/tools/clang/bin\..\lib\clang\3.1/../../../include/c++/4.5.2\cmath:232->../src/softmax/softmax.cpp:30]   --->   Operation 180 'fexp' 'tmp_i' <Predicate = true> <Delay = 7.12> <Core = "FExp">   --->   Core 126 'FExp' <Latency = 7> <II = 1> <Delay = 7.12> <FuncUnit> <Opcode : 'fexp'> <InPorts = 1> <OutPorts = 1>

State 32 <SV = 31> <Delay = 7.12>
ST_32 : Operation 181 [5/8] (7.12ns)   --->   "%tmp_i = call float @llvm.exp.f32(float %p_x_assign_1) nounwind" [D:/software/Xilinx/Vivado/2018.3/win64/tools/clang/bin\..\lib\clang\3.1/../../../include/c++/4.5.2\cmath:232->../src/softmax/softmax.cpp:30]   --->   Operation 181 'fexp' 'tmp_i' <Predicate = true> <Delay = 7.12> <Core = "FExp">   --->   Core 126 'FExp' <Latency = 7> <II = 1> <Delay = 7.12> <FuncUnit> <Opcode : 'fexp'> <InPorts = 1> <OutPorts = 1>

State 33 <SV = 32> <Delay = 7.12>
ST_33 : Operation 182 [4/8] (7.12ns)   --->   "%tmp_i = call float @llvm.exp.f32(float %p_x_assign_1) nounwind" [D:/software/Xilinx/Vivado/2018.3/win64/tools/clang/bin\..\lib\clang\3.1/../../../include/c++/4.5.2\cmath:232->../src/softmax/softmax.cpp:30]   --->   Operation 182 'fexp' 'tmp_i' <Predicate = true> <Delay = 7.12> <Core = "FExp">   --->   Core 126 'FExp' <Latency = 7> <II = 1> <Delay = 7.12> <FuncUnit> <Opcode : 'fexp'> <InPorts = 1> <OutPorts = 1>

State 34 <SV = 33> <Delay = 7.12>
ST_34 : Operation 183 [3/8] (7.12ns)   --->   "%tmp_i = call float @llvm.exp.f32(float %p_x_assign_1) nounwind" [D:/software/Xilinx/Vivado/2018.3/win64/tools/clang/bin\..\lib\clang\3.1/../../../include/c++/4.5.2\cmath:232->../src/softmax/softmax.cpp:30]   --->   Operation 183 'fexp' 'tmp_i' <Predicate = true> <Delay = 7.12> <Core = "FExp">   --->   Core 126 'FExp' <Latency = 7> <II = 1> <Delay = 7.12> <FuncUnit> <Opcode : 'fexp'> <InPorts = 1> <OutPorts = 1>

State 35 <SV = 34> <Delay = 7.12>
ST_35 : Operation 184 [2/8] (7.12ns)   --->   "%tmp_i = call float @llvm.exp.f32(float %p_x_assign_1) nounwind" [D:/software/Xilinx/Vivado/2018.3/win64/tools/clang/bin\..\lib\clang\3.1/../../../include/c++/4.5.2\cmath:232->../src/softmax/softmax.cpp:30]   --->   Operation 184 'fexp' 'tmp_i' <Predicate = true> <Delay = 7.12> <Core = "FExp">   --->   Core 126 'FExp' <Latency = 7> <II = 1> <Delay = 7.12> <FuncUnit> <Opcode : 'fexp'> <InPorts = 1> <OutPorts = 1>

State 36 <SV = 35> <Delay = 7.12>
ST_36 : Operation 185 [1/8] (7.12ns)   --->   "%tmp_i = call float @llvm.exp.f32(float %p_x_assign_1) nounwind" [D:/software/Xilinx/Vivado/2018.3/win64/tools/clang/bin\..\lib\clang\3.1/../../../include/c++/4.5.2\cmath:232->../src/softmax/softmax.cpp:30]   --->   Operation 185 'fexp' 'tmp_i' <Predicate = true> <Delay = 7.12> <Core = "FExp">   --->   Core 126 'FExp' <Latency = 7> <II = 1> <Delay = 7.12> <FuncUnit> <Opcode : 'fexp'> <InPorts = 1> <OutPorts = 1>

State 37 <SV = 36> <Delay = 8.58>
ST_37 : Operation 186 [4/4] (8.58ns)   --->   "%sum_exp_1 = fadd float %sum_exp, %tmp_i" [../src/softmax/softmax.cpp:30]   --->   Operation 186 'fadd' 'sum_exp_1' <Predicate = true> <Delay = 8.58> <Core = "FAddSub">   --->   Core 104 'FAddSub' <Latency = 3> <II = 1> <Delay = 8.58> <FuncUnit> <Opcode : 'fadd' 'fsub'> <InPorts = 2> <OutPorts = 1>

State 38 <SV = 37> <Delay = 8.58>
ST_38 : Operation 187 [3/4] (8.58ns)   --->   "%sum_exp_1 = fadd float %sum_exp, %tmp_i" [../src/softmax/softmax.cpp:30]   --->   Operation 187 'fadd' 'sum_exp_1' <Predicate = true> <Delay = 8.58> <Core = "FAddSub">   --->   Core 104 'FAddSub' <Latency = 3> <II = 1> <Delay = 8.58> <FuncUnit> <Opcode : 'fadd' 'fsub'> <InPorts = 2> <OutPorts = 1>

State 39 <SV = 38> <Delay = 8.58>
ST_39 : Operation 188 [2/4] (8.58ns)   --->   "%sum_exp_1 = fadd float %sum_exp, %tmp_i" [../src/softmax/softmax.cpp:30]   --->   Operation 188 'fadd' 'sum_exp_1' <Predicate = true> <Delay = 8.58> <Core = "FAddSub">   --->   Core 104 'FAddSub' <Latency = 3> <II = 1> <Delay = 8.58> <FuncUnit> <Opcode : 'fadd' 'fsub'> <InPorts = 2> <OutPorts = 1>

State 40 <SV = 39> <Delay = 8.58>
ST_40 : Operation 189 [1/4] (8.58ns)   --->   "%sum_exp_1 = fadd float %sum_exp, %tmp_i" [../src/softmax/softmax.cpp:30]   --->   Operation 189 'fadd' 'sum_exp_1' <Predicate = true> <Delay = 8.58> <Core = "FAddSub">   --->   Core 104 'FAddSub' <Latency = 3> <II = 1> <Delay = 8.58> <FuncUnit> <Opcode : 'fadd' 'fsub'> <InPorts = 2> <OutPorts = 1>
ST_40 : Operation 190 [1/1] (0.00ns)   --->   "br label %3" [../src/softmax/softmax.cpp:28]   --->   Operation 190 'br' <Predicate = true> <Delay = 0.00>

State 41 <SV = 15> <Delay = 8.58>
ST_41 : Operation 191 [3/4] (8.58ns)   --->   "%p_x_assign = fsub float %max_val, %max_val" [../src/softmax/softmax.cpp:34]   --->   Operation 191 'fsub' 'p_x_assign' <Predicate = true> <Delay = 8.58> <Core = "FAddSub">   --->   Core 104 'FAddSub' <Latency = 3> <II = 1> <Delay = 8.58> <FuncUnit> <Opcode : 'fadd' 'fsub'> <InPorts = 2> <OutPorts = 1>

State 42 <SV = 16> <Delay = 8.58>
ST_42 : Operation 192 [2/4] (8.58ns)   --->   "%p_x_assign = fsub float %max_val, %max_val" [../src/softmax/softmax.cpp:34]   --->   Operation 192 'fsub' 'p_x_assign' <Predicate = true> <Delay = 8.58> <Core = "FAddSub">   --->   Core 104 'FAddSub' <Latency = 3> <II = 1> <Delay = 8.58> <FuncUnit> <Opcode : 'fadd' 'fsub'> <InPorts = 2> <OutPorts = 1>

State 43 <SV = 17> <Delay = 8.58>
ST_43 : Operation 193 [1/4] (8.58ns)   --->   "%p_x_assign = fsub float %max_val, %max_val" [../src/softmax/softmax.cpp:34]   --->   Operation 193 'fsub' 'p_x_assign' <Predicate = true> <Delay = 8.58> <Core = "FAddSub">   --->   Core 104 'FAddSub' <Latency = 3> <II = 1> <Delay = 8.58> <FuncUnit> <Opcode : 'fadd' 'fsub'> <InPorts = 2> <OutPorts = 1>

State 44 <SV = 18> <Delay = 7.12>
ST_44 : Operation 194 [8/8] (7.12ns)   --->   "%tmp_i4 = call float @llvm.exp.f32(float %p_x_assign) nounwind" [D:/software/Xilinx/Vivado/2018.3/win64/tools/clang/bin\..\lib\clang\3.1/../../../include/c++/4.5.2\cmath:232->../src/softmax/softmax.cpp:34]   --->   Operation 194 'fexp' 'tmp_i4' <Predicate = true> <Delay = 7.12> <Core = "FExp">   --->   Core 126 'FExp' <Latency = 7> <II = 1> <Delay = 7.12> <FuncUnit> <Opcode : 'fexp'> <InPorts = 1> <OutPorts = 1>

State 45 <SV = 19> <Delay = 7.12>
ST_45 : Operation 195 [7/8] (7.12ns)   --->   "%tmp_i4 = call float @llvm.exp.f32(float %p_x_assign) nounwind" [D:/software/Xilinx/Vivado/2018.3/win64/tools/clang/bin\..\lib\clang\3.1/../../../include/c++/4.5.2\cmath:232->../src/softmax/softmax.cpp:34]   --->   Operation 195 'fexp' 'tmp_i4' <Predicate = true> <Delay = 7.12> <Core = "FExp">   --->   Core 126 'FExp' <Latency = 7> <II = 1> <Delay = 7.12> <FuncUnit> <Opcode : 'fexp'> <InPorts = 1> <OutPorts = 1>

State 46 <SV = 20> <Delay = 7.12>
ST_46 : Operation 196 [6/8] (7.12ns)   --->   "%tmp_i4 = call float @llvm.exp.f32(float %p_x_assign) nounwind" [D:/software/Xilinx/Vivado/2018.3/win64/tools/clang/bin\..\lib\clang\3.1/../../../include/c++/4.5.2\cmath:232->../src/softmax/softmax.cpp:34]   --->   Operation 196 'fexp' 'tmp_i4' <Predicate = true> <Delay = 7.12> <Core = "FExp">   --->   Core 126 'FExp' <Latency = 7> <II = 1> <Delay = 7.12> <FuncUnit> <Opcode : 'fexp'> <InPorts = 1> <OutPorts = 1>

State 47 <SV = 21> <Delay = 7.12>
ST_47 : Operation 197 [5/8] (7.12ns)   --->   "%tmp_i4 = call float @llvm.exp.f32(float %p_x_assign) nounwind" [D:/software/Xilinx/Vivado/2018.3/win64/tools/clang/bin\..\lib\clang\3.1/../../../include/c++/4.5.2\cmath:232->../src/softmax/softmax.cpp:34]   --->   Operation 197 'fexp' 'tmp_i4' <Predicate = true> <Delay = 7.12> <Core = "FExp">   --->   Core 126 'FExp' <Latency = 7> <II = 1> <Delay = 7.12> <FuncUnit> <Opcode : 'fexp'> <InPorts = 1> <OutPorts = 1>

State 48 <SV = 22> <Delay = 7.12>
ST_48 : Operation 198 [4/8] (7.12ns)   --->   "%tmp_i4 = call float @llvm.exp.f32(float %p_x_assign) nounwind" [D:/software/Xilinx/Vivado/2018.3/win64/tools/clang/bin\..\lib\clang\3.1/../../../include/c++/4.5.2\cmath:232->../src/softmax/softmax.cpp:34]   --->   Operation 198 'fexp' 'tmp_i4' <Predicate = true> <Delay = 7.12> <Core = "FExp">   --->   Core 126 'FExp' <Latency = 7> <II = 1> <Delay = 7.12> <FuncUnit> <Opcode : 'fexp'> <InPorts = 1> <OutPorts = 1>

State 49 <SV = 23> <Delay = 7.12>
ST_49 : Operation 199 [3/8] (7.12ns)   --->   "%tmp_i4 = call float @llvm.exp.f32(float %p_x_assign) nounwind" [D:/software/Xilinx/Vivado/2018.3/win64/tools/clang/bin\..\lib\clang\3.1/../../../include/c++/4.5.2\cmath:232->../src/softmax/softmax.cpp:34]   --->   Operation 199 'fexp' 'tmp_i4' <Predicate = true> <Delay = 7.12> <Core = "FExp">   --->   Core 126 'FExp' <Latency = 7> <II = 1> <Delay = 7.12> <FuncUnit> <Opcode : 'fexp'> <InPorts = 1> <OutPorts = 1>

State 50 <SV = 24> <Delay = 7.12>
ST_50 : Operation 200 [2/8] (7.12ns)   --->   "%tmp_i4 = call float @llvm.exp.f32(float %p_x_assign) nounwind" [D:/software/Xilinx/Vivado/2018.3/win64/tools/clang/bin\..\lib\clang\3.1/../../../include/c++/4.5.2\cmath:232->../src/softmax/softmax.cpp:34]   --->   Operation 200 'fexp' 'tmp_i4' <Predicate = true> <Delay = 7.12> <Core = "FExp">   --->   Core 126 'FExp' <Latency = 7> <II = 1> <Delay = 7.12> <FuncUnit> <Opcode : 'fexp'> <InPorts = 1> <OutPorts = 1>

State 51 <SV = 25> <Delay = 7.12>
ST_51 : Operation 201 [1/8] (7.12ns)   --->   "%tmp_i4 = call float @llvm.exp.f32(float %p_x_assign) nounwind" [D:/software/Xilinx/Vivado/2018.3/win64/tools/clang/bin\..\lib\clang\3.1/../../../include/c++/4.5.2\cmath:232->../src/softmax/softmax.cpp:34]   --->   Operation 201 'fexp' 'tmp_i4' <Predicate = true> <Delay = 7.12> <Core = "FExp">   --->   Core 126 'FExp' <Latency = 7> <II = 1> <Delay = 7.12> <FuncUnit> <Opcode : 'fexp'> <InPorts = 1> <OutPorts = 1>

State 52 <SV = 26> <Delay = 7.19>
ST_52 : Operation 202 [12/12] (7.19ns)   --->   "%tmp_7 = fdiv float %tmp_i4, %sum_exp" [../src/softmax/softmax.cpp:34]   --->   Operation 202 'fdiv' 'tmp_7' <Predicate = true> <Delay = 7.19> <Core = "FDiv">   --->   Core 106 'FDiv' <Latency = 11> <II = 1> <Delay = 7.19> <FuncUnit> <Opcode : 'fdiv' 'frem'> <InPorts = 2> <OutPorts = 1>

State 53 <SV = 27> <Delay = 7.19>
ST_53 : Operation 203 [11/12] (7.19ns)   --->   "%tmp_7 = fdiv float %tmp_i4, %sum_exp" [../src/softmax/softmax.cpp:34]   --->   Operation 203 'fdiv' 'tmp_7' <Predicate = true> <Delay = 7.19> <Core = "FDiv">   --->   Core 106 'FDiv' <Latency = 11> <II = 1> <Delay = 7.19> <FuncUnit> <Opcode : 'fdiv' 'frem'> <InPorts = 2> <OutPorts = 1>

State 54 <SV = 28> <Delay = 7.19>
ST_54 : Operation 204 [10/12] (7.19ns)   --->   "%tmp_7 = fdiv float %tmp_i4, %sum_exp" [../src/softmax/softmax.cpp:34]   --->   Operation 204 'fdiv' 'tmp_7' <Predicate = true> <Delay = 7.19> <Core = "FDiv">   --->   Core 106 'FDiv' <Latency = 11> <II = 1> <Delay = 7.19> <FuncUnit> <Opcode : 'fdiv' 'frem'> <InPorts = 2> <OutPorts = 1>

State 55 <SV = 29> <Delay = 7.19>
ST_55 : Operation 205 [9/12] (7.19ns)   --->   "%tmp_7 = fdiv float %tmp_i4, %sum_exp" [../src/softmax/softmax.cpp:34]   --->   Operation 205 'fdiv' 'tmp_7' <Predicate = true> <Delay = 7.19> <Core = "FDiv">   --->   Core 106 'FDiv' <Latency = 11> <II = 1> <Delay = 7.19> <FuncUnit> <Opcode : 'fdiv' 'frem'> <InPorts = 2> <OutPorts = 1>

State 56 <SV = 30> <Delay = 7.19>
ST_56 : Operation 206 [8/12] (7.19ns)   --->   "%tmp_7 = fdiv float %tmp_i4, %sum_exp" [../src/softmax/softmax.cpp:34]   --->   Operation 206 'fdiv' 'tmp_7' <Predicate = true> <Delay = 7.19> <Core = "FDiv">   --->   Core 106 'FDiv' <Latency = 11> <II = 1> <Delay = 7.19> <FuncUnit> <Opcode : 'fdiv' 'frem'> <InPorts = 2> <OutPorts = 1>

State 57 <SV = 31> <Delay = 7.19>
ST_57 : Operation 207 [7/12] (7.19ns)   --->   "%tmp_7 = fdiv float %tmp_i4, %sum_exp" [../src/softmax/softmax.cpp:34]   --->   Operation 207 'fdiv' 'tmp_7' <Predicate = true> <Delay = 7.19> <Core = "FDiv">   --->   Core 106 'FDiv' <Latency = 11> <II = 1> <Delay = 7.19> <FuncUnit> <Opcode : 'fdiv' 'frem'> <InPorts = 2> <OutPorts = 1>

State 58 <SV = 32> <Delay = 7.19>
ST_58 : Operation 208 [6/12] (7.19ns)   --->   "%tmp_7 = fdiv float %tmp_i4, %sum_exp" [../src/softmax/softmax.cpp:34]   --->   Operation 208 'fdiv' 'tmp_7' <Predicate = true> <Delay = 7.19> <Core = "FDiv">   --->   Core 106 'FDiv' <Latency = 11> <II = 1> <Delay = 7.19> <FuncUnit> <Opcode : 'fdiv' 'frem'> <InPorts = 2> <OutPorts = 1>

State 59 <SV = 33> <Delay = 7.19>
ST_59 : Operation 209 [5/12] (7.19ns)   --->   "%tmp_7 = fdiv float %tmp_i4, %sum_exp" [../src/softmax/softmax.cpp:34]   --->   Operation 209 'fdiv' 'tmp_7' <Predicate = true> <Delay = 7.19> <Core = "FDiv">   --->   Core 106 'FDiv' <Latency = 11> <II = 1> <Delay = 7.19> <FuncUnit> <Opcode : 'fdiv' 'frem'> <InPorts = 2> <OutPorts = 1>

State 60 <SV = 34> <Delay = 7.19>
ST_60 : Operation 210 [4/12] (7.19ns)   --->   "%tmp_7 = fdiv float %tmp_i4, %sum_exp" [../src/softmax/softmax.cpp:34]   --->   Operation 210 'fdiv' 'tmp_7' <Predicate = true> <Delay = 7.19> <Core = "FDiv">   --->   Core 106 'FDiv' <Latency = 11> <II = 1> <Delay = 7.19> <FuncUnit> <Opcode : 'fdiv' 'frem'> <InPorts = 2> <OutPorts = 1>

State 61 <SV = 35> <Delay = 7.19>
ST_61 : Operation 211 [3/12] (7.19ns)   --->   "%tmp_7 = fdiv float %tmp_i4, %sum_exp" [../src/softmax/softmax.cpp:34]   --->   Operation 211 'fdiv' 'tmp_7' <Predicate = true> <Delay = 7.19> <Core = "FDiv">   --->   Core 106 'FDiv' <Latency = 11> <II = 1> <Delay = 7.19> <FuncUnit> <Opcode : 'fdiv' 'frem'> <InPorts = 2> <OutPorts = 1>

State 62 <SV = 36> <Delay = 7.19>
ST_62 : Operation 212 [2/12] (7.19ns)   --->   "%tmp_7 = fdiv float %tmp_i4, %sum_exp" [../src/softmax/softmax.cpp:34]   --->   Operation 212 'fdiv' 'tmp_7' <Predicate = true> <Delay = 7.19> <Core = "FDiv">   --->   Core 106 'FDiv' <Latency = 11> <II = 1> <Delay = 7.19> <FuncUnit> <Opcode : 'fdiv' 'frem'> <InPorts = 2> <OutPorts = 1>

State 63 <SV = 37> <Delay = 7.19>
ST_63 : Operation 213 [1/12] (7.19ns)   --->   "%tmp_7 = fdiv float %tmp_i4, %sum_exp" [../src/softmax/softmax.cpp:34]   --->   Operation 213 'fdiv' 'tmp_7' <Predicate = true> <Delay = 7.19> <Core = "FDiv">   --->   Core 106 'FDiv' <Latency = 11> <II = 1> <Delay = 7.19> <FuncUnit> <Opcode : 'fdiv' 'frem'> <InPorts = 2> <OutPorts = 1>

State 64 <SV = 38> <Delay = 8.75>
ST_64 : Operation 214 [1/1] (8.75ns)   --->   "call void @_ssdm_op_Write.m_axi.floatP(float* %gmem_addr, float %tmp_7, i4 -1)" [../src/softmax/softmax.cpp:34]   --->   Operation 214 'write' <Predicate = true> <Delay = 8.75> <Core = "m_axi">   --->   Core 9 'm_axi' <Latency = 6> <II = 1> <Delay = 1.00> <Adapter> <Opcode : 'read' 'write' 'readreq' 'writereq' 'writeresp'>
ST_64 : Operation 215 [1/1] (0.00ns)   --->   "br label %.preheader" [../src/softmax/softmax.cpp:21]   --->   Operation 215 'br' <Predicate = true> <Delay = 0.00>

State 65 <SV = 6> <Delay = 8.75>
ST_65 : Operation 216 [4/5] (8.75ns)   --->   "%gmem_addr_wr_resp = call i1 @_ssdm_op_WriteResp.m_axi.floatP(float* %gmem_addr)" [../src/softmax/softmax.cpp:34]   --->   Operation 216 'writeresp' 'gmem_addr_wr_resp' <Predicate = true> <Delay = 8.75> <Core = "m_axi">   --->   Core 9 'm_axi' <Latency = 6> <II = 1> <Delay = 1.00> <Adapter> <Opcode : 'read' 'write' 'readreq' 'writereq' 'writeresp'>

State 66 <SV = 7> <Delay = 8.75>
ST_66 : Operation 217 [3/5] (8.75ns)   --->   "%gmem_addr_wr_resp = call i1 @_ssdm_op_WriteResp.m_axi.floatP(float* %gmem_addr)" [../src/softmax/softmax.cpp:34]   --->   Operation 217 'writeresp' 'gmem_addr_wr_resp' <Predicate = true> <Delay = 8.75> <Core = "m_axi">   --->   Core 9 'm_axi' <Latency = 6> <II = 1> <Delay = 1.00> <Adapter> <Opcode : 'read' 'write' 'readreq' 'writereq' 'writeresp'>

State 67 <SV = 8> <Delay = 8.75>
ST_67 : Operation 218 [2/5] (8.75ns)   --->   "%gmem_addr_wr_resp = call i1 @_ssdm_op_WriteResp.m_axi.floatP(float* %gmem_addr)" [../src/softmax/softmax.cpp:34]   --->   Operation 218 'writeresp' 'gmem_addr_wr_resp' <Predicate = true> <Delay = 8.75> <Core = "m_axi">   --->   Core 9 'm_axi' <Latency = 6> <II = 1> <Delay = 1.00> <Adapter> <Opcode : 'read' 'write' 'readreq' 'writereq' 'writeresp'>

State 68 <SV = 9> <Delay = 8.75>
ST_68 : Operation 219 [1/5] (8.75ns)   --->   "%gmem_addr_wr_resp = call i1 @_ssdm_op_WriteResp.m_axi.floatP(float* %gmem_addr)" [../src/softmax/softmax.cpp:34]   --->   Operation 219 'writeresp' 'gmem_addr_wr_resp' <Predicate = true> <Delay = 8.75> <Core = "m_axi">   --->   Core 9 'm_axi' <Latency = 6> <II = 1> <Delay = 1.00> <Adapter> <Opcode : 'read' 'write' 'readreq' 'writereq' 'writeresp'>
ST_68 : Operation 220 [1/1] (0.00ns)   --->   "br label %1" [../src/softmax/softmax.cpp:20]   --->   Operation 220 'br' <Predicate = true> <Delay = 0.00>


============================================================
+ Verbose Summary: Timing violations
============================================================
Target clock period: 10ns, clock uncertainty: 1.25ns.

 <State 1>: 6.55ns
The critical path consists of the following:
	s_axi read on port 'height_V' [10]  (1 ns)
	'mul' operation of DSP[34] ('bound', ../src/softmax/softmax.cpp:25) [34]  (5.55 ns)

 <State 2>: 7.96ns
The critical path consists of the following:
	'phi' operation ('h') with incoming values : ('h', ../src/softmax/softmax.cpp:20) [39]  (0 ns)
	'icmp' operation ('exitcond2', ../src/softmax/softmax.cpp:20) [46]  (1.82 ns)
	'select' operation ('ret_V_1_mid2_v_v_v_v', ../src/softmax/softmax.cpp:25) [50]  (0.59 ns)
	'mul' operation of DSP[52] ('ret_V_1_mid2_v_v', ../src/softmax/softmax.cpp:25) [52]  (5.55 ns)

 <State 3>: 5.55ns
The critical path consists of the following:
	'mul' operation of DSP[54] ('ret_V_1_mid2', ../src/softmax/softmax.cpp:25) [54]  (5.55 ns)

 <State 4>: 7.54ns
The critical path consists of the following:
	'mul' operation of DSP[58] ('ret.V', ../src/softmax/softmax.cpp:25) [56]  (2.82 ns)
	'add' operation of DSP[58] ('ret.V', ../src/softmax/softmax.cpp:25) [58]  (2.73 ns)
	'add' operation ('out_data4_sum', ../src/softmax/softmax.cpp:34) [60]  (1.99 ns)

 <State 5>: 8.75ns
The critical path consists of the following:
	bus request on port 'gmem' (../src/softmax/softmax.cpp:34) [63]  (8.75 ns)

 <State 6>: 8.75ns
The critical path consists of the following:
	bus access on port 'gmem' (../src/softmax/softmax.cpp:34) [113]  (8.75 ns)

 <State 7>: 8.75ns
The critical path consists of the following:
	bus request on port 'gmem' (../src/softmax/softmax.cpp:25) [79]  (8.75 ns)

 <State 8>: 8.75ns
The critical path consists of the following:
	bus request on port 'gmem' (../src/softmax/softmax.cpp:25) [79]  (8.75 ns)

 <State 9>: 8.75ns
The critical path consists of the following:
	bus request on port 'gmem' (../src/softmax/softmax.cpp:25) [79]  (8.75 ns)

 <State 10>: 8.75ns
The critical path consists of the following:
	bus request on port 'gmem' (../src/softmax/softmax.cpp:25) [79]  (8.75 ns)

 <State 11>: 8.75ns
The critical path consists of the following:
	bus request on port 'gmem' (../src/softmax/softmax.cpp:25) [79]  (8.75 ns)

 <State 12>: 8.75ns
The critical path consists of the following:
	bus request on port 'gmem' (../src/softmax/softmax.cpp:25) [79]  (8.75 ns)

 <State 13>: 8.75ns
The critical path consists of the following:
	bus request on port 'gmem' (../src/softmax/softmax.cpp:25) [79]  (8.75 ns)

 <State 14>: 8.75ns
The critical path consists of the following:
	bus read on port 'gmem' (../src/softmax/softmax.cpp:25) [80]  (8.75 ns)

 <State 15>: 8.59ns
The critical path consists of the following:
	'fsub' operation ('__x', ../src/softmax/softmax.cpp:34) [107]  (8.59 ns)

 <State 16>: 1.9ns
The critical path consists of the following:
	'add' operation ('in_data2_sum5', ../src/softmax/softmax.cpp:30) [97]  (1.9 ns)

 <State 17>: 8.75ns
The critical path consists of the following:
	bus request on port 'gmem' (../src/softmax/softmax.cpp:30) [100]  (8.75 ns)

 <State 18>: 8.75ns
The critical path consists of the following:
	bus request on port 'gmem' (../src/softmax/softmax.cpp:30) [100]  (8.75 ns)

 <State 19>: 8.75ns
The critical path consists of the following:
	bus request on port 'gmem' (../src/softmax/softmax.cpp:30) [100]  (8.75 ns)

 <State 20>: 8.75ns
The critical path consists of the following:
	bus request on port 'gmem' (../src/softmax/softmax.cpp:30) [100]  (8.75 ns)

 <State 21>: 8.75ns
The critical path consists of the following:
	bus request on port 'gmem' (../src/softmax/softmax.cpp:30) [100]  (8.75 ns)

 <State 22>: 8.75ns
The critical path consists of the following:
	bus request on port 'gmem' (../src/softmax/softmax.cpp:30) [100]  (8.75 ns)

 <State 23>: 8.75ns
The critical path consists of the following:
	bus request on port 'gmem' (../src/softmax/softmax.cpp:30) [100]  (8.75 ns)

 <State 24>: 8.75ns
The critical path consists of the following:
	bus read on port 'gmem' (../src/softmax/softmax.cpp:30) [101]  (8.75 ns)

 <State 25>: 8.59ns
The critical path consists of the following:
	'fsub' operation ('__x', ../src/softmax/softmax.cpp:30) [102]  (8.59 ns)

 <State 26>: 8.59ns
The critical path consists of the following:
	'fsub' operation ('__x', ../src/softmax/softmax.cpp:30) [102]  (8.59 ns)

 <State 27>: 8.59ns
The critical path consists of the following:
	'fsub' operation ('__x', ../src/softmax/softmax.cpp:30) [102]  (8.59 ns)

 <State 28>: 8.59ns
The critical path consists of the following:
	'fsub' operation ('__x', ../src/softmax/softmax.cpp:30) [102]  (8.59 ns)

 <State 29>: 7.13ns
The critical path consists of the following:
	'fexp' operation ('tmp_i', D:/software/Xilinx/Vivado/2018.3/win64/tools/clang/bin\..\lib\clang\3.1/../../../include/c++/4.5.2\cmath:232->../src/softmax/softmax.cpp:30) [103]  (7.13 ns)

 <State 30>: 7.13ns
The critical path consists of the following:
	'fexp' operation ('tmp_i', D:/software/Xilinx/Vivado/2018.3/win64/tools/clang/bin\..\lib\clang\3.1/../../../include/c++/4.5.2\cmath:232->../src/softmax/softmax.cpp:30) [103]  (7.13 ns)

 <State 31>: 7.13ns
The critical path consists of the following:
	'fexp' operation ('tmp_i', D:/software/Xilinx/Vivado/2018.3/win64/tools/clang/bin\..\lib\clang\3.1/../../../include/c++/4.5.2\cmath:232->../src/softmax/softmax.cpp:30) [103]  (7.13 ns)

 <State 32>: 7.13ns
The critical path consists of the following:
	'fexp' operation ('tmp_i', D:/software/Xilinx/Vivado/2018.3/win64/tools/clang/bin\..\lib\clang\3.1/../../../include/c++/4.5.2\cmath:232->../src/softmax/softmax.cpp:30) [103]  (7.13 ns)

 <State 33>: 7.13ns
The critical path consists of the following:
	'fexp' operation ('tmp_i', D:/software/Xilinx/Vivado/2018.3/win64/tools/clang/bin\..\lib\clang\3.1/../../../include/c++/4.5.2\cmath:232->../src/softmax/softmax.cpp:30) [103]  (7.13 ns)

 <State 34>: 7.13ns
The critical path consists of the following:
	'fexp' operation ('tmp_i', D:/software/Xilinx/Vivado/2018.3/win64/tools/clang/bin\..\lib\clang\3.1/../../../include/c++/4.5.2\cmath:232->../src/softmax/softmax.cpp:30) [103]  (7.13 ns)

 <State 35>: 7.13ns
The critical path consists of the following:
	'fexp' operation ('tmp_i', D:/software/Xilinx/Vivado/2018.3/win64/tools/clang/bin\..\lib\clang\3.1/../../../include/c++/4.5.2\cmath:232->../src/softmax/softmax.cpp:30) [103]  (7.13 ns)

 <State 36>: 7.13ns
The critical path consists of the following:
	'fexp' operation ('tmp_i', D:/software/Xilinx/Vivado/2018.3/win64/tools/clang/bin\..\lib\clang\3.1/../../../include/c++/4.5.2\cmath:232->../src/softmax/softmax.cpp:30) [103]  (7.13 ns)

 <State 37>: 8.59ns
The critical path consists of the following:
	'fadd' operation ('sum_exp', ../src/softmax/softmax.cpp:30) [104]  (8.59 ns)

 <State 38>: 8.59ns
The critical path consists of the following:
	'fadd' operation ('sum_exp', ../src/softmax/softmax.cpp:30) [104]  (8.59 ns)

 <State 39>: 8.59ns
The critical path consists of the following:
	'fadd' operation ('sum_exp', ../src/softmax/softmax.cpp:30) [104]  (8.59 ns)

 <State 40>: 8.59ns
The critical path consists of the following:
	'fadd' operation ('sum_exp', ../src/softmax/softmax.cpp:30) [104]  (8.59 ns)

 <State 41>: 8.59ns
The critical path consists of the following:
	'fsub' operation ('__x', ../src/softmax/softmax.cpp:34) [107]  (8.59 ns)

 <State 42>: 8.59ns
The critical path consists of the following:
	'fsub' operation ('__x', ../src/softmax/softmax.cpp:34) [107]  (8.59 ns)

 <State 43>: 8.59ns
The critical path consists of the following:
	'fsub' operation ('__x', ../src/softmax/softmax.cpp:34) [107]  (8.59 ns)

 <State 44>: 7.13ns
The critical path consists of the following:
	'fexp' operation ('tmp_i4', D:/software/Xilinx/Vivado/2018.3/win64/tools/clang/bin\..\lib\clang\3.1/../../../include/c++/4.5.2\cmath:232->../src/softmax/softmax.cpp:34) [108]  (7.13 ns)

 <State 45>: 7.13ns
The critical path consists of the following:
	'fexp' operation ('tmp_i4', D:/software/Xilinx/Vivado/2018.3/win64/tools/clang/bin\..\lib\clang\3.1/../../../include/c++/4.5.2\cmath:232->../src/softmax/softmax.cpp:34) [108]  (7.13 ns)

 <State 46>: 7.13ns
The critical path consists of the following:
	'fexp' operation ('tmp_i4', D:/software/Xilinx/Vivado/2018.3/win64/tools/clang/bin\..\lib\clang\3.1/../../../include/c++/4.5.2\cmath:232->../src/softmax/softmax.cpp:34) [108]  (7.13 ns)

 <State 47>: 7.13ns
The critical path consists of the following:
	'fexp' operation ('tmp_i4', D:/software/Xilinx/Vivado/2018.3/win64/tools/clang/bin\..\lib\clang\3.1/../../../include/c++/4.5.2\cmath:232->../src/softmax/softmax.cpp:34) [108]  (7.13 ns)

 <State 48>: 7.13ns
The critical path consists of the following:
	'fexp' operation ('tmp_i4', D:/software/Xilinx/Vivado/2018.3/win64/tools/clang/bin\..\lib\clang\3.1/../../../include/c++/4.5.2\cmath:232->../src/softmax/softmax.cpp:34) [108]  (7.13 ns)

 <State 49>: 7.13ns
The critical path consists of the following:
	'fexp' operation ('tmp_i4', D:/software/Xilinx/Vivado/2018.3/win64/tools/clang/bin\..\lib\clang\3.1/../../../include/c++/4.5.2\cmath:232->../src/softmax/softmax.cpp:34) [108]  (7.13 ns)

 <State 50>: 7.13ns
The critical path consists of the following:
	'fexp' operation ('tmp_i4', D:/software/Xilinx/Vivado/2018.3/win64/tools/clang/bin\..\lib\clang\3.1/../../../include/c++/4.5.2\cmath:232->../src/softmax/softmax.cpp:34) [108]  (7.13 ns)

 <State 51>: 7.13ns
The critical path consists of the following:
	'fexp' operation ('tmp_i4', D:/software/Xilinx/Vivado/2018.3/win64/tools/clang/bin\..\lib\clang\3.1/../../../include/c++/4.5.2\cmath:232->../src/softmax/softmax.cpp:34) [108]  (7.13 ns)

 <State 52>: 7.2ns
The critical path consists of the following:
	'fdiv' operation ('tmp_7', ../src/softmax/softmax.cpp:34) [109]  (7.2 ns)

 <State 53>: 7.2ns
The critical path consists of the following:
	'fdiv' operation ('tmp_7', ../src/softmax/softmax.cpp:34) [109]  (7.2 ns)

 <State 54>: 7.2ns
The critical path consists of the following:
	'fdiv' operation ('tmp_7', ../src/softmax/softmax.cpp:34) [109]  (7.2 ns)

 <State 55>: 7.2ns
The critical path consists of the following:
	'fdiv' operation ('tmp_7', ../src/softmax/softmax.cpp:34) [109]  (7.2 ns)

 <State 56>: 7.2ns
The critical path consists of the following:
	'fdiv' operation ('tmp_7', ../src/softmax/softmax.cpp:34) [109]  (7.2 ns)

 <State 57>: 7.2ns
The critical path consists of the following:
	'fdiv' operation ('tmp_7', ../src/softmax/softmax.cpp:34) [109]  (7.2 ns)

 <State 58>: 7.2ns
The critical path consists of the following:
	'fdiv' operation ('tmp_7', ../src/softmax/softmax.cpp:34) [109]  (7.2 ns)

 <State 59>: 7.2ns
The critical path consists of the following:
	'fdiv' operation ('tmp_7', ../src/softmax/softmax.cpp:34) [109]  (7.2 ns)

 <State 60>: 7.2ns
The critical path consists of the following:
	'fdiv' operation ('tmp_7', ../src/softmax/softmax.cpp:34) [109]  (7.2 ns)

 <State 61>: 7.2ns
The critical path consists of the following:
	'fdiv' operation ('tmp_7', ../src/softmax/softmax.cpp:34) [109]  (7.2 ns)

 <State 62>: 7.2ns
The critical path consists of the following:
	'fdiv' operation ('tmp_7', ../src/softmax/softmax.cpp:34) [109]  (7.2 ns)

 <State 63>: 7.2ns
The critical path consists of the following:
	'fdiv' operation ('tmp_7', ../src/softmax/softmax.cpp:34) [109]  (7.2 ns)

 <State 64>: 8.75ns
The critical path consists of the following:
	bus write on port 'gmem' (../src/softmax/softmax.cpp:34) [110]  (8.75 ns)

 <State 65>: 8.75ns
The critical path consists of the following:
	bus access on port 'gmem' (../src/softmax/softmax.cpp:34) [113]  (8.75 ns)

 <State 66>: 8.75ns
The critical path consists of the following:
	bus access on port 'gmem' (../src/softmax/softmax.cpp:34) [113]  (8.75 ns)

 <State 67>: 8.75ns
The critical path consists of the following:
	bus access on port 'gmem' (../src/softmax/softmax.cpp:34) [113]  (8.75 ns)

 <State 68>: 8.75ns
The critical path consists of the following:
	bus access on port 'gmem' (../src/softmax/softmax.cpp:34) [113]  (8.75 ns)


============================================================
+ Verbose Summary: Binding
============================================================
N/A
* FSMD analyzer results:
  - Output states:
 - Input state : 
  - Chain level:
	State 1
	State 2
	State 3
	State 4
	State 5
	State 6
	State 7
	State 8
	State 9
	State 10
	State 11
	State 12
	State 13
	State 14
	State 15
	State 16
	State 17
	State 18
	State 19
	State 20
	State 21
	State 22
	State 23
	State 24
	State 25
	State 26
	State 27
	State 28
	State 29
	State 30
	State 31
	State 32
	State 33
	State 34
	State 35
	State 36
	State 37
	State 38
	State 39
	State 40
	State 41
	State 42
	State 43
	State 44
	State 45
	State 46
	State 47
	State 48
	State 49
	State 50
	State 51
	State 52
	State 53
	State 54
	State 55
	State 56
	State 57
	State 58
	State 59
	State 60
	State 61
	State 62
	State 63
	State 64
	State 65
	State 66
	State 67
	State 68


============================================================
+ Verbose Summary: Datapath Resource usage 
============================================================
N/A
