

================================================================
== Vivado HLS Report for 'GELU'
================================================================
* Date:           Tue Oct 15 00:04:13 2024

* Version:        2018.3 (Build 2405991 on Thu Dec 06 23:56:15 MST 2018)
* Project:        HLS
* Solution:       solution1
* Product family: zynq
* Target device:  xc7z020clg400-2


================================================================
== Performance Estimates
================================================================
+ Timing (ns): 
    * Summary: 
    +--------+-------+----------+------------+
    |  Clock | Target| Estimated| Uncertainty|
    +--------+-------+----------+------------+
    |ap_clk  |  10.00|     9.164|        1.25|
    +--------+-------+----------+------------+

+ Latency (clock cycles): 
    * Summary: 
    +-----+-----+-----+-----+---------+
    |  Latency  |  Interval | Pipeline|
    | min | max | min | max |   Type  |
    +-----+-----+-----+-----+---------+
    |   30|   74|   30|   74|   none  |
    +-----+-----+-----+-----+---------+

    + Detail: 
        * Instance: 
        N/A

        * Loop: 
        N/A

============================================================
+ Verbose Summary: Synthesis Manager
============================================================
InlineROM: 1
ExposeGlobal: 0
============================================================
+ Verbose Summary: CDFG Model
============================================================
IsTopModel: 1
ResetActiveHigh: 1
IsCombinational: 0
IsDatapathOnly: 0
HasWiredReturn: 1
HasMFsm: 0
HasVarLatency: 1
IsPipeline: 0
IsRtlPipelined: 0
IsInstanceOverlapped: 0
IsDontTouch: 0
HasImplIP: 0
IsGatedGlobalClock: 0


============================================================
+ Verbose Summary: Schedule
============================================================
* Number of FSM states : 30
* Pipeline : 0
* Dataflow Pipeline: 0

* FSM state transitions: 
1 --> 
	2  / true
2 --> 
	3  / true
3 --> 
	4  / true
4 --> 
	5  / true
5 --> 
	6  / true
6 --> 
	7  / true
7 --> 
	8  / true
8 --> 
	9  / true
9 --> 
	10  / true
10 --> 
	11  / true
11 --> 
	12  / true
12 --> 
	13  / true
13 --> 
	14  / true
14 --> 
	15  / true
15 --> 
	16  / true
16 --> 
	17  / true
17 --> 
	18  / true
18 --> 
	19  / true
19 --> 
	20  / true
20 --> 
	21  / true
21 --> 
	22  / true
22 --> 
	23  / true
23 --> 
	24  / true
24 --> 
	25  / true
25 --> 
	26  / true
26 --> 
	27  / true
27 --> 
	28  / true
28 --> 
	29  / true
29 --> 
	30  / true
30 --> 

* FSM state operations: 

State 1 <SV = 0> <Delay = 1.00>
ST_1 : Operation 31 [1/1] (1.00ns)   --->   "%x_read = call float @_ssdm_op_Read.s_axilite.float(float %x) nounwind" [HLS/src/Gelu/GELU.cpp:3]   --->   Operation 31 'read' 'x_read' <Predicate = true> <Delay = 1.00> <Core = "s_axilite">   --->   Core 10 's_axilite' <Latency = 0> <II = 1> <Delay = 1.00> <Adapter> <Opcode : 'read' 'write'>

State 2 <SV = 1> <Delay = 8.43>
ST_2 : Operation 32 [3/3] (8.43ns)   --->   "%tmp_s = fmul float %x_read, %x_read" [HLS/src/Gelu/GELU.cpp:14]   --->   Operation 32 'fmul' 'tmp_s' <Predicate = true> <Delay = 8.43> <Core = "FMul">   --->   Core 105 'FMul' <Latency = 2> <II = 1> <Delay = 8.43> <FuncUnit> <Opcode : 'fmul'> <InPorts = 2> <OutPorts = 1>

State 3 <SV = 2> <Delay = 8.43>
ST_3 : Operation 33 [2/3] (8.43ns)   --->   "%tmp_s = fmul float %x_read, %x_read" [HLS/src/Gelu/GELU.cpp:14]   --->   Operation 33 'fmul' 'tmp_s' <Predicate = true> <Delay = 8.43> <Core = "FMul">   --->   Core 105 'FMul' <Latency = 2> <II = 1> <Delay = 8.43> <FuncUnit> <Opcode : 'fmul'> <InPorts = 2> <OutPorts = 1>

State 4 <SV = 3> <Delay = 8.43>
ST_4 : Operation 34 [1/3] (8.43ns)   --->   "%tmp_s = fmul float %x_read, %x_read" [HLS/src/Gelu/GELU.cpp:14]   --->   Operation 34 'fmul' 'tmp_s' <Predicate = true> <Delay = 8.43> <Core = "FMul">   --->   Core 105 'FMul' <Latency = 2> <II = 1> <Delay = 8.43> <FuncUnit> <Opcode : 'fmul'> <InPorts = 2> <OutPorts = 1>

State 5 <SV = 4> <Delay = 8.43>
ST_5 : Operation 35 [3/3] (8.43ns)   --->   "%x_cube = fmul float %tmp_s, %x_read" [HLS/src/Gelu/GELU.cpp:14]   --->   Operation 35 'fmul' 'x_cube' <Predicate = true> <Delay = 8.43> <Core = "FMul">   --->   Core 105 'FMul' <Latency = 2> <II = 1> <Delay = 8.43> <FuncUnit> <Opcode : 'fmul'> <InPorts = 2> <OutPorts = 1>

State 6 <SV = 5> <Delay = 8.43>
ST_6 : Operation 36 [2/3] (8.43ns)   --->   "%x_cube = fmul float %tmp_s, %x_read" [HLS/src/Gelu/GELU.cpp:14]   --->   Operation 36 'fmul' 'x_cube' <Predicate = true> <Delay = 8.43> <Core = "FMul">   --->   Core 105 'FMul' <Latency = 2> <II = 1> <Delay = 8.43> <FuncUnit> <Opcode : 'fmul'> <InPorts = 2> <OutPorts = 1>

State 7 <SV = 6> <Delay = 8.43>
ST_7 : Operation 37 [1/3] (8.43ns)   --->   "%x_cube = fmul float %tmp_s, %x_read" [HLS/src/Gelu/GELU.cpp:14]   --->   Operation 37 'fmul' 'x_cube' <Predicate = true> <Delay = 8.43> <Core = "FMul">   --->   Core 105 'FMul' <Latency = 2> <II = 1> <Delay = 8.43> <FuncUnit> <Opcode : 'fmul'> <InPorts = 2> <OutPorts = 1>

State 8 <SV = 7> <Delay = 8.43>
ST_8 : Operation 38 [3/3] (8.43ns)   --->   "%tmp_34 = fmul float %x_cube, 0x3FA6E4E260000000" [HLS/src/Gelu/GELU.cpp:15]   --->   Operation 38 'fmul' 'tmp_34' <Predicate = true> <Delay = 8.43> <Core = "FMul">   --->   Core 105 'FMul' <Latency = 2> <II = 1> <Delay = 8.43> <FuncUnit> <Opcode : 'fmul'> <InPorts = 2> <OutPorts = 1>

State 9 <SV = 8> <Delay = 8.43>
ST_9 : Operation 39 [2/3] (8.43ns)   --->   "%tmp_34 = fmul float %x_cube, 0x3FA6E4E260000000" [HLS/src/Gelu/GELU.cpp:15]   --->   Operation 39 'fmul' 'tmp_34' <Predicate = true> <Delay = 8.43> <Core = "FMul">   --->   Core 105 'FMul' <Latency = 2> <II = 1> <Delay = 8.43> <FuncUnit> <Opcode : 'fmul'> <InPorts = 2> <OutPorts = 1>

State 10 <SV = 9> <Delay = 8.43>
ST_10 : Operation 40 [1/3] (8.43ns)   --->   "%tmp_34 = fmul float %x_cube, 0x3FA6E4E260000000" [HLS/src/Gelu/GELU.cpp:15]   --->   Operation 40 'fmul' 'tmp_34' <Predicate = true> <Delay = 8.43> <Core = "FMul">   --->   Core 105 'FMul' <Latency = 2> <II = 1> <Delay = 8.43> <FuncUnit> <Opcode : 'fmul'> <InPorts = 2> <OutPorts = 1>

State 11 <SV = 10> <Delay = 8.58>
ST_11 : Operation 41 [4/4] (8.58ns)   --->   "%tmp_35 = fadd float %tmp_34, %x_read" [HLS/src/Gelu/GELU.cpp:15]   --->   Operation 41 'fadd' 'tmp_35' <Predicate = true> <Delay = 8.58> <Core = "FAddSub">   --->   Core 104 'FAddSub' <Latency = 3> <II = 1> <Delay = 8.58> <FuncUnit> <Opcode : 'fadd' 'fsub'> <InPorts = 2> <OutPorts = 1>

State 12 <SV = 11> <Delay = 8.58>
ST_12 : Operation 42 [3/4] (8.58ns)   --->   "%tmp_35 = fadd float %tmp_34, %x_read" [HLS/src/Gelu/GELU.cpp:15]   --->   Operation 42 'fadd' 'tmp_35' <Predicate = true> <Delay = 8.58> <Core = "FAddSub">   --->   Core 104 'FAddSub' <Latency = 3> <II = 1> <Delay = 8.58> <FuncUnit> <Opcode : 'fadd' 'fsub'> <InPorts = 2> <OutPorts = 1>

State 13 <SV = 12> <Delay = 8.58>
ST_13 : Operation 43 [2/4] (8.58ns)   --->   "%tmp_35 = fadd float %tmp_34, %x_read" [HLS/src/Gelu/GELU.cpp:15]   --->   Operation 43 'fadd' 'tmp_35' <Predicate = true> <Delay = 8.58> <Core = "FAddSub">   --->   Core 104 'FAddSub' <Latency = 3> <II = 1> <Delay = 8.58> <FuncUnit> <Opcode : 'fadd' 'fsub'> <InPorts = 2> <OutPorts = 1>

State 14 <SV = 13> <Delay = 8.58>
ST_14 : Operation 44 [1/4] (8.58ns)   --->   "%tmp_35 = fadd float %tmp_34, %x_read" [HLS/src/Gelu/GELU.cpp:15]   --->   Operation 44 'fadd' 'tmp_35' <Predicate = true> <Delay = 8.58> <Core = "FAddSub">   --->   Core 104 'FAddSub' <Latency = 3> <II = 1> <Delay = 8.58> <FuncUnit> <Opcode : 'fadd' 'fsub'> <InPorts = 2> <OutPorts = 1>

State 15 <SV = 14> <Delay = 8.43>
ST_15 : Operation 45 [3/3] (8.43ns)   --->   "%tanh_arg = fmul float %tmp_35, 0x3FE9884540000000" [HLS/src/Gelu/GELU.cpp:15]   --->   Operation 45 'fmul' 'tanh_arg' <Predicate = true> <Delay = 8.43> <Core = "FMul">   --->   Core 105 'FMul' <Latency = 2> <II = 1> <Delay = 8.43> <FuncUnit> <Opcode : 'fmul'> <InPorts = 2> <OutPorts = 1>

State 16 <SV = 15> <Delay = 8.43>
ST_16 : Operation 46 [2/3] (8.43ns)   --->   "%tanh_arg = fmul float %tmp_35, 0x3FE9884540000000" [HLS/src/Gelu/GELU.cpp:15]   --->   Operation 46 'fmul' 'tanh_arg' <Predicate = true> <Delay = 8.43> <Core = "FMul">   --->   Core 105 'FMul' <Latency = 2> <II = 1> <Delay = 8.43> <FuncUnit> <Opcode : 'fmul'> <InPorts = 2> <OutPorts = 1>

State 17 <SV = 16> <Delay = 8.43>
ST_17 : Operation 47 [1/3] (8.43ns)   --->   "%tanh_arg = fmul float %tmp_35, 0x3FE9884540000000" [HLS/src/Gelu/GELU.cpp:15]   --->   Operation 47 'fmul' 'tanh_arg' <Predicate = true> <Delay = 8.43> <Core = "FMul">   --->   Core 105 'FMul' <Latency = 2> <II = 1> <Delay = 8.43> <FuncUnit> <Opcode : 'fmul'> <InPorts = 2> <OutPorts = 1>

State 18 <SV = 17> <Delay = 8.58>
ST_18 : Operation 48 [2/2] (8.58ns)   --->   "%tanh_val = call fastcc float @"generic_tanh<float>"(float %tanh_arg) nounwind" [r:/builds/2018.3/continuous/2018_12_06_2405991/src/products/hls/hls_lib/hlsmath/src/c/tanhfloat.cpp:7->D:/software/Xilinx/Vivado/2018.3/win64/tools/clang/bin\..\lib\clang\3.1/../../../include/c++/4.5.2\cmath:466->HLS/src/Gelu/GELU.cpp:16]   --->   Operation 48 'call' 'tanh_val' <Predicate = true> <Delay = 8.58> <CoreType = "Generic">   --->   Core 0 '' <Latency = 0> <II = 1> <Delay = 1.00> <Generic> <Opcode : >

State 19 <SV = 18> <Delay = 3.94>
ST_19 : Operation 49 [1/1] (3.94ns)   --->   "%tmp = fpext float %x_read to double" [HLS/src/Gelu/GELU.cpp:6]   --->   Operation 49 'fpext' 'tmp' <Predicate = true> <Delay = 3.94> <Core = "Float2Double">   --->   Core 113 'Float2Double' <Latency = 0> <II = 1> <Delay = 3.94> <FuncUnit> <Opcode : 'fpext'> <InPorts = 1> <OutPorts = 1>
ST_19 : Operation 50 [1/2] (2.29ns)   --->   "%tanh_val = call fastcc float @"generic_tanh<float>"(float %tanh_arg) nounwind" [r:/builds/2018.3/continuous/2018_12_06_2405991/src/products/hls/hls_lib/hlsmath/src/c/tanhfloat.cpp:7->D:/software/Xilinx/Vivado/2018.3/win64/tools/clang/bin\..\lib\clang\3.1/../../../include/c++/4.5.2\cmath:466->HLS/src/Gelu/GELU.cpp:16]   --->   Operation 50 'call' 'tanh_val' <Predicate = true> <Delay = 2.29> <CoreType = "Generic">   --->   Core 0 '' <Latency = 0> <II = 1> <Delay = 1.00> <Generic> <Opcode : >

State 20 <SV = 19> <Delay = 8.58>
ST_20 : Operation 51 [5/5] (8.41ns)   --->   "%tmp_36 = fmul double %tmp, 5.000000e-01" [HLS/src/Gelu/GELU.cpp:17]   --->   Operation 51 'dmul' 'tmp_36' <Predicate = true> <Delay = 8.41> <Core = "DMul">   --->   Core 115 'DMul' <Latency = 4> <II = 1> <Delay = 8.41> <FuncUnit> <Opcode : 'dmul'> <InPorts = 2> <OutPorts = 1>
ST_20 : Operation 52 [4/4] (8.58ns)   --->   "%tmp_37 = fadd float %tanh_val, 1.000000e+00" [HLS/src/Gelu/GELU.cpp:17]   --->   Operation 52 'fadd' 'tmp_37' <Predicate = true> <Delay = 8.58> <Core = "FAddSub">   --->   Core 104 'FAddSub' <Latency = 3> <II = 1> <Delay = 8.58> <FuncUnit> <Opcode : 'fadd' 'fsub'> <InPorts = 2> <OutPorts = 1>

State 21 <SV = 20> <Delay = 8.58>
ST_21 : Operation 53 [4/5] (8.41ns)   --->   "%tmp_36 = fmul double %tmp, 5.000000e-01" [HLS/src/Gelu/GELU.cpp:17]   --->   Operation 53 'dmul' 'tmp_36' <Predicate = true> <Delay = 8.41> <Core = "DMul">   --->   Core 115 'DMul' <Latency = 4> <II = 1> <Delay = 8.41> <FuncUnit> <Opcode : 'dmul'> <InPorts = 2> <OutPorts = 1>
ST_21 : Operation 54 [3/4] (8.58ns)   --->   "%tmp_37 = fadd float %tanh_val, 1.000000e+00" [HLS/src/Gelu/GELU.cpp:17]   --->   Operation 54 'fadd' 'tmp_37' <Predicate = true> <Delay = 8.58> <Core = "FAddSub">   --->   Core 104 'FAddSub' <Latency = 3> <II = 1> <Delay = 8.58> <FuncUnit> <Opcode : 'fadd' 'fsub'> <InPorts = 2> <OutPorts = 1>

State 22 <SV = 21> <Delay = 8.58>
ST_22 : Operation 55 [3/5] (8.41ns)   --->   "%tmp_36 = fmul double %tmp, 5.000000e-01" [HLS/src/Gelu/GELU.cpp:17]   --->   Operation 55 'dmul' 'tmp_36' <Predicate = true> <Delay = 8.41> <Core = "DMul">   --->   Core 115 'DMul' <Latency = 4> <II = 1> <Delay = 8.41> <FuncUnit> <Opcode : 'dmul'> <InPorts = 2> <OutPorts = 1>
ST_22 : Operation 56 [2/4] (8.58ns)   --->   "%tmp_37 = fadd float %tanh_val, 1.000000e+00" [HLS/src/Gelu/GELU.cpp:17]   --->   Operation 56 'fadd' 'tmp_37' <Predicate = true> <Delay = 8.58> <Core = "FAddSub">   --->   Core 104 'FAddSub' <Latency = 3> <II = 1> <Delay = 8.58> <FuncUnit> <Opcode : 'fadd' 'fsub'> <InPorts = 2> <OutPorts = 1>

State 23 <SV = 22> <Delay = 8.58>
ST_23 : Operation 57 [2/5] (8.41ns)   --->   "%tmp_36 = fmul double %tmp, 5.000000e-01" [HLS/src/Gelu/GELU.cpp:17]   --->   Operation 57 'dmul' 'tmp_36' <Predicate = true> <Delay = 8.41> <Core = "DMul">   --->   Core 115 'DMul' <Latency = 4> <II = 1> <Delay = 8.41> <FuncUnit> <Opcode : 'dmul'> <InPorts = 2> <OutPorts = 1>
ST_23 : Operation 58 [1/4] (8.58ns)   --->   "%tmp_37 = fadd float %tanh_val, 1.000000e+00" [HLS/src/Gelu/GELU.cpp:17]   --->   Operation 58 'fadd' 'tmp_37' <Predicate = true> <Delay = 8.58> <Core = "FAddSub">   --->   Core 104 'FAddSub' <Latency = 3> <II = 1> <Delay = 8.58> <FuncUnit> <Opcode : 'fadd' 'fsub'> <InPorts = 2> <OutPorts = 1>

State 24 <SV = 23> <Delay = 8.41>
ST_24 : Operation 59 [1/5] (8.41ns)   --->   "%tmp_36 = fmul double %tmp, 5.000000e-01" [HLS/src/Gelu/GELU.cpp:17]   --->   Operation 59 'dmul' 'tmp_36' <Predicate = true> <Delay = 8.41> <Core = "DMul">   --->   Core 115 'DMul' <Latency = 4> <II = 1> <Delay = 8.41> <FuncUnit> <Opcode : 'dmul'> <InPorts = 2> <OutPorts = 1>
ST_24 : Operation 60 [1/1] (3.94ns)   --->   "%tmp_38 = fpext float %tmp_37 to double" [HLS/src/Gelu/GELU.cpp:17]   --->   Operation 60 'fpext' 'tmp_38' <Predicate = true> <Delay = 3.94> <Core = "Float2Double">   --->   Core 113 'Float2Double' <Latency = 0> <II = 1> <Delay = 3.94> <FuncUnit> <Opcode : 'fpext'> <InPorts = 1> <OutPorts = 1>

State 25 <SV = 24> <Delay = 8.41>
ST_25 : Operation 61 [5/5] (8.41ns)   --->   "%tmp_39 = fmul double %tmp_36, %tmp_38" [HLS/src/Gelu/GELU.cpp:17]   --->   Operation 61 'dmul' 'tmp_39' <Predicate = true> <Delay = 8.41> <Core = "DMul">   --->   Core 115 'DMul' <Latency = 4> <II = 1> <Delay = 8.41> <FuncUnit> <Opcode : 'dmul'> <InPorts = 2> <OutPorts = 1>

State 26 <SV = 25> <Delay = 8.41>
ST_26 : Operation 62 [4/5] (8.41ns)   --->   "%tmp_39 = fmul double %tmp_36, %tmp_38" [HLS/src/Gelu/GELU.cpp:17]   --->   Operation 62 'dmul' 'tmp_39' <Predicate = true> <Delay = 8.41> <Core = "DMul">   --->   Core 115 'DMul' <Latency = 4> <II = 1> <Delay = 8.41> <FuncUnit> <Opcode : 'dmul'> <InPorts = 2> <OutPorts = 1>

State 27 <SV = 26> <Delay = 8.41>
ST_27 : Operation 63 [3/5] (8.41ns)   --->   "%tmp_39 = fmul double %tmp_36, %tmp_38" [HLS/src/Gelu/GELU.cpp:17]   --->   Operation 63 'dmul' 'tmp_39' <Predicate = true> <Delay = 8.41> <Core = "DMul">   --->   Core 115 'DMul' <Latency = 4> <II = 1> <Delay = 8.41> <FuncUnit> <Opcode : 'dmul'> <InPorts = 2> <OutPorts = 1>

State 28 <SV = 27> <Delay = 8.41>
ST_28 : Operation 64 [2/5] (8.41ns)   --->   "%tmp_39 = fmul double %tmp_36, %tmp_38" [HLS/src/Gelu/GELU.cpp:17]   --->   Operation 64 'dmul' 'tmp_39' <Predicate = true> <Delay = 8.41> <Core = "DMul">   --->   Core 115 'DMul' <Latency = 4> <II = 1> <Delay = 8.41> <FuncUnit> <Opcode : 'dmul'> <InPorts = 2> <OutPorts = 1>

State 29 <SV = 28> <Delay = 8.41>
ST_29 : Operation 65 [1/5] (8.41ns)   --->   "%tmp_39 = fmul double %tmp_36, %tmp_38" [HLS/src/Gelu/GELU.cpp:17]   --->   Operation 65 'dmul' 'tmp_39' <Predicate = true> <Delay = 8.41> <Core = "DMul">   --->   Core 115 'DMul' <Latency = 4> <II = 1> <Delay = 8.41> <FuncUnit> <Opcode : 'dmul'> <InPorts = 2> <OutPorts = 1>

State 30 <SV = 29> <Delay = 6.43>
ST_30 : Operation 66 [1/1] (0.00ns)   --->   "call void (...)* @_ssdm_op_SpecBitsMap(float %x) nounwind, !map !147"   --->   Operation 66 'specbitsmap' <Predicate = true> <Delay = 0.00>
ST_30 : Operation 67 [1/1] (0.00ns)   --->   "call void (...)* @_ssdm_op_SpecBitsMap(float* %out_r) nounwind, !map !153"   --->   Operation 67 'specbitsmap' <Predicate = true> <Delay = 0.00>
ST_30 : Operation 68 [1/1] (0.00ns)   --->   "call void (...)* @_ssdm_op_SpecTopModule([5 x i8]* @GELU_str) nounwind"   --->   Operation 68 'spectopmodule' <Predicate = true> <Delay = 0.00>
ST_30 : Operation 69 [1/1] (0.00ns)   --->   "call void (...)* @_ssdm_op_SpecInterface(float %x, [10 x i8]* @p_str6, i32 0, i32 0, [1 x i8]* @p_str17, i32 0, i32 0, [1 x i8]* @p_str17, [1 x i8]* @p_str17, [1 x i8]* @p_str17, i32 0, i32 0, i32 0, i32 0, [1 x i8]* @p_str17, [1 x i8]* @p_str17) nounwind" [HLS/src/Gelu/GELU.cpp:6]   --->   Operation 69 'specinterface' <Predicate = true> <Delay = 0.00>
ST_30 : Operation 70 [1/1] (0.00ns)   --->   "call void (...)* @_ssdm_op_SpecInterface(float* %out_r, [10 x i8]* @p_str6, i32 0, i32 0, [1 x i8]* @p_str17, i32 0, i32 0, [1 x i8]* @p_str17, [1 x i8]* @p_str17, [1 x i8]* @p_str17, i32 0, i32 0, i32 0, i32 0, [1 x i8]* @p_str17, [1 x i8]* @p_str17) nounwind" [HLS/src/Gelu/GELU.cpp:7]   --->   Operation 70 'specinterface' <Predicate = true> <Delay = 0.00>
ST_30 : Operation 71 [1/1] (0.00ns)   --->   "call void (...)* @_ssdm_op_SpecInterface(i32 0, [10 x i8]* @p_str6, i32 0, i32 0, [1 x i8]* @p_str17, i32 0, i32 0, [1 x i8]* @p_str17, [1 x i8]* @p_str17, [1 x i8]* @p_str17, i32 0, i32 0, i32 0, i32 0, [1 x i8]* @p_str17, [1 x i8]* @p_str17) nounwind" [HLS/src/Gelu/GELU.cpp:8]   --->   Operation 71 'specinterface' <Predicate = true> <Delay = 0.00>
ST_30 : Operation 72 [1/1] (5.43ns)   --->   "%tmp_40 = fptrunc double %tmp_39 to float" [HLS/src/Gelu/GELU.cpp:17]   --->   Operation 72 'fptrunc' 'tmp_40' <Predicate = true> <Delay = 5.43> <Core = "Double2Float">   --->   Core 122 'Double2Float' <Latency = 0> <II = 1> <Delay = 5.43> <FuncUnit> <Opcode : 'fptrunc'> <InPorts = 1> <OutPorts = 1>
ST_30 : Operation 73 [1/1] (1.00ns)   --->   "call void @_ssdm_op_Write.s_axilite.floatP(float* %out_r, float %tmp_40) nounwind" [HLS/src/Gelu/GELU.cpp:17]   --->   Operation 73 'write' <Predicate = true> <Delay = 1.00> <Core = "s_axilite">   --->   Core 10 's_axilite' <Latency = 0> <II = 1> <Delay = 1.00> <Adapter> <Opcode : 'read' 'write'>
ST_30 : Operation 74 [1/1] (0.00ns)   --->   "ret void" [HLS/src/Gelu/GELU.cpp:18]   --->   Operation 74 'ret' <Predicate = true> <Delay = 0.00>


============================================================
+ Verbose Summary: Timing violations
============================================================
Target clock period: 10ns, clock uncertainty: 1.25ns.

 <State 1>: 1ns
The critical path consists of the following:
	s_axi read on port 'x' (HLS/src/Gelu/GELU.cpp:3) [9]  (1 ns)

 <State 2>: 8.43ns
The critical path consists of the following:
	'fmul' operation ('tmp_s', HLS/src/Gelu/GELU.cpp:14) [14]  (8.43 ns)

 <State 3>: 8.43ns
The critical path consists of the following:
	'fmul' operation ('tmp_s', HLS/src/Gelu/GELU.cpp:14) [14]  (8.43 ns)

 <State 4>: 8.43ns
The critical path consists of the following:
	'fmul' operation ('tmp_s', HLS/src/Gelu/GELU.cpp:14) [14]  (8.43 ns)

 <State 5>: 8.43ns
The critical path consists of the following:
	'fmul' operation ('x_cube', HLS/src/Gelu/GELU.cpp:14) [15]  (8.43 ns)

 <State 6>: 8.43ns
The critical path consists of the following:
	'fmul' operation ('x_cube', HLS/src/Gelu/GELU.cpp:14) [15]  (8.43 ns)

 <State 7>: 8.43ns
The critical path consists of the following:
	'fmul' operation ('x_cube', HLS/src/Gelu/GELU.cpp:14) [15]  (8.43 ns)

 <State 8>: 8.43ns
The critical path consists of the following:
	'fmul' operation ('tmp_34', HLS/src/Gelu/GELU.cpp:15) [16]  (8.43 ns)

 <State 9>: 8.43ns
The critical path consists of the following:
	'fmul' operation ('tmp_34', HLS/src/Gelu/GELU.cpp:15) [16]  (8.43 ns)

 <State 10>: 8.43ns
The critical path consists of the following:
	'fmul' operation ('tmp_34', HLS/src/Gelu/GELU.cpp:15) [16]  (8.43 ns)

 <State 11>: 8.59ns
The critical path consists of the following:
	'fadd' operation ('tmp_35', HLS/src/Gelu/GELU.cpp:15) [17]  (8.59 ns)

 <State 12>: 8.59ns
The critical path consists of the following:
	'fadd' operation ('tmp_35', HLS/src/Gelu/GELU.cpp:15) [17]  (8.59 ns)

 <State 13>: 8.59ns
The critical path consists of the following:
	'fadd' operation ('tmp_35', HLS/src/Gelu/GELU.cpp:15) [17]  (8.59 ns)

 <State 14>: 8.59ns
The critical path consists of the following:
	'fadd' operation ('tmp_35', HLS/src/Gelu/GELU.cpp:15) [17]  (8.59 ns)

 <State 15>: 8.43ns
The critical path consists of the following:
	'fmul' operation ('tanh_arg', HLS/src/Gelu/GELU.cpp:15) [18]  (8.43 ns)

 <State 16>: 8.43ns
The critical path consists of the following:
	'fmul' operation ('tanh_arg', HLS/src/Gelu/GELU.cpp:15) [18]  (8.43 ns)

 <State 17>: 8.43ns
The critical path consists of the following:
	'fmul' operation ('tanh_arg', HLS/src/Gelu/GELU.cpp:15) [18]  (8.43 ns)

 <State 18>: 8.59ns
The critical path consists of the following:
	'call' operation ('tanh_val', r:/builds/2018.3/continuous/2018_12_06_2405991/src/products/hls/hls_lib/hlsmath/src/c/tanhfloat.cpp:7->D:/software/Xilinx/Vivado/2018.3/win64/tools/clang/bin\..\lib\clang\3.1/../../../include/c++/4.5.2\cmath:466->HLS/src/Gelu/GELU.cpp:16) to 'generic_tanh<float>' [19]  (8.59 ns)

 <State 19>: 3.95ns
The critical path consists of the following:
	'fpext' operation ('tmp', HLS/src/Gelu/GELU.cpp:6) [10]  (3.95 ns)

 <State 20>: 8.59ns
The critical path consists of the following:
	'fadd' operation ('tmp_37', HLS/src/Gelu/GELU.cpp:17) [21]  (8.59 ns)

 <State 21>: 8.59ns
The critical path consists of the following:
	'fadd' operation ('tmp_37', HLS/src/Gelu/GELU.cpp:17) [21]  (8.59 ns)

 <State 22>: 8.59ns
The critical path consists of the following:
	'fadd' operation ('tmp_37', HLS/src/Gelu/GELU.cpp:17) [21]  (8.59 ns)

 <State 23>: 8.59ns
The critical path consists of the following:
	'fadd' operation ('tmp_37', HLS/src/Gelu/GELU.cpp:17) [21]  (8.59 ns)

 <State 24>: 8.42ns
The critical path consists of the following:
	'dmul' operation ('tmp_36', HLS/src/Gelu/GELU.cpp:17) [20]  (8.42 ns)

 <State 25>: 8.42ns
The critical path consists of the following:
	'dmul' operation ('tmp_39', HLS/src/Gelu/GELU.cpp:17) [23]  (8.42 ns)

 <State 26>: 8.42ns
The critical path consists of the following:
	'dmul' operation ('tmp_39', HLS/src/Gelu/GELU.cpp:17) [23]  (8.42 ns)

 <State 27>: 8.42ns
The critical path consists of the following:
	'dmul' operation ('tmp_39', HLS/src/Gelu/GELU.cpp:17) [23]  (8.42 ns)

 <State 28>: 8.42ns
The critical path consists of the following:
	'dmul' operation ('tmp_39', HLS/src/Gelu/GELU.cpp:17) [23]  (8.42 ns)

 <State 29>: 8.42ns
The critical path consists of the following:
	'dmul' operation ('tmp_39', HLS/src/Gelu/GELU.cpp:17) [23]  (8.42 ns)

 <State 30>: 6.44ns
The critical path consists of the following:
	'fptrunc' operation ('tmp_40', HLS/src/Gelu/GELU.cpp:17) [24]  (5.44 ns)
	s_axi write on port 'out_r' (HLS/src/Gelu/GELU.cpp:17) [25]  (1 ns)


============================================================
+ Verbose Summary: Binding
============================================================
N/A
* FSMD analyzer results:
  - Output states:
 - Input state : 
  - Chain level:
	State 1
	State 2
	State 3
	State 4
	State 5
	State 6
	State 7
	State 8
	State 9
	State 10
	State 11
	State 12
	State 13
	State 14
	State 15
	State 16
	State 17
	State 18
	State 19
	State 20
	State 21
	State 22
	State 23
	State 24
	State 25
	State 26
	State 27
	State 28
	State 29
	State 30


============================================================
+ Verbose Summary: Datapath Resource usage 
============================================================
N/A
