

================================================================
== Vivado HLS Report for 'GELU'
================================================================
* Date:           Fri Oct 25 16:43:43 2024

* Version:        2018.3 (Build 2405991 on Thu Dec 06 23:56:15 MST 2018)
* Project:        Gelu
* Solution:       solution1
* Product family: zynq
* Target device:  xc7z020clg400-2


================================================================
== Performance Estimates
================================================================
+ Timing (ns): 
    * Summary: 
    +--------+-------+----------+------------+
    |  Clock | Target| Estimated| Uncertainty|
    +--------+-------+----------+------------+
    |ap_clk  |  10.00|     9.164|        1.25|
    +--------+-------+----------+------------+

+ Latency (clock cycles): 
    * Summary: 
    +-----+--------------+-----+--------------+---------+
    |       Latency      |      Interval      | Pipeline|
    | min |      max     | min |      max     |   Type  |
    +-----+--------------+-----+--------------+---------+
    |    1|  346374654136|    1|  346374654136|   none  |
    +-----+--------------+-----+--------------+---------+

    + Detail: 
        * Instance: 
        N/A

        * Loop: 
        +-----------------+-----+--------------+----------------+-----------+-----------+----------+----------+
        |                 |       Latency      |    Iteration   |  Initiation Interval  |   Trip   |          |
        |    Loop Name    | min |      max     |     Latency    |  achieved |   target  |   Count  | Pipelined|
        +-----------------+-----+--------------+----------------+-----------+-----------+----------+----------+
        |- Loop 1         |    0|  346374654135| 2 ~ 1358331977 |          -|          -|  0 ~ 255 |    no    |
        | + Loop 1.1      |    0|    1358331975|   10 ~ 331705  |          -|          -| 0 ~ 4095 |    no    |
        |  ++ Loop 1.1.1  |    0|        331695|     37 ~ 81    |          -|          -| 0 ~ 4095 |    no    |
        +-----------------+-----+--------------+----------------+-----------+-----------+----------+----------+

============================================================
+ Verbose Summary: Synthesis Manager
============================================================
InlineROM: 1
ExposeGlobal: 0
============================================================
+ Verbose Summary: CDFG Model
============================================================
IsTopModel: 1
ResetActiveHigh: 1
IsCombinational: 0
IsDatapathOnly: 0
HasWiredReturn: 1
HasMFsm: 0
HasVarLatency: 1
IsPipeline: 0
IsRtlPipelined: 0
IsInstanceOverlapped: 0
IsDontTouch: 0
HasImplIP: 0
IsGatedGlobalClock: 0


============================================================
+ Verbose Summary: Schedule
============================================================
* Number of FSM states : 47
* Pipeline : 0
* Dataflow Pipeline: 0

* FSM state transitions: 
1 --> 
	2  / true
2 --> 
	3  / (!exitcond2)
3 --> 
	4  / (!exitcond1)
	2  / (exitcond1)
4 --> 
	5  / true
5 --> 
	6  / true
6 --> 
	7  / true
7 --> 
	8  / true
8 --> 
	9  / true
9 --> 
	10  / true
10 --> 
	11  / true
11 --> 
	12  / true
12 --> 
	13  / (!exitcond)
	3  / (exitcond)
13 --> 
	14  / true
14 --> 
	15  / true
15 --> 
	16  / true
16 --> 
	17  / true
17 --> 
	18  / true
18 --> 
	19  / true
19 --> 
	20  / true
20 --> 
	21  / true
21 --> 
	22  / true
22 --> 
	23  / true
23 --> 
	24  / true
24 --> 
	25  / true
25 --> 
	26  / true
26 --> 
	27  / true
27 --> 
	28  / true
28 --> 
	29  / true
29 --> 
	30  / true
30 --> 
	31  / true
31 --> 
	32  / true
32 --> 
	33  / true
33 --> 
	34  / true
34 --> 
	35  / true
35 --> 
	36  / true
36 --> 
	37  / true
37 --> 
	38  / true
38 --> 
	39  / true
39 --> 
	40  / true
40 --> 
	41  / true
41 --> 
	42  / true
42 --> 
	43  / true
43 --> 
	44  / true
44 --> 
	45  / true
45 --> 
	46  / true
46 --> 
	47  / true
47 --> 
	12  / true

* FSM state operations: 

State 1 <SV = 0> <Delay = 1.00>
ST_1 : Operation 48 [1/1] (1.00ns)   --->   "%out_data_read = call i32 @_ssdm_op_Read.s_axilite.i32(i32 %out_data)"   --->   Operation 48 'read' 'out_data_read' <Predicate = true> <Delay = 1.00> <Core = "s_axilite">   --->   Core 10 's_axilite' <Latency = 0> <II = 1> <Delay = 1.00> <Adapter> <Opcode : 'read' 'write'>
ST_1 : Operation 49 [1/1] (1.00ns)   --->   "%in_data_read = call i32 @_ssdm_op_Read.s_axilite.i32(i32 %in_data)"   --->   Operation 49 'read' 'in_data_read' <Predicate = true> <Delay = 1.00> <Core = "s_axilite">   --->   Core 10 's_axilite' <Latency = 0> <II = 1> <Delay = 1.00> <Adapter> <Opcode : 'read' 'write'>
ST_1 : Operation 50 [1/1] (1.00ns)   --->   "%input_depth_V_read = call i8 @_ssdm_op_Read.s_axilite.i8(i8 %input_depth_V)"   --->   Operation 50 'read' 'input_depth_V_read' <Predicate = true> <Delay = 1.00> <Core = "s_axilite">   --->   Core 10 's_axilite' <Latency = 0> <II = 1> <Delay = 1.00> <Adapter> <Opcode : 'read' 'write'>
ST_1 : Operation 51 [1/1] (1.00ns)   --->   "%input_height_V_read = call i12 @_ssdm_op_Read.s_axilite.i12(i12 %input_height_V)"   --->   Operation 51 'read' 'input_height_V_read' <Predicate = true> <Delay = 1.00> <Core = "s_axilite">   --->   Core 10 's_axilite' <Latency = 0> <II = 1> <Delay = 1.00> <Adapter> <Opcode : 'read' 'write'>
ST_1 : Operation 52 [1/1] (1.00ns)   --->   "%input_width_V_read = call i12 @_ssdm_op_Read.s_axilite.i12(i12 %input_width_V)"   --->   Operation 52 'read' 'input_width_V_read' <Predicate = true> <Delay = 1.00> <Core = "s_axilite">   --->   Core 10 's_axilite' <Latency = 0> <II = 1> <Delay = 1.00> <Adapter> <Opcode : 'read' 'write'>
ST_1 : Operation 53 [1/1] (0.00ns)   --->   "%tmp_49 = call i30 @_ssdm_op_PartSelect.i30.i32.i32.i32(i32 %out_data_read, i32 2, i32 31)"   --->   Operation 53 'partselect' 'tmp_49' <Predicate = true> <Delay = 0.00>
ST_1 : Operation 54 [1/1] (0.00ns)   --->   "%tmp_14_cast = zext i30 %tmp_49 to i33"   --->   Operation 54 'zext' 'tmp_14_cast' <Predicate = true> <Delay = 0.00>
ST_1 : Operation 55 [1/1] (0.00ns)   --->   "%tmp_50 = call i30 @_ssdm_op_PartSelect.i30.i32.i32.i32(i32 %in_data_read, i32 2, i32 31)"   --->   Operation 55 'partselect' 'tmp_50' <Predicate = true> <Delay = 0.00>
ST_1 : Operation 56 [1/1] (0.00ns)   --->   "%tmp_15_cast = zext i30 %tmp_50 to i33"   --->   Operation 56 'zext' 'tmp_15_cast' <Predicate = true> <Delay = 0.00>
ST_1 : Operation 57 [1/1] (0.00ns)   --->   "call void (...)* @_ssdm_op_SpecBitsMap(float* %gmem), !map !69"   --->   Operation 57 'specbitsmap' <Predicate = true> <Delay = 0.00>
ST_1 : Operation 58 [1/1] (0.00ns)   --->   "call void (...)* @_ssdm_op_SpecBitsMap(i12 %input_width_V), !map !74"   --->   Operation 58 'specbitsmap' <Predicate = true> <Delay = 0.00>
ST_1 : Operation 59 [1/1] (0.00ns)   --->   "call void (...)* @_ssdm_op_SpecBitsMap(i12 %input_height_V), !map !80"   --->   Operation 59 'specbitsmap' <Predicate = true> <Delay = 0.00>
ST_1 : Operation 60 [1/1] (0.00ns)   --->   "call void (...)* @_ssdm_op_SpecBitsMap(i8 %input_depth_V), !map !84"   --->   Operation 60 'specbitsmap' <Predicate = true> <Delay = 0.00>
ST_1 : Operation 61 [1/1] (0.00ns)   --->   "call void (...)* @_ssdm_op_SpecTopModule([5 x i8]* @GELU_str) nounwind"   --->   Operation 61 'spectopmodule' <Predicate = true> <Delay = 0.00>
ST_1 : Operation 62 [1/1] (0.00ns)   --->   "call void (...)* @_ssdm_op_SpecInterface(float* %gmem, [6 x i8]* @p_str, i32 0, i32 0, [1 x i8]* @p_str1, i32 0, i64 4294967295, [5 x i8]* @p_str2, [6 x i8]* @p_str3, [1 x i8]* @p_str1, i32 16, i32 16, i32 16, i32 16, [1 x i8]* @p_str1, [1 x i8]* @p_str1) nounwind" [../src/Gelu/GELU.cpp:10]   --->   Operation 62 'specinterface' <Predicate = true> <Delay = 0.00>
ST_1 : Operation 63 [1/1] (0.00ns)   --->   "call void (...)* @_ssdm_op_SpecInterface(i32 %in_data, [10 x i8]* @mode, i32 0, i32 0, [1 x i8]* @p_str1, i32 0, i64 4294967295, [1 x i8]* @bundle, [6 x i8]* @p_str3, [1 x i8]* @p_str1, i32 16, i32 16, i32 16, i32 16, [1 x i8]* @p_str1, [1 x i8]* @p_str1) nounwind" [../src/Gelu/GELU.cpp:10]   --->   Operation 63 'specinterface' <Predicate = true> <Delay = 0.00>
ST_1 : Operation 64 [1/1] (0.00ns)   --->   "call void (...)* @_ssdm_op_SpecInterface(i32 %out_data, [10 x i8]* @mode1, i32 0, i32 0, [1 x i8]* @p_str1, i32 0, i64 4294967295, [1 x i8]* @bundle2, [6 x i8]* @p_str3, [1 x i8]* @p_str1, i32 16, i32 16, i32 16, i32 16, [1 x i8]* @p_str1, [1 x i8]* @p_str1) nounwind" [../src/Gelu/GELU.cpp:11]   --->   Operation 64 'specinterface' <Predicate = true> <Delay = 0.00>
ST_1 : Operation 65 [1/1] (0.00ns)   --->   "call void (...)* @_ssdm_op_SpecInterface(i12 %input_width_V, [10 x i8]* @p_str4, i32 0, i32 0, [1 x i8]* @p_str1, i32 0, i32 0, [1 x i8]* @p_str1, [1 x i8]* @p_str1, [1 x i8]* @p_str1, i32 0, i32 0, i32 0, i32 0, [1 x i8]* @p_str1, [1 x i8]* @p_str1) nounwind" [../src/Gelu/GELU.cpp:12]   --->   Operation 65 'specinterface' <Predicate = true> <Delay = 0.00>
ST_1 : Operation 66 [1/1] (0.00ns)   --->   "call void (...)* @_ssdm_op_SpecInterface(i12 %input_height_V, [10 x i8]* @p_str4, i32 0, i32 0, [1 x i8]* @p_str1, i32 0, i32 0, [1 x i8]* @p_str1, [1 x i8]* @p_str1, [1 x i8]* @p_str1, i32 0, i32 0, i32 0, i32 0, [1 x i8]* @p_str1, [1 x i8]* @p_str1) nounwind" [../src/Gelu/GELU.cpp:13]   --->   Operation 66 'specinterface' <Predicate = true> <Delay = 0.00>
ST_1 : Operation 67 [1/1] (0.00ns)   --->   "call void (...)* @_ssdm_op_SpecInterface(i8 %input_depth_V, [10 x i8]* @p_str4, i32 0, i32 0, [1 x i8]* @p_str1, i32 0, i32 0, [1 x i8]* @p_str1, [1 x i8]* @p_str1, [1 x i8]* @p_str1, i32 0, i32 0, i32 0, i32 0, [1 x i8]* @p_str1, [1 x i8]* @p_str1) nounwind" [../src/Gelu/GELU.cpp:14]   --->   Operation 67 'specinterface' <Predicate = true> <Delay = 0.00>
ST_1 : Operation 68 [1/1] (0.00ns)   --->   "call void (...)* @_ssdm_op_SpecInterface(i32 0, [10 x i8]* @p_str4, i32 0, i32 0, [1 x i8]* @p_str1, i32 0, i32 0, [1 x i8]* @p_str1, [1 x i8]* @p_str1, [1 x i8]* @p_str1, i32 0, i32 0, i32 0, i32 0, [1 x i8]* @p_str1, [1 x i8]* @p_str1) nounwind" [../src/Gelu/GELU.cpp:15]   --->   Operation 68 'specinterface' <Predicate = true> <Delay = 0.00>
ST_1 : Operation 69 [1/1] (0.00ns)   --->   "%tmp_3 = zext i12 %input_width_V_read to i32"   --->   Operation 69 'zext' 'tmp_3' <Predicate = true> <Delay = 0.00>
ST_1 : Operation 70 [1/1] (0.00ns)   --->   "%tmp_4_cast4 = zext i12 %input_height_V_read to i20"   --->   Operation 70 'zext' 'tmp_4_cast4' <Predicate = true> <Delay = 0.00>
ST_1 : Operation 71 [1/1] (0.46ns)   --->   "br label %1" [../src/Gelu/GELU.cpp:22]   --->   Operation 71 'br' <Predicate = true> <Delay = 0.46>

State 2 <SV = 1> <Delay = 1.58>
ST_2 : Operation 72 [1/1] (0.00ns)   --->   "%i_op_assign = phi i8 [ 0, %0 ], [ %d, %4 ]"   --->   Operation 72 'phi' 'i_op_assign' <Predicate = true> <Delay = 0.00>
ST_2 : Operation 73 [1/1] (0.00ns)   --->   "%phi_mul = phi i20 [ 0, %0 ], [ %next_mul, %4 ]"   --->   Operation 73 'phi' 'phi_mul' <Predicate = true> <Delay = 0.00>
ST_2 : Operation 74 [1/1] (1.58ns)   --->   "%next_mul = add i20 %phi_mul, %tmp_4_cast4"   --->   Operation 74 'add' 'next_mul' <Predicate = true> <Delay = 1.58> <Core = "AddSub">   --->   Core 14 'AddSub' <Latency = 0> <II = 1> <Delay = 1.89> <FuncUnit> <Opcode : 'add' 'sub'> <InPorts = 2> <OutPorts = 1>
ST_2 : Operation 75 [1/1] (1.31ns)   --->   "%exitcond2 = icmp eq i8 %i_op_assign, %input_depth_V_read" [../src/Gelu/GELU.cpp:22]   --->   Operation 75 'icmp' 'exitcond2' <Predicate = true> <Delay = 1.31> <Core = "Cmp">   --->   Core 25 'Cmp' <Latency = 0> <II = 1> <Delay = 1.82> <FuncUnit> <Opcode : 'icmp'> <InPorts = 2> <OutPorts = 1>
ST_2 : Operation 76 [1/1] (0.00ns)   --->   "%empty = call i32 (...)* @_ssdm_op_SpecLoopTripCount(i64 0, i64 255, i64 0)"   --->   Operation 76 'speclooptripcount' 'empty' <Predicate = true> <Delay = 0.00>
ST_2 : Operation 77 [1/1] (1.30ns)   --->   "%d = add i8 %i_op_assign, 1" [../src/Gelu/GELU.cpp:22]   --->   Operation 77 'add' 'd' <Predicate = true> <Delay = 1.30> <Core = "AddSub">   --->   Core 14 'AddSub' <Latency = 0> <II = 1> <Delay = 1.89> <FuncUnit> <Opcode : 'add' 'sub'> <InPorts = 2> <OutPorts = 1>
ST_2 : Operation 78 [1/1] (0.00ns)   --->   "br i1 %exitcond2, label %5, label %2" [../src/Gelu/GELU.cpp:22]   --->   Operation 78 'br' <Predicate = true> <Delay = 0.00>
ST_2 : Operation 79 [1/1] (0.00ns)   --->   "%tmp_6 = call i32 (...)* @_ssdm_op_SpecRegionBegin([12 x i8]* @p_str5)" [../src/Gelu/GELU.cpp:22]   --->   Operation 79 'specregionbegin' 'tmp_6' <Predicate = (!exitcond2)> <Delay = 0.00>
ST_2 : Operation 80 [1/1] (0.46ns)   --->   "br label %.loopexit" [../src/Gelu/GELU.cpp:24]   --->   Operation 80 'br' <Predicate = (!exitcond2)> <Delay = 0.46>
ST_2 : Operation 81 [1/1] (0.00ns)   --->   "ret void" [../src/Gelu/GELU.cpp:39]   --->   Operation 81 'ret' <Predicate = (exitcond2)> <Delay = 0.00>

State 3 <SV = 2> <Delay = 1.82>
ST_3 : Operation 82 [1/1] (0.00ns)   --->   "%i_op_assign_1 = phi i12 [ 0, %2 ], [ %h, %.loopexit.loopexit ]"   --->   Operation 82 'phi' 'i_op_assign_1' <Predicate = true> <Delay = 0.00>
ST_3 : Operation 83 [1/1] (0.00ns)   --->   "%i_op_assign_1_cast2 = zext i12 %i_op_assign_1 to i20" [../src/Gelu/GELU.cpp:24]   --->   Operation 83 'zext' 'i_op_assign_1_cast2' <Predicate = true> <Delay = 0.00>
ST_3 : Operation 84 [1/1] (1.82ns)   --->   "%exitcond1 = icmp eq i12 %i_op_assign_1, %input_height_V_read" [../src/Gelu/GELU.cpp:24]   --->   Operation 84 'icmp' 'exitcond1' <Predicate = true> <Delay = 1.82> <Core = "Cmp">   --->   Core 25 'Cmp' <Latency = 0> <II = 1> <Delay = 1.82> <FuncUnit> <Opcode : 'icmp'> <InPorts = 2> <OutPorts = 1>
ST_3 : Operation 85 [1/1] (0.00ns)   --->   "%empty_127 = call i32 (...)* @_ssdm_op_SpecLoopTripCount(i64 0, i64 4095, i64 0)"   --->   Operation 85 'speclooptripcount' 'empty_127' <Predicate = true> <Delay = 0.00>
ST_3 : Operation 86 [1/1] (1.54ns)   --->   "%h = add i12 %i_op_assign_1, 1" [../src/Gelu/GELU.cpp:24]   --->   Operation 86 'add' 'h' <Predicate = true> <Delay = 1.54> <Core = "AddSub">   --->   Core 14 'AddSub' <Latency = 0> <II = 1> <Delay = 1.89> <FuncUnit> <Opcode : 'add' 'sub'> <InPorts = 2> <OutPorts = 1>
ST_3 : Operation 87 [1/1] (0.00ns)   --->   "br i1 %exitcond1, label %4, label %.preheader.preheader" [../src/Gelu/GELU.cpp:24]   --->   Operation 87 'br' <Predicate = true> <Delay = 0.00>
ST_3 : Operation 88 [1/1] (1.58ns)   --->   "%tmp = add i20 %i_op_assign_1_cast2, %phi_mul" [../src/Gelu/GELU.cpp:24]   --->   Operation 88 'add' 'tmp' <Predicate = (!exitcond1)> <Delay = 1.58> <Core = "AddSub">   --->   Core 14 'AddSub' <Latency = 0> <II = 1> <Delay = 1.89> <FuncUnit> <Opcode : 'add' 'sub'> <InPorts = 2> <OutPorts = 1>
ST_3 : Operation 89 [1/1] (0.00ns)   --->   "%empty_129 = call i32 (...)* @_ssdm_op_SpecRegionEnd([12 x i8]* @p_str5, i32 %tmp_6)" [../src/Gelu/GELU.cpp:38]   --->   Operation 89 'specregionend' 'empty_129' <Predicate = (exitcond1)> <Delay = 0.00>
ST_3 : Operation 90 [1/1] (0.00ns)   --->   "br label %1" [../src/Gelu/GELU.cpp:22]   --->   Operation 90 'br' <Predicate = (exitcond1)> <Delay = 0.00>

State 4 <SV = 3> <Delay = 7.44>
ST_4 : Operation 91 [1/1] (0.00ns)   --->   "%tmp_cast = zext i20 %tmp to i32" [../src/Gelu/GELU.cpp:24]   --->   Operation 91 'zext' 'tmp_cast' <Predicate = true> <Delay = 0.00>
ST_4 : Operation 92 [1/1] (5.55ns) (root node of the DSP)   --->   "%tmp1 = mul i32 %tmp_3, %tmp_cast" [../src/Gelu/GELU.cpp:24]   --->   Operation 92 'mul' 'tmp1' <Predicate = true> <Delay = 5.55> <Core = "DSP48">   --->   Core 65 'DSP48' <Latency = 0> <II = 1> <Delay = 5.55> <IPBlock> <Opcode : 'mul' 'add' 'sub' 'select'> <InPorts = 0> <OutPorts = 1> <Sync> <CReg>
ST_4 : Operation 93 [1/1] (0.00ns)   --->   "%tmp_44_cast = sext i32 %tmp1 to i33" [../src/Gelu/GELU.cpp:31]   --->   Operation 93 'sext' 'tmp_44_cast' <Predicate = true> <Delay = 0.00>
ST_4 : Operation 94 [1/1] (1.89ns)   --->   "%in_data2_sum = add i33 %tmp_44_cast, %tmp_15_cast" [../src/Gelu/GELU.cpp:31]   --->   Operation 94 'add' 'in_data2_sum' <Predicate = true> <Delay = 1.89> <Core = "AddSub">   --->   Core 14 'AddSub' <Latency = 0> <II = 1> <Delay = 1.89> <FuncUnit> <Opcode : 'add' 'sub'> <InPorts = 2> <OutPorts = 1>
ST_4 : Operation 95 [1/1] (0.00ns)   --->   "%in_data2_sum_cast = sext i33 %in_data2_sum to i64" [../src/Gelu/GELU.cpp:31]   --->   Operation 95 'sext' 'in_data2_sum_cast' <Predicate = true> <Delay = 0.00>
ST_4 : Operation 96 [1/1] (0.00ns)   --->   "%gmem_addr = getelementptr inbounds float* %gmem, i64 %in_data2_sum_cast" [../src/Gelu/GELU.cpp:31]   --->   Operation 96 'getelementptr' 'gmem_addr' <Predicate = true> <Delay = 0.00>

State 5 <SV = 4> <Delay = 8.75>
ST_5 : Operation 97 [7/7] (8.75ns)   --->   "%gmem_addr_rd_req = call i1 @_ssdm_op_ReadReq.m_axi.floatP(float* %gmem_addr, i32 %tmp_3)" [../src/Gelu/GELU.cpp:31]   --->   Operation 97 'readreq' 'gmem_addr_rd_req' <Predicate = true> <Delay = 8.75> <Core = "m_axi">   --->   Core 9 'm_axi' <Latency = 6> <II = 1> <Delay = 1.00> <Adapter> <Opcode : 'read' 'write' 'readreq' 'writereq' 'writeresp'>

State 6 <SV = 5> <Delay = 8.75>
ST_6 : Operation 98 [6/7] (8.75ns)   --->   "%gmem_addr_rd_req = call i1 @_ssdm_op_ReadReq.m_axi.floatP(float* %gmem_addr, i32 %tmp_3)" [../src/Gelu/GELU.cpp:31]   --->   Operation 98 'readreq' 'gmem_addr_rd_req' <Predicate = true> <Delay = 8.75> <Core = "m_axi">   --->   Core 9 'm_axi' <Latency = 6> <II = 1> <Delay = 1.00> <Adapter> <Opcode : 'read' 'write' 'readreq' 'writereq' 'writeresp'>

State 7 <SV = 6> <Delay = 8.75>
ST_7 : Operation 99 [5/7] (8.75ns)   --->   "%gmem_addr_rd_req = call i1 @_ssdm_op_ReadReq.m_axi.floatP(float* %gmem_addr, i32 %tmp_3)" [../src/Gelu/GELU.cpp:31]   --->   Operation 99 'readreq' 'gmem_addr_rd_req' <Predicate = true> <Delay = 8.75> <Core = "m_axi">   --->   Core 9 'm_axi' <Latency = 6> <II = 1> <Delay = 1.00> <Adapter> <Opcode : 'read' 'write' 'readreq' 'writereq' 'writeresp'>

State 8 <SV = 7> <Delay = 8.75>
ST_8 : Operation 100 [4/7] (8.75ns)   --->   "%gmem_addr_rd_req = call i1 @_ssdm_op_ReadReq.m_axi.floatP(float* %gmem_addr, i32 %tmp_3)" [../src/Gelu/GELU.cpp:31]   --->   Operation 100 'readreq' 'gmem_addr_rd_req' <Predicate = true> <Delay = 8.75> <Core = "m_axi">   --->   Core 9 'm_axi' <Latency = 6> <II = 1> <Delay = 1.00> <Adapter> <Opcode : 'read' 'write' 'readreq' 'writereq' 'writeresp'>

State 9 <SV = 8> <Delay = 8.75>
ST_9 : Operation 101 [3/7] (8.75ns)   --->   "%gmem_addr_rd_req = call i1 @_ssdm_op_ReadReq.m_axi.floatP(float* %gmem_addr, i32 %tmp_3)" [../src/Gelu/GELU.cpp:31]   --->   Operation 101 'readreq' 'gmem_addr_rd_req' <Predicate = true> <Delay = 8.75> <Core = "m_axi">   --->   Core 9 'm_axi' <Latency = 6> <II = 1> <Delay = 1.00> <Adapter> <Opcode : 'read' 'write' 'readreq' 'writereq' 'writeresp'>

State 10 <SV = 9> <Delay = 8.75>
ST_10 : Operation 102 [2/7] (8.75ns)   --->   "%gmem_addr_rd_req = call i1 @_ssdm_op_ReadReq.m_axi.floatP(float* %gmem_addr, i32 %tmp_3)" [../src/Gelu/GELU.cpp:31]   --->   Operation 102 'readreq' 'gmem_addr_rd_req' <Predicate = true> <Delay = 8.75> <Core = "m_axi">   --->   Core 9 'm_axi' <Latency = 6> <II = 1> <Delay = 1.00> <Adapter> <Opcode : 'read' 'write' 'readreq' 'writereq' 'writeresp'>

State 11 <SV = 10> <Delay = 8.75>
ST_11 : Operation 103 [1/7] (8.75ns)   --->   "%gmem_addr_rd_req = call i1 @_ssdm_op_ReadReq.m_axi.floatP(float* %gmem_addr, i32 %tmp_3)" [../src/Gelu/GELU.cpp:31]   --->   Operation 103 'readreq' 'gmem_addr_rd_req' <Predicate = true> <Delay = 8.75> <Core = "m_axi">   --->   Core 9 'm_axi' <Latency = 6> <II = 1> <Delay = 1.00> <Adapter> <Opcode : 'read' 'write' 'readreq' 'writereq' 'writeresp'>
ST_11 : Operation 104 [1/1] (0.46ns)   --->   "br label %.preheader" [../src/Gelu/GELU.cpp:26]   --->   Operation 104 'br' <Predicate = true> <Delay = 0.46>

State 12 <SV = 11> <Delay = 8.75>
ST_12 : Operation 105 [1/1] (0.00ns)   --->   "%i_op_assign_2 = phi i12 [ %w, %3 ], [ 0, %.preheader.preheader ]"   --->   Operation 105 'phi' 'i_op_assign_2' <Predicate = true> <Delay = 0.00>
ST_12 : Operation 106 [1/1] (0.00ns)   --->   "%i_op_assign_2_cast1 = zext i12 %i_op_assign_2 to i32" [../src/Gelu/GELU.cpp:26]   --->   Operation 106 'zext' 'i_op_assign_2_cast1' <Predicate = true> <Delay = 0.00>
ST_12 : Operation 107 [1/1] (1.82ns)   --->   "%exitcond = icmp eq i12 %i_op_assign_2, %input_width_V_read" [../src/Gelu/GELU.cpp:26]   --->   Operation 107 'icmp' 'exitcond' <Predicate = true> <Delay = 1.82> <Core = "Cmp">   --->   Core 25 'Cmp' <Latency = 0> <II = 1> <Delay = 1.82> <FuncUnit> <Opcode : 'icmp'> <InPorts = 2> <OutPorts = 1>
ST_12 : Operation 108 [1/1] (0.00ns)   --->   "%empty_128 = call i32 (...)* @_ssdm_op_SpecLoopTripCount(i64 0, i64 4095, i64 0)"   --->   Operation 108 'speclooptripcount' 'empty_128' <Predicate = true> <Delay = 0.00>
ST_12 : Operation 109 [1/1] (1.54ns)   --->   "%w = add i12 %i_op_assign_2, 1" [../src/Gelu/GELU.cpp:26]   --->   Operation 109 'add' 'w' <Predicate = true> <Delay = 1.54> <Core = "AddSub">   --->   Core 14 'AddSub' <Latency = 0> <II = 1> <Delay = 1.89> <FuncUnit> <Opcode : 'add' 'sub'> <InPorts = 2> <OutPorts = 1>
ST_12 : Operation 110 [1/1] (0.00ns)   --->   "br i1 %exitcond, label %.loopexit.loopexit, label %3" [../src/Gelu/GELU.cpp:26]   --->   Operation 110 'br' <Predicate = true> <Delay = 0.00>
ST_12 : Operation 111 [1/1] (1.89ns)   --->   "%index = add i32 %i_op_assign_2_cast1, %tmp1" [../src/Gelu/GELU.cpp:28]   --->   Operation 111 'add' 'index' <Predicate = (!exitcond)> <Delay = 1.89> <Core = "AddSub">   --->   Core 14 'AddSub' <Latency = 0> <II = 1> <Delay = 1.89> <FuncUnit> <Opcode : 'add' 'sub'> <InPorts = 2> <OutPorts = 1>
ST_12 : Operation 112 [1/1] (0.00ns)   --->   "%tmp_34_cast = sext i32 %index to i33" [../src/Gelu/GELU.cpp:31]   --->   Operation 112 'sext' 'tmp_34_cast' <Predicate = (!exitcond)> <Delay = 0.00>
ST_12 : Operation 113 [1/1] (8.75ns)   --->   "%x = call float @_ssdm_op_Read.m_axi.floatP(float* %gmem_addr)" [../src/Gelu/GELU.cpp:31]   --->   Operation 113 'read' 'x' <Predicate = (!exitcond)> <Delay = 8.75> <Core = "m_axi">   --->   Core 9 'm_axi' <Latency = 6> <II = 1> <Delay = 1.00> <Adapter> <Opcode : 'read' 'write' 'readreq' 'writereq' 'writeresp'>
ST_12 : Operation 114 [1/1] (1.89ns)   --->   "%out_data4_sum6 = add i33 %tmp_34_cast, %tmp_14_cast" [../src/Gelu/GELU.cpp:35]   --->   Operation 114 'add' 'out_data4_sum6' <Predicate = (!exitcond)> <Delay = 1.89> <Core = "AddSub">   --->   Core 14 'AddSub' <Latency = 0> <II = 1> <Delay = 1.89> <FuncUnit> <Opcode : 'add' 'sub'> <InPorts = 2> <OutPorts = 1>
ST_12 : Operation 115 [1/1] (0.00ns)   --->   "%out_data4_sum6_cast = sext i33 %out_data4_sum6 to i64" [../src/Gelu/GELU.cpp:35]   --->   Operation 115 'sext' 'out_data4_sum6_cast' <Predicate = (!exitcond)> <Delay = 0.00>
ST_12 : Operation 116 [1/1] (0.00ns)   --->   "%gmem_addr_1 = getelementptr inbounds float* %gmem, i64 %out_data4_sum6_cast" [../src/Gelu/GELU.cpp:35]   --->   Operation 116 'getelementptr' 'gmem_addr_1' <Predicate = (!exitcond)> <Delay = 0.00>
ST_12 : Operation 117 [1/1] (0.00ns)   --->   "br label %.loopexit"   --->   Operation 117 'br' <Predicate = (exitcond)> <Delay = 0.00>

State 13 <SV = 12> <Delay = 8.43>
ST_13 : Operation 118 [3/3] (8.43ns)   --->   "%tmp_35 = fmul float %x, %x" [../src/Gelu/GELU.cpp:32]   --->   Operation 118 'fmul' 'tmp_35' <Predicate = true> <Delay = 8.43> <Core = "FMul">   --->   Core 105 'FMul' <Latency = 2> <II = 1> <Delay = 8.43> <FuncUnit> <Opcode : 'fmul'> <InPorts = 2> <OutPorts = 1>

State 14 <SV = 13> <Delay = 8.43>
ST_14 : Operation 119 [2/3] (8.43ns)   --->   "%tmp_35 = fmul float %x, %x" [../src/Gelu/GELU.cpp:32]   --->   Operation 119 'fmul' 'tmp_35' <Predicate = true> <Delay = 8.43> <Core = "FMul">   --->   Core 105 'FMul' <Latency = 2> <II = 1> <Delay = 8.43> <FuncUnit> <Opcode : 'fmul'> <InPorts = 2> <OutPorts = 1>

State 15 <SV = 14> <Delay = 8.43>
ST_15 : Operation 120 [1/3] (8.43ns)   --->   "%tmp_35 = fmul float %x, %x" [../src/Gelu/GELU.cpp:32]   --->   Operation 120 'fmul' 'tmp_35' <Predicate = true> <Delay = 8.43> <Core = "FMul">   --->   Core 105 'FMul' <Latency = 2> <II = 1> <Delay = 8.43> <FuncUnit> <Opcode : 'fmul'> <InPorts = 2> <OutPorts = 1>

State 16 <SV = 15> <Delay = 8.43>
ST_16 : Operation 121 [3/3] (8.43ns)   --->   "%x_cube = fmul float %tmp_35, %x" [../src/Gelu/GELU.cpp:32]   --->   Operation 121 'fmul' 'x_cube' <Predicate = true> <Delay = 8.43> <Core = "FMul">   --->   Core 105 'FMul' <Latency = 2> <II = 1> <Delay = 8.43> <FuncUnit> <Opcode : 'fmul'> <InPorts = 2> <OutPorts = 1>

State 17 <SV = 16> <Delay = 8.43>
ST_17 : Operation 122 [2/3] (8.43ns)   --->   "%x_cube = fmul float %tmp_35, %x" [../src/Gelu/GELU.cpp:32]   --->   Operation 122 'fmul' 'x_cube' <Predicate = true> <Delay = 8.43> <Core = "FMul">   --->   Core 105 'FMul' <Latency = 2> <II = 1> <Delay = 8.43> <FuncUnit> <Opcode : 'fmul'> <InPorts = 2> <OutPorts = 1>

State 18 <SV = 17> <Delay = 8.43>
ST_18 : Operation 123 [1/3] (8.43ns)   --->   "%x_cube = fmul float %tmp_35, %x" [../src/Gelu/GELU.cpp:32]   --->   Operation 123 'fmul' 'x_cube' <Predicate = true> <Delay = 8.43> <Core = "FMul">   --->   Core 105 'FMul' <Latency = 2> <II = 1> <Delay = 8.43> <FuncUnit> <Opcode : 'fmul'> <InPorts = 2> <OutPorts = 1>

State 19 <SV = 18> <Delay = 8.43>
ST_19 : Operation 124 [3/3] (8.43ns)   --->   "%tmp_36 = fmul float %x_cube, 0x3FA6E4E260000000" [../src/Gelu/GELU.cpp:33]   --->   Operation 124 'fmul' 'tmp_36' <Predicate = true> <Delay = 8.43> <Core = "FMul">   --->   Core 105 'FMul' <Latency = 2> <II = 1> <Delay = 8.43> <FuncUnit> <Opcode : 'fmul'> <InPorts = 2> <OutPorts = 1>

State 20 <SV = 19> <Delay = 8.43>
ST_20 : Operation 125 [2/3] (8.43ns)   --->   "%tmp_36 = fmul float %x_cube, 0x3FA6E4E260000000" [../src/Gelu/GELU.cpp:33]   --->   Operation 125 'fmul' 'tmp_36' <Predicate = true> <Delay = 8.43> <Core = "FMul">   --->   Core 105 'FMul' <Latency = 2> <II = 1> <Delay = 8.43> <FuncUnit> <Opcode : 'fmul'> <InPorts = 2> <OutPorts = 1>

State 21 <SV = 20> <Delay = 8.43>
ST_21 : Operation 126 [1/3] (8.43ns)   --->   "%tmp_36 = fmul float %x_cube, 0x3FA6E4E260000000" [../src/Gelu/GELU.cpp:33]   --->   Operation 126 'fmul' 'tmp_36' <Predicate = true> <Delay = 8.43> <Core = "FMul">   --->   Core 105 'FMul' <Latency = 2> <II = 1> <Delay = 8.43> <FuncUnit> <Opcode : 'fmul'> <InPorts = 2> <OutPorts = 1>

State 22 <SV = 21> <Delay = 8.58>
ST_22 : Operation 127 [4/4] (8.58ns)   --->   "%tmp_s = fadd float %x, %tmp_36" [../src/Gelu/GELU.cpp:33]   --->   Operation 127 'fadd' 'tmp_s' <Predicate = true> <Delay = 8.58> <Core = "FAddSub">   --->   Core 104 'FAddSub' <Latency = 3> <II = 1> <Delay = 8.58> <FuncUnit> <Opcode : 'fadd' 'fsub'> <InPorts = 2> <OutPorts = 1>

State 23 <SV = 22> <Delay = 8.58>
ST_23 : Operation 128 [3/4] (8.58ns)   --->   "%tmp_s = fadd float %x, %tmp_36" [../src/Gelu/GELU.cpp:33]   --->   Operation 128 'fadd' 'tmp_s' <Predicate = true> <Delay = 8.58> <Core = "FAddSub">   --->   Core 104 'FAddSub' <Latency = 3> <II = 1> <Delay = 8.58> <FuncUnit> <Opcode : 'fadd' 'fsub'> <InPorts = 2> <OutPorts = 1>

State 24 <SV = 23> <Delay = 8.58>
ST_24 : Operation 129 [2/4] (8.58ns)   --->   "%tmp_s = fadd float %x, %tmp_36" [../src/Gelu/GELU.cpp:33]   --->   Operation 129 'fadd' 'tmp_s' <Predicate = true> <Delay = 8.58> <Core = "FAddSub">   --->   Core 104 'FAddSub' <Latency = 3> <II = 1> <Delay = 8.58> <FuncUnit> <Opcode : 'fadd' 'fsub'> <InPorts = 2> <OutPorts = 1>

State 25 <SV = 24> <Delay = 8.58>
ST_25 : Operation 130 [1/4] (8.58ns)   --->   "%tmp_s = fadd float %x, %tmp_36" [../src/Gelu/GELU.cpp:33]   --->   Operation 130 'fadd' 'tmp_s' <Predicate = true> <Delay = 8.58> <Core = "FAddSub">   --->   Core 104 'FAddSub' <Latency = 3> <II = 1> <Delay = 8.58> <FuncUnit> <Opcode : 'fadd' 'fsub'> <InPorts = 2> <OutPorts = 1>

State 26 <SV = 25> <Delay = 8.43>
ST_26 : Operation 131 [3/3] (8.43ns)   --->   "%tanh_arg = fmul float %tmp_s, 0x3FE9884540000000" [../src/Gelu/GELU.cpp:33]   --->   Operation 131 'fmul' 'tanh_arg' <Predicate = true> <Delay = 8.43> <Core = "FMul">   --->   Core 105 'FMul' <Latency = 2> <II = 1> <Delay = 8.43> <FuncUnit> <Opcode : 'fmul'> <InPorts = 2> <OutPorts = 1>

State 27 <SV = 26> <Delay = 8.43>
ST_27 : Operation 132 [2/3] (8.43ns)   --->   "%tanh_arg = fmul float %tmp_s, 0x3FE9884540000000" [../src/Gelu/GELU.cpp:33]   --->   Operation 132 'fmul' 'tanh_arg' <Predicate = true> <Delay = 8.43> <Core = "FMul">   --->   Core 105 'FMul' <Latency = 2> <II = 1> <Delay = 8.43> <FuncUnit> <Opcode : 'fmul'> <InPorts = 2> <OutPorts = 1>

State 28 <SV = 27> <Delay = 8.43>
ST_28 : Operation 133 [1/3] (8.43ns)   --->   "%tanh_arg = fmul float %tmp_s, 0x3FE9884540000000" [../src/Gelu/GELU.cpp:33]   --->   Operation 133 'fmul' 'tanh_arg' <Predicate = true> <Delay = 8.43> <Core = "FMul">   --->   Core 105 'FMul' <Latency = 2> <II = 1> <Delay = 8.43> <FuncUnit> <Opcode : 'fmul'> <InPorts = 2> <OutPorts = 1>

State 29 <SV = 28> <Delay = 8.58>
ST_29 : Operation 134 [2/2] (8.58ns)   --->   "%tanh_val = call fastcc float @"generic_tanh<float>"(float %tanh_arg) nounwind" [r:/builds/2018.3/continuous/2018_12_06_2405991/src/products/hls/hls_lib/hlsmath/src/c/tanhfloat.cpp:7->D:/software/Xilinx/Vivado/2018.3/win64/tools/clang/bin\..\lib\clang\3.1/../../../include/c++/4.5.2\cmath:466->../src/Gelu/GELU.cpp:34]   --->   Operation 134 'call' 'tanh_val' <Predicate = true> <Delay = 8.58> <CoreType = "Generic">   --->   Core 0 '' <Latency = 0> <II = 1> <Delay = 1.00> <Generic> <Opcode : >

State 30 <SV = 29> <Delay = 3.94>
ST_30 : Operation 135 [1/2] (2.29ns)   --->   "%tanh_val = call fastcc float @"generic_tanh<float>"(float %tanh_arg) nounwind" [r:/builds/2018.3/continuous/2018_12_06_2405991/src/products/hls/hls_lib/hlsmath/src/c/tanhfloat.cpp:7->D:/software/Xilinx/Vivado/2018.3/win64/tools/clang/bin\..\lib\clang\3.1/../../../include/c++/4.5.2\cmath:466->../src/Gelu/GELU.cpp:34]   --->   Operation 135 'call' 'tanh_val' <Predicate = true> <Delay = 2.29> <CoreType = "Generic">   --->   Core 0 '' <Latency = 0> <II = 1> <Delay = 1.00> <Generic> <Opcode : >
ST_30 : Operation 136 [1/1] (3.94ns)   --->   "%tmp_37 = fpext float %x to double" [../src/Gelu/GELU.cpp:35]   --->   Operation 136 'fpext' 'tmp_37' <Predicate = true> <Delay = 3.94> <Core = "Float2Double">   --->   Core 113 'Float2Double' <Latency = 0> <II = 1> <Delay = 3.94> <FuncUnit> <Opcode : 'fpext'> <InPorts = 1> <OutPorts = 1>

State 31 <SV = 30> <Delay = 8.58>
ST_31 : Operation 137 [5/5] (8.41ns)   --->   "%tmp_38 = fmul double %tmp_37, 5.000000e-01" [../src/Gelu/GELU.cpp:35]   --->   Operation 137 'dmul' 'tmp_38' <Predicate = true> <Delay = 8.41> <Core = "DMul">   --->   Core 115 'DMul' <Latency = 4> <II = 1> <Delay = 8.41> <FuncUnit> <Opcode : 'dmul'> <InPorts = 2> <OutPorts = 1>
ST_31 : Operation 138 [4/4] (8.58ns)   --->   "%tmp_39 = fadd float %tanh_val, 1.000000e+00" [../src/Gelu/GELU.cpp:35]   --->   Operation 138 'fadd' 'tmp_39' <Predicate = true> <Delay = 8.58> <Core = "FAddSub">   --->   Core 104 'FAddSub' <Latency = 3> <II = 1> <Delay = 8.58> <FuncUnit> <Opcode : 'fadd' 'fsub'> <InPorts = 2> <OutPorts = 1>

State 32 <SV = 31> <Delay = 8.58>
ST_32 : Operation 139 [4/5] (8.41ns)   --->   "%tmp_38 = fmul double %tmp_37, 5.000000e-01" [../src/Gelu/GELU.cpp:35]   --->   Operation 139 'dmul' 'tmp_38' <Predicate = true> <Delay = 8.41> <Core = "DMul">   --->   Core 115 'DMul' <Latency = 4> <II = 1> <Delay = 8.41> <FuncUnit> <Opcode : 'dmul'> <InPorts = 2> <OutPorts = 1>
ST_32 : Operation 140 [3/4] (8.58ns)   --->   "%tmp_39 = fadd float %tanh_val, 1.000000e+00" [../src/Gelu/GELU.cpp:35]   --->   Operation 140 'fadd' 'tmp_39' <Predicate = true> <Delay = 8.58> <Core = "FAddSub">   --->   Core 104 'FAddSub' <Latency = 3> <II = 1> <Delay = 8.58> <FuncUnit> <Opcode : 'fadd' 'fsub'> <InPorts = 2> <OutPorts = 1>

State 33 <SV = 32> <Delay = 8.58>
ST_33 : Operation 141 [3/5] (8.41ns)   --->   "%tmp_38 = fmul double %tmp_37, 5.000000e-01" [../src/Gelu/GELU.cpp:35]   --->   Operation 141 'dmul' 'tmp_38' <Predicate = true> <Delay = 8.41> <Core = "DMul">   --->   Core 115 'DMul' <Latency = 4> <II = 1> <Delay = 8.41> <FuncUnit> <Opcode : 'dmul'> <InPorts = 2> <OutPorts = 1>
ST_33 : Operation 142 [2/4] (8.58ns)   --->   "%tmp_39 = fadd float %tanh_val, 1.000000e+00" [../src/Gelu/GELU.cpp:35]   --->   Operation 142 'fadd' 'tmp_39' <Predicate = true> <Delay = 8.58> <Core = "FAddSub">   --->   Core 104 'FAddSub' <Latency = 3> <II = 1> <Delay = 8.58> <FuncUnit> <Opcode : 'fadd' 'fsub'> <InPorts = 2> <OutPorts = 1>

State 34 <SV = 33> <Delay = 8.58>
ST_34 : Operation 143 [2/5] (8.41ns)   --->   "%tmp_38 = fmul double %tmp_37, 5.000000e-01" [../src/Gelu/GELU.cpp:35]   --->   Operation 143 'dmul' 'tmp_38' <Predicate = true> <Delay = 8.41> <Core = "DMul">   --->   Core 115 'DMul' <Latency = 4> <II = 1> <Delay = 8.41> <FuncUnit> <Opcode : 'dmul'> <InPorts = 2> <OutPorts = 1>
ST_34 : Operation 144 [1/4] (8.58ns)   --->   "%tmp_39 = fadd float %tanh_val, 1.000000e+00" [../src/Gelu/GELU.cpp:35]   --->   Operation 144 'fadd' 'tmp_39' <Predicate = true> <Delay = 8.58> <Core = "FAddSub">   --->   Core 104 'FAddSub' <Latency = 3> <II = 1> <Delay = 8.58> <FuncUnit> <Opcode : 'fadd' 'fsub'> <InPorts = 2> <OutPorts = 1>

State 35 <SV = 34> <Delay = 8.41>
ST_35 : Operation 145 [1/5] (8.41ns)   --->   "%tmp_38 = fmul double %tmp_37, 5.000000e-01" [../src/Gelu/GELU.cpp:35]   --->   Operation 145 'dmul' 'tmp_38' <Predicate = true> <Delay = 8.41> <Core = "DMul">   --->   Core 115 'DMul' <Latency = 4> <II = 1> <Delay = 8.41> <FuncUnit> <Opcode : 'dmul'> <InPorts = 2> <OutPorts = 1>
ST_35 : Operation 146 [1/1] (3.94ns)   --->   "%tmp_40 = fpext float %tmp_39 to double" [../src/Gelu/GELU.cpp:35]   --->   Operation 146 'fpext' 'tmp_40' <Predicate = true> <Delay = 3.94> <Core = "Float2Double">   --->   Core 113 'Float2Double' <Latency = 0> <II = 1> <Delay = 3.94> <FuncUnit> <Opcode : 'fpext'> <InPorts = 1> <OutPorts = 1>

State 36 <SV = 35> <Delay = 8.41>
ST_36 : Operation 147 [5/5] (8.41ns)   --->   "%tmp_41 = fmul double %tmp_38, %tmp_40" [../src/Gelu/GELU.cpp:35]   --->   Operation 147 'dmul' 'tmp_41' <Predicate = true> <Delay = 8.41> <Core = "DMul">   --->   Core 115 'DMul' <Latency = 4> <II = 1> <Delay = 8.41> <FuncUnit> <Opcode : 'dmul'> <InPorts = 2> <OutPorts = 1>

State 37 <SV = 36> <Delay = 8.41>
ST_37 : Operation 148 [4/5] (8.41ns)   --->   "%tmp_41 = fmul double %tmp_38, %tmp_40" [../src/Gelu/GELU.cpp:35]   --->   Operation 148 'dmul' 'tmp_41' <Predicate = true> <Delay = 8.41> <Core = "DMul">   --->   Core 115 'DMul' <Latency = 4> <II = 1> <Delay = 8.41> <FuncUnit> <Opcode : 'dmul'> <InPorts = 2> <OutPorts = 1>

State 38 <SV = 37> <Delay = 8.41>
ST_38 : Operation 149 [3/5] (8.41ns)   --->   "%tmp_41 = fmul double %tmp_38, %tmp_40" [../src/Gelu/GELU.cpp:35]   --->   Operation 149 'dmul' 'tmp_41' <Predicate = true> <Delay = 8.41> <Core = "DMul">   --->   Core 115 'DMul' <Latency = 4> <II = 1> <Delay = 8.41> <FuncUnit> <Opcode : 'dmul'> <InPorts = 2> <OutPorts = 1>

State 39 <SV = 38> <Delay = 8.41>
ST_39 : Operation 150 [2/5] (8.41ns)   --->   "%tmp_41 = fmul double %tmp_38, %tmp_40" [../src/Gelu/GELU.cpp:35]   --->   Operation 150 'dmul' 'tmp_41' <Predicate = true> <Delay = 8.41> <Core = "DMul">   --->   Core 115 'DMul' <Latency = 4> <II = 1> <Delay = 8.41> <FuncUnit> <Opcode : 'dmul'> <InPorts = 2> <OutPorts = 1>

State 40 <SV = 39> <Delay = 8.41>
ST_40 : Operation 151 [1/5] (8.41ns)   --->   "%tmp_41 = fmul double %tmp_38, %tmp_40" [../src/Gelu/GELU.cpp:35]   --->   Operation 151 'dmul' 'tmp_41' <Predicate = true> <Delay = 8.41> <Core = "DMul">   --->   Core 115 'DMul' <Latency = 4> <II = 1> <Delay = 8.41> <FuncUnit> <Opcode : 'dmul'> <InPorts = 2> <OutPorts = 1>

State 41 <SV = 40> <Delay = 8.75>
ST_41 : Operation 152 [1/1] (5.43ns)   --->   "%tmp_42 = fptrunc double %tmp_41 to float" [../src/Gelu/GELU.cpp:35]   --->   Operation 152 'fptrunc' 'tmp_42' <Predicate = true> <Delay = 5.43> <Core = "Double2Float">   --->   Core 122 'Double2Float' <Latency = 0> <II = 1> <Delay = 5.43> <FuncUnit> <Opcode : 'fptrunc'> <InPorts = 1> <OutPorts = 1>
ST_41 : Operation 153 [1/1] (8.75ns)   --->   "%gmem_addr_3_req = call i1 @_ssdm_op_WriteReq.m_axi.floatP(float* %gmem_addr_1, i32 1)" [../src/Gelu/GELU.cpp:35]   --->   Operation 153 'writereq' 'gmem_addr_3_req' <Predicate = true> <Delay = 8.75> <Core = "m_axi">   --->   Core 9 'm_axi' <Latency = 6> <II = 1> <Delay = 1.00> <Adapter> <Opcode : 'read' 'write' 'readreq' 'writereq' 'writeresp'>

State 42 <SV = 41> <Delay = 8.75>
ST_42 : Operation 154 [1/1] (8.75ns)   --->   "call void @_ssdm_op_Write.m_axi.floatP(float* %gmem_addr_1, float %tmp_42, i4 -1)" [../src/Gelu/GELU.cpp:35]   --->   Operation 154 'write' <Predicate = true> <Delay = 8.75> <Core = "m_axi">   --->   Core 9 'm_axi' <Latency = 6> <II = 1> <Delay = 1.00> <Adapter> <Opcode : 'read' 'write' 'readreq' 'writereq' 'writeresp'>

State 43 <SV = 42> <Delay = 8.75>
ST_43 : Operation 155 [5/5] (8.75ns)   --->   "%gmem_addr_3_resp = call i1 @_ssdm_op_WriteResp.m_axi.floatP(float* %gmem_addr_1)" [../src/Gelu/GELU.cpp:35]   --->   Operation 155 'writeresp' 'gmem_addr_3_resp' <Predicate = true> <Delay = 8.75> <Core = "m_axi">   --->   Core 9 'm_axi' <Latency = 6> <II = 1> <Delay = 1.00> <Adapter> <Opcode : 'read' 'write' 'readreq' 'writereq' 'writeresp'>

State 44 <SV = 43> <Delay = 8.75>
ST_44 : Operation 156 [4/5] (8.75ns)   --->   "%gmem_addr_3_resp = call i1 @_ssdm_op_WriteResp.m_axi.floatP(float* %gmem_addr_1)" [../src/Gelu/GELU.cpp:35]   --->   Operation 156 'writeresp' 'gmem_addr_3_resp' <Predicate = true> <Delay = 8.75> <Core = "m_axi">   --->   Core 9 'm_axi' <Latency = 6> <II = 1> <Delay = 1.00> <Adapter> <Opcode : 'read' 'write' 'readreq' 'writereq' 'writeresp'>

State 45 <SV = 44> <Delay = 8.75>
ST_45 : Operation 157 [3/5] (8.75ns)   --->   "%gmem_addr_3_resp = call i1 @_ssdm_op_WriteResp.m_axi.floatP(float* %gmem_addr_1)" [../src/Gelu/GELU.cpp:35]   --->   Operation 157 'writeresp' 'gmem_addr_3_resp' <Predicate = true> <Delay = 8.75> <Core = "m_axi">   --->   Core 9 'm_axi' <Latency = 6> <II = 1> <Delay = 1.00> <Adapter> <Opcode : 'read' 'write' 'readreq' 'writereq' 'writeresp'>

State 46 <SV = 45> <Delay = 8.75>
ST_46 : Operation 158 [2/5] (8.75ns)   --->   "%gmem_addr_3_resp = call i1 @_ssdm_op_WriteResp.m_axi.floatP(float* %gmem_addr_1)" [../src/Gelu/GELU.cpp:35]   --->   Operation 158 'writeresp' 'gmem_addr_3_resp' <Predicate = true> <Delay = 8.75> <Core = "m_axi">   --->   Core 9 'm_axi' <Latency = 6> <II = 1> <Delay = 1.00> <Adapter> <Opcode : 'read' 'write' 'readreq' 'writereq' 'writeresp'>

State 47 <SV = 46> <Delay = 8.75>
ST_47 : Operation 159 [1/5] (8.75ns)   --->   "%gmem_addr_3_resp = call i1 @_ssdm_op_WriteResp.m_axi.floatP(float* %gmem_addr_1)" [../src/Gelu/GELU.cpp:35]   --->   Operation 159 'writeresp' 'gmem_addr_3_resp' <Predicate = true> <Delay = 8.75> <Core = "m_axi">   --->   Core 9 'm_axi' <Latency = 6> <II = 1> <Delay = 1.00> <Adapter> <Opcode : 'read' 'write' 'readreq' 'writereq' 'writeresp'>
ST_47 : Operation 160 [1/1] (0.00ns)   --->   "br label %.preheader" [../src/Gelu/GELU.cpp:26]   --->   Operation 160 'br' <Predicate = true> <Delay = 0.00>


============================================================
+ Verbose Summary: Timing violations
============================================================
Target clock period: 10ns, clock uncertainty: 1.25ns.

 <State 1>: 1ns
The critical path consists of the following:
	s_axi read on port 'out_data' [10]  (1 ns)

 <State 2>: 1.58ns
The critical path consists of the following:
	'phi' operation ('phi_mul') with incoming values : ('next_mul') [36]  (0 ns)
	'add' operation ('next_mul') [37]  (1.58 ns)

 <State 3>: 1.82ns
The critical path consists of the following:
	'phi' operation ('h') with incoming values : ('h', ../src/Gelu/GELU.cpp:24) [46]  (0 ns)
	'icmp' operation ('exitcond1', ../src/Gelu/GELU.cpp:24) [48]  (1.82 ns)

 <State 4>: 7.45ns
The critical path consists of the following:
	'mul' operation of DSP[55] ('tmp1', ../src/Gelu/GELU.cpp:24) [55]  (5.55 ns)
	'add' operation ('in_data2_sum', ../src/Gelu/GELU.cpp:31) [57]  (1.9 ns)

 <State 5>: 8.75ns
The critical path consists of the following:
	bus request on port 'gmem' (../src/Gelu/GELU.cpp:31) [60]  (8.75 ns)

 <State 6>: 8.75ns
The critical path consists of the following:
	bus request on port 'gmem' (../src/Gelu/GELU.cpp:31) [60]  (8.75 ns)

 <State 7>: 8.75ns
The critical path consists of the following:
	bus request on port 'gmem' (../src/Gelu/GELU.cpp:31) [60]  (8.75 ns)

 <State 8>: 8.75ns
The critical path consists of the following:
	bus request on port 'gmem' (../src/Gelu/GELU.cpp:31) [60]  (8.75 ns)

 <State 9>: 8.75ns
The critical path consists of the following:
	bus request on port 'gmem' (../src/Gelu/GELU.cpp:31) [60]  (8.75 ns)

 <State 10>: 8.75ns
The critical path consists of the following:
	bus request on port 'gmem' (../src/Gelu/GELU.cpp:31) [60]  (8.75 ns)

 <State 11>: 8.75ns
The critical path consists of the following:
	bus request on port 'gmem' (../src/Gelu/GELU.cpp:31) [60]  (8.75 ns)

 <State 12>: 8.75ns
The critical path consists of the following:
	bus read on port 'gmem' (../src/Gelu/GELU.cpp:31) [72]  (8.75 ns)

 <State 13>: 8.43ns
The critical path consists of the following:
	'fmul' operation ('tmp_35', ../src/Gelu/GELU.cpp:32) [73]  (8.43 ns)

 <State 14>: 8.43ns
The critical path consists of the following:
	'fmul' operation ('tmp_35', ../src/Gelu/GELU.cpp:32) [73]  (8.43 ns)

 <State 15>: 8.43ns
The critical path consists of the following:
	'fmul' operation ('tmp_35', ../src/Gelu/GELU.cpp:32) [73]  (8.43 ns)

 <State 16>: 8.43ns
The critical path consists of the following:
	'fmul' operation ('x_cube', ../src/Gelu/GELU.cpp:32) [74]  (8.43 ns)

 <State 17>: 8.43ns
The critical path consists of the following:
	'fmul' operation ('x_cube', ../src/Gelu/GELU.cpp:32) [74]  (8.43 ns)

 <State 18>: 8.43ns
The critical path consists of the following:
	'fmul' operation ('x_cube', ../src/Gelu/GELU.cpp:32) [74]  (8.43 ns)

 <State 19>: 8.43ns
The critical path consists of the following:
	'fmul' operation ('tmp_36', ../src/Gelu/GELU.cpp:33) [75]  (8.43 ns)

 <State 20>: 8.43ns
The critical path consists of the following:
	'fmul' operation ('tmp_36', ../src/Gelu/GELU.cpp:33) [75]  (8.43 ns)

 <State 21>: 8.43ns
The critical path consists of the following:
	'fmul' operation ('tmp_36', ../src/Gelu/GELU.cpp:33) [75]  (8.43 ns)

 <State 22>: 8.59ns
The critical path consists of the following:
	'fadd' operation ('tmp_s', ../src/Gelu/GELU.cpp:33) [76]  (8.59 ns)

 <State 23>: 8.59ns
The critical path consists of the following:
	'fadd' operation ('tmp_s', ../src/Gelu/GELU.cpp:33) [76]  (8.59 ns)

 <State 24>: 8.59ns
The critical path consists of the following:
	'fadd' operation ('tmp_s', ../src/Gelu/GELU.cpp:33) [76]  (8.59 ns)

 <State 25>: 8.59ns
The critical path consists of the following:
	'fadd' operation ('tmp_s', ../src/Gelu/GELU.cpp:33) [76]  (8.59 ns)

 <State 26>: 8.43ns
The critical path consists of the following:
	'fmul' operation ('tanh_arg', ../src/Gelu/GELU.cpp:33) [77]  (8.43 ns)

 <State 27>: 8.43ns
The critical path consists of the following:
	'fmul' operation ('tanh_arg', ../src/Gelu/GELU.cpp:33) [77]  (8.43 ns)

 <State 28>: 8.43ns
The critical path consists of the following:
	'fmul' operation ('tanh_arg', ../src/Gelu/GELU.cpp:33) [77]  (8.43 ns)

 <State 29>: 8.59ns
The critical path consists of the following:
	'call' operation ('tanh_val', r:/builds/2018.3/continuous/2018_12_06_2405991/src/products/hls/hls_lib/hlsmath/src/c/tanhfloat.cpp:7->D:/software/Xilinx/Vivado/2018.3/win64/tools/clang/bin\..\lib\clang\3.1/../../../include/c++/4.5.2\cmath:466->../src/Gelu/GELU.cpp:34) to 'generic_tanh<float>' [78]  (8.59 ns)

 <State 30>: 3.95ns
The critical path consists of the following:
	'fpext' operation ('tmp_37', ../src/Gelu/GELU.cpp:35) [79]  (3.95 ns)

 <State 31>: 8.59ns
The critical path consists of the following:
	'fadd' operation ('tmp_39', ../src/Gelu/GELU.cpp:35) [81]  (8.59 ns)

 <State 32>: 8.59ns
The critical path consists of the following:
	'fadd' operation ('tmp_39', ../src/Gelu/GELU.cpp:35) [81]  (8.59 ns)

 <State 33>: 8.59ns
The critical path consists of the following:
	'fadd' operation ('tmp_39', ../src/Gelu/GELU.cpp:35) [81]  (8.59 ns)

 <State 34>: 8.59ns
The critical path consists of the following:
	'fadd' operation ('tmp_39', ../src/Gelu/GELU.cpp:35) [81]  (8.59 ns)

 <State 35>: 8.42ns
The critical path consists of the following:
	'dmul' operation ('tmp_38', ../src/Gelu/GELU.cpp:35) [80]  (8.42 ns)

 <State 36>: 8.42ns
The critical path consists of the following:
	'dmul' operation ('tmp_41', ../src/Gelu/GELU.cpp:35) [83]  (8.42 ns)

 <State 37>: 8.42ns
The critical path consists of the following:
	'dmul' operation ('tmp_41', ../src/Gelu/GELU.cpp:35) [83]  (8.42 ns)

 <State 38>: 8.42ns
The critical path consists of the following:
	'dmul' operation ('tmp_41', ../src/Gelu/GELU.cpp:35) [83]  (8.42 ns)

 <State 39>: 8.42ns
The critical path consists of the following:
	'dmul' operation ('tmp_41', ../src/Gelu/GELU.cpp:35) [83]  (8.42 ns)

 <State 40>: 8.42ns
The critical path consists of the following:
	'dmul' operation ('tmp_41', ../src/Gelu/GELU.cpp:35) [83]  (8.42 ns)

 <State 41>: 8.75ns
The critical path consists of the following:
	bus request on port 'gmem' (../src/Gelu/GELU.cpp:35) [88]  (8.75 ns)

 <State 42>: 8.75ns
The critical path consists of the following:
	bus write on port 'gmem' (../src/Gelu/GELU.cpp:35) [89]  (8.75 ns)

 <State 43>: 8.75ns
The critical path consists of the following:
	bus access on port 'gmem' (../src/Gelu/GELU.cpp:35) [90]  (8.75 ns)

 <State 44>: 8.75ns
The critical path consists of the following:
	bus access on port 'gmem' (../src/Gelu/GELU.cpp:35) [90]  (8.75 ns)

 <State 45>: 8.75ns
The critical path consists of the following:
	bus access on port 'gmem' (../src/Gelu/GELU.cpp:35) [90]  (8.75 ns)

 <State 46>: 8.75ns
The critical path consists of the following:
	bus access on port 'gmem' (../src/Gelu/GELU.cpp:35) [90]  (8.75 ns)

 <State 47>: 8.75ns
The critical path consists of the following:
	bus access on port 'gmem' (../src/Gelu/GELU.cpp:35) [90]  (8.75 ns)


============================================================
+ Verbose Summary: Binding
============================================================
N/A
* FSMD analyzer results:
  - Output states:
 - Input state : 
  - Chain level:
	State 1
	State 2
	State 3
	State 4
	State 5
	State 6
	State 7
	State 8
	State 9
	State 10
	State 11
	State 12
	State 13
	State 14
	State 15
	State 16
	State 17
	State 18
	State 19
	State 20
	State 21
	State 22
	State 23
	State 24
	State 25
	State 26
	State 27
	State 28
	State 29
	State 30
	State 31
	State 32
	State 33
	State 34
	State 35
	State 36
	State 37
	State 38
	State 39
	State 40
	State 41
	State 42
	State 43
	State 44
	State 45
	State 46
	State 47


============================================================
+ Verbose Summary: Datapath Resource usage 
============================================================
N/A
